Archive member included because of file (symbol)

c:/program files (x86)/raisonance/ride/arm-gcc/bin/../lib/gcc/arm-none-eabi/4.5.1/../../../../arm-none-eabi/lib/thumb2\libm.a(lib_a-s_sin.o)
                              C:\Users\MightyDubster\Documents\Projects\pygmyos.code\BootUpdater\pygmy_audio.o (sin)
c:/program files (x86)/raisonance/ride/arm-gcc/bin/../lib/gcc/arm-none-eabi/4.5.1/../../../../arm-none-eabi/lib/thumb2\libm.a(lib_a-e_rem_pio2.o)
                              c:/program files (x86)/raisonance/ride/arm-gcc/bin/../lib/gcc/arm-none-eabi/4.5.1/../../../../arm-none-eabi/lib/thumb2\libm.a(lib_a-s_sin.o) (__ieee754_rem_pio2)
c:/program files (x86)/raisonance/ride/arm-gcc/bin/../lib/gcc/arm-none-eabi/4.5.1/../../../../arm-none-eabi/lib/thumb2\libm.a(lib_a-k_cos.o)
                              c:/program files (x86)/raisonance/ride/arm-gcc/bin/../lib/gcc/arm-none-eabi/4.5.1/../../../../arm-none-eabi/lib/thumb2\libm.a(lib_a-s_sin.o) (__kernel_cos)
c:/program files (x86)/raisonance/ride/arm-gcc/bin/../lib/gcc/arm-none-eabi/4.5.1/../../../../arm-none-eabi/lib/thumb2\libm.a(lib_a-k_rem_pio2.o)
                              c:/program files (x86)/raisonance/ride/arm-gcc/bin/../lib/gcc/arm-none-eabi/4.5.1/../../../../arm-none-eabi/lib/thumb2\libm.a(lib_a-e_rem_pio2.o) (__kernel_rem_pio2)
c:/program files (x86)/raisonance/ride/arm-gcc/bin/../lib/gcc/arm-none-eabi/4.5.1/../../../../arm-none-eabi/lib/thumb2\libm.a(lib_a-k_sin.o)
                              c:/program files (x86)/raisonance/ride/arm-gcc/bin/../lib/gcc/arm-none-eabi/4.5.1/../../../../arm-none-eabi/lib/thumb2\libm.a(lib_a-s_sin.o) (__kernel_sin)
c:/program files (x86)/raisonance/ride/arm-gcc/bin/../lib/gcc/arm-none-eabi/4.5.1/../../../../arm-none-eabi/lib/thumb2\libm.a(lib_a-s_fabs.o)
                              c:/program files (x86)/raisonance/ride/arm-gcc/bin/../lib/gcc/arm-none-eabi/4.5.1/../../../../arm-none-eabi/lib/thumb2\libm.a(lib_a-e_rem_pio2.o) (fabs)
c:/program files (x86)/raisonance/ride/arm-gcc/bin/../lib/gcc/arm-none-eabi/4.5.1/../../../../arm-none-eabi/lib/thumb2\libm.a(lib_a-s_floor.o)
                              c:/program files (x86)/raisonance/ride/arm-gcc/bin/../lib/gcc/arm-none-eabi/4.5.1/../../../../arm-none-eabi/lib/thumb2\libm.a(lib_a-k_rem_pio2.o) (floor)
c:/program files (x86)/raisonance/ride/arm-gcc/bin/../lib/gcc/arm-none-eabi/4.5.1/../../../../arm-none-eabi/lib/thumb2\libm.a(lib_a-s_scalbn.o)
                              c:/program files (x86)/raisonance/ride/arm-gcc/bin/../lib/gcc/arm-none-eabi/4.5.1/../../../../arm-none-eabi/lib/thumb2\libm.a(lib_a-k_rem_pio2.o) (scalbn)
c:/program files (x86)/raisonance/ride/arm-gcc/bin/../lib/gcc/arm-none-eabi/4.5.1/../../../../arm-none-eabi/lib/thumb2\libm.a(lib_a-s_copysign.o)
                              c:/program files (x86)/raisonance/ride/arm-gcc/bin/../lib/gcc/arm-none-eabi/4.5.1/../../../../arm-none-eabi/lib/thumb2\libm.a(lib_a-s_scalbn.o) (copysign)
c:/program files (x86)/raisonance/ride/arm-gcc/bin/../lib/gcc/arm-none-eabi/4.5.1/thumb2\libgcc.a(_divsi3.o)
                              c:/program files (x86)/raisonance/ride/arm-gcc/bin/../lib/gcc/arm-none-eabi/4.5.1/../../../../arm-none-eabi/lib/thumb2\libm.a(lib_a-k_rem_pio2.o) (__aeabi_idiv)
c:/program files (x86)/raisonance/ride/arm-gcc/bin/../lib/gcc/arm-none-eabi/4.5.1/thumb2\libgcc.a(_dvmd_tls.o)
                              c:/program files (x86)/raisonance/ride/arm-gcc/bin/../lib/gcc/arm-none-eabi/4.5.1/thumb2\libgcc.a(_divsi3.o) (__aeabi_idiv0)
c:/program files (x86)/raisonance/ride/arm-gcc/bin/../lib/gcc/arm-none-eabi/4.5.1/thumb2\libgcc.a(_arm_addsubdf3.o)
                              c:/program files (x86)/raisonance/ride/arm-gcc/bin/../lib/gcc/arm-none-eabi/4.5.1/../../../../arm-none-eabi/lib/thumb2\libm.a(lib_a-s_sin.o) (__aeabi_dsub)
c:/program files (x86)/raisonance/ride/arm-gcc/bin/../lib/gcc/arm-none-eabi/4.5.1/thumb2\libgcc.a(_arm_muldivdf3.o)
                              C:\Users\MightyDubster\Documents\Projects\pygmyos.code\BootUpdater\pygmy_audio.o (__aeabi_dmul)
c:/program files (x86)/raisonance/ride/arm-gcc/bin/../lib/gcc/arm-none-eabi/4.5.1/thumb2\libgcc.a(_arm_cmpdf2.o)
                              c:/program files (x86)/raisonance/ride/arm-gcc/bin/../lib/gcc/arm-none-eabi/4.5.1/../../../../arm-none-eabi/lib/thumb2\libm.a(lib_a-e_rem_pio2.o) (__aeabi_dcmpeq)
c:/program files (x86)/raisonance/ride/arm-gcc/bin/../lib/gcc/arm-none-eabi/4.5.1/thumb2\libgcc.a(_arm_fixdfsi.o)
                              c:/program files (x86)/raisonance/ride/arm-gcc/bin/../lib/gcc/arm-none-eabi/4.5.1/../../../../arm-none-eabi/lib/thumb2\libm.a(lib_a-e_rem_pio2.o) (__aeabi_d2iz)
c:/program files (x86)/raisonance/ride/arm-gcc/bin/../lib/gcc/arm-none-eabi/4.5.1/thumb2\libgcc.a(_arm_fixunsdfsi.o)
                              C:\Users\MightyDubster\Documents\Projects\pygmyos.code\BootUpdater\pygmy_audio.o (__aeabi_d2uiz)
[...]
Memory Configuration

Name             Origin             Length             Attributes
RAM              0x20000000         0x00002000         xrw
FLASH            0x08002000         0x0000e000         xr
STARTFLASH       0x00000000         0x00000000         xr
CRPPATCH         0x00000000         0x00000000         r
FLASHPATCH       0x00000000         0x00000000         r
ENDFLASH         0x00000000         0x00000000         xr
FLASHB1          0x00000000         0x00000000         xr
EXTMEMB0         0x00000000         0x00000000         xr
EXTMEMB1         0x00000000         0x00000000         xr
EXTMEMB2         0x00000000         0x00000000         xr
EXTMEMB3         0x00000000         0x00000000         xr
*default*        0x00000000         0xffffffff

Linker script and memory map

LOAD C:\Program Files (x86)\Raisonance\Ride\lib\ARM\startup_stm32f10x_ld.o
LOAD C:\Users\MightyDubster\Documents\Projects\pygmyos.code\BootUpdater\pygmy_adc.o
LOAD C:\Users\MightyDubster\Documents\Projects\pygmyos.code\BootUpdater\pygmy_audio.o
LOAD C:\Users\MightyDubster\Documents\Projects\pygmyos.code\BootUpdater\pygmy_cmd.o
LOAD C:\Users\MightyDubster\Documents\Projects\pygmyos.code\BootUpdater\pygmy_com.o
LOAD C:\Users\MightyDubster\Documents\Projects\pygmyos.code\BootUpdater\pygmy_debug.o
LOAD C:\Users\MightyDubster\Documents\Projects\pygmyos.code\BootUpdater\pygmy_file.o
LOAD C:\Users\MightyDubster\Documents\Projects\pygmyos.code\BootUpdater\pygmy_fpec.o
LOAD C:\Users\MightyDubster\Documents\Projects\pygmyos.code\BootUpdater\pygmy_gui.o
LOAD C:\Users\MightyDubster\Documents\Projects\pygmyos.code\BootUpdater\pygmy_nvic.o
LOAD C:\Users\MightyDubster\Documents\Projects\pygmyos.code\BootUpdater\pygmy_port.o
LOAD C:\Users\MightyDubster\Documents\Projects\pygmyos.code\BootUpdater\pygmy_rf.o
LOAD C:\Users\MightyDubster\Documents\Projects\pygmyos.code\BootUpdater\pygmy_rtc.o
LOAD C:\Users\MightyDubster\Documents\Projects\pygmyos.code\BootUpdater\pygmy_string.o
LOAD C:\Users\MightyDubster\Documents\Projects\pygmyos.code\BootUpdater\pygmy_sys.o
LOAD C:\Users\MightyDubster\Documents\Projects\pygmyos.code\BootUpdater\main.o
START GROUP
LOAD C:\Program Files (x86)\Raisonance\Ride\Lib\ARM\std_sbrk_thumb.lib
LOAD C:\Program Files (x86)\Raisonance\Ride\Lib\ARM\smallprintf_thumb.a
LOAD c:/program files (x86)/raisonance/ride/arm-gcc/bin/../lib/gcc/arm-none-eabi/4.5.1/../../../../arm-none-eabi/lib/thumb2\libc.a
LOAD c:/program files (x86)/raisonance/ride/arm-gcc/bin/../lib/gcc/arm-none-eabi/4.5.1/../../../../arm-none-eabi/lib/thumb2\libm.a
END GROUP
                0x00000400                __Stack_Size = 0x400
                0x00000400                PROVIDE (_Stack_Size, __Stack_Size)
                0x20001c00                __Stack_Init = (_estack - __Stack_Size)
                0x20001c00                PROVIDE (_Stack_Init, __Stack_Init)
                0x00000100                _Minimum_Stack_Size = 0x100
                0x00000000                PROVIDE (Undefined_Handler, 0x0)
                0x00000000                PROVIDE (SWI_Handler, 0x0)
                0x00000000                PROVIDE (IRQ_Handler, 0x0)
                0x00000000                PROVIDE (Prefetch_Handler, 0x0)
                0x00000000                PROVIDE (Abort_Handler, 0x0)
                0x00000000                PROVIDE (FIQ_Handler, 0x0)
                0x00000000                PROVIDE (NMIException, 0x0)
                0x00000000                PROVIDE (NMI_Handler, 0x0)
                0x00000000                PROVIDE (HardFaultException, 0x0)
                0x00000000                PROVIDE (HardFault_Handler, 0x0)
                0x00000000                PROVIDE (MemManageException, 0x0)
                0x00000000                PROVIDE (MemManage_Handler, 0x0)
                0x00000000                PROVIDE (BusFaultException, 0x0)
                0x00000000                PROVIDE (BusFault_Handler, 0x0)
                0x00000000                PROVIDE (UsageFaultException, 0x0)
                0x00000000                PROVIDE (UsageFault_Handler, 0x0)
                0x00000000                PROVIDE (SVCHandler, 0x0)
                0x00000000                PROVIDE (SVC_Handler, 0x0)
                0x00000000                PROVIDE (DebugMonitor, 0x0)
                0x00000000                PROVIDE (DebugMon_Handler, 0x0)
                0x00000000                PROVIDE (PendSVC, 0x0)
                0x00000000                PROVIDE (PendSV_Handler, 0x0)
                0x00000000                PROVIDE (SysTickHandler, 0x0)
                0x00000000                PROVIDE (SysTick_Handler, 0x0)
                0x00000000                PROVIDE (WWDG_IRQHandler, 0x0)
                0x00000000                PROVIDE (PVD_IRQHandler, 0x0)
                0x00000000                PROVIDE (TAMPER_IRQHandler, 0x0)
                0x00000000                PROVIDE (RTC_IRQHandler, 0x0)
                0x00000000                PROVIDE (FLASH_IRQHandler, 0x0)
                0x00000000                PROVIDE (RCC_IRQHandler, 0x0)
                0x00000000                PROVIDE (EXTI0_IRQHandler, 0x0)
                0x00000000                PROVIDE (EXTI1_IRQHandler, 0x0)
                0x00000000                PROVIDE (EXTI2_IRQHandler, 0x0)
                0x00000000                PROVIDE (EXTI3_IRQHandler, 0x0)
                0x00000000                PROVIDE (EXTI4_IRQHandler, 0x0)
                0x00000000                PROVIDE (DMAChannel1_IRQHandler, 0x0)
                0x00000000                PROVIDE (DMAChannel2_IRQHandler, 0x0)
                0x00000000                PROVIDE (DMAChannel3_IRQHandler, 0x0)
                0x00000000                PROVIDE (DMAChannel4_IRQHandler, 0x0)
                0x00000000                PROVIDE (DMAChannel5_IRQHandler, 0x0)
                0x00000000                PROVIDE (DMAChannel6_IRQHandler, 0x0)
                0x00000000                PROVIDE (DMAChannel7_IRQHandler, 0x0)
                0x00000000                PROVIDE (DMA1_Channel1_IRQHandler, 0x0)
                0x00000000                PROVIDE (DMA1_Channel2_IRQHandler, 0x0)
                0x00000000                PROVIDE (DMA1_Channel3_IRQHandler, 0x0)
                0x00000000                PROVIDE (DMA1_Channel4_IRQHandler, 0x0)
                0x00000000                PROVIDE (DMA1_Channel5_IRQHandler, 0x0)
                0x00000000                PROVIDE (DMA1_Channel6_IRQHandler, 0x0)
                0x00000000                PROVIDE (DMA1_Channel7_IRQHandler, 0x0)
                0x00000000                PROVIDE (ADC_IRQHandler, 0x0)
                0x00000000                PROVIDE (ADC1_2_IRQHandler, 0x0)
                0x00000000                PROVIDE (USB_HP_CAN_TX_IRQHandler, 0x0)
                0x00000000                PROVIDE (USB_HP_CAN1_TX_IRQHandler, 0x0)
                0x00000000                PROVIDE (USB_LP_CAN_RX0_IRQHandler, 0x0)
                0x00000000                PROVIDE (USB_LP_CAN1_RX0_IRQHandler, 0x0)
                0x00000000                PROVIDE (CAN_RX1_IRQHandler, 0x0)
                0x00000000                PROVIDE (CAN1_RX1_IRQHandler, 0x0)
                0x00000000                PROVIDE (CAN_SCE_IRQHandler, 0x0)
                0x00000000                PROVIDE (CAN1_SCE_IRQHandler, 0x0)
                0x00000000                PROVIDE (EXTI9_5_IRQHandler, 0x0)
                0x00000000                PROVIDE (TIM1_BRK_IRQHandler, 0x0)
                0x00000000                PROVIDE (TIM1_UP_IRQHandler, 0x0)
                0x00000000                PROVIDE (TIM1_TRG_COM_IRQHandler, 0x0)
                0x00000000                PROVIDE (TIM1_CC_IRQHandler, 0x0)
                0x00000000                PROVIDE (TIM2_IRQHandler, 0x0)
                0x00000000                PROVIDE (TIM3_IRQHandler, 0x0)
                0x00000000                PROVIDE (TIM4_IRQHandler, 0x0)
                0x00000000                PROVIDE (I2C1_EV_IRQHandler, 0x0)
                0x00000000                PROVIDE (I2C1_ER_IRQHandler, 0x0)
                0x00000000                PROVIDE (I2C2_EV_IRQHandler, 0x0)
                0x00000000                PROVIDE (I2C2_ER_IRQHandler, 0x0)
                0x00000000                PROVIDE (SPI1_IRQHandler, 0x0)
                0x00000000                PROVIDE (SPI2_IRQHandler, 0x0)
                0x00000000                PROVIDE (USART1_IRQHandler, 0x0)
                0x00000000                PROVIDE (USART2_IRQHandler, 0x0)
                0x00000000                PROVIDE (USART3_IRQHandler, 0x0)
                0x00000000                PROVIDE (EXTI15_10_IRQHandler, 0x0)
                0x00000000                PROVIDE (RTCAlarm_IRQHandler, 0x0)
                0x00000000                PROVIDE (USBWakeUp_IRQHandler, 0x0)
                0x00000000                PROVIDE (TIM8_BRK_IRQHandler, 0x0)
                0x00000000                PROVIDE (TIM8_UP_IRQHandler, 0x0)
                0x00000000                PROVIDE (TIM8_TRG_COM_IRQHandler, 0x0)
                0x00000000                PROVIDE (TIM8_CC_IRQHandler, 0x0)
                0x00000000                PROVIDE (ADC3_IRQHandler, 0x0)
                0x00000000                PROVIDE (FSMC_IRQHandler, 0x0)
                0x00000000                PROVIDE (SDIO_IRQHandler, 0x0)
                0x00000000                PROVIDE (TIM5_IRQHandler, 0x0)
                0x00000000                PROVIDE (SPI3_IRQHandler, 0x0)
                0x00000000                PROVIDE (UART4_IRQHandler, 0x0)
                0x00000000                PROVIDE (UART5_IRQHandler, 0x0)
                0x00000000                PROVIDE (TIM6_IRQHandler, 0x0)
                0x00000000                PROVIDE (TIM7_IRQHandler, 0x0)
                0x00000000                PROVIDE (DMA2_Channel1_IRQHandler, 0x0)
                0x00000000                PROVIDE (DMA2_Channel2_IRQHandler, 0x0)
                0x00000000                PROVIDE (DMA2_Channel3_IRQHandler, 0x0)
                0x00000000                PROVIDE (DMA2_Channel4_5_IRQHandler, 0x0)
                0x42000000                PERIPH_BB_BASE = 0x42000000
                0x22000000                SRAM_BB_BASE = 0x22000000
                0x20000000                SRAM_BASE = 0x20000000
                0x40000000                PERIPH_BASE = 0x40000000
                0x40022000                PROVIDE (FLASH_BASE, 0x40022000)
                0x1ffff800                PROVIDE (OB_BASE, 0x1ffff800)
                0x40000000                APB1PERIPH_BASE = PERIPH_BASE
                0x40010000                APB2PERIPH_BASE = (PERIPH_BASE + 0x10000)
                0x40020000                AHBPERIPH_BASE = (PERIPH_BASE + 0x20000)
                0x40000000                PROVIDE (TIM2, (APB1PERIPH_BASE + 0x0))
                0x40000400                PROVIDE (TIM3, (APB1PERIPH_BASE + 0x400))
                0x40000800                PROVIDE (TIM4, (APB1PERIPH_BASE + 0x800))
                0x40002800                PROVIDE (RTC, (APB1PERIPH_BASE + 0x2800))
                0x40002c00                PROVIDE (WWDG, (APB1PERIPH_BASE + 0x2c00))
                0x40003000                PROVIDE (IWDG, (APB1PERIPH_BASE + 0x3000))
                0x40003800                PROVIDE (SPI2, (APB1PERIPH_BASE + 0x3800))
                0x40004400                PROVIDE (USART2, (APB1PERIPH_BASE + 0x4400))
                0x40004800                PROVIDE (USART3, (APB1PERIPH_BASE + 0x4800))
                0x40005400                PROVIDE (I2C1, (APB1PERIPH_BASE + 0x5400))
                0x40005800                PROVIDE (I2C2, (APB1PERIPH_BASE + 0x5800))
                0x40006400                PROVIDE (CAN, (APB1PERIPH_BASE + 0x6400))
                0x40006c00                PROVIDE (BKP, (APB1PERIPH_BASE + 0x6c00))
                0x40007000                PROVIDE (PWR, (APB1PERIPH_BASE + 0x7000))
                0x40010000                PROVIDE (AFIO, (APB2PERIPH_BASE + 0x0))
                0x40010400                PROVIDE (EXTI, (APB2PERIPH_BASE + 0x400))
                0x40010800                PROVIDE (GPIOA, (APB2PERIPH_BASE + 0x800))
                0x40010c00                PROVIDE (GPIOB, (APB2PERIPH_BASE + 0xc00))
                0x40011000                PROVIDE (GPIOC, (APB2PERIPH_BASE + 0x1000))
                0x40011400                PROVIDE (GPIOD, (APB2PERIPH_BASE + 0x1400))
                0x40011800                PROVIDE (GPIOE, (APB2PERIPH_BASE + 0x1800))
                0x40012400                PROVIDE (ADC1, (APB2PERIPH_BASE + 0x2400))
                0x40012800                PROVIDE (ADC2, (APB2PERIPH_BASE + 0x2800))
                0x40012c00                PROVIDE (TIM1, (APB2PERIPH_BASE + 0x2c00))
                0x40013000                PROVIDE (SPI1, (APB2PERIPH_BASE + 0x3000))
                0x40013800                PROVIDE (USART1, (APB2PERIPH_BASE + 0x3800))
                0x40020000                PROVIDE (DMA, (AHBPERIPH_BASE + 0x0))
                0x40020008                PROVIDE (DMA_Channel1, (AHBPERIPH_BASE + 0x8))
                0x4002001c                PROVIDE (DMA_Channel2, (AHBPERIPH_BASE + 0x1c))
                0x40020030                PROVIDE (DMA_Channel3, (AHBPERIPH_BASE + 0x30))
                0x40020044                PROVIDE (DMA_Channel4, (AHBPERIPH_BASE + 0x44))
                0x40020058                PROVIDE (DMA_Channel5, (AHBPERIPH_BASE + 0x58))
                0x4002006c                PROVIDE (DMA_Channel6, (AHBPERIPH_BASE + 0x6c))
                0x40020080                PROVIDE (DMA_Channel7, (AHBPERIPH_BASE + 0x80))
                0x40021000                PROVIDE (RCC, (AHBPERIPH_BASE + 0x1000))
                0xe000e000                SCS_BASE = 0xe000e000
                0xe000e010                PROVIDE (SysTick, (SCS_BASE + 0x10))
                0xe000e100                PROVIDE (NVIC, (SCS_BASE + 0x100))
                0xe000ed00                PROVIDE (SCB, (SCS_BASE + 0xd00))
                0x20002000                _estack = 0x20002000

.isr_vector     0x08002000      0x10c
                0x08002000                . = ALIGN (0x4)
 *(.isr_vector)
 .isr_vector    0x08002000      0x10c C:\Program Files (x86)\Raisonance\Ride\lib\ARM\startup_stm32f10x_ld.o
                0x08002000                g_pfnVectors
                0x0800210c                . = ALIGN (0x4)

.flash_start    0x00000000        0x0
                0x00000000                . = ALIGN (0x4)
 *(.flash_start)
 *(.flash_start.*)
                0x00000000                . = ALIGN (0x4)

.crp_patch      0x00000000        0x0
                0x00000000                . = ALIGN (0x4)
 *(.crp_patch)
                0x00000000                . = ALIGN (0x4)

.flashtext      0x0800210c        0x0
                0x0800210c                . = ALIGN (0x4)
 *(.flashtext)
                0x0800210c                . = ALIGN (0x4)

.text           0x08002110     0x8384
                0x08002110                . = ALIGN (0x4)
 *(.text)
 .text          0x08002110        0x4 c:/program files (x86)/raisonance/ride/arm-gcc/bin/../lib/gcc/arm-none-eabi/4.5.1/thumb2\libgcc.a(_dvmd_tls.o)
                0x08002110                __aeabi_idiv0
                0x08002110                __aeabi_ldiv0
 .text          0x08002114       0x38 c:/program files (x86)/raisonance/ride/arm-gcc/bin/../lib/gcc/arm-none-eabi/4.5.1/thumb2\libgcc.a(_aeabi_ldivmod.o)
                0x08002114                __aeabi_ldivmod
 .text          0x0800214c       0x60 c:/program files (x86)/raisonance/ride/arm-gcc/bin/../lib/gcc/arm-none-eabi/4.5.1/thumb2\libgcc.a(bpabi.o)
                0x0800214c                __gnu_ldivmod_helper
                0x0800217c                __gnu_uldivmod_helper
 .text          0x080021ac      0x364 c:/program files (x86)/raisonance/ride/arm-gcc/bin/../lib/gcc/arm-none-eabi/4.5.1/thumb2\libgcc.a(_divdi3.o)
                0x080021ac                __divdi3
 .text          0x08002510      0x314 c:/program files (x86)/raisonance/ride/arm-gcc/bin/../lib/gcc/arm-none-eabi/4.5.1/thumb2\libgcc.a(_udivdi3.o)
                0x08002510                __udivdi3
 *fill*         0x08002824        0x4 00
 .text          0x08002828      0x278 c:/program files (x86)/raisonance/ride/arm-gcc/bin/../lib/gcc/arm-none-eabi/4.5.1/thumb2\libgcc.a(_udivsi3.o)
                0x08002828                __aeabi_uidiv
                0x08002828                __udivsi3
                0x08002a84                __aeabi_uidivmod
 *(.text.*)
 .text.Reset_Handler
                0x08002aa0       0x40 C:\Program Files (x86)\Raisonance\Ride\lib\ARM\startup_stm32f10x_ld.o
                0x08002aa0                Reset_Handler
 .text.Default_Handler
                0x08002ae0        0x2 C:\Program Files (x86)\Raisonance\Ride\lib\ARM\startup_stm32f10x_ld.o
                0x08002ae0                DebugMon_Handler
                0x08002ae0                TIM1_CC_IRQHandler
                0x08002ae0                HardFault_Handler
                0x08002ae0                PVD_IRQHandler
                0x08002ae0                PendSV_Handler
                0x08002ae0                NMI_Handler
                0x08002ae0                UsageFault_Handler
                0x08002ae0                ADC1_2_IRQHandler
                0x08002ae0                SPI1_IRQHandler
                0x08002ae0                TAMPER_IRQHandler
                0x08002ae0                DMA1_Channel4_IRQHandler
                0x08002ae0                RTC_IRQHandler
                0x08002ae0                DMA1_Channel7_IRQHandler
                0x08002ae0                CAN1_RX1_IRQHandler
                0x08002ae0                I2C1_EV_IRQHandler
                0x08002ae0                DMA1_Channel6_IRQHandler
                0x08002ae0                TIM3_IRQHandler
                0x08002ae0                RCC_IRQHandler
                0x08002ae0                TIM1_TRG_COM_IRQHandler
                0x08002ae0                DMA1_Channel1_IRQHandler
                0x08002ae0                Default_Handler
                0x08002ae0                MemManage_Handler
                0x08002ae0                SVC_Handler
                0x08002ae0                DMA1_Channel5_IRQHandler
                0x08002ae0                USB_LP_CAN1_RX0_IRQHandler
                0x08002ae0                USB_HP_CAN1_TX_IRQHandler
                0x08002ae0                WWDG_IRQHandler
                0x08002ae0                TIM2_IRQHandler
                0x08002ae0                TIM1_BRK_IRQHandler
                0x08002ae0                RTCAlarm_IRQHandler
                0x08002ae0                USART2_IRQHandler
                0x08002ae0                DMA1_Channel2_IRQHandler
                0x08002ae0                CAN1_SCE_IRQHandler
                0x08002ae0                FLASH_IRQHandler
                0x08002ae0                BusFault_Handler
                0x08002ae0                USART1_IRQHandler
                0x08002ae0                USBWakeUp_IRQHandler
 *fill*         0x08002ae2        0x2 00
 .text.DMA1_Channel3_IRQHandler
                0x08002ae4       0x6c C:\Users\MightyDubster\Documents\Projects\pygmyos.code\BootUpdater\pygmy_audio.o
                0x08002ae4                DMA1_Channel3_IRQHandler
 .text.spiWriteByte
                0x08002b50       0x2c C:\Users\MightyDubster\Documents\Projects\pygmyos.code\BootUpdater\pygmy_com.o
                0x08002b50                spiWriteByte
 .text.spiWriteLong
                0x08002b7c       0x2c C:\Users\MightyDubster\Documents\Projects\pygmyos.code\BootUpdater\pygmy_com.o
                0x08002b7c                spiWriteLong
 .text.spiReadByte
                0x08002ba8       0x30 C:\Users\MightyDubster\Documents\Projects\pygmyos.code\BootUpdater\pygmy_com.o
                0x08002ba8                spiReadByte
 .text.spiConfig
                0x08002bd8       0xa8 C:\Users\MightyDubster\Documents\Projects\pygmyos.code\BootUpdater\pygmy_com.o
                0x08002bd8                spiConfig
 .text.I2C1_ER_IRQHandler
                0x08002c80        0x2 C:\Users\MightyDubster\Documents\Projects\pygmyos.code\BootUpdater\pygmy_com.o
                0x08002c80                I2C1_ER_IRQHandler
 *fill*         0x08002c82        0x2 00
 .text.streamReset
                0x08002c84       0x44 C:\Users\MightyDubster\Documents\Projects\pygmyos.code\BootUpdater\pygmy_com.o
                0x08002c84                streamReset
 .text.streamInit
                0x08002cc8       0x12 C:\Users\MightyDubster\Documents\Projects\pygmyos.code\BootUpdater\pygmy_com.o
                0x08002cc8                streamInit
 *fill*         0x08002cda        0x2 00
 .text.streamSetSTDIO
                0x08002cdc       0x4c C:\Users\MightyDubster\Documents\Projects\pygmyos.code\BootUpdater\pygmy_com.o
                0x08002cdc                streamSetSTDIO
 .text.streamSetPut
                0x08002d28       0x1c C:\Users\MightyDubster\Documents\Projects\pygmyos.code\BootUpdater\pygmy_com.o
                0x08002d28                streamSetPut
 .text.streamSetRXBuffer
                0x08002d44       0x20 C:\Users\MightyDubster\Documents\Projects\pygmyos.code\BootUpdater\pygmy_com.o
                0x08002d44                streamSetRXBuffer
 .text.putsUSART3
                0x08002d64       0x20 C:\Users\MightyDubster\Documents\Projects\pygmyos.code\BootUpdater\pygmy_com.o
                0x08002d64                putsUSART3
 .text.fileOpenResource
                0x08002d84       0x2e C:\Users\MightyDubster\Documents\Projects\pygmyos.code\BootUpdater\pygmy_file.o
                0x08002d84                fileOpenResource
 .text.fileIsEOF
                0x08002db2        0x8 C:\Users\MightyDubster\Documents\Projects\pygmyos.code\BootUpdater\pygmy_file.o
                0x08002db2                fileIsEOF
 .text.fileIsValidName
                0x08002dba       0x4c C:\Users\MightyDubster\Documents\Projects\pygmyos.code\BootUpdater\pygmy_file.o
                0x08002dba                fileIsValidName
 *fill*         0x08002e06        0x2 00
 .text.flashReadWord
                0x08002e08       0x38 C:\Users\MightyDubster\Documents\Projects\pygmyos.code\BootUpdater\pygmy_file.o
                0x08002e08                flashReadWord
 .text.fileGetFAT
                0x08002e40       0x5c C:\Users\MightyDubster\Documents\Projects\pygmyos.code\BootUpdater\pygmy_file.o
                0x08002e40                fileGetFAT
 .text.fileGetChar
                0x08002e9c      0x128 C:\Users\MightyDubster\Documents\Projects\pygmyos.code\BootUpdater\pygmy_file.o
                0x08002e9c                fileGetChar
 .text.fileGetBuffer
                0x08002fc4       0x20 C:\Users\MightyDubster\Documents\Projects\pygmyos.code\BootUpdater\pygmy_file.o
                0x08002fc4                fileGetBuffer
 .text.flashReadLong
                0x08002fe4       0x50 C:\Users\MightyDubster\Documents\Projects\pygmyos.code\BootUpdater\pygmy_file.o
                0x08002fe4                flashReadLong
 .text.flashReadByte
                0x08003034       0x28 C:\Users\MightyDubster\Documents\Projects\pygmyos.code\BootUpdater\pygmy_file.o
                0x08003034                flashReadByte
 .text.fileGetActiveFiles
                0x0800305c       0x30 C:\Users\MightyDubster\Documents\Projects\pygmyos.code\BootUpdater\pygmy_file.o
                0x0800305c                fileGetActiveFiles
 .text.flashReadStatus
                0x0800308c       0x24 C:\Users\MightyDubster\Documents\Projects\pygmyos.code\BootUpdater\pygmy_file.o
                0x0800308c                flashReadStatus
 .text.flashReadID
                0x080030b0       0x30 C:\Users\MightyDubster\Documents\Projects\pygmyos.code\BootUpdater\pygmy_file.o
                0x080030b0                flashReadID
 .text.flashWaitForBusy
                0x080030e0        0xe C:\Users\MightyDubster\Documents\Projects\pygmyos.code\BootUpdater\pygmy_file.o
                0x080030e0                flashWaitForBusy
 *fill*         0x080030ee        0x2 00
 .text.flashChipErase
                0x080030f0       0x30 C:\Users\MightyDubster\Documents\Projects\pygmyos.code\BootUpdater\pygmy_file.o
                0x080030f0                flashChipErase
 .text.flashWriteByte
                0x08003120       0x40 C:\Users\MightyDubster\Documents\Projects\pygmyos.code\BootUpdater\pygmy_file.o
                0x08003120                flashWriteByte
 .text.flashWriteString
                0x08003160       0x24 C:\Users\MightyDubster\Documents\Projects\pygmyos.code\BootUpdater\pygmy_file.o
                0x08003160                flashWriteString
 .text.flashWriteLong
                0x08003184       0x20 C:\Users\MightyDubster\Documents\Projects\pygmyos.code\BootUpdater\pygmy_file.o
                0x08003184                flashWriteLong
 .text.flashWriteWord
                0x080031a4       0x18 C:\Users\MightyDubster\Documents\Projects\pygmyos.code\BootUpdater\pygmy_file.o
                0x080031a4                flashWriteWord
 .text.fileGetActiveFAT
                0x080031bc       0x4c C:\Users\MightyDubster\Documents\Projects\pygmyos.code\BootUpdater\pygmy_file.o
                0x080031bc                fileGetActiveFAT
 .text.flashWriteEnable
                0x08003208       0x44 C:\Users\MightyDubster\Documents\Projects\pygmyos.code\BootUpdater\pygmy_file.o
                0x08003208                flashWriteEnable
 .text.fileFormat
                0x0800324c       0xec C:\Users\MightyDubster\Documents\Projects\pygmyos.code\BootUpdater\pygmy_file.o
                0x0800324c                fileFormat
 .text.fileMountRoot
                0x08003338       0xb4 C:\Users\MightyDubster\Documents\Projects\pygmyos.code\BootUpdater\pygmy_file.o
                0x08003338                fileMountRoot
 .text.fpecUnlock
                0x080033ec       0x20 C:\Users\MightyDubster\Documents\Projects\pygmyos.code\BootUpdater\pygmy_fpec.o
                0x080033ec                fpecUnlock
 .text.fpecWriteWord
                0x0800340c       0x6c C:\Users\MightyDubster\Documents\Projects\pygmyos.code\BootUpdater\pygmy_fpec.o
                0x0800340c                fpecWriteWord
 .text.fpecProcessIHEX
                0x08003478       0xac C:\Users\MightyDubster\Documents\Projects\pygmyos.code\BootUpdater\pygmy_fpec.o
                0x08003478                fpecProcessIHEX
 .text.fpecErasePage
                0x08003524       0xb8 C:\Users\MightyDubster\Documents\Projects\pygmyos.code\BootUpdater\pygmy_fpec.o
                0x08003524                fpecErasePage
 .text.pinEnablePortClock
                0x080035dc       0x5c C:\Users\MightyDubster\Documents\Projects\pygmyos.code\BootUpdater\pygmy_port.o
                0x080035dc                pinEnablePortClock
 .text.pinGetPort
                0x08003638       0x40 C:\Users\MightyDubster\Documents\Projects\pygmyos.code\BootUpdater\pygmy_port.o
                0x08003638                pinGetPort
 .text.pinSet   0x08003678       0x6c C:\Users\MightyDubster\Documents\Projects\pygmyos.code\BootUpdater\pygmy_port.o
                0x08003678                pinSet
 .text.pinConfig
                0x080036e4       0x64 C:\Users\MightyDubster\Documents\Projects\pygmyos.code\BootUpdater\pygmy_port.o
                0x080036e4                pinConfig
 .text.pinProcessSoftPWM
                0x08003748       0x4c C:\Users\MightyDubster\Documents\Projects\pygmyos.code\BootUpdater\pygmy_port.o
                0x08003748                pinProcessSoftPWM
 .text.TIM1_UP_IRQHandler
                0x08003794       0x10 C:\Users\MightyDubster\Documents\Projects\pygmyos.code\BootUpdater\pygmy_port.o
                0x08003794                TIM1_UP_IRQHandler
 .text.EXTI0_IRQHandler
                0x080037a4       0x34 C:\Users\MightyDubster\Documents\Projects\pygmyos.code\BootUpdater\pygmy_port.o
                0x080037a4                EXTI0_IRQHandler
 .text.EXTI1_IRQHandler
                0x080037d8       0x34 C:\Users\MightyDubster\Documents\Projects\pygmyos.code\BootUpdater\pygmy_port.o
                0x080037d8                EXTI1_IRQHandler
 .text.EXTI2_IRQHandler
                0x0800380c       0x34 C:\Users\MightyDubster\Documents\Projects\pygmyos.code\BootUpdater\pygmy_port.o
                0x0800380c                EXTI2_IRQHandler
 .text.EXTI3_IRQHandler
                0x08003840       0x34 C:\Users\MightyDubster\Documents\Projects\pygmyos.code\BootUpdater\pygmy_port.o
                0x08003840                EXTI3_IRQHandler
 .text.EXTI4_IRQHandler
                0x08003874       0x34 C:\Users\MightyDubster\Documents\Projects\pygmyos.code\BootUpdater\pygmy_port.o
                0x08003874                EXTI4_IRQHandler
 .text.EXTI9_5_IRQHandler
                0x080038a8       0xe4 C:\Users\MightyDubster\Documents\Projects\pygmyos.code\BootUpdater\pygmy_port.o
                0x080038a8                EXTI9_5_IRQHandler
 .text.EXTI15_10_IRQHandler
                0x0800398c      0x110 C:\Users\MightyDubster\Documents\Projects\pygmyos.code\BootUpdater\pygmy_port.o
                0x0800398c                EXTI15_10_IRQHandler
 .text.timeInit
                0x08003a9c       0xa4 C:\Users\MightyDubster\Documents\Projects\pygmyos.code\BootUpdater\pygmy_rtc.o
                0x08003a9c                timeInit
 .text.convertSecondsToSystemTime
                0x08003b40       0xd0 C:\Users\MightyDubster\Documents\Projects\pygmyos.code\BootUpdater\pygmy_rtc.o
                0x08003b40                convertSecondsToSystemTime
 .text.isCharInString
                0x08003c10       0x16 C:\Users\MightyDubster\Documents\Projects\pygmyos.code\BootUpdater\pygmy_string.o
                0x08003c10                isCharInString
 .text.isAlpha  0x08003c26       0x1c C:\Users\MightyDubster\Documents\Projects\pygmyos.code\BootUpdater\pygmy_string.o
                0x08003c26                isAlpha
 .text.isNumeric
                0x08003c42        0xe C:\Users\MightyDubster\Documents\Projects\pygmyos.code\BootUpdater\pygmy_string.o
                0x08003c42                isNumeric
 .text.isAlphaOrNumeric
                0x08003c50       0x2a C:\Users\MightyDubster\Documents\Projects\pygmyos.code\BootUpdater\pygmy_string.o
                0x08003c50                isAlphaOrNumeric
 .text.isNewline
                0x08003c7a       0x1c C:\Users\MightyDubster\Documents\Projects\pygmyos.code\BootUpdater\pygmy_string.o
                0x08003c7a                isNewline
 .text.isWhitespace
                0x08003c96        0xe C:\Users\MightyDubster\Documents\Projects\pygmyos.code\BootUpdater\pygmy_string.o
                0x08003c96                isWhitespace
 .text.isQuote  0x08003ca4       0x14 C:\Users\MightyDubster\Documents\Projects\pygmyos.code\BootUpdater\pygmy_string.o
                0x08003ca4                isQuote
 .text.isSeparator
                0x08003cb8       0x14 C:\Users\MightyDubster\Documents\Projects\pygmyos.code\BootUpdater\pygmy_string.o
                0x08003cb8                isSeparator
 .text.isPunctuation
                0x08003ccc       0x14 C:\Users\MightyDubster\Documents\Projects\pygmyos.code\BootUpdater\pygmy_string.o
                0x08003ccc                isPunctuation
 .text.len      0x08003ce0       0x20 C:\Users\MightyDubster\Documents\Projects\pygmyos.code\BootUpdater\pygmy_string.o
                0x08003ce0                len
 .text.getNextSubString
                0x08003d00       0xe0 C:\Users\MightyDubster\Documents\Projects\pygmyos.code\BootUpdater\pygmy_string.o
                0x08003d00                getNextSubString
 .text.replaceChars
                0x08003de0       0x2c C:\Users\MightyDubster\Documents\Projects\pygmyos.code\BootUpdater\pygmy_string.o
                0x08003de0                replaceChars
 .text.convertCharToInt
                0x08003e0c       0x30 C:\Users\MightyDubster\Documents\Projects\pygmyos.code\BootUpdater\pygmy_string.o
                0x08003e0c                convertCharToInt
 .text.convertStringToInt
                0x08003e3c       0xb4 C:\Users\MightyDubster\Documents\Projects\pygmyos.code\BootUpdater\pygmy_string.o
                0x08003e3c                convertStringToInt
 .text.convertIntToString
                0x08003ef0      0x1a8 C:\Users\MightyDubster\Documents\Projects\pygmyos.code\BootUpdater\pygmy_string.o
                0x08003ef0                convertIntToString
 .text.convertHexCharToInteger
                0x08004098       0x20 C:\Users\MightyDubster\Documents\Projects\pygmyos.code\BootUpdater\pygmy_string.o
                0x08004098                convertHexCharToInteger
 .text.convertHexEncodedStringToBuffer
                0x080040b8       0x2c C:\Users\MightyDubster\Documents\Projects\pygmyos.code\BootUpdater\pygmy_string.o
                0x080040b8                convertHexEncodedStringToBuffer
 .text.sysEnableTimerClock
                0x080040e4       0xf8 C:\Users\MightyDubster\Documents\Projects\pygmyos.code\BootUpdater\pygmy_sys.o
                0x080040e4                sysEnableTimerClock
 .text.sysInit  0x080041dc       0x6c C:\Users\MightyDubster\Documents\Projects\pygmyos.code\BootUpdater\pygmy_sys.o
                0x080041dc                sysInit
 .text.TaskException_Handler
                0x08004248        0x2 C:\Users\MightyDubster\Documents\Projects\pygmyos.code\BootUpdater\pygmy_sys.o
                0x08004248                TaskException_Handler
 *fill*         0x0800424a        0x2 00
 .text.print    0x0800424c      0x1e0 C:\Users\MightyDubster\Documents\Projects\pygmyos.code\BootUpdater\pygmy_sys.o
                0x0800424c                print
 .text.sysGetTimer
                0x0800442c       0x18 C:\Users\MightyDubster\Documents\Projects\pygmyos.code\BootUpdater\pygmy_sys.o
                0x0800442c                sysGetTimer
 .text.delay    0x08004444       0xbc C:\Users\MightyDubster\Documents\Projects\pygmyos.code\BootUpdater\pygmy_sys.o
                0x08004444                delay
 .text.SysTick_Handler
                0x08004500       0x1c C:\Users\MightyDubster\Documents\Projects\pygmyos.code\BootUpdater\pygmy_sys.o
                0x08004500                SysTick_Handler
 .text.main     0x0800451c       0xd4 C:\Users\MightyDubster\Documents\Projects\pygmyos.code\BootUpdater\main.o
                0x0800451c                main
 *(.rodata)
 .rodata        0x080045f0      0x134 C:\Users\MightyDubster\Documents\Projects\pygmyos.code\BootUpdater\pygmy_string.o
                0x080045f0                PYGMYNEBULAPINS
                0x080046d0                PYGMYHEXCHARS
                0x080046e0                PYGMYBASE64CHARS
 .rodata        0x08004724      0x168 C:\Users\MightyDubster\Documents\Projects\pygmyos.code\BootUpdater\pygmy_sys.o
                0x08004778                PYGSYS_INVBITS
                0x08004780                PYGMY_DAYSINMONTH
                0x0800478c                PYGMY_BITMASKS
                0x0800480c                PYGMY_INVBITMASKS
 .rodata        0x0800488c     0x5953 C:\Users\MightyDubster\Documents\Projects\pygmyos.code\BootUpdater\main.o
                0x0800488c                PYGMY_boothex
 *(.rodata*)
 .rodata.str1.1
                0x0800a1df        0x2 C:\Users\MightyDubster\Documents\Projects\pygmyos.code\BootUpdater\pygmy_com.o
 .rodata.str1.1
                0x0800a1e1      0x14e C:\Users\MightyDubster\Documents\Projects\pygmyos.code\BootUpdater\pygmy_file.o
                                0x14f (size before relaxing)
 .rodata.str1.1
                0x0800a32f       0xa0 C:\Users\MightyDubster\Documents\Projects\pygmyos.code\BootUpdater\pygmy_string.o
                                 0xac (size before relaxing)
 .rodata.str1.1
                0x0800a3cf       0x1b C:\Users\MightyDubster\Documents\Projects\pygmyos.code\BootUpdater\pygmy_sys.o
                                 0x1d (size before relaxing)
 .rodata.str1.1
                0x0800a3ea       0xa9 C:\Users\MightyDubster\Documents\Projects\pygmyos.code\BootUpdater\main.o
 *(.glue_7)
 .glue_7        0x00000000        0x0 linker stubs
 *(.glue_7t)
 .glue_7t       0x00000000        0x0 linker stubs
                0x0800a494                . = ALIGN (0x4)
 *fill*         0x0800a493        0x1 00
                0x0800a494                _etext = .
                0x0800a494                _sidata = _etext

.vfp11_veneer   0x0800a494        0x0
 .vfp11_veneer  0x00000000        0x0 linker stubs

.v4_bx          0x0800a494        0x0
 .v4_bx         0x00000000        0x0 linker stubs

.flashpatch     0x00000000        0x0
                0x00000000                . = ALIGN (0x4)
 *(.flashpatch)
                0x00000000                . = ALIGN (0x4)

.endflash       0x00000000        0x0
                0x00000000                . = ALIGN (0x4)
 *(.endflash)
                0x00000000                . = ALIGN (0x4)
                0x00000000                _e_endflash = .

.data           0x20000000        0x0 load address 0x0800a494
                0x20000000                . = ALIGN (0x4)
                0x20000000                _sdata = .
                0x20000000                _data = .
 *(.data)
 *(.data.*)
 *(.RAMtext)
                0x20000000                . = ALIGN (0x4)
                0x20000000                _edata = .
                0x0800a494                _eidata = ((_sidata + _edata) - _sdata)
                0x08010000                _lastdataromaddress = 0x8010000
                0x00000000                toobig = (_eidata > _lastdataromaddress)?!!!!!!!!! FLASH IS FULL !!!!!!!!!:0x0

.bss            0x20000000      0xa2c
                0x20000000                . = ALIGN (0x4)
                0x20000000                _sbss = .
                0x20000000                _bss = .
 *(.bss)
 .bss           0x20000000        0x1 C:\Users\MightyDubster\Documents\Projects\pygmyos.code\BootUpdater\pygmy_com.o
                0x20000000                globalSTDIO
 *fill*         0x20000001        0x3 00
 .bss           0x20000004       0x8c C:\Users\MightyDubster\Documents\Projects\pygmyos.code\BootUpdater\pygmy_file.o
 .bss           0x20000090        0xc C:\Users\MightyDubster\Documents\Projects\pygmyos.code\BootUpdater\pygmy_fpec.o
 .bss           0x2000009c        0x4 C:\Users\MightyDubster\Documents\Projects\pygmyos.code\BootUpdater\pygmy_string.o
 *(COMMON)
 COMMON         0x200000a0      0x42c C:\Users\MightyDubster\Documents\Projects\pygmyos.code\BootUpdater\pygmy_audio.o
                0x200000a0                globalAudioPage
                0x200000a1                globalAudioBuffer
                0x200004a4                pygmyAudioFile
 COMMON         0x200004cc       0xca C:\Users\MightyDubster\Documents\Projects\pygmyos.code\BootUpdater\pygmy_com.o
                0x200004cc                globalCOM3RXBuffer
                0x2000054c                globalStreams
                0x20000594                globalStreamEcho
 *fill*         0x20000596        0x2 00
 COMMON         0x20000598       0x58 C:\Users\MightyDubster\Documents\Projects\pygmyos.code\BootUpdater\pygmy_file.o
                0x20000598                pygmyRootVolume
                0x200005d4                pygmyFlashSPI
 COMMON         0x200005f0       0xd8 C:\Users\MightyDubster\Documents\Projects\pygmyos.code\BootUpdater\pygmy_port.o
                0x200005f0                globalIRQPins
                0x20000600                globalIRQPR
                0x20000604                globalIRQHandlers
                0x20000644                globalPygmyPWM
                0x200006c4                globalPygmyPWMFreq
 COMMON         0x200006c8      0x364 C:\Users\MightyDubster\Documents\Projects\pygmyos.code\BootUpdater\pygmy_sys.o
                0x200006c8                pygmyGlobalMessages
                0x20000858                pygmyGlobalData
                0x20000878                pygmyGlobalTasks
                0x20000a1c                pygmyGlobalQueues
                0x20000a2c                . = ALIGN (0x4)
                0x20000a2c                _ebss = .
                0x20000a2c                PROVIDE (end, _ebss)
                0x20000a2c                PROVIDE (_end, _ebss)

._usrstack      0x20000a2c      0x100
                0x20000a2c                . = ALIGN (0x4)
                0x20000a2c                _susrstack = .
                0x20000b2c                . = (. + _Minimum_Stack_Size)
 *fill*         0x20000a2c      0x100 00
                0x20000b2c                . = ALIGN (0x4)
                0x20000b2c                _eusrstack = .

.b1text
 *(.b1text)
 *(.b1rodata)
 *(.b1rodata*)

.eb0text
 *(.eb0text)
 *(.eb0rodata)
 *(.eb0rodata*)

.eb1text
 *(.eb1text)
 *(.eb1rodata)
 *(.eb1rodata*)

.eb2text
 *(.eb2text)
 *(.eb2rodata)
 *(.eb2rodata*)

.eb3text
 *(.eb3text)
 *(.eb3rodata)
 *(.eb3rodata*)
                0x20000b2c                __exidx_start = .
                0x20000b2c                __exidx_end = .

/DISCARD/
 libc.a(*)
 libm.a(*)
 libgcc.a(*)

.stab
 *(.stab)

.stabstr
 *(.stabstr)

.stab.excl
 *(.stab.excl)

.stab.exclstr
 *(.stab.exclstr)

.stab.index
 *(.stab.index)

.stab.indexstr
 *(.stab.indexstr)

.ARM.attributes
                0x00000000       0x2d
 .ARM.attributes
                0x00000000       0x21 C:\Program Files (x86)\Raisonance\Ride\lib\ARM\startup_stm32f10x_ld.o
 .ARM.attributes
                0x00000021       0x31 C:\Users\MightyDubster\Documents\Projects\pygmyos.code\BootUpdater\pygmy_adc.o
 .ARM.attributes
                0x00000052       0x31 C:\Users\MightyDubster\Documents\Projects\pygmyos.code\BootUpdater\pygmy_audio.o
 .ARM.attributes
                0x00000083       0x31 C:\Users\MightyDubster\Documents\Projects\pygmyos.code\BootUpdater\pygmy_cmd.o
 .ARM.attributes
                0x000000b4       0x31 C:\Users\MightyDubster\Documents\Projects\pygmyos.code\BootUpdater\pygmy_com.o
 .ARM.attributes
                0x000000e5       0x31 C:\Users\MightyDubster\Documents\Projects\pygmyos.code\BootUpdater\pygmy_debug.o
 .ARM.attributes
                0x00000116       0x31 C:\Users\MightyDubster\Documents\Projects\pygmyos.code\BootUpdater\pygmy_file.o
 .ARM.attributes
                0x00000147       0x31 C:\Users\MightyDubster\Documents\Projects\pygmyos.code\BootUpdater\pygmy_fpec.o
 .ARM.attributes
                0x00000178       0x31 C:\Users\MightyDubster\Documents\Projects\pygmyos.code\BootUpdater\pygmy_gui.o
 .ARM.attributes
                0x000001a9       0x31 C:\Users\MightyDubster\Documents\Projects\pygmyos.code\BootUpdater\pygmy_nvic.o
 .ARM.attributes
                0x000001da       0x31 C:\Users\MightyDubster\Documents\Projects\pygmyos.code\BootUpdater\pygmy_port.o
 .ARM.attributes
                0x0000020b       0x31 C:\Users\MightyDubster\Documents\Projects\pygmyos.code\BootUpdater\pygmy_rf.o
 .ARM.attributes
                0x0000023c       0x31 C:\Users\MightyDubster\Documents\Projects\pygmyos.code\BootUpdater\pygmy_rtc.o
 .ARM.attributes
                0x0000026d       0x31 C:\Users\MightyDubster\Documents\Projects\pygmyos.code\BootUpdater\pygmy_string.o
 .ARM.attributes
                0x0000029e       0x31 C:\Users\MightyDubster\Documents\Projects\pygmyos.code\BootUpdater\pygmy_sys.o
 .ARM.attributes
                0x000002cf       0x31 C:\Users\MightyDubster\Documents\Projects\pygmyos.code\BootUpdater\main.o

.comment        0x00000000       0x2a
 *(.comment)
 .comment       0x00000000       0x2a C:\Users\MightyDubster\Documents\Projects\pygmyos.code\BootUpdater\pygmy_adc.o
                                 0x2b (size before relaxing)
 .comment       0x00000000       0x2b C:\Users\MightyDubster\Documents\Projects\pygmyos.code\BootUpdater\pygmy_audio.o
 .comment       0x00000000       0x2b C:\Users\MightyDubster\Documents\Projects\pygmyos.code\BootUpdater\pygmy_cmd.o
 .comment       0x00000000       0x2b C:\Users\MightyDubster\Documents\Projects\pygmyos.code\BootUpdater\pygmy_com.o
 .comment       0x00000000       0x2b C:\Users\MightyDubster\Documents\Projects\pygmyos.code\BootUpdater\pygmy_debug.o
 .comment       0x00000000       0x2b C:\Users\MightyDubster\Documents\Projects\pygmyos.code\BootUpdater\pygmy_file.o
 .comment       0x00000000       0x2b C:\Users\MightyDubster\Documents\Projects\pygmyos.code\BootUpdater\pygmy_fpec.o
 .comment       0x00000000       0x2b C:\Users\MightyDubster\Documents\Projects\pygmyos.code\BootUpdater\pygmy_gui.o
 .comment       0x00000000       0x2b C:\Users\MightyDubster\Documents\Projects\pygmyos.code\BootUpdater\pygmy_nvic.o
 .comment       0x00000000       0x2b C:\Users\MightyDubster\Documents\Projects\pygmyos.code\BootUpdater\pygmy_port.o
 .comment       0x00000000       0x2b C:\Users\MightyDubster\Documents\Projects\pygmyos.code\BootUpdater\pygmy_rf.o
 .comment       0x00000000       0x2b C:\Users\MightyDubster\Documents\Projects\pygmyos.code\BootUpdater\pygmy_rtc.o
 .comment       0x00000000       0x2b C:\Users\MightyDubster\Documents\Projects\pygmyos.code\BootUpdater\pygmy_string.o
 .comment       0x00000000       0x2b C:\Users\MightyDubster\Documents\Projects\pygmyos.code\BootUpdater\pygmy_sys.o
 .comment       0x00000000       0x2b C:\Users\MightyDubster\Documents\Projects\pygmyos.code\BootUpdater\main.o

.debug
 *(.debug)

.line
 *(.line)

.debug_srcinfo
 *(.debug_srcinfo)

.debug_sfnames
 *(.debug_sfnames)

.debug_aranges  0x00000000      0xa38
 *(.debug_aranges)
 .debug_aranges
                0x00000000       0x68 C:\Users\MightyDubster\Documents\Projects\pygmyos.code\BootUpdater\pygmy_audio.o
 .debug_aranges
                0x00000068      0x218 C:\Users\MightyDubster\Documents\Projects\pygmyos.code\BootUpdater\pygmy_com.o
 .debug_aranges
                0x00000280      0x1c8 C:\Users\MightyDubster\Documents\Projects\pygmyos.code\BootUpdater\pygmy_file.o
 .debug_aranges
                0x00000448       0x60 C:\Users\MightyDubster\Documents\Projects\pygmyos.code\BootUpdater\pygmy_fpec.o
 .debug_aranges
                0x000004a8       0x38 C:\Users\MightyDubster\Documents\Projects\pygmyos.code\BootUpdater\pygmy_nvic.o
 .debug_aranges
                0x000004e0      0x108 C:\Users\MightyDubster\Documents\Projects\pygmyos.code\BootUpdater\pygmy_port.o
 .debug_aranges
                0x000005e8      0x110 C:\Users\MightyDubster\Documents\Projects\pygmyos.code\BootUpdater\pygmy_rf.o
 .debug_aranges
                0x000006f8       0x68 C:\Users\MightyDubster\Documents\Projects\pygmyos.code\BootUpdater\pygmy_rtc.o
 .debug_aranges
                0x00000760      0x160 C:\Users\MightyDubster\Documents\Projects\pygmyos.code\BootUpdater\pygmy_string.o
 .debug_aranges
                0x000008c0      0x148 C:\Users\MightyDubster\Documents\Projects\pygmyos.code\BootUpdater\pygmy_sys.o
 .debug_aranges
                0x00000a08       0x30 C:\Users\MightyDubster\Documents\Projects\pygmyos.code\BootUpdater\main.o

.debug_pubnames
                0x00000000     0x1904
 *(.debug_pubnames)
 .debug_pubnames
                0x00000000      0x115 C:\Users\MightyDubster\Documents\Projects\pygmyos.code\BootUpdater\pygmy_audio.o
 .debug_pubnames
                0x00000115      0x500 C:\Users\MightyDubster\Documents\Projects\pygmyos.code\BootUpdater\pygmy_com.o
 .debug_pubnames
                0x00000615      0x41f C:\Users\MightyDubster\Documents\Projects\pygmyos.code\BootUpdater\pygmy_file.o
 .debug_pubnames
                0x00000a34       0xcf C:\Users\MightyDubster\Documents\Projects\pygmyos.code\BootUpdater\pygmy_fpec.o
 .debug_pubnames
                0x00000b03       0xa3 C:\Users\MightyDubster\Documents\Projects\pygmyos.code\BootUpdater\pygmy_nvic.o
 .debug_pubnames
                0x00000ba6      0x2cf C:\Users\MightyDubster\Documents\Projects\pygmyos.code\BootUpdater\pygmy_port.o
 .debug_pubnames
                0x00000e75      0x2a1 C:\Users\MightyDubster\Documents\Projects\pygmyos.code\BootUpdater\pygmy_rf.o
 .debug_pubnames
                0x00001116       0xd1 C:\Users\MightyDubster\Documents\Projects\pygmyos.code\BootUpdater\pygmy_rtc.o
 .debug_pubnames
                0x000011e7      0x36d C:\Users\MightyDubster\Documents\Projects\pygmyos.code\BootUpdater\pygmy_string.o
 .debug_pubnames
                0x00001554      0x36d C:\Users\MightyDubster\Documents\Projects\pygmyos.code\BootUpdater\pygmy_sys.o
 .debug_pubnames
                0x000018c1       0x43 C:\Users\MightyDubster\Documents\Projects\pygmyos.code\BootUpdater\main.o

.debug_info     0x00000000     0x9237
 *(.debug_info .gnu.linkonce.wi.*)
 .debug_info    0x00000000       0x61 C:\Users\MightyDubster\Documents\Projects\pygmyos.code\BootUpdater\pygmy_adc.o
 .debug_info    0x00000061      0xb57 C:\Users\MightyDubster\Documents\Projects\pygmyos.code\BootUpdater\pygmy_audio.o
 .debug_info    0x00000bb8       0x61 C:\Users\MightyDubster\Documents\Projects\pygmyos.code\BootUpdater\pygmy_cmd.o
 .debug_info    0x00000c19     0x1707 C:\Users\MightyDubster\Documents\Projects\pygmyos.code\BootUpdater\pygmy_com.o
 .debug_info    0x00002320        0x0 C:\Users\MightyDubster\Documents\Projects\pygmyos.code\BootUpdater\pygmy_debug.o
 .debug_info    0x00002320     0x16c7 C:\Users\MightyDubster\Documents\Projects\pygmyos.code\BootUpdater\pygmy_file.o
 .debug_info    0x000039e7      0x4b1 C:\Users\MightyDubster\Documents\Projects\pygmyos.code\BootUpdater\pygmy_fpec.o
 .debug_info    0x00003e98       0x84 C:\Users\MightyDubster\Documents\Projects\pygmyos.code\BootUpdater\pygmy_gui.o
 .debug_info    0x00003f1c      0x3a0 C:\Users\MightyDubster\Documents\Projects\pygmyos.code\BootUpdater\pygmy_nvic.o
 .debug_info    0x000042bc     0x12bc C:\Users\MightyDubster\Documents\Projects\pygmyos.code\BootUpdater\pygmy_port.o
 .debug_info    0x00005578      0xca9 C:\Users\MightyDubster\Documents\Projects\pygmyos.code\BootUpdater\pygmy_rf.o
 .debug_info    0x00006221      0x547 C:\Users\MightyDubster\Documents\Projects\pygmyos.code\BootUpdater\pygmy_rtc.o
 .debug_info    0x00006768      0xf27 C:\Users\MightyDubster\Documents\Projects\pygmyos.code\BootUpdater\pygmy_string.o
 .debug_info    0x0000768f     0x1739 C:\Users\MightyDubster\Documents\Projects\pygmyos.code\BootUpdater\pygmy_sys.o
 .debug_info    0x00008dc8      0x46f C:\Users\MightyDubster\Documents\Projects\pygmyos.code\BootUpdater\main.o

.debug_abbrev   0x00000000     0x175e
 *(.debug_abbrev)
 .debug_abbrev  0x00000000       0x1d C:\Users\MightyDubster\Documents\Projects\pygmyos.code\BootUpdater\pygmy_adc.o
 .debug_abbrev  0x0000001d      0x1a6 C:\Users\MightyDubster\Documents\Projects\pygmyos.code\BootUpdater\pygmy_audio.o
 .debug_abbrev  0x000001c3       0x1d C:\Users\MightyDubster\Documents\Projects\pygmyos.code\BootUpdater\pygmy_cmd.o
 .debug_abbrev  0x000001e0      0x332 C:\Users\MightyDubster\Documents\Projects\pygmyos.code\BootUpdater\pygmy_com.o
 .debug_abbrev  0x00000512        0x1 C:\Users\MightyDubster\Documents\Projects\pygmyos.code\BootUpdater\pygmy_debug.o
 .debug_abbrev  0x00000513      0x257 C:\Users\MightyDubster\Documents\Projects\pygmyos.code\BootUpdater\pygmy_file.o
 .debug_abbrev  0x0000076a      0x156 C:\Users\MightyDubster\Documents\Projects\pygmyos.code\BootUpdater\pygmy_fpec.o
 .debug_abbrev  0x000008c0       0x28 C:\Users\MightyDubster\Documents\Projects\pygmyos.code\BootUpdater\pygmy_gui.o
 .debug_abbrev  0x000008e8      0x109 C:\Users\MightyDubster\Documents\Projects\pygmyos.code\BootUpdater\pygmy_nvic.o
 .debug_abbrev  0x000009f1      0x2c0 C:\Users\MightyDubster\Documents\Projects\pygmyos.code\BootUpdater\pygmy_port.o
 .debug_abbrev  0x00000cb1      0x2a2 C:\Users\MightyDubster\Documents\Projects\pygmyos.code\BootUpdater\pygmy_rf.o
 .debug_abbrev  0x00000f53      0x183 C:\Users\MightyDubster\Documents\Projects\pygmyos.code\BootUpdater\pygmy_rtc.o
 .debug_abbrev  0x000010d6      0x1ec C:\Users\MightyDubster\Documents\Projects\pygmyos.code\BootUpdater\pygmy_string.o
 .debug_abbrev  0x000012c2      0x305 C:\Users\MightyDubster\Documents\Projects\pygmyos.code\BootUpdater\pygmy_sys.o
 .debug_abbrev  0x000015c7      0x197 C:\Users\MightyDubster\Documents\Projects\pygmyos.code\BootUpdater\main.o

.debug_line     0x00000000     0x306f
 *(.debug_line)
 .debug_line    0x00000000       0x1d C:\Users\MightyDubster\Documents\Projects\pygmyos.code\BootUpdater\pygmy_adc.o
 .debug_line    0x0000001d      0x274 C:\Users\MightyDubster\Documents\Projects\pygmyos.code\BootUpdater\pygmy_audio.o
 .debug_line    0x00000291       0x1d C:\Users\MightyDubster\Documents\Projects\pygmyos.code\BootUpdater\pygmy_cmd.o
 .debug_line    0x000002ae      0x79a C:\Users\MightyDubster\Documents\Projects\pygmyos.code\BootUpdater\pygmy_com.o
 .debug_line    0x00000a48        0x0 C:\Users\MightyDubster\Documents\Projects\pygmyos.code\BootUpdater\pygmy_debug.o
 .debug_line    0x00000a48      0x90a C:\Users\MightyDubster\Documents\Projects\pygmyos.code\BootUpdater\pygmy_file.o
 .debug_line    0x00001352      0x1da C:\Users\MightyDubster\Documents\Projects\pygmyos.code\BootUpdater\pygmy_fpec.o
 .debug_line    0x0000152c       0x1d C:\Users\MightyDubster\Documents\Projects\pygmyos.code\BootUpdater\pygmy_gui.o
 .debug_line    0x00001549       0xe9 C:\Users\MightyDubster\Documents\Projects\pygmyos.code\BootUpdater\pygmy_nvic.o
 .debug_line    0x00001632      0x4f2 C:\Users\MightyDubster\Documents\Projects\pygmyos.code\BootUpdater\pygmy_port.o
 .debug_line    0x00001b24      0x4eb C:\Users\MightyDubster\Documents\Projects\pygmyos.code\BootUpdater\pygmy_rf.o
 .debug_line    0x0000200f      0x1f4 C:\Users\MightyDubster\Documents\Projects\pygmyos.code\BootUpdater\pygmy_rtc.o
 .debug_line    0x00002203      0x69b C:\Users\MightyDubster\Documents\Projects\pygmyos.code\BootUpdater\pygmy_string.o
 .debug_line    0x0000289e      0x5fa C:\Users\MightyDubster\Documents\Projects\pygmyos.code\BootUpdater\pygmy_sys.o
 .debug_line    0x00002e98      0x1d7 C:\Users\MightyDubster\Documents\Projects\pygmyos.code\BootUpdater\main.o

.debug_frame    0x00000000     0x1c90
 *(.debug_frame)
 .debug_frame   0x00000000      0x154 C:\Users\MightyDubster\Documents\Projects\pygmyos.code\BootUpdater\pygmy_audio.o
 .debug_frame   0x00000154      0x5c8 C:\Users\MightyDubster\Documents\Projects\pygmyos.code\BootUpdater\pygmy_com.o
 .debug_frame   0x0000071c      0x610 C:\Users\MightyDubster\Documents\Projects\pygmyos.code\BootUpdater\pygmy_file.o
 .debug_frame   0x00000d2c       0xe8 C:\Users\MightyDubster\Documents\Projects\pygmyos.code\BootUpdater\pygmy_fpec.o
 .debug_frame   0x00000e14       0x64 C:\Users\MightyDubster\Documents\Projects\pygmyos.code\BootUpdater\pygmy_nvic.o
 .debug_frame   0x00000e78      0x2c8 C:\Users\MightyDubster\Documents\Projects\pygmyos.code\BootUpdater\pygmy_port.o
 .debug_frame   0x00001140      0x354 C:\Users\MightyDubster\Documents\Projects\pygmyos.code\BootUpdater\pygmy_rf.o
 .debug_frame   0x00001494       0xc8 C:\Users\MightyDubster\Documents\Projects\pygmyos.code\BootUpdater\pygmy_rtc.o
 .debug_frame   0x0000155c      0x3a8 C:\Users\MightyDubster\Documents\Projects\pygmyos.code\BootUpdater\pygmy_string.o
 .debug_frame   0x00001904      0x324 C:\Users\MightyDubster\Documents\Projects\pygmyos.code\BootUpdater\pygmy_sys.o
 .debug_frame   0x00001c28       0x68 C:\Users\MightyDubster\Documents\Projects\pygmyos.code\BootUpdater\main.o

.debug_str      0x00000000     0x282d
 *(.debug_str)
 .debug_str     0x00000000       0x9f C:\Users\MightyDubster\Documents\Projects\pygmyos.code\BootUpdater\pygmy_adc.o
                                 0xd3 (size before relaxing)
 .debug_str     0x0000009f      0x47b C:\Users\MightyDubster\Documents\Projects\pygmyos.code\BootUpdater\pygmy_audio.o
                                0x587 (size before relaxing)
 .debug_str     0x0000051a       0x43 C:\Users\MightyDubster\Documents\Projects\pygmyos.code\BootUpdater\pygmy_cmd.o
                                 0xd3 (size before relaxing)
 .debug_str     0x0000055d      0x6fc C:\Users\MightyDubster\Documents\Projects\pygmyos.code\BootUpdater\pygmy_com.o
                                0x846 (size before relaxing)
 .debug_str     0x00000c59      0x6ac C:\Users\MightyDubster\Documents\Projects\pygmyos.code\BootUpdater\pygmy_file.o
                                0x876 (size before relaxing)
 .debug_str     0x00001305      0x174 C:\Users\MightyDubster\Documents\Projects\pygmyos.code\BootUpdater\pygmy_fpec.o
                                0x25b (size before relaxing)
 .debug_str     0x00001479       0x43 C:\Users\MightyDubster\Documents\Projects\pygmyos.code\BootUpdater\pygmy_gui.o
                                 0xf1 (size before relaxing)
 .debug_str     0x000014bc      0x14b C:\Users\MightyDubster\Documents\Projects\pygmyos.code\BootUpdater\pygmy_nvic.o
                                0x20d (size before relaxing)
 .debug_str     0x00001607      0x49e C:\Users\MightyDubster\Documents\Projects\pygmyos.code\BootUpdater\pygmy_port.o
                                0x784 (size before relaxing)
 .debug_str     0x00001aa5      0x2d5 C:\Users\MightyDubster\Documents\Projects\pygmyos.code\BootUpdater\pygmy_rf.o
                                0x4ee (size before relaxing)
 .debug_str     0x00001d7a      0x19f C:\Users\MightyDubster\Documents\Projects\pygmyos.code\BootUpdater\pygmy_rtc.o
                                0x2e7 (size before relaxing)
 .debug_str     0x00001f19      0x3d6 C:\Users\MightyDubster\Documents\Projects\pygmyos.code\BootUpdater\pygmy_string.o
                                0x591 (size before relaxing)
 .debug_str     0x000022ef      0x4ad C:\Users\MightyDubster\Documents\Projects\pygmyos.code\BootUpdater\pygmy_sys.o
                                0xa2e (size before relaxing)
 .debug_str     0x0000279c       0x91 C:\Users\MightyDubster\Documents\Projects\pygmyos.code\BootUpdater\main.o
                                0x252 (size before relaxing)

.debug_loc      0x00000000     0x6102
 *(.debug_loc)
 .debug_loc     0x00000000      0x5fc C:\Users\MightyDubster\Documents\Projects\pygmyos.code\BootUpdater\pygmy_audio.o
 .debug_loc     0x000005fc      0xdd1 C:\Users\MightyDubster\Documents\Projects\pygmyos.code\BootUpdater\pygmy_com.o
 .debug_loc     0x000013cd     0x19be C:\Users\MightyDubster\Documents\Projects\pygmyos.code\BootUpdater\pygmy_file.o
 .debug_loc     0x00002d8b      0x341 C:\Users\MightyDubster\Documents\Projects\pygmyos.code\BootUpdater\pygmy_fpec.o
 .debug_loc     0x000030cc      0x15c C:\Users\MightyDubster\Documents\Projects\pygmyos.code\BootUpdater\pygmy_nvic.o
 .debug_loc     0x00003228      0x8ec C:\Users\MightyDubster\Documents\Projects\pygmyos.code\BootUpdater\pygmy_port.o
 .debug_loc     0x00003b14      0x949 C:\Users\MightyDubster\Documents\Projects\pygmyos.code\BootUpdater\pygmy_rf.o
 .debug_loc     0x0000445d      0x2ee C:\Users\MightyDubster\Documents\Projects\pygmyos.code\BootUpdater\pygmy_rtc.o
 .debug_loc     0x0000474b     0x104e C:\Users\MightyDubster\Documents\Projects\pygmyos.code\BootUpdater\pygmy_string.o
 .debug_loc     0x00005799      0x7b3 C:\Users\MightyDubster\Documents\Projects\pygmyos.code\BootUpdater\pygmy_sys.o
 .debug_loc     0x00005f4c      0x1b6 C:\Users\MightyDubster\Documents\Projects\pygmyos.code\BootUpdater\main.o

.debug_macinfo
 *(.debug_macinfo)

.debug_weaknames
 *(.debug_weaknames)

.debug_funcnames
 *(.debug_funcnames)

.debug_typenames
 *(.debug_typenames)

.debug_varnames
 *(.debug_varnames)
START GROUP
LOAD c:/program files (x86)/raisonance/ride/arm-gcc/bin/../lib/gcc/arm-none-eabi/4.5.1/thumb2\libgcc.a
LOAD c:/program files (x86)/raisonance/ride/arm-gcc/bin/../lib/gcc/arm-none-eabi/4.5.1/../../../../arm-none-eabi/lib/thumb2\libc.a
END GROUP
OUTPUT(C:\Users\MightyDubster\Documents\Projects\pygmyos.code\BootUpdater\BootUpdater.elf elf32-littlearm)

.debug_pubtypes
                0x00000000      0x6cb
 .debug_pubtypes
                0x00000000       0x12 C:\Users\MightyDubster\Documents\Projects\pygmyos.code\BootUpdater\pygmy_adc.o
 .debug_pubtypes
                0x00000012       0xae C:\Users\MightyDubster\Documents\Projects\pygmyos.code\BootUpdater\pygmy_audio.o
 .debug_pubtypes
                0x000000c0       0x12 C:\Users\MightyDubster\Documents\Projects\pygmyos.code\BootUpdater\pygmy_cmd.o
 .debug_pubtypes
                0x000000d2       0xcb C:\Users\MightyDubster\Documents\Projects\pygmyos.code\BootUpdater\pygmy_com.o
 .debug_pubtypes
                0x0000019d       0xb0 C:\Users\MightyDubster\Documents\Projects\pygmyos.code\BootUpdater\pygmy_file.o
 .debug_pubtypes
                0x0000024d       0x5f C:\Users\MightyDubster\Documents\Projects\pygmyos.code\BootUpdater\pygmy_fpec.o
 .debug_pubtypes
                0x000002ac       0x12 C:\Users\MightyDubster\Documents\Projects\pygmyos.code\BootUpdater\pygmy_gui.o
 .debug_pubtypes
                0x000002be       0x42 C:\Users\MightyDubster\Documents\Projects\pygmyos.code\BootUpdater\pygmy_nvic.o
 .debug_pubtypes
                0x00000300       0xa3 C:\Users\MightyDubster\Documents\Projects\pygmyos.code\BootUpdater\pygmy_port.o
 .debug_pubtypes
                0x000003a3       0x67 C:\Users\MightyDubster\Documents\Projects\pygmyos.code\BootUpdater\pygmy_rf.o
 .debug_pubtypes
                0x0000040a       0x7b C:\Users\MightyDubster\Documents\Projects\pygmyos.code\BootUpdater\pygmy_rtc.o
 .debug_pubtypes
                0x00000485       0x4e C:\Users\MightyDubster\Documents\Projects\pygmyos.code\BootUpdater\pygmy_string.o
 .debug_pubtypes
                0x000004d3      0x17a C:\Users\MightyDubster\Documents\Projects\pygmyos.code\BootUpdater\pygmy_sys.o
 .debug_pubtypes
                0x0000064d       0x7e C:\Users\MightyDubster\Documents\Projects\pygmyos.code\BootUpdater\main.o

.debug_ranges   0x00000000      0x988
 .debug_ranges  0x00000000       0x58 C:\Users\MightyDubster\Documents\Projects\pygmyos.code\BootUpdater\pygmy_audio.o
 .debug_ranges  0x00000058      0x208 C:\Users\MightyDubster\Documents\Projects\pygmyos.code\BootUpdater\pygmy_com.o
 .debug_ranges  0x00000260      0x1b8 C:\Users\MightyDubster\Documents\Projects\pygmyos.code\BootUpdater\pygmy_file.o
 .debug_ranges  0x00000418       0x50 C:\Users\MightyDubster\Documents\Projects\pygmyos.code\BootUpdater\pygmy_fpec.o
 .debug_ranges  0x00000468       0x28 C:\Users\MightyDubster\Documents\Projects\pygmyos.code\BootUpdater\pygmy_nvic.o
 .debug_ranges  0x00000490       0xf8 C:\Users\MightyDubster\Documents\Projects\pygmyos.code\BootUpdater\pygmy_port.o
 .debug_ranges  0x00000588      0x100 C:\Users\MightyDubster\Documents\Projects\pygmyos.code\BootUpdater\pygmy_rf.o
 .debug_ranges  0x00000688       0x58 C:\Users\MightyDubster\Documents\Projects\pygmyos.code\BootUpdater\pygmy_rtc.o
 .debug_ranges  0x000006e0      0x150 C:\Users\MightyDubster\Documents\Projects\pygmyos.code\BootUpdater\pygmy_string.o
 .debug_ranges  0x00000830      0x138 C:\Users\MightyDubster\Documents\Projects\pygmyos.code\BootUpdater\pygmy_sys.o
 .debug_ranges  0x00000968       0x20 C:\Users\MightyDubster\Documents\Projects\pygmyos.code\BootUpdater\main.o
