Archive member included because of file (symbol)

c:/program files (x86)/raisonance/ride/arm-gcc/bin/../lib/gcc/arm-none-eabi/4.5.1/../../../../arm-none-eabi/lib/thumb2\libc.a(lib_a-malloc.o)
                              C:\Users\MightyDubster\Documents\Projects\pygmyos.code\bootv2\pygmy_sys.o (malloc)
c:/program files (x86)/raisonance/ride/arm-gcc/bin/../lib/gcc/arm-none-eabi/4.5.1/../../../../arm-none-eabi/lib/thumb2\libc.a(lib_a-mallocr.o)
                              c:/program files (x86)/raisonance/ride/arm-gcc/bin/../lib/gcc/arm-none-eabi/4.5.1/../../../../arm-none-eabi/lib/thumb2\libc.a(lib_a-malloc.o) (_malloc_r)
c:/program files (x86)/raisonance/ride/arm-gcc/bin/../lib/gcc/arm-none-eabi/4.5.1/../../../../arm-none-eabi/lib/thumb2\libc.a(lib_a-mlock.o)
                              c:/program files (x86)/raisonance/ride/arm-gcc/bin/../lib/gcc/arm-none-eabi/4.5.1/../../../../arm-none-eabi/lib/thumb2\libc.a(lib_a-mallocr.o) (__malloc_lock)
c:/program files (x86)/raisonance/ride/arm-gcc/bin/../lib/gcc/arm-none-eabi/4.5.1/../../../../arm-none-eabi/lib/thumb2\libc.a(lib_a-realloc.o)
                              C:\Users\MightyDubster\Documents\Projects\pygmyos.code\bootv2\pygmy_sys.o (realloc)
c:/program files (x86)/raisonance/ride/arm-gcc/bin/../lib/gcc/arm-none-eabi/4.5.1/../../../../arm-none-eabi/lib/thumb2\libc.a(lib_a-reallocr.o)
                              c:/program files (x86)/raisonance/ride/arm-gcc/bin/../lib/gcc/arm-none-eabi/4.5.1/../../../../arm-none-eabi/lib/thumb2\libc.a(lib_a-realloc.o) (_realloc_r)
c:/program files (x86)/raisonance/ride/arm-gcc/bin/../lib/gcc/arm-none-eabi/4.5.1/../../../../arm-none-eabi/lib/thumb2\libc.a(lib_a-s_modf.o)
                              C:\Users\MightyDubster\Documents\Projects\pygmyos.code\bootv2\pygmy_string.o (modf)
c:/program files (x86)/raisonance/ride/arm-gcc/bin/../lib/gcc/arm-none-eabi/4.5.1/../../../../arm-none-eabi/lib/thumb2\libc.a(lib_a-sbrkr.o)
                              c:/program files (x86)/raisonance/ride/arm-gcc/bin/../lib/gcc/arm-none-eabi/4.5.1/../../../../arm-none-eabi/lib/thumb2\libc.a(lib_a-mallocr.o) (_sbrk_r)
c:/program files (x86)/raisonance/ride/arm-gcc/bin/../lib/gcc/arm-none-eabi/4.5.1/../../../../arm-none-eabi/lib/thumb2\libc.a(lib_a-freer.o)
                              c:/program files (x86)/raisonance/ride/arm-gcc/bin/../lib/gcc/arm-none-eabi/4.5.1/../../../../arm-none-eabi/lib/thumb2\libc.a(lib_a-malloc.o) (_free_r)
c:/program files (x86)/raisonance/ride/arm-gcc/bin/../lib/gcc/arm-none-eabi/4.5.1/../../../../arm-none-eabi/lib/thumb2\libc.a(lib_a-impure.o)
                              c:/program files (x86)/raisonance/ride/arm-gcc/bin/../lib/gcc/arm-none-eabi/4.5.1/../../../../arm-none-eabi/lib/thumb2\libc.a(lib_a-malloc.o) (_impure_ptr)
c:/program files (x86)/raisonance/ride/arm-gcc/bin/../lib/gcc/arm-none-eabi/4.5.1/../../../../arm-none-eabi/lib/thumb2\libc.a(lib_a-memmove.o)
                              c:/program files (x86)/raisonance/ride/arm-gcc/bin/../lib/gcc/arm-none-eabi/4.5.1/../../../../arm-none-eabi/lib/thumb2\libc.a(lib_a-reallocr.o) (memmove)
c:/program files (x86)/raisonance/ride/arm-gcc/bin/../lib/gcc/arm-none-eabi/4.5.1/../../../../arm-none-eabi/lib/thumb2\libc.a(lib_a-reent.o)
                              c:/program files (x86)/raisonance/ride/arm-gcc/bin/../lib/gcc/arm-none-eabi/4.5.1/../../../../arm-none-eabi/lib/thumb2\libc.a(lib_a-sbrkr.o) (errno)
C:\Program Files (x86)\Raisonance\Ride\Lib\ARM\std_sbrk_thumb.lib(sbrk.o)
                              c:/program files (x86)/raisonance/ride/arm-gcc/bin/../lib/gcc/arm-none-eabi/4.5.1/../../../../arm-none-eabi/lib/thumb2\libc.a(lib_a-sbrkr.o) (_sbrk)
c:/program files (x86)/raisonance/ride/arm-gcc/bin/../lib/gcc/arm-none-eabi/4.5.1/thumb2\libgcc.a(_arm_addsubdf3.o)
                              c:/program files (x86)/raisonance/ride/arm-gcc/bin/../lib/gcc/arm-none-eabi/4.5.1/../../../../arm-none-eabi/lib/thumb2\libc.a(lib_a-s_modf.o) (__aeabi_dsub)
c:/program files (x86)/raisonance/ride/arm-gcc/bin/../lib/gcc/arm-none-eabi/4.5.1/thumb2\libgcc.a(_arm_muldivdf3.o)
                              C:\Users\MightyDubster\Documents\Projects\pygmyos.code\bootv2\pygmy_string.o (__aeabi_dmul)
c:/program files (x86)/raisonance/ride/arm-gcc/bin/../lib/gcc/arm-none-eabi/4.5.1/thumb2\libgcc.a(_arm_cmpdf2.o)
                              C:\Users\MightyDubster\Documents\Projects\pygmyos.code\bootv2\pygmy_string.o (__aeabi_dcmplt)
c:/program files (x86)/raisonance/ride/arm-gcc/bin/../lib/gcc/arm-none-eabi/4.5.1/thumb2\libgcc.a(_arm_fixdfsi.o)
                              C:\Users\MightyDubster\Documents\Projects\pygmyos.code\bootv2\pygmy_string.o (__aeabi_d2iz)
c:/program files (x86)/raisonance/ride/arm-gcc/bin/../lib/gcc/arm-none-eabi/4.5.1/thumb2\libgcc.a(_arm_fixunsdfsi.o)
                              C:\Users\MightyDubster\Documents\Projects\pygmyos.code\bootv2\pygmy_string.o (__aeabi_d2uiz)
[...]
Memory Configuration

Name             Origin             Length             Attributes
RAM              0x20000000         0x00002000         xrw
FLASH            0x08000000         0x00005000         xr
HEAP             0x20001000         0x00001000         xrw
STARTFLASH       0x00000000         0x00000000         xr
CRPPATCH         0x00000000         0x00000000         r
FLASHPATCH       0x00000000         0x00000000         r
ENDFLASH         0x00000000         0x00000000         xr
FLASHB1          0x00000000         0x00000000         xr
EXTMEMB0         0x00000000         0x00000000         xr
EXTMEMB1         0x00000000         0x00000000         xr
EXTMEMB2         0x00000000         0x00000000         xr
EXTMEMB3         0x00000000         0x00000000         xr
*default*        0x00000000         0xffffffff

Linker script and memory map

LOAD C:\Program Files (x86)\Raisonance\Ride\lib\ARM\startup_stm32f10x_hd.o
LOAD C:\Users\MightyDubster\Documents\Projects\pygmyos.code\bootv2\main.o
LOAD C:\Users\MightyDubster\Documents\Projects\pygmyos.code\bootv2\pygmy_file.o
LOAD C:\Users\MightyDubster\Documents\Projects\pygmyos.code\bootv2\pygmy_fpec.o
LOAD C:\Users\MightyDubster\Documents\Projects\pygmyos.code\bootv2\pygmy_rf.o
LOAD C:\Users\MightyDubster\Documents\Projects\pygmyos.code\bootv2\pygmy_sys.o
LOAD C:\Users\MightyDubster\Documents\Projects\pygmyos.code\bootv2\pygmy_xmodem.o
LOAD C:\Users\MightyDubster\Documents\Projects\pygmyos.code\bootv2\pygmy_rtc.o
LOAD C:\Users\MightyDubster\Documents\Projects\pygmyos.code\bootv2\pygmy_com.o
LOAD C:\Users\MightyDubster\Documents\Projects\pygmyos.code\bootv2\pygmy_port.o
LOAD C:\Users\MightyDubster\Documents\Projects\pygmyos.code\bootv2\pygmy_string.o
LOAD C:\Users\MightyDubster\Documents\Projects\pygmyos.code\bootv2\pygmy_nvic.o
LOAD C:\Users\MightyDubster\Documents\Projects\pygmyos.code\bootv2\pygmy_socket.o
START GROUP
LOAD C:\Program Files (x86)\Raisonance\Ride\Lib\ARM\std_sbrk_thumb.lib
LOAD C:\Program Files (x86)\Raisonance\Ride\Lib\ARM\smallprintf_thumb.a
LOAD c:/program files (x86)/raisonance/ride/arm-gcc/bin/../lib/gcc/arm-none-eabi/4.5.1/../../../../arm-none-eabi/lib/thumb2\libc.a
LOAD c:/program files (x86)/raisonance/ride/arm-gcc/bin/../lib/gcc/arm-none-eabi/4.5.1/../../../../arm-none-eabi/lib/thumb2\libm.a
END GROUP
                0x00000400                __Stack_Size = 0x400
                0x00000400                PROVIDE (_Stack_Size, __Stack_Size)
                0x20001c00                __Stack_Init = (_estack - __Stack_Size)
                0x20001c00                PROVIDE (_Stack_Init, __Stack_Init)
                0x00000100                _Minimum_Stack_Size = 0x100
                0x00000000                PROVIDE (Undefined_Handler, 0x0)
                0x00000000                PROVIDE (SWI_Handler, 0x0)
                0x00000000                PROVIDE (IRQ_Handler, 0x0)
                0x00000000                PROVIDE (Prefetch_Handler, 0x0)
                0x00000000                PROVIDE (Abort_Handler, 0x0)
                0x00000000                PROVIDE (FIQ_Handler, 0x0)
                0x00000000                PROVIDE (NMIException, 0x0)
                0x00000000                PROVIDE (NMI_Handler, 0x0)
                0x00000000                PROVIDE (HardFaultException, 0x0)
                0x00000000                PROVIDE (HardFault_Handler, 0x0)
                0x00000000                PROVIDE (MemManageException, 0x0)
                0x00000000                PROVIDE (MemManage_Handler, 0x0)
                0x00000000                PROVIDE (BusFaultException, 0x0)
                0x00000000                PROVIDE (BusFault_Handler, 0x0)
                0x00000000                PROVIDE (UsageFaultException, 0x0)
                0x00000000                PROVIDE (UsageFault_Handler, 0x0)
                0x00000000                PROVIDE (SVCHandler, 0x0)
                0x00000000                PROVIDE (SVC_Handler, 0x0)
                0x00000000                PROVIDE (DebugMonitor, 0x0)
                0x00000000                PROVIDE (DebugMon_Handler, 0x0)
                0x00000000                PROVIDE (PendSVC, 0x0)
                0x00000000                PROVIDE (PendSV_Handler, 0x0)
                0x00000000                PROVIDE (SysTickHandler, 0x0)
                0x00000000                PROVIDE (SysTick_Handler, 0x0)
                0x00000000                PROVIDE (WWDG_IRQHandler, 0x0)
                0x00000000                PROVIDE (PVD_IRQHandler, 0x0)
                0x00000000                PROVIDE (TAMPER_IRQHandler, 0x0)
                0x00000000                PROVIDE (RTC_IRQHandler, 0x0)
                0x00000000                PROVIDE (FLASH_IRQHandler, 0x0)
                0x00000000                PROVIDE (RCC_IRQHandler, 0x0)
                0x00000000                PROVIDE (EXTI0_IRQHandler, 0x0)
                0x00000000                PROVIDE (EXTI1_IRQHandler, 0x0)
                0x00000000                PROVIDE (EXTI2_IRQHandler, 0x0)
                0x00000000                PROVIDE (EXTI3_IRQHandler, 0x0)
                0x00000000                PROVIDE (EXTI4_IRQHandler, 0x0)
                0x00000000                PROVIDE (DMAChannel1_IRQHandler, 0x0)
                0x00000000                PROVIDE (DMAChannel2_IRQHandler, 0x0)
                0x00000000                PROVIDE (DMAChannel3_IRQHandler, 0x0)
                0x00000000                PROVIDE (DMAChannel4_IRQHandler, 0x0)
                0x00000000                PROVIDE (DMAChannel5_IRQHandler, 0x0)
                0x00000000                PROVIDE (DMAChannel6_IRQHandler, 0x0)
                0x00000000                PROVIDE (DMAChannel7_IRQHandler, 0x0)
                0x00000000                PROVIDE (DMA1_Channel1_IRQHandler, 0x0)
                0x00000000                PROVIDE (DMA1_Channel2_IRQHandler, 0x0)
                0x00000000                PROVIDE (DMA1_Channel3_IRQHandler, 0x0)
                0x00000000                PROVIDE (DMA1_Channel4_IRQHandler, 0x0)
                0x00000000                PROVIDE (DMA1_Channel5_IRQHandler, 0x0)
                0x00000000                PROVIDE (DMA1_Channel6_IRQHandler, 0x0)
                0x00000000                PROVIDE (DMA1_Channel7_IRQHandler, 0x0)
                0x00000000                PROVIDE (ADC_IRQHandler, 0x0)
                0x00000000                PROVIDE (ADC1_2_IRQHandler, 0x0)
                0x00000000                PROVIDE (USB_HP_CAN_TX_IRQHandler, 0x0)
                0x00000000                PROVIDE (USB_HP_CAN1_TX_IRQHandler, 0x0)
                0x00000000                PROVIDE (USB_LP_CAN_RX0_IRQHandler, 0x0)
                0x00000000                PROVIDE (USB_LP_CAN1_RX0_IRQHandler, 0x0)
                0x00000000                PROVIDE (CAN_RX1_IRQHandler, 0x0)
                0x00000000                PROVIDE (CAN1_RX1_IRQHandler, 0x0)
                0x00000000                PROVIDE (CAN_SCE_IRQHandler, 0x0)
                0x00000000                PROVIDE (CAN1_SCE_IRQHandler, 0x0)
                0x00000000                PROVIDE (EXTI9_5_IRQHandler, 0x0)
                0x00000000                PROVIDE (TIM1_BRK_IRQHandler, 0x0)
                0x00000000                PROVIDE (TIM1_UP_IRQHandler, 0x0)
                0x00000000                PROVIDE (TIM1_TRG_COM_IRQHandler, 0x0)
                0x00000000                PROVIDE (TIM1_CC_IRQHandler, 0x0)
                0x00000000                PROVIDE (TIM2_IRQHandler, 0x0)
                0x00000000                PROVIDE (TIM3_IRQHandler, 0x0)
                0x00000000                PROVIDE (TIM4_IRQHandler, 0x0)
                0x00000000                PROVIDE (I2C1_EV_IRQHandler, 0x0)
                0x00000000                PROVIDE (I2C1_ER_IRQHandler, 0x0)
                0x00000000                PROVIDE (I2C2_EV_IRQHandler, 0x0)
                0x00000000                PROVIDE (I2C2_ER_IRQHandler, 0x0)
                0x00000000                PROVIDE (SPI1_IRQHandler, 0x0)
                0x00000000                PROVIDE (SPI2_IRQHandler, 0x0)
                0x00000000                PROVIDE (USART1_IRQHandler, 0x0)
                0x00000000                PROVIDE (USART2_IRQHandler, 0x0)
                0x00000000                PROVIDE (USART3_IRQHandler, 0x0)
                0x00000000                PROVIDE (EXTI15_10_IRQHandler, 0x0)
                0x00000000                PROVIDE (RTCAlarm_IRQHandler, 0x0)
                0x00000000                PROVIDE (USBWakeUp_IRQHandler, 0x0)
                0x00000000                PROVIDE (TIM8_BRK_IRQHandler, 0x0)
                0x00000000                PROVIDE (TIM8_UP_IRQHandler, 0x0)
                0x00000000                PROVIDE (TIM8_TRG_COM_IRQHandler, 0x0)
                0x00000000                PROVIDE (TIM8_CC_IRQHandler, 0x0)
                0x00000000                PROVIDE (ADC3_IRQHandler, 0x0)
                0x00000000                PROVIDE (FSMC_IRQHandler, 0x0)
                0x00000000                PROVIDE (SDIO_IRQHandler, 0x0)
                0x00000000                PROVIDE (TIM5_IRQHandler, 0x0)
                0x00000000                PROVIDE (SPI3_IRQHandler, 0x0)
                0x00000000                PROVIDE (UART4_IRQHandler, 0x0)
                0x00000000                PROVIDE (UART5_IRQHandler, 0x0)
                0x00000000                PROVIDE (TIM6_IRQHandler, 0x0)
                0x00000000                PROVIDE (TIM7_IRQHandler, 0x0)
                0x00000000                PROVIDE (DMA2_Channel1_IRQHandler, 0x0)
                0x00000000                PROVIDE (DMA2_Channel2_IRQHandler, 0x0)
                0x00000000                PROVIDE (DMA2_Channel3_IRQHandler, 0x0)
                0x00000000                PROVIDE (DMA2_Channel4_5_IRQHandler, 0x0)
                0x42000000                PERIPH_BB_BASE = 0x42000000
                0x22000000                SRAM_BB_BASE = 0x22000000
                0x20000000                SRAM_BASE = 0x20000000
                0x40000000                PERIPH_BASE = 0x40000000
                0x40022000                PROVIDE (FLASH_BASE, 0x40022000)
                0x1ffff800                PROVIDE (OB_BASE, 0x1ffff800)
                0x40000000                APB1PERIPH_BASE = PERIPH_BASE
                0x40010000                APB2PERIPH_BASE = (PERIPH_BASE + 0x10000)
                0x40020000                AHBPERIPH_BASE = (PERIPH_BASE + 0x20000)
                0x40000000                PROVIDE (TIM2, (APB1PERIPH_BASE + 0x0))
                0x40000400                PROVIDE (TIM3, (APB1PERIPH_BASE + 0x400))
                0x40000800                PROVIDE (TIM4, (APB1PERIPH_BASE + 0x800))
                0x40002800                PROVIDE (RTC, (APB1PERIPH_BASE + 0x2800))
                0x40002c00                PROVIDE (WWDG, (APB1PERIPH_BASE + 0x2c00))
                0x40003000                PROVIDE (IWDG, (APB1PERIPH_BASE + 0x3000))
                0x40003800                PROVIDE (SPI2, (APB1PERIPH_BASE + 0x3800))
                0x40004400                PROVIDE (USART2, (APB1PERIPH_BASE + 0x4400))
                0x40004800                PROVIDE (USART3, (APB1PERIPH_BASE + 0x4800))
                0x40005400                PROVIDE (I2C1, (APB1PERIPH_BASE + 0x5400))
                0x40005800                PROVIDE (I2C2, (APB1PERIPH_BASE + 0x5800))
                0x40006400                PROVIDE (CAN, (APB1PERIPH_BASE + 0x6400))
                0x40006c00                PROVIDE (BKP, (APB1PERIPH_BASE + 0x6c00))
                0x40007000                PROVIDE (PWR, (APB1PERIPH_BASE + 0x7000))
                0x40010000                PROVIDE (AFIO, (APB2PERIPH_BASE + 0x0))
                0x40010400                PROVIDE (EXTI, (APB2PERIPH_BASE + 0x400))
                0x40010800                PROVIDE (GPIOA, (APB2PERIPH_BASE + 0x800))
                0x40010c00                PROVIDE (GPIOB, (APB2PERIPH_BASE + 0xc00))
                0x40011000                PROVIDE (GPIOC, (APB2PERIPH_BASE + 0x1000))
                0x40011400                PROVIDE (GPIOD, (APB2PERIPH_BASE + 0x1400))
                0x40011800                PROVIDE (GPIOE, (APB2PERIPH_BASE + 0x1800))
                0x40012400                PROVIDE (ADC1, (APB2PERIPH_BASE + 0x2400))
                0x40012800                PROVIDE (ADC2, (APB2PERIPH_BASE + 0x2800))
                0x40012c00                PROVIDE (TIM1, (APB2PERIPH_BASE + 0x2c00))
                0x40013000                PROVIDE (SPI1, (APB2PERIPH_BASE + 0x3000))
                0x40013800                PROVIDE (USART1, (APB2PERIPH_BASE + 0x3800))
                0x40020000                PROVIDE (DMA, (AHBPERIPH_BASE + 0x0))
                0x40020008                PROVIDE (DMA_Channel1, (AHBPERIPH_BASE + 0x8))
                0x4002001c                PROVIDE (DMA_Channel2, (AHBPERIPH_BASE + 0x1c))
                0x40020030                PROVIDE (DMA_Channel3, (AHBPERIPH_BASE + 0x30))
                0x40020044                PROVIDE (DMA_Channel4, (AHBPERIPH_BASE + 0x44))
                0x40020058                PROVIDE (DMA_Channel5, (AHBPERIPH_BASE + 0x58))
                0x4002006c                PROVIDE (DMA_Channel6, (AHBPERIPH_BASE + 0x6c))
                0x40020080                PROVIDE (DMA_Channel7, (AHBPERIPH_BASE + 0x80))
                0x40021000                PROVIDE (RCC, (AHBPERIPH_BASE + 0x1000))
                0xe000e000                SCS_BASE = 0xe000e000
                0xe000e010                PROVIDE (SysTick, (SCS_BASE + 0x10))
                0xe000e100                PROVIDE (NVIC, (SCS_BASE + 0x100))
                0xe000ed00                PROVIDE (SCB, (SCS_BASE + 0xd00))
                0x20002000                _estack = 0x20002000

.isr_vector     0x08000000      0x1e4
                0x08000000                . = ALIGN (0x4)
 *(.isr_vector)
 .isr_vector    0x08000000      0x1e4 C:\Program Files (x86)\Raisonance\Ride\lib\ARM\startup_stm32f10x_hd.o
                0x08000000                g_pfnVectors
                0x080001e4                . = ALIGN (0x4)

.flash_start    0x00000000        0x0
                0x00000000                . = ALIGN (0x4)
 *(.flash_start)
 *(.flash_start.*)
                0x00000000                . = ALIGN (0x4)

.crp_patch      0x00000000        0x0
                0x00000000                . = ALIGN (0x4)
 *(.crp_patch)
                0x00000000                . = ALIGN (0x4)

.flashtext      0x080001e4        0x0
                0x080001e4                . = ALIGN (0x4)
 *(.flashtext)
                0x080001e4                . = ALIGN (0x4)

.text           0x080001e4     0x4140
                0x080001e4                . = ALIGN (0x4)
 *(.text)
 .text          0x080001e4       0x20 c:/program files (x86)/raisonance/ride/arm-gcc/bin/../lib/gcc/arm-none-eabi/4.5.1/../../../../arm-none-eabi/lib/thumb2\libc.a(lib_a-malloc.o)
                0x080001e4                malloc
                0x080001f4                free
 .text          0x08000204      0x57c c:/program files (x86)/raisonance/ride/arm-gcc/bin/../lib/gcc/arm-none-eabi/4.5.1/../../../../arm-none-eabi/lib/thumb2\libc.a(lib_a-mallocr.o)
                0x08000204                _malloc_r
 .text          0x08000780        0x8 c:/program files (x86)/raisonance/ride/arm-gcc/bin/../lib/gcc/arm-none-eabi/4.5.1/../../../../arm-none-eabi/lib/thumb2\libc.a(lib_a-mlock.o)
                0x08000780                __malloc_lock
                0x08000784                __malloc_unlock
 .text          0x08000788       0x14 c:/program files (x86)/raisonance/ride/arm-gcc/bin/../lib/gcc/arm-none-eabi/4.5.1/../../../../arm-none-eabi/lib/thumb2\libc.a(lib_a-realloc.o)
                0x08000788                realloc
 .text          0x0800079c      0x41c c:/program files (x86)/raisonance/ride/arm-gcc/bin/../lib/gcc/arm-none-eabi/4.5.1/../../../../arm-none-eabi/lib/thumb2\libc.a(lib_a-reallocr.o)
                0x0800079c                _realloc_r
 .text          0x08000bb8       0x28 c:/program files (x86)/raisonance/ride/arm-gcc/bin/../lib/gcc/arm-none-eabi/4.5.1/../../../../arm-none-eabi/lib/thumb2\libc.a(lib_a-sbrkr.o)
                0x08000bb8                _sbrk_r
 .text          0x08000be0      0x240 c:/program files (x86)/raisonance/ride/arm-gcc/bin/../lib/gcc/arm-none-eabi/4.5.1/../../../../arm-none-eabi/lib/thumb2\libc.a(lib_a-freer.o)
                0x08000be0                _malloc_trim_r
                0x08000c88                _free_r
 .text          0x08000e20       0xa0 c:/program files (x86)/raisonance/ride/arm-gcc/bin/../lib/gcc/arm-none-eabi/4.5.1/../../../../arm-none-eabi/lib/thumb2\libc.a(lib_a-memmove.o)
                0x08000e20                memmove
 *(.text.*)
 .text.Reset_Handler
                0x08000ec0       0x50 C:\Program Files (x86)\Raisonance\Ride\lib\ARM\startup_stm32f10x_hd.o
                0x08000ec0                Reset_Handler
 .text.SystemInit_ExtMemCtl_Dummy
                0x08000f10        0x2 C:\Program Files (x86)\Raisonance\Ride\lib\ARM\startup_stm32f10x_hd.o
                0x08000f10                SystemInit_ExtMemCtl
                0x08000f10                SystemInit_ExtMemCtl_Dummy
 .text.Default_Handler
                0x08000f12        0x2 C:\Program Files (x86)\Raisonance\Ride\lib\ARM\startup_stm32f10x_hd.o
                0x08000f12                TIM8_TRG_COM_IRQHandler
                0x08000f12                TIM8_CC_IRQHandler
                0x08000f12                DebugMon_Handler
                0x08000f12                TIM1_CC_IRQHandler
                0x08000f12                HardFault_Handler
                0x08000f12                TIM6_IRQHandler
                0x08000f12                PVD_IRQHandler
                0x08000f12                SDIO_IRQHandler
                0x08000f12                PendSV_Handler
                0x08000f12                NMI_Handler
                0x08000f12                UsageFault_Handler
                0x08000f12                ADC1_2_IRQHandler
                0x08000f12                SPI1_IRQHandler
                0x08000f12                TAMPER_IRQHandler
                0x08000f12                TIM8_UP_IRQHandler
                0x08000f12                DMA2_Channel2_IRQHandler
                0x08000f12                DMA1_Channel4_IRQHandler
                0x08000f12                RTC_IRQHandler
                0x08000f12                DMA1_Channel7_IRQHandler
                0x08000f12                CAN1_RX1_IRQHandler
                0x08000f12                UART5_IRQHandler
                0x08000f12                ADC3_IRQHandler
                0x08000f12                TIM4_IRQHandler
                0x08000f12                DMA2_Channel1_IRQHandler
                0x08000f12                I2C1_EV_IRQHandler
                0x08000f12                DMA1_Channel6_IRQHandler
                0x08000f12                UART4_IRQHandler
                0x08000f12                TIM3_IRQHandler
                0x08000f12                RCC_IRQHandler
                0x08000f12                TIM1_TRG_COM_IRQHandler
                0x08000f12                DMA1_Channel1_IRQHandler
                0x08000f12                Default_Handler
                0x08000f12                TIM7_IRQHandler
                0x08000f12                TIM5_IRQHandler
                0x08000f12                SPI2_IRQHandler
                0x08000f12                MemManage_Handler
                0x08000f12                SVC_Handler
                0x08000f12                DMA1_Channel5_IRQHandler
                0x08000f12                USB_LP_CAN1_RX0_IRQHandler
                0x08000f12                USB_HP_CAN1_TX_IRQHandler
                0x08000f12                DMA1_Channel3_IRQHandler
                0x08000f12                FSMC_IRQHandler
                0x08000f12                WWDG_IRQHandler
                0x08000f12                TIM2_IRQHandler
                0x08000f12                TIM1_BRK_IRQHandler
                0x08000f12                RTCAlarm_IRQHandler
                0x08000f12                DMA2_Channel4_5_IRQHandler
                0x08000f12                USART2_IRQHandler
                0x08000f12                DMA1_Channel2_IRQHandler
                0x08000f12                TIM8_BRK_IRQHandler
                0x08000f12                CAN1_SCE_IRQHandler
                0x08000f12                FLASH_IRQHandler
                0x08000f12                BusFault_Handler
                0x08000f12                USART1_IRQHandler
                0x08000f12                SPI3_IRQHandler
                0x08000f12                USBWakeUp_IRQHandler
                0x08000f12                DMA2_Channel3_IRQHandler
 .text.bootTimeout
                0x08000f14       0x10 C:\Users\MightyDubster\Documents\Projects\pygmyos.code\bootv2\main.o
                0x08000f14                bootTimeout
 .text.cmdReset
                0x08000f24       0x10 C:\Users\MightyDubster\Documents\Projects\pygmyos.code\bootv2\main.o
                0x08000f24                cmdReset
 .text.cmdMv    0x08000f34       0x24 C:\Users\MightyDubster\Documents\Projects\pygmyos.code\bootv2\main.o
                0x08000f34                cmdMv
 .text.cmdRm    0x08000f58       0x10 C:\Users\MightyDubster\Documents\Projects\pygmyos.code\bootv2\main.o
                0x08000f58                cmdRm
 .text.cmdSend  0x08000f68       0x18 C:\Users\MightyDubster\Documents\Projects\pygmyos.code\bootv2\main.o
                0x08000f68                cmdSend
 .text.cmdRecv  0x08000f80       0x18 C:\Users\MightyDubster\Documents\Projects\pygmyos.code\bootv2\main.o
                0x08000f80                cmdRecv
 .text.cmdFormat
                0x08000f98       0x10 C:\Users\MightyDubster\Documents\Projects\pygmyos.code\bootv2\main.o
                0x08000f98                cmdFormat
 .text.cmdErase
                0x08000fa8       0x18 C:\Users\MightyDubster\Documents\Projects\pygmyos.code\bootv2\main.o
                0x08000fa8                cmdErase
 .text.putcUSART3
                0x08000fc0       0x14 C:\Users\MightyDubster\Documents\Projects\pygmyos.code\bootv2\main.o
                0x08000fc0                putcUSART3
 .text.putIntUSART3
                0x08000fd4       0x34 C:\Users\MightyDubster\Documents\Projects\pygmyos.code\bootv2\main.o
                0x08000fd4                putIntUSART3
 .text.cmdRead  0x08001008       0x84 C:\Users\MightyDubster\Documents\Projects\pygmyos.code\bootv2\main.o
                0x08001008                cmdRead
 .text.putBufferUSART3
                0x0800108c       0x1c C:\Users\MightyDubster\Documents\Projects\pygmyos.code\bootv2\main.o
                0x0800108c                putBufferUSART3
 .text.putstr   0x080010a8       0x14 C:\Users\MightyDubster\Documents\Projects\pygmyos.code\bootv2\main.o
                0x080010a8                putstr
 .text.cmdLs    0x080010bc       0x60 C:\Users\MightyDubster\Documents\Projects\pygmyos.code\bootv2\main.o
                0x080010bc                cmdLs
 .text.bootBootOS
                0x0800111c       0x50 C:\Users\MightyDubster\Documents\Projects\pygmyos.code\bootv2\main.o
                0x0800111c                bootBootOS
 .text.bootTestAndLoad
                0x0800116c       0xb0 C:\Users\MightyDubster\Documents\Projects\pygmyos.code\bootv2\main.o
                0x0800116c                bootTestAndLoad
 .text.cmdBoot  0x0800121c       0x18 C:\Users\MightyDubster\Documents\Projects\pygmyos.code\bootv2\main.o
                0x0800121c                cmdBoot
 .text.main     0x08001234      0x20c C:\Users\MightyDubster\Documents\Projects\pygmyos.code\bootv2\main.o
                0x08001234                main
 .text.executeCmd
                0x08001440       0x48 C:\Users\MightyDubster\Documents\Projects\pygmyos.code\bootv2\main.o
                0x08001440                executeCmd
 .text.USART3_IRQHandler
                0x08001488       0xbc C:\Users\MightyDubster\Documents\Projects\pygmyos.code\bootv2\main.o
                0x08001488                USART3_IRQHandler
 .text.fileCopyHandle
                0x08001544       0x24 C:\Users\MightyDubster\Documents\Projects\pygmyos.code\bootv2\pygmy_file.o
                0x08001544                fileCopyHandle
 .text.fileIsEOF
                0x08001568        0x8 C:\Users\MightyDubster\Documents\Projects\pygmyos.code\bootv2\pygmy_file.o
                0x08001568                fileIsEOF
 .text.fileIsValidName
                0x08001570       0x4c C:\Users\MightyDubster\Documents\Projects\pygmyos.code\bootv2\pygmy_file.o
                0x08001570                fileIsValidName
 .text.flashReadWord
                0x080015bc       0x14 C:\Users\MightyDubster\Documents\Projects\pygmyos.code\bootv2\pygmy_file.o
                0x080015bc                flashReadWord
 .text.fileGetFAT
                0x080015d0       0x5c C:\Users\MightyDubster\Documents\Projects\pygmyos.code\bootv2\pygmy_file.o
                0x080015d0                fileGetFAT
 .text.fileGetChar
                0x0800162c      0x100 C:\Users\MightyDubster\Documents\Projects\pygmyos.code\bootv2\pygmy_file.o
                0x0800162c                fileGetChar
 .text.fileGetBuffer
                0x0800172c       0x2a C:\Users\MightyDubster\Documents\Projects\pygmyos.code\bootv2\pygmy_file.o
                0x0800172c                fileGetBuffer
 *fill*         0x08001756        0x2 00
 .text.flashReadLong
                0x08001758       0x10 C:\Users\MightyDubster\Documents\Projects\pygmyos.code\bootv2\pygmy_file.o
                0x08001758                flashReadLong
 .text.fileGetLength
                0x08001768       0x40 C:\Users\MightyDubster\Documents\Projects\pygmyos.code\bootv2\pygmy_file.o
                0x08001768                fileGetLength
 .text.flashReadByte
                0x080017a8       0x10 C:\Users\MightyDubster\Documents\Projects\pygmyos.code\bootv2\pygmy_file.o
                0x080017a8                flashReadByte
 .text.fileGetActiveFiles
                0x080017b8       0x30 C:\Users\MightyDubster\Documents\Projects\pygmyos.code\bootv2\pygmy_file.o
                0x080017b8                fileGetActiveFiles
 .text.fileGetFreeSpace
                0x080017e8       0x34 C:\Users\MightyDubster\Documents\Projects\pygmyos.code\bootv2\pygmy_file.o
                0x080017e8                fileGetFreeSpace
 .text.flashReadBuffer
                0x0800181c       0x1c C:\Users\MightyDubster\Documents\Projects\pygmyos.code\bootv2\pygmy_file.o
                0x0800181c                flashReadBuffer
 .text.fileSeekName
                0x08001838       0x3c C:\Users\MightyDubster\Documents\Projects\pygmyos.code\bootv2\pygmy_file.o
                0x08001838                fileSeekName
 .text.fileGetName
                0x08001874       0x5c C:\Users\MightyDubster\Documents\Projects\pygmyos.code\bootv2\pygmy_file.o
                0x08001874                fileGetName
 .text.flashReadStatus
                0x080018d0       0x24 C:\Users\MightyDubster\Documents\Projects\pygmyos.code\bootv2\pygmy_file.o
                0x080018d0                flashReadStatus
 .text.flashReadID
                0x080018f4       0x30 C:\Users\MightyDubster\Documents\Projects\pygmyos.code\bootv2\pygmy_file.o
                0x080018f4                flashReadID
 .text.flashWaitForBusy
                0x08001924        0xe C:\Users\MightyDubster\Documents\Projects\pygmyos.code\bootv2\pygmy_file.o
                0x08001924                flashWaitForBusy
 *fill*         0x08001932        0x2 00
 .text.flashChipErase
                0x08001934       0x20 C:\Users\MightyDubster\Documents\Projects\pygmyos.code\bootv2\pygmy_file.o
                0x08001934                flashChipErase
 .text.flashSectorErase
                0x08001954       0x30 C:\Users\MightyDubster\Documents\Projects\pygmyos.code\bootv2\pygmy_file.o
                0x08001954                flashSectorErase
 .text.flashWriteWord
                0x08001984       0x20 C:\Users\MightyDubster\Documents\Projects\pygmyos.code\bootv2\pygmy_file.o
                0x08001984                flashWriteWord
 .text.flashWriteLong
                0x080019a4       0x20 C:\Users\MightyDubster\Documents\Projects\pygmyos.code\bootv2\pygmy_file.o
                0x080019a4                flashWriteLong
 .text.fileWriteLength
                0x080019c4       0x54 C:\Users\MightyDubster\Documents\Projects\pygmyos.code\bootv2\pygmy_file.o
                0x080019c4                fileWriteLength
 .text.flashWriteBuffer
                0x08001a18       0x18 C:\Users\MightyDubster\Documents\Projects\pygmyos.code\bootv2\pygmy_file.o
                0x08001a18                flashWriteBuffer
 .text.flashWriteByte
                0x08001a30       0x28 C:\Users\MightyDubster\Documents\Projects\pygmyos.code\bootv2\pygmy_file.o
                0x08001a30                flashWriteByte
 .text.fileDeleteFATEntry
                0x08001a58       0x98 C:\Users\MightyDubster\Documents\Projects\pygmyos.code\bootv2\pygmy_file.o
                0x08001a58                fileDeleteFATEntry
 .text.fileGetActiveFAT
                0x08001af0       0x4c C:\Users\MightyDubster\Documents\Projects\pygmyos.code\bootv2\pygmy_file.o
                0x08001af0                fileGetActiveFAT
 .text.fileGetFreeFATEntry
                0x08001b3c       0xbc C:\Users\MightyDubster\Documents\Projects\pygmyos.code\bootv2\pygmy_file.o
                0x08001b3c                fileGetFreeFATEntry
 .text.fileAllocateFAT
                0x08001bf8       0x64 C:\Users\MightyDubster\Documents\Projects\pygmyos.code\bootv2\pygmy_file.o
                0x08001bf8                fileAllocateFAT
 .text.filePutChar
                0x08001c5c       0x98 C:\Users\MightyDubster\Documents\Projects\pygmyos.code\bootv2\pygmy_file.o
                0x08001c5c                filePutChar
 .text.filePutBuffer
                0x08001cf4       0x22 C:\Users\MightyDubster\Documents\Projects\pygmyos.code\bootv2\pygmy_file.o
                0x08001cf4                filePutBuffer
 *fill*         0x08001d16        0x2 00
 .text.fileClose
                0x08001d18       0xa0 C:\Users\MightyDubster\Documents\Projects\pygmyos.code\bootv2\pygmy_file.o
                0x08001d18                fileClose
 .text.fileGetFreeFileEntry
                0x08001db8       0xf4 C:\Users\MightyDubster\Documents\Projects\pygmyos.code\bootv2\pygmy_file.o
                0x08001db8                fileGetFreeFileEntry
 .text.fileRename
                0x08001eac       0x88 C:\Users\MightyDubster\Documents\Projects\pygmyos.code\bootv2\pygmy_file.o
                0x08001eac                fileRename
 .text.flashWriteEnable
                0x08001f34       0x44 C:\Users\MightyDubster\Documents\Projects\pygmyos.code\bootv2\pygmy_file.o
                0x08001f34                flashWriteEnable
 .text.fileFormat
                0x08001f78       0xf4 C:\Users\MightyDubster\Documents\Projects\pygmyos.code\bootv2\pygmy_file.o
                0x08001f78                fileFormat
 .text.fileMountRoot
                0x0800206c       0xb4 C:\Users\MightyDubster\Documents\Projects\pygmyos.code\bootv2\pygmy_file.o
                0x0800206c                fileMountRoot
 .text.fileDelete
                0x08002120       0x3c C:\Users\MightyDubster\Documents\Projects\pygmyos.code\bootv2\pygmy_file.o
                0x08002120                fileDelete
 .text.fileOpen
                0x0800215c      0x104 C:\Users\MightyDubster\Documents\Projects\pygmyos.code\bootv2\pygmy_file.o
                0x0800215c                fileOpen
 .text.fpecUnlock
                0x08002260       0x20 C:\Users\MightyDubster\Documents\Projects\pygmyos.code\bootv2\pygmy_fpec.o
                0x08002260                fpecUnlock
 .text.fpecWriteWord
                0x08002280       0x6c C:\Users\MightyDubster\Documents\Projects\pygmyos.code\bootv2\pygmy_fpec.o
                0x08002280                fpecWriteWord
 .text.fpecWriteLong
                0x080022ec       0x1c C:\Users\MightyDubster\Documents\Projects\pygmyos.code\bootv2\pygmy_fpec.o
                0x080022ec                fpecWriteLong
 .text.fpecProcessIHEX
                0x08002308       0xac C:\Users\MightyDubster\Documents\Projects\pygmyos.code\bootv2\pygmy_fpec.o
                0x08002308                fpecProcessIHEX
 .text.fpecWriteDescriptor
                0x080023b4       0x20 C:\Users\MightyDubster\Documents\Projects\pygmyos.code\bootv2\pygmy_fpec.o
                0x080023b4                fpecWriteDescriptor
 .text.fpecErasePage
                0x080023d4       0xb8 C:\Users\MightyDubster\Documents\Projects\pygmyos.code\bootv2\pygmy_fpec.o
                0x080023d4                fpecErasePage
 .text.fpecEraseProgramMemory
                0x0800248c       0x58 C:\Users\MightyDubster\Documents\Projects\pygmyos.code\bootv2\pygmy_fpec.o
                0x0800248c                fpecEraseProgramMemory
 .text.rfFlushTX
                0x080024e4        0xc C:\Users\MightyDubster\Documents\Projects\pygmyos.code\bootv2\pygmy_rf.o
                0x080024e4                rfFlushTX
 .text.rfFlushRX
                0x080024f0        0xc C:\Users\MightyDubster\Documents\Projects\pygmyos.code\bootv2\pygmy_rf.o
                0x080024f0                rfFlushRX
 .text.rfGetStatus
                0x080024fc       0x1c C:\Users\MightyDubster\Documents\Projects\pygmyos.code\bootv2\pygmy_rf.o
                0x080024fc                rfGetStatus
 .text.rfGetRXPayloadLen
                0x08002518        0xc C:\Users\MightyDubster\Documents\Projects\pygmyos.code\bootv2\pygmy_rf.o
                0x08002518                rfGetRXPayloadLen
 .text.rfClearStatus
                0x08002524       0x10 C:\Users\MightyDubster\Documents\Projects\pygmyos.code\bootv2\pygmy_rf.o
                0x08002524                rfClearStatus
 .text.rfSetRX  0x08002534       0x34 C:\Users\MightyDubster\Documents\Projects\pygmyos.code\bootv2\pygmy_rf.o
                0x08002534                rfSetRX
 .text.rfSetTX  0x08002568       0x34 C:\Users\MightyDubster\Documents\Projects\pygmyos.code\bootv2\pygmy_rf.o
                0x08002568                rfSetTX
 .text.rfPutTXBuffer
                0x0800259c       0x44 C:\Users\MightyDubster\Documents\Projects\pygmyos.code\bootv2\pygmy_rf.o
                0x0800259c                rfPutTXBuffer
 .text.rfRX     0x080025e0       0x50 C:\Users\MightyDubster\Documents\Projects\pygmyos.code\bootv2\pygmy_rf.o
                0x080025e0                rfRX
 .text.rfWriteAddress
                0x08002630       0x14 C:\Users\MightyDubster\Documents\Projects\pygmyos.code\bootv2\pygmy_rf.o
                0x08002630                rfWriteAddress
 .text.rfInit   0x08002644       0xa0 C:\Users\MightyDubster\Documents\Projects\pygmyos.code\bootv2\pygmy_rf.o
                0x08002644                rfInit
 .text.TaskException_Handler
                0x080026e4        0x2 C:\Users\MightyDubster\Documents\Projects\pygmyos.code\bootv2\pygmy_sys.o
                0x080026e4                TaskException_Handler
 .text.sysAllocate
                0x080026e6        0x4 C:\Users\MightyDubster\Documents\Projects\pygmyos.code\bootv2\pygmy_sys.o
                0x080026e6                sysAllocate
 .text.sysReallocate
                0x080026ea        0x4 C:\Users\MightyDubster\Documents\Projects\pygmyos.code\bootv2\pygmy_sys.o
                0x080026ea                sysReallocate
 .text.sysFree  0x080026ee        0x4 C:\Users\MightyDubster\Documents\Projects\pygmyos.code\bootv2\pygmy_sys.o
                0x080026ee                sysFree
 .text.sysCRC16
                0x080026f2       0x1e C:\Users\MightyDubster\Documents\Projects\pygmyos.code\bootv2\pygmy_sys.o
                0x080026f2                sysCRC16
 .text.pdiaEncode
                0x08002710       0x78 C:\Users\MightyDubster\Documents\Projects\pygmyos.code\bootv2\pygmy_sys.o
                0x08002710                pdiaEncode
 .text.taskInit
                0x08002788       0x44 C:\Users\MightyDubster\Documents\Projects\pygmyos.code\bootv2\pygmy_sys.o
                0x08002788                taskInit
 .text.taskNew  0x080027cc       0x9c C:\Users\MightyDubster\Documents\Projects\pygmyos.code\bootv2\pygmy_sys.o
                0x080027cc                taskNew
 .text.taskNewSimple
                0x08002868       0x12 C:\Users\MightyDubster\Documents\Projects\pygmyos.code\bootv2\pygmy_sys.o
                0x08002868                taskNewSimple
 *fill*         0x0800287a        0x2 00
 .text.taskDelete
                0x0800287c       0x54 C:\Users\MightyDubster\Documents\Projects\pygmyos.code\bootv2\pygmy_sys.o
                0x0800287c                taskDelete
 .text.taskProcess
                0x080028d0       0x64 C:\Users\MightyDubster\Documents\Projects\pygmyos.code\bootv2\pygmy_sys.o
                0x080028d0                taskProcess
 .text.sysGetID
                0x08002934        0x8 C:\Users\MightyDubster\Documents\Projects\pygmyos.code\bootv2\pygmy_sys.o
                0x08002934                sysGetID
 .text.sysGetTimer
                0x0800293c       0x18 C:\Users\MightyDubster\Documents\Projects\pygmyos.code\bootv2\pygmy_sys.o
                0x0800293c                sysGetTimer
 .text.delay    0x08002954       0xc0 C:\Users\MightyDubster\Documents\Projects\pygmyos.code\bootv2\pygmy_sys.o
                0x08002954                delay
 .text.SysTick_Handler
                0x08002a14       0x28 C:\Users\MightyDubster\Documents\Projects\pygmyos.code\bootv2\pygmy_sys.o
                0x08002a14                SysTick_Handler
 .text.xmodemRecv
                0x08002a3c       0x24 C:\Users\MightyDubster\Documents\Projects\pygmyos.code\bootv2\pygmy_xmodem.o
                0x08002a3c                xmodemRecv
 .text.xmodemSend
                0x08002a60       0x20 C:\Users\MightyDubster\Documents\Projects\pygmyos.code\bootv2\pygmy_xmodem.o
                0x08002a60                xmodemSend
 .text.xmodemWritePacket
                0x08002a80       0x2e C:\Users\MightyDubster\Documents\Projects\pygmyos.code\bootv2\pygmy_xmodem.o
                0x08002a80                xmodemWritePacket
 .text.xmodemSendPacket
                0x08002aae       0x4c C:\Users\MightyDubster\Documents\Projects\pygmyos.code\bootv2\pygmy_xmodem.o
                0x08002aae                xmodemSendPacket
 .text.xmodemProcessTimer
                0x08002afa       0x5a C:\Users\MightyDubster\Documents\Projects\pygmyos.code\bootv2\pygmy_xmodem.o
                0x08002afa                xmodemProcessTimer
 .text.xmodemProcess
                0x08002b54      0x10c C:\Users\MightyDubster\Documents\Projects\pygmyos.code\bootv2\pygmy_xmodem.o
                0x08002b54                xmodemProcess
 .text.timeGet  0x08002c60       0x14 C:\Users\MightyDubster\Documents\Projects\pygmyos.code\bootv2\pygmy_rtc.o
                0x08002c60                timeGet
 .text.spiWriteByte
                0x08002c74       0x26 C:\Users\MightyDubster\Documents\Projects\pygmyos.code\bootv2\pygmy_com.o
                0x08002c74                spiWriteByte
 .text.spiWriteAddress
                0x08002c9a       0x3e C:\Users\MightyDubster\Documents\Projects\pygmyos.code\bootv2\pygmy_com.o
                0x08002c9a                spiWriteAddress
 .text.spiPutBuffer
                0x08002cd8       0x2c C:\Users\MightyDubster\Documents\Projects\pygmyos.code\bootv2\pygmy_com.o
                0x08002cd8                spiPutBuffer
 .text.spiPutLong
                0x08002d04       0x3c C:\Users\MightyDubster\Documents\Projects\pygmyos.code\bootv2\pygmy_com.o
                0x08002d04                spiPutLong
 .text.spiPutWord
                0x08002d40       0x28 C:\Users\MightyDubster\Documents\Projects\pygmyos.code\bootv2\pygmy_com.o
                0x08002d40                spiPutWord
 .text.spiPutChar
                0x08002d68       0x20 C:\Users\MightyDubster\Documents\Projects\pygmyos.code\bootv2\pygmy_com.o
                0x08002d68                spiPutChar
 .text.spiPutCommand
                0x08002d88       0x16 C:\Users\MightyDubster\Documents\Projects\pygmyos.code\bootv2\pygmy_com.o
                0x08002d88                spiPutCommand
 *fill*         0x08002d9e        0x2 00
 .text.spiReadByte
                0x08002da0       0x30 C:\Users\MightyDubster\Documents\Projects\pygmyos.code\bootv2\pygmy_com.o
                0x08002da0                spiReadByte
 .text.spiGetBuffer
                0x08002dd0       0x2c C:\Users\MightyDubster\Documents\Projects\pygmyos.code\bootv2\pygmy_com.o
                0x08002dd0                spiGetBuffer
 .text.spiGetLong
                0x08002dfc       0x40 C:\Users\MightyDubster\Documents\Projects\pygmyos.code\bootv2\pygmy_com.o
                0x08002dfc                spiGetLong
 .text.spiGetWord
                0x08002e3c       0x2c C:\Users\MightyDubster\Documents\Projects\pygmyos.code\bootv2\pygmy_com.o
                0x08002e3c                spiGetWord
 .text.spiGetChar
                0x08002e68       0x1c C:\Users\MightyDubster\Documents\Projects\pygmyos.code\bootv2\pygmy_com.o
                0x08002e68                spiGetChar
 .text.spiConfig
                0x08002e84       0xac C:\Users\MightyDubster\Documents\Projects\pygmyos.code\bootv2\pygmy_com.o
                0x08002e84                spiConfig
 .text.I2C1_ER_IRQHandler
                0x08002f30        0x2 C:\Users\MightyDubster\Documents\Projects\pygmyos.code\bootv2\pygmy_com.o
                0x08002f30                I2C1_ER_IRQHandler
 .text.I2C2_EV_IRQHandler
                0x08002f32        0x2 C:\Users\MightyDubster\Documents\Projects\pygmyos.code\bootv2\pygmy_com.o
                0x08002f32                I2C2_EV_IRQHandler
 .text.I2C2_ER_IRQHandler
                0x08002f34        0x2 C:\Users\MightyDubster\Documents\Projects\pygmyos.code\bootv2\pygmy_com.o
                0x08002f34                I2C2_ER_IRQHandler
 *fill*         0x08002f36        0x2 00
 .text.pinInterrupt
                0x08002f38       0xe8 C:\Users\MightyDubster\Documents\Projects\pygmyos.code\bootv2\pygmy_port.o
                0x08002f38                pinInterrupt
 .text.pinEnablePortClock
                0x08003020       0x5c C:\Users\MightyDubster\Documents\Projects\pygmyos.code\bootv2\pygmy_port.o
                0x08003020                pinEnablePortClock
 .text.pinGetPort
                0x0800307c       0x40 C:\Users\MightyDubster\Documents\Projects\pygmyos.code\bootv2\pygmy_port.o
                0x0800307c                pinGetPort
 .text.pinSet   0x080030bc       0x6c C:\Users\MightyDubster\Documents\Projects\pygmyos.code\bootv2\pygmy_port.o
                0x080030bc                pinSet
 .text.pinConfig
                0x08003128       0x64 C:\Users\MightyDubster\Documents\Projects\pygmyos.code\bootv2\pygmy_port.o
                0x08003128                pinConfig
 .text.pinProcessSoftPWM
                0x0800318c       0x4c C:\Users\MightyDubster\Documents\Projects\pygmyos.code\bootv2\pygmy_port.o
                0x0800318c                pinProcessSoftPWM
 .text.TIM1_UP_IRQHandler
                0x080031d8       0x10 C:\Users\MightyDubster\Documents\Projects\pygmyos.code\bootv2\pygmy_port.o
                0x080031d8                TIM1_UP_IRQHandler
 .text.EXTI0_IRQHandler
                0x080031e8       0x34 C:\Users\MightyDubster\Documents\Projects\pygmyos.code\bootv2\pygmy_port.o
                0x080031e8                EXTI0_IRQHandler
 .text.EXTI1_IRQHandler
                0x0800321c       0x34 C:\Users\MightyDubster\Documents\Projects\pygmyos.code\bootv2\pygmy_port.o
                0x0800321c                EXTI1_IRQHandler
 .text.EXTI2_IRQHandler
                0x08003250       0x34 C:\Users\MightyDubster\Documents\Projects\pygmyos.code\bootv2\pygmy_port.o
                0x08003250                EXTI2_IRQHandler
 .text.EXTI3_IRQHandler
                0x08003284       0x34 C:\Users\MightyDubster\Documents\Projects\pygmyos.code\bootv2\pygmy_port.o
                0x08003284                EXTI3_IRQHandler
 .text.EXTI4_IRQHandler
                0x080032b8       0x34 C:\Users\MightyDubster\Documents\Projects\pygmyos.code\bootv2\pygmy_port.o
                0x080032b8                EXTI4_IRQHandler
 .text.EXTI9_5_IRQHandler
                0x080032ec       0xe4 C:\Users\MightyDubster\Documents\Projects\pygmyos.code\bootv2\pygmy_port.o
                0x080032ec                EXTI9_5_IRQHandler
 .text.EXTI15_10_IRQHandler
                0x080033d0      0x110 C:\Users\MightyDubster\Documents\Projects\pygmyos.code\bootv2\pygmy_port.o
                0x080033d0                EXTI15_10_IRQHandler
 .text.convertU16ToBuffer
                0x080034e0       0x12 C:\Users\MightyDubster\Documents\Projects\pygmyos.code\bootv2\pygmy_string.o
                0x080034e0                convertU16ToBuffer
 .text.convertU32ToBuffer
                0x080034f2       0x26 C:\Users\MightyDubster\Documents\Projects\pygmyos.code\bootv2\pygmy_string.o
                0x080034f2                convertU32ToBuffer
 .text.convertBufferToU16
                0x08003518        0xa C:\Users\MightyDubster\Documents\Projects\pygmyos.code\bootv2\pygmy_string.o
                0x08003518                convertBufferToU16
 .text.convertBufferToU32
                0x08003522       0x18 C:\Users\MightyDubster\Documents\Projects\pygmyos.code\bootv2\pygmy_string.o
                0x08003522                convertBufferToU32
 .text.isCharInString
                0x0800353a       0x16 C:\Users\MightyDubster\Documents\Projects\pygmyos.code\bootv2\pygmy_string.o
                0x0800353a                isCharInString
 .text.isAlpha  0x08003550       0x1c C:\Users\MightyDubster\Documents\Projects\pygmyos.code\bootv2\pygmy_string.o
                0x08003550                isAlpha
 .text.isNewline
                0x0800356c       0x1c C:\Users\MightyDubster\Documents\Projects\pygmyos.code\bootv2\pygmy_string.o
                0x0800356c                isNewline
 .text.isWhitespace
                0x08003588        0xe C:\Users\MightyDubster\Documents\Projects\pygmyos.code\bootv2\pygmy_string.o
                0x08003588                isWhitespace
 .text.isQuote  0x08003596       0x14 C:\Users\MightyDubster\Documents\Projects\pygmyos.code\bootv2\pygmy_string.o
                0x08003596                isQuote
 *fill*         0x080035aa        0x2 00
 .text.isSeparator
                0x080035ac       0x14 C:\Users\MightyDubster\Documents\Projects\pygmyos.code\bootv2\pygmy_string.o
                0x080035ac                isSeparator
 .text.isPunctuation
                0x080035c0       0x14 C:\Users\MightyDubster\Documents\Projects\pygmyos.code\bootv2\pygmy_string.o
                0x080035c0                isPunctuation
 .text.len      0x080035d4       0x20 C:\Users\MightyDubster\Documents\Projects\pygmyos.code\bootv2\pygmy_string.o
                0x080035d4                len
 .text.isStringSame
                0x080035f4       0x34 C:\Users\MightyDubster\Documents\Projects\pygmyos.code\bootv2\pygmy_string.o
                0x080035f4                isStringSame
 .text.getNextSubString
                0x08003628       0xf0 C:\Users\MightyDubster\Documents\Projects\pygmyos.code\bootv2\pygmy_string.o
                0x08003628                getNextSubString
 .text.copyString
                0x08003718       0x12 C:\Users\MightyDubster\Documents\Projects\pygmyos.code\bootv2\pygmy_string.o
                0x08003718                copyString
 *fill*         0x0800372a        0x2 00
 .text.convertHexCharToInteger
                0x0800372c       0x20 C:\Users\MightyDubster\Documents\Projects\pygmyos.code\bootv2\pygmy_string.o
                0x0800372c                convertHexCharToInteger
 .text.convertHexEncodedStringToBuffer
                0x0800374c       0x2c C:\Users\MightyDubster\Documents\Projects\pygmyos.code\bootv2\pygmy_string.o
                0x0800374c                convertHexEncodedStringToBuffer
 .text.interruptEnable
                0x08003778       0x2c C:\Users\MightyDubster\Documents\Projects\pygmyos.code\bootv2\pygmy_nvic.o
                0x08003778                interruptEnable
 .text.interruptSetPriority
                0x080037a4       0xbc C:\Users\MightyDubster\Documents\Projects\pygmyos.code\bootv2\pygmy_nvic.o
                0x080037a4                interruptSetPriority
 .text.socketInit
                0x08003860       0x64 C:\Users\MightyDubster\Documents\Projects\pygmyos.code\bootv2\pygmy_socket.o
                0x08003860                socketInit
 .text.socketResend
                0x080038c4       0x20 C:\Users\MightyDubster\Documents\Projects\pygmyos.code\bootv2\pygmy_socket.o
                0x080038c4                socketResend
 .text.socketGet
                0x080038e4       0x48 C:\Users\MightyDubster\Documents\Projects\pygmyos.code\bootv2\pygmy_socket.o
                0x080038e4                socketGet
 .text.socketOpenFromPacket
                0x0800392c       0xc8 C:\Users\MightyDubster\Documents\Projects\pygmyos.code\bootv2\pygmy_socket.o
                0x0800392c                socketOpenFromPacket
 .text.socketCopy
                0x080039f4       0x94 C:\Users\MightyDubster\Documents\Projects\pygmyos.code\bootv2\pygmy_socket.o
                0x080039f4                socketCopy
 .text.socketClose
                0x08003a88       0x80 C:\Users\MightyDubster\Documents\Projects\pygmyos.code\bootv2\pygmy_socket.o
                0x08003a88                socketClose
 .text.threadSocketMonitor
                0x08003b08       0x78 C:\Users\MightyDubster\Documents\Projects\pygmyos.code\bootv2\pygmy_socket.o
                0x08003b08                threadSocketMonitor
 .text.socketSaveData
                0x08003b80       0x20 C:\Users\MightyDubster\Documents\Projects\pygmyos.code\bootv2\pygmy_socket.o
                0x08003b80                socketSaveData
 .text.socketSendClose
                0x08003ba0       0x64 C:\Users\MightyDubster\Documents\Projects\pygmyos.code\bootv2\pygmy_socket.o
                0x08003ba0                socketSendClose
 .text.socketSendData
                0x08003c04       0x9c C:\Users\MightyDubster\Documents\Projects\pygmyos.code\bootv2\pygmy_socket.o
                0x08003c04                socketSendData
 .text.socketSendAck
                0x08003ca0       0x58 C:\Users\MightyDubster\Documents\Projects\pygmyos.code\bootv2\pygmy_socket.o
                0x08003ca0                socketSendAck
 .text.socketHandler
                0x08003cf8      0x19c C:\Users\MightyDubster\Documents\Projects\pygmyos.code\bootv2\pygmy_socket.o
                0x08003cf8                socketHandler
 .text._sbrk    0x08003e94       0x30 C:\Program Files (x86)\Raisonance\Ride\Lib\ARM\std_sbrk_thumb.lib(sbrk.o)
                0x08003e94                _sbrk
 *(.rodata)
 .rodata        0x08003ec4       0x84 C:\Users\MightyDubster\Documents\Projects\pygmyos.code\bootv2\main.o
                0x08003ec4                BOOT_filename
                0x08003ecd                BOOT_OK
                0x08003ed2                STRID_L15X
                0x08003ed7                STRID_F100
                0x08003edc                STRID_F103
                0x08003ee1                BOOT_ERROR
                0x08003eec                BOOTCOMMANDS
                0x08003f44                BOOT_PROMPT
 .rodata        0x08003f48        0x5 C:\Users\MightyDubster\Documents\Projects\pygmyos.code\bootv2\pygmy_rf.o
                0x08003f48                ucAddrP0
 *fill*         0x08003f4d        0x3 00
 .rodata        0x08003f50      0x168 C:\Users\MightyDubster\Documents\Projects\pygmyos.code\bootv2\pygmy_sys.o
                0x08003fa4                PYGSYS_INVBITS
                0x08003fac                PYGMY_DAYSINMONTH
                0x08003fb8                PYGMY_BITMASKS
                0x08004038                PYGMY_INVBITMASKS
 .rodata        0x080040b8      0x134 C:\Users\MightyDubster\Documents\Projects\pygmyos.code\bootv2\pygmy_string.o
                0x080040b8                PYGMYNEBULAPINS
                0x08004198                PYGMYHEXCHARS
                0x080041a8                PYGMYBASE64CHARS
 *(.rodata*)
 .rodata.str1.1
                0x080041ec       0x7e C:\Users\MightyDubster\Documents\Projects\pygmyos.code\bootv2\main.o
                                 0x83 (size before relaxing)
 .rodata.str1.1
                0x00000000        0x1 C:\Users\MightyDubster\Documents\Projects\pygmyos.code\bootv2\pygmy_file.o
 .rodata.str1.1
                0x0800426a        0x3 C:\Users\MightyDubster\Documents\Projects\pygmyos.code\bootv2\pygmy_sys.o
                                  0x4 (size before relaxing)
 .rodata.str1.1
                0x0800426d       0xa8 C:\Users\MightyDubster\Documents\Projects\pygmyos.code\bootv2\pygmy_string.o
                                 0xb8 (size before relaxing)
 .rodata.str1.1
                0x08004315        0x8 C:\Users\MightyDubster\Documents\Projects\pygmyos.code\bootv2\pygmy_socket.o
 *fill*         0x0800431d        0x3 00
 .rodata.str1.4
                0x08004320        0x4 c:/program files (x86)/raisonance/ride/arm-gcc/bin/../lib/gcc/arm-none-eabi/4.5.1/../../../../arm-none-eabi/lib/thumb2\libc.a(lib_a-impure.o)
 *(.glue_7)
 .glue_7        0x00000000        0x0 linker stubs
 *(.glue_7t)
 .glue_7t       0x00000000        0x0 linker stubs
                0x08004324                . = ALIGN (0x4)
                0x08004324                _etext = .
                0x08004324                _sidata = _etext

.vfp11_veneer   0x08004324        0x0
 .vfp11_veneer  0x00000000        0x0 linker stubs

.v4_bx          0x08004324        0x0
 .v4_bx         0x00000000        0x0 linker stubs

.flashpatch     0x00000000        0x0
                0x00000000                . = ALIGN (0x4)
 *(.flashpatch)
                0x00000000                . = ALIGN (0x4)

.endflash       0x00000000        0x0
                0x00000000                . = ALIGN (0x4)
 *(.endflash)
                0x00000000                . = ALIGN (0x4)
                0x00000000                _e_endflash = .

.data           0x20000000      0x504 load address 0x08004324
                0x20000000                . = ALIGN (0x4)
                0x20000000                _sdata = .
                0x20000000                _data = .
 *(.data)
 .data          0x20000000      0x410 c:/program files (x86)/raisonance/ride/arm-gcc/bin/../lib/gcc/arm-none-eabi/4.5.1/../../../../arm-none-eabi/lib/thumb2\libc.a(lib_a-mallocr.o)
                0x20000000                __malloc_av_
                0x20000408                __malloc_sbrk_base
                0x2000040c                __malloc_trim_threshold
 .data          0x20000410       0xf4 c:/program files (x86)/raisonance/ride/arm-gcc/bin/../lib/gcc/arm-none-eabi/4.5.1/../../../../arm-none-eabi/lib/thumb2\libc.a(lib_a-impure.o)
                0x20000410                _impure_ptr
 *(.data.*)
 *(.RAMtext)
                0x20000504                . = ALIGN (0x4)
                0x20000504                _edata = .
                0x08004828                _eidata = ((_sidata + _edata) - _sdata)
                0x08005000                _lastdataromaddress = 0x8005000
                0x00000000                toobig = (_eidata > _lastdataromaddress)?!!!!!!!!! FLASH IS FULL !!!!!!!!!:0x0

.bss            0x20000504      0x7dc load address 0x08004828
                0x20000504                . = ALIGN (0x4)
                0x20000504                _sbss = .
                0x20000504                _bss = .
 *(.bss)
 .bss           0x20000504      0x103 C:\Users\MightyDubster\Documents\Projects\pygmyos.code\bootv2\main.o
                0x20000504                globalStatus
                0x20000505                globalBootStatus
 *fill*         0x20000607        0x1 00
 .bss           0x20000608       0x8c C:\Users\MightyDubster\Documents\Projects\pygmyos.code\bootv2\pygmy_file.o
 .bss           0x20000694        0xc C:\Users\MightyDubster\Documents\Projects\pygmyos.code\bootv2\pygmy_fpec.o
 .bss           0x200006a0       0x28 C:\Users\MightyDubster\Documents\Projects\pygmyos.code\bootv2\pygmy_sys.o
 .bss           0x200006c8        0x4 C:\Users\MightyDubster\Documents\Projects\pygmyos.code\bootv2\pygmy_string.o
 .bss           0x200006cc       0x34 c:/program files (x86)/raisonance/ride/arm-gcc/bin/../lib/gcc/arm-none-eabi/4.5.1/../../../../arm-none-eabi/lib/thumb2\libc.a(lib_a-mallocr.o)
                0x200006cc                __malloc_top_pad
                0x200006d0                __malloc_current_mallinfo
                0x200006f8                __malloc_max_sbrked_mem
                0x200006fc                __malloc_max_total_mem
 .bss           0x20000700        0x4 C:\Program Files (x86)\Raisonance\Ride\Lib\ARM\std_sbrk_thumb.lib(sbrk.o)
 *(COMMON)
 COMMON         0x20000704      0x114 C:\Users\MightyDubster\Documents\Projects\pygmyos.code\bootv2\main.o
                0x20000704                globalXMTimeout
                0x20000708                globalID
                0x2000070c                globalFileLen
                0x20000710                globalBootTimeout
                0x20000714                pygmyXModem
                0x200007d4                globalXTAL
                0x200007d8                pygmyFile
                0x20000800                globalFreq
                0x20000804                globalStrID
                0x20000808                globalTransaction
                0x2000080c                globalPLL
                0x20000810                globalBaseAddress
                0x20000814                globalXMCount
 COMMON         0x20000818       0x58 C:\Users\MightyDubster\Documents\Projects\pygmyos.code\bootv2\pygmy_file.o
                0x20000818                pygmyRootVolume
                0x20000854                pygmyFlashSPI
 COMMON         0x20000870       0x24 C:\Users\MightyDubster\Documents\Projects\pygmyos.code\bootv2\pygmy_rf.o
                0x20000870                pygmyRFSPI
                0x2000088c                globalRFSubNetMask
                0x20000890                globalRFConfig
 COMMON         0x20000894      0x364 C:\Users\MightyDubster\Documents\Projects\pygmyos.code\bootv2\pygmy_sys.o
                0x20000894                pygmyGlobalMessages
                0x20000a24                pygmyGlobalData
                0x20000a44                pygmyGlobalTasks
                0x20000be8                pygmyGlobalQueues
 COMMON         0x20000bf8       0xd8 C:\Users\MightyDubster\Documents\Projects\pygmyos.code\bootv2\pygmy_port.o
                0x20000bf8                globalIRQPins
                0x20000c08                globalIRQPR
                0x20000c0c                globalIRQHandlers
                0x20000c4c                globalPygmyPWM
                0x20000ccc                globalPygmyPWMFreq
 COMMON         0x20000cd0        0xc C:\Users\MightyDubster\Documents\Projects\pygmyos.code\bootv2\pygmy_socket.o
                0x20000cd0                globalSockets
                0x20000cd4                globalSocketCount
                0x20000cd8                globalSocketID
 COMMON         0x20000cdc        0x4 c:/program files (x86)/raisonance/ride/arm-gcc/bin/../lib/gcc/arm-none-eabi/4.5.1/../../../../arm-none-eabi/lib/thumb2\libc.a(lib_a-reent.o)
                0x20000cdc                errno
                0x20000ce0                . = ALIGN (0x4)
                0x20000ce0                _ebss = .
                0x20000ce0                PROVIDE (end, _ebss)
                0x20000ce0                PROVIDE (_end, _ebss)

._usrstack      0x20000ce0      0x100 load address 0x08005004
                0x20000ce0                . = ALIGN (0x4)
                0x20000ce0                _susrstack = .
                0x20000de0                . = (. + _Minimum_Stack_Size)
 *fill*         0x20000ce0      0x100 00
                0x20000de0                . = ALIGN (0x4)
                0x20000de0                _eusrstack = .

.b1text
 *(.b1text)
 *(.b1rodata)
 *(.b1rodata*)

.eb0text
 *(.eb0text)
 *(.eb0rodata)
 *(.eb0rodata*)

.eb1text
 *(.eb1text)
 *(.eb1rodata)
 *(.eb1rodata*)

.eb2text
 *(.eb2text)
 *(.eb2rodata)
 *(.eb2rodata*)

.eb3text
 *(.eb3text)
 *(.eb3rodata)
 *(.eb3rodata*)
                0x20000de0                __exidx_start = .
                0x20000de0                __exidx_end = .

/DISCARD/
 libc.a(*)
 libm.a(*)
 libgcc.a(*)

.stab
 *(.stab)

.stabstr
 *(.stabstr)

.stab.excl
 *(.stab.excl)

.stab.exclstr
 *(.stab.exclstr)

.stab.index
 *(.stab.index)

.stab.indexstr
 *(.stab.indexstr)

.ARM.attributes
                0x00000000       0x2d
 .ARM.attributes
                0x00000000       0x21 C:\Program Files (x86)\Raisonance\Ride\lib\ARM\startup_stm32f10x_hd.o
 .ARM.attributes
                0x00000021       0x31 C:\Users\MightyDubster\Documents\Projects\pygmyos.code\bootv2\main.o
 .ARM.attributes
                0x00000052       0x31 C:\Users\MightyDubster\Documents\Projects\pygmyos.code\bootv2\pygmy_file.o
 .ARM.attributes
                0x00000083       0x31 C:\Users\MightyDubster\Documents\Projects\pygmyos.code\bootv2\pygmy_fpec.o
 .ARM.attributes
                0x000000b4       0x31 C:\Users\MightyDubster\Documents\Projects\pygmyos.code\bootv2\pygmy_rf.o
 .ARM.attributes
                0x000000e5       0x31 C:\Users\MightyDubster\Documents\Projects\pygmyos.code\bootv2\pygmy_sys.o
 .ARM.attributes
                0x00000116       0x31 C:\Users\MightyDubster\Documents\Projects\pygmyos.code\bootv2\pygmy_xmodem.o
 .ARM.attributes
                0x00000147       0x31 C:\Users\MightyDubster\Documents\Projects\pygmyos.code\bootv2\pygmy_rtc.o
 .ARM.attributes
                0x00000178       0x31 C:\Users\MightyDubster\Documents\Projects\pygmyos.code\bootv2\pygmy_com.o
 .ARM.attributes
                0x000001a9       0x31 C:\Users\MightyDubster\Documents\Projects\pygmyos.code\bootv2\pygmy_port.o
 .ARM.attributes
                0x000001da       0x31 C:\Users\MightyDubster\Documents\Projects\pygmyos.code\bootv2\pygmy_string.o
 .ARM.attributes
                0x0000020b       0x31 C:\Users\MightyDubster\Documents\Projects\pygmyos.code\bootv2\pygmy_nvic.o
 .ARM.attributes
                0x0000023c       0x31 C:\Users\MightyDubster\Documents\Projects\pygmyos.code\bootv2\pygmy_socket.o
 .ARM.attributes
                0x0000026d       0x2e C:\Program Files (x86)\Raisonance\Ride\Lib\ARM\std_sbrk_thumb.lib(sbrk.o)

.comment        0x00000000       0x54
 *(.comment)
 .comment       0x00000000       0x2a C:\Users\MightyDubster\Documents\Projects\pygmyos.code\bootv2\main.o
                                 0x2b (size before relaxing)
 .comment       0x00000000       0x2b C:\Users\MightyDubster\Documents\Projects\pygmyos.code\bootv2\pygmy_file.o
 .comment       0x00000000       0x2b C:\Users\MightyDubster\Documents\Projects\pygmyos.code\bootv2\pygmy_fpec.o
 .comment       0x00000000       0x2b C:\Users\MightyDubster\Documents\Projects\pygmyos.code\bootv2\pygmy_rf.o
 .comment       0x00000000       0x2b C:\Users\MightyDubster\Documents\Projects\pygmyos.code\bootv2\pygmy_sys.o
 .comment       0x00000000       0x2b C:\Users\MightyDubster\Documents\Projects\pygmyos.code\bootv2\pygmy_xmodem.o
 .comment       0x00000000       0x2b C:\Users\MightyDubster\Documents\Projects\pygmyos.code\bootv2\pygmy_rtc.o
 .comment       0x00000000       0x2b C:\Users\MightyDubster\Documents\Projects\pygmyos.code\bootv2\pygmy_com.o
 .comment       0x00000000       0x2b C:\Users\MightyDubster\Documents\Projects\pygmyos.code\bootv2\pygmy_port.o
 .comment       0x00000000       0x2b C:\Users\MightyDubster\Documents\Projects\pygmyos.code\bootv2\pygmy_string.o
 .comment       0x00000000       0x2b C:\Users\MightyDubster\Documents\Projects\pygmyos.code\bootv2\pygmy_nvic.o
 .comment       0x00000000       0x2b C:\Users\MightyDubster\Documents\Projects\pygmyos.code\bootv2\pygmy_socket.o
 .comment       0x0000002a       0x2a C:\Program Files (x86)\Raisonance\Ride\Lib\ARM\std_sbrk_thumb.lib(sbrk.o)

.debug
 *(.debug)

.line
 *(.line)

.debug_srcinfo
 *(.debug_srcinfo)

.debug_sfnames
 *(.debug_sfnames)

.debug_aranges
 *(.debug_aranges)

.debug_pubnames
 *(.debug_pubnames)

.debug_info
 *(.debug_info .gnu.linkonce.wi.*)

.debug_abbrev
 *(.debug_abbrev)

.debug_line
 *(.debug_line)

.debug_frame
 *(.debug_frame)

.debug_str
 *(.debug_str)

.debug_loc
 *(.debug_loc)

.debug_macinfo
 *(.debug_macinfo)

.debug_weaknames
 *(.debug_weaknames)

.debug_funcnames
 *(.debug_funcnames)

.debug_typenames
 *(.debug_typenames)

.debug_varnames
 *(.debug_varnames)
START GROUP
LOAD c:/program files (x86)/raisonance/ride/arm-gcc/bin/../lib/gcc/arm-none-eabi/4.5.1/thumb2\libgcc.a
LOAD c:/program files (x86)/raisonance/ride/arm-gcc/bin/../lib/gcc/arm-none-eabi/4.5.1/../../../../arm-none-eabi/lib/thumb2\libc.a
END GROUP
OUTPUT(C:\Users\MightyDubster\Documents\Projects\pygmyos.code\bootv2\Boot.elf elf32-littlearm)
