Archive member included because of file (symbol)

c:/program files (x86)/raisonance/ride/arm-gcc/bin/../lib/gcc/arm-none-eabi/4.5.1/../../../../arm-none-eabi/lib/thumb2\libc.a(lib_a-malloc.o)
                              C:\Users\MightyDubster\Documents\Projects\pygmyos.code\bootv2\pygmy_sys.o (malloc)
c:/program files (x86)/raisonance/ride/arm-gcc/bin/../lib/gcc/arm-none-eabi/4.5.1/../../../../arm-none-eabi/lib/thumb2\libc.a(lib_a-mallocr.o)
                              c:/program files (x86)/raisonance/ride/arm-gcc/bin/../lib/gcc/arm-none-eabi/4.5.1/../../../../arm-none-eabi/lib/thumb2\libc.a(lib_a-malloc.o) (_malloc_r)
c:/program files (x86)/raisonance/ride/arm-gcc/bin/../lib/gcc/arm-none-eabi/4.5.1/../../../../arm-none-eabi/lib/thumb2\libc.a(lib_a-mlock.o)
                              c:/program files (x86)/raisonance/ride/arm-gcc/bin/../lib/gcc/arm-none-eabi/4.5.1/../../../../arm-none-eabi/lib/thumb2\libc.a(lib_a-mallocr.o) (__malloc_lock)
c:/program files (x86)/raisonance/ride/arm-gcc/bin/../lib/gcc/arm-none-eabi/4.5.1/../../../../arm-none-eabi/lib/thumb2\libc.a(lib_a-realloc.o)
                              C:\Users\MightyDubster\Documents\Projects\pygmyos.code\bootv2\pygmy_sys.o (realloc)
c:/program files (x86)/raisonance/ride/arm-gcc/bin/../lib/gcc/arm-none-eabi/4.5.1/../../../../arm-none-eabi/lib/thumb2\libc.a(lib_a-reallocr.o)
                              c:/program files (x86)/raisonance/ride/arm-gcc/bin/../lib/gcc/arm-none-eabi/4.5.1/../../../../arm-none-eabi/lib/thumb2\libc.a(lib_a-realloc.o) (_realloc_r)
c:/program files (x86)/raisonance/ride/arm-gcc/bin/../lib/gcc/arm-none-eabi/4.5.1/../../../../arm-none-eabi/lib/thumb2\libc.a(lib_a-s_modf.o)
                              C:\Users\MightyDubster\Documents\Projects\pygmyos.code\bootv2\pygmy_string.o (modf)
c:/program files (x86)/raisonance/ride/arm-gcc/bin/../lib/gcc/arm-none-eabi/4.5.1/../../../../arm-none-eabi/lib/thumb2\libc.a(lib_a-sbrkr.o)
                              c:/program files (x86)/raisonance/ride/arm-gcc/bin/../lib/gcc/arm-none-eabi/4.5.1/../../../../arm-none-eabi/lib/thumb2\libc.a(lib_a-mallocr.o) (_sbrk_r)
c:/program files (x86)/raisonance/ride/arm-gcc/bin/../lib/gcc/arm-none-eabi/4.5.1/../../../../arm-none-eabi/lib/thumb2\libc.a(lib_a-freer.o)
                              c:/program files (x86)/raisonance/ride/arm-gcc/bin/../lib/gcc/arm-none-eabi/4.5.1/../../../../arm-none-eabi/lib/thumb2\libc.a(lib_a-malloc.o) (_free_r)
c:/program files (x86)/raisonance/ride/arm-gcc/bin/../lib/gcc/arm-none-eabi/4.5.1/../../../../arm-none-eabi/lib/thumb2\libc.a(lib_a-impure.o)
                              c:/program files (x86)/raisonance/ride/arm-gcc/bin/../lib/gcc/arm-none-eabi/4.5.1/../../../../arm-none-eabi/lib/thumb2\libc.a(lib_a-malloc.o) (_impure_ptr)
c:/program files (x86)/raisonance/ride/arm-gcc/bin/../lib/gcc/arm-none-eabi/4.5.1/../../../../arm-none-eabi/lib/thumb2\libc.a(lib_a-memmove.o)
                              c:/program files (x86)/raisonance/ride/arm-gcc/bin/../lib/gcc/arm-none-eabi/4.5.1/../../../../arm-none-eabi/lib/thumb2\libc.a(lib_a-reallocr.o) (memmove)
c:/program files (x86)/raisonance/ride/arm-gcc/bin/../lib/gcc/arm-none-eabi/4.5.1/../../../../arm-none-eabi/lib/thumb2\libc.a(lib_a-reent.o)
                              c:/program files (x86)/raisonance/ride/arm-gcc/bin/../lib/gcc/arm-none-eabi/4.5.1/../../../../arm-none-eabi/lib/thumb2\libc.a(lib_a-sbrkr.o) (errno)
C:\Program Files (x86)\Raisonance\Ride\Lib\ARM\std_sbrk_thumb.lib(sbrk.o)
                              c:/program files (x86)/raisonance/ride/arm-gcc/bin/../lib/gcc/arm-none-eabi/4.5.1/../../../../arm-none-eabi/lib/thumb2\libc.a(lib_a-sbrkr.o) (_sbrk)
c:/program files (x86)/raisonance/ride/arm-gcc/bin/../lib/gcc/arm-none-eabi/4.5.1/thumb2\libgcc.a(_arm_addsubdf3.o)
                              c:/program files (x86)/raisonance/ride/arm-gcc/bin/../lib/gcc/arm-none-eabi/4.5.1/../../../../arm-none-eabi/lib/thumb2\libc.a(lib_a-s_modf.o) (__aeabi_dsub)
c:/program files (x86)/raisonance/ride/arm-gcc/bin/../lib/gcc/arm-none-eabi/4.5.1/thumb2\libgcc.a(_arm_muldivdf3.o)
                              C:\Users\MightyDubster\Documents\Projects\pygmyos.code\bootv2\pygmy_string.o (__aeabi_dmul)
c:/program files (x86)/raisonance/ride/arm-gcc/bin/../lib/gcc/arm-none-eabi/4.5.1/thumb2\libgcc.a(_arm_cmpdf2.o)
                              C:\Users\MightyDubster\Documents\Projects\pygmyos.code\bootv2\pygmy_string.o (__aeabi_dcmplt)
c:/program files (x86)/raisonance/ride/arm-gcc/bin/../lib/gcc/arm-none-eabi/4.5.1/thumb2\libgcc.a(_arm_fixdfsi.o)
                              C:\Users\MightyDubster\Documents\Projects\pygmyos.code\bootv2\pygmy_string.o (__aeabi_d2iz)
c:/program files (x86)/raisonance/ride/arm-gcc/bin/../lib/gcc/arm-none-eabi/4.5.1/thumb2\libgcc.a(_arm_fixunsdfsi.o)
                              C:\Users\MightyDubster\Documents\Projects\pygmyos.code\bootv2\pygmy_string.o (__aeabi_d2uiz)
[...]
Memory Configuration

Name             Origin             Length             Attributes
RAM              0x20000000         0x00002000         xrw
FLASH            0x08000000         0x00008000         xr
HEAP             0x20004000         0x00014000         xrw
STARTFLASH       0x00000000         0x00000000         xr
CRPPATCH         0x00000000         0x00000000         r
FLASHPATCH       0x00000000         0x00000000         r
ENDFLASH         0x00000000         0x00000000         xr
FLASHB1          0x00000000         0x00000000         xr
EXTMEMB0         0x00000000         0x00000000         xr
EXTMEMB1         0x00000000         0x00000000         xr
EXTMEMB2         0x00000000         0x00000000         xr
EXTMEMB3         0x00000000         0x00000000         xr
*default*        0x00000000         0xffffffff

Linker script and memory map

LOAD C:\Program Files (x86)\Raisonance\Ride\lib\ARM\startup_stm32f10x_hd.o
LOAD C:\Users\MightyDubster\Documents\Projects\pygmyos.code\bootv2\main.o
LOAD C:\Users\MightyDubster\Documents\Projects\pygmyos.code\bootv2\pygmy_fpec.o
LOAD C:\Users\MightyDubster\Documents\Projects\pygmyos.code\bootv2\pygmy_rf.o
LOAD C:\Users\MightyDubster\Documents\Projects\pygmyos.code\bootv2\pygmy_sys.o
LOAD C:\Users\MightyDubster\Documents\Projects\pygmyos.code\bootv2\pygmy_xmodem.o
LOAD C:\Users\MightyDubster\Documents\Projects\pygmyos.code\bootv2\pygmy_rtc.o
LOAD C:\Users\MightyDubster\Documents\Projects\pygmyos.code\bootv2\pygmy_com.o
LOAD C:\Users\MightyDubster\Documents\Projects\pygmyos.code\bootv2\pygmy_port.o
LOAD C:\Users\MightyDubster\Documents\Projects\pygmyos.code\bootv2\pygmy_string.o
LOAD C:\Users\MightyDubster\Documents\Projects\pygmyos.code\bootv2\pygmy_nvic.o
LOAD C:\Users\MightyDubster\Documents\Projects\pygmyos.code\bootv2\pygmy_socket.o
LOAD C:\Users\MightyDubster\Documents\Projects\pygmyos.code\bootv2\sst25vf.o
LOAD C:\Users\MightyDubster\Documents\Projects\pygmyos.code\bootv2\pygmy_pfat.o
START GROUP
LOAD C:\Program Files (x86)\Raisonance\Ride\Lib\ARM\std_sbrk_thumb.lib
LOAD C:\Program Files (x86)\Raisonance\Ride\Lib\ARM\smallprintf_thumb.a
LOAD c:/program files (x86)/raisonance/ride/arm-gcc/bin/../lib/gcc/arm-none-eabi/4.5.1/../../../../arm-none-eabi/lib/thumb2\libc.a
LOAD c:/program files (x86)/raisonance/ride/arm-gcc/bin/../lib/gcc/arm-none-eabi/4.5.1/../../../../arm-none-eabi/lib/thumb2\libm.a
END GROUP
                0x00000400                __Stack_Size = 0x400
                0x00000400                PROVIDE (_Stack_Size, __Stack_Size)
                0x20013c00                __Stack_Init = (_estack - __Stack_Size)
                0x20013c00                PROVIDE (_Stack_Init, __Stack_Init)
                0x00000100                _Minimum_Stack_Size = 0x100
                0x00000000                PROVIDE (Undefined_Handler, 0x0)
                0x00000000                PROVIDE (SWI_Handler, 0x0)
                0x00000000                PROVIDE (IRQ_Handler, 0x0)
                0x00000000                PROVIDE (Prefetch_Handler, 0x0)
                0x00000000                PROVIDE (Abort_Handler, 0x0)
                0x00000000                PROVIDE (FIQ_Handler, 0x0)
                0x00000000                PROVIDE (NMIException, 0x0)
                0x00000000                PROVIDE (NMI_Handler, 0x0)
                0x00000000                PROVIDE (HardFaultException, 0x0)
                0x00000000                PROVIDE (HardFault_Handler, 0x0)
                0x00000000                PROVIDE (MemManageException, 0x0)
                0x00000000                PROVIDE (MemManage_Handler, 0x0)
                0x00000000                PROVIDE (BusFaultException, 0x0)
                0x00000000                PROVIDE (BusFault_Handler, 0x0)
                0x00000000                PROVIDE (UsageFaultException, 0x0)
                0x00000000                PROVIDE (UsageFault_Handler, 0x0)
                0x00000000                PROVIDE (SVCHandler, 0x0)
                0x00000000                PROVIDE (SVC_Handler, 0x0)
                0x00000000                PROVIDE (DebugMonitor, 0x0)
                0x00000000                PROVIDE (DebugMon_Handler, 0x0)
                0x00000000                PROVIDE (PendSVC, 0x0)
                0x00000000                PROVIDE (PendSV_Handler, 0x0)
                0x00000000                PROVIDE (SysTickHandler, 0x0)
                0x00000000                PROVIDE (SysTick_Handler, 0x0)
                0x00000000                PROVIDE (WWDG_IRQHandler, 0x0)
                0x00000000                PROVIDE (PVD_IRQHandler, 0x0)
                0x00000000                PROVIDE (TAMPER_IRQHandler, 0x0)
                0x00000000                PROVIDE (RTC_IRQHandler, 0x0)
                0x00000000                PROVIDE (FLASH_IRQHandler, 0x0)
                0x00000000                PROVIDE (RCC_IRQHandler, 0x0)
                0x00000000                PROVIDE (EXTI0_IRQHandler, 0x0)
                0x00000000                PROVIDE (EXTI1_IRQHandler, 0x0)
                0x00000000                PROVIDE (EXTI2_IRQHandler, 0x0)
                0x00000000                PROVIDE (EXTI3_IRQHandler, 0x0)
                0x00000000                PROVIDE (EXTI4_IRQHandler, 0x0)
                0x00000000                PROVIDE (DMAChannel1_IRQHandler, 0x0)
                0x00000000                PROVIDE (DMAChannel2_IRQHandler, 0x0)
                0x00000000                PROVIDE (DMAChannel3_IRQHandler, 0x0)
                0x00000000                PROVIDE (DMAChannel4_IRQHandler, 0x0)
                0x00000000                PROVIDE (DMAChannel5_IRQHandler, 0x0)
                0x00000000                PROVIDE (DMAChannel6_IRQHandler, 0x0)
                0x00000000                PROVIDE (DMAChannel7_IRQHandler, 0x0)
                0x00000000                PROVIDE (DMA1_Channel1_IRQHandler, 0x0)
                0x00000000                PROVIDE (DMA1_Channel2_IRQHandler, 0x0)
                0x00000000                PROVIDE (DMA1_Channel3_IRQHandler, 0x0)
                0x00000000                PROVIDE (DMA1_Channel4_IRQHandler, 0x0)
                0x00000000                PROVIDE (DMA1_Channel5_IRQHandler, 0x0)
                0x00000000                PROVIDE (DMA1_Channel6_IRQHandler, 0x0)
                0x00000000                PROVIDE (DMA1_Channel7_IRQHandler, 0x0)
                0x00000000                PROVIDE (ADC_IRQHandler, 0x0)
                0x00000000                PROVIDE (ADC1_2_IRQHandler, 0x0)
                0x00000000                PROVIDE (USB_HP_CAN_TX_IRQHandler, 0x0)
                0x00000000                PROVIDE (USB_HP_CAN1_TX_IRQHandler, 0x0)
                0x00000000                PROVIDE (USB_LP_CAN_RX0_IRQHandler, 0x0)
                0x00000000                PROVIDE (USB_LP_CAN1_RX0_IRQHandler, 0x0)
                0x00000000                PROVIDE (CAN_RX1_IRQHandler, 0x0)
                0x00000000                PROVIDE (CAN1_RX1_IRQHandler, 0x0)
                0x00000000                PROVIDE (CAN_SCE_IRQHandler, 0x0)
                0x00000000                PROVIDE (CAN1_SCE_IRQHandler, 0x0)
                0x00000000                PROVIDE (EXTI9_5_IRQHandler, 0x0)
                0x00000000                PROVIDE (TIM1_BRK_IRQHandler, 0x0)
                0x00000000                PROVIDE (TIM1_UP_IRQHandler, 0x0)
                0x00000000                PROVIDE (TIM1_TRG_COM_IRQHandler, 0x0)
                0x00000000                PROVIDE (TIM1_CC_IRQHandler, 0x0)
                0x00000000                PROVIDE (TIM2_IRQHandler, 0x0)
                0x00000000                PROVIDE (TIM3_IRQHandler, 0x0)
                0x00000000                PROVIDE (TIM4_IRQHandler, 0x0)
                0x00000000                PROVIDE (I2C1_EV_IRQHandler, 0x0)
                0x00000000                PROVIDE (I2C1_ER_IRQHandler, 0x0)
                0x00000000                PROVIDE (I2C2_EV_IRQHandler, 0x0)
                0x00000000                PROVIDE (I2C2_ER_IRQHandler, 0x0)
                0x00000000                PROVIDE (SPI1_IRQHandler, 0x0)
                0x00000000                PROVIDE (SPI2_IRQHandler, 0x0)
                0x00000000                PROVIDE (USART1_IRQHandler, 0x0)
                0x00000000                PROVIDE (USART2_IRQHandler, 0x0)
                0x00000000                PROVIDE (USART3_IRQHandler, 0x0)
                0x00000000                PROVIDE (EXTI15_10_IRQHandler, 0x0)
                0x00000000                PROVIDE (RTCAlarm_IRQHandler, 0x0)
                0x00000000                PROVIDE (USBWakeUp_IRQHandler, 0x0)
                0x00000000                PROVIDE (TIM8_BRK_IRQHandler, 0x0)
                0x00000000                PROVIDE (TIM8_UP_IRQHandler, 0x0)
                0x00000000                PROVIDE (TIM8_TRG_COM_IRQHandler, 0x0)
                0x00000000                PROVIDE (TIM8_CC_IRQHandler, 0x0)
                0x00000000                PROVIDE (ADC3_IRQHandler, 0x0)
                0x00000000                PROVIDE (FSMC_IRQHandler, 0x0)
                0x00000000                PROVIDE (SDIO_IRQHandler, 0x0)
                0x00000000                PROVIDE (TIM5_IRQHandler, 0x0)
                0x00000000                PROVIDE (SPI3_IRQHandler, 0x0)
                0x00000000                PROVIDE (UART4_IRQHandler, 0x0)
                0x00000000                PROVIDE (UART5_IRQHandler, 0x0)
                0x00000000                PROVIDE (TIM6_IRQHandler, 0x0)
                0x00000000                PROVIDE (TIM7_IRQHandler, 0x0)
                0x00000000                PROVIDE (DMA2_Channel1_IRQHandler, 0x0)
                0x00000000                PROVIDE (DMA2_Channel2_IRQHandler, 0x0)
                0x00000000                PROVIDE (DMA2_Channel3_IRQHandler, 0x0)
                0x00000000                PROVIDE (DMA2_Channel4_5_IRQHandler, 0x0)
                0x42000000                PERIPH_BB_BASE = 0x42000000
                0x22000000                SRAM_BB_BASE = 0x22000000
                0x20000000                SRAM_BASE = 0x20000000
                0x40000000                PERIPH_BASE = 0x40000000
                0x40022000                PROVIDE (FLASH_BASE, 0x40022000)
                0x1ffff800                PROVIDE (OB_BASE, 0x1ffff800)
                0x40000000                APB1PERIPH_BASE = PERIPH_BASE
                0x40010000                APB2PERIPH_BASE = (PERIPH_BASE + 0x10000)
                0x40020000                AHBPERIPH_BASE = (PERIPH_BASE + 0x20000)
                0x40000000                PROVIDE (TIM2, (APB1PERIPH_BASE + 0x0))
                0x40000400                PROVIDE (TIM3, (APB1PERIPH_BASE + 0x400))
                0x40000800                PROVIDE (TIM4, (APB1PERIPH_BASE + 0x800))
                0x40002800                PROVIDE (RTC, (APB1PERIPH_BASE + 0x2800))
                0x40002c00                PROVIDE (WWDG, (APB1PERIPH_BASE + 0x2c00))
                0x40003000                PROVIDE (IWDG, (APB1PERIPH_BASE + 0x3000))
                0x40003800                PROVIDE (SPI2, (APB1PERIPH_BASE + 0x3800))
                0x40004400                PROVIDE (USART2, (APB1PERIPH_BASE + 0x4400))
                0x40004800                PROVIDE (USART3, (APB1PERIPH_BASE + 0x4800))
                0x40005400                PROVIDE (I2C1, (APB1PERIPH_BASE + 0x5400))
                0x40005800                PROVIDE (I2C2, (APB1PERIPH_BASE + 0x5800))
                0x40006400                PROVIDE (CAN, (APB1PERIPH_BASE + 0x6400))
                0x40006c00                PROVIDE (BKP, (APB1PERIPH_BASE + 0x6c00))
                0x40007000                PROVIDE (PWR, (APB1PERIPH_BASE + 0x7000))
                0x40010000                PROVIDE (AFIO, (APB2PERIPH_BASE + 0x0))
                0x40010400                PROVIDE (EXTI, (APB2PERIPH_BASE + 0x400))
                0x40010800                PROVIDE (GPIOA, (APB2PERIPH_BASE + 0x800))
                0x40010c00                PROVIDE (GPIOB, (APB2PERIPH_BASE + 0xc00))
                0x40011000                PROVIDE (GPIOC, (APB2PERIPH_BASE + 0x1000))
                0x40011400                PROVIDE (GPIOD, (APB2PERIPH_BASE + 0x1400))
                0x40011800                PROVIDE (GPIOE, (APB2PERIPH_BASE + 0x1800))
                0x40012400                PROVIDE (ADC1, (APB2PERIPH_BASE + 0x2400))
                0x40012800                PROVIDE (ADC2, (APB2PERIPH_BASE + 0x2800))
                0x40012c00                PROVIDE (TIM1, (APB2PERIPH_BASE + 0x2c00))
                0x40013000                PROVIDE (SPI1, (APB2PERIPH_BASE + 0x3000))
                0x40013800                PROVIDE (USART1, (APB2PERIPH_BASE + 0x3800))
                0x40020000                PROVIDE (DMA, (AHBPERIPH_BASE + 0x0))
                0x40020008                PROVIDE (DMA_Channel1, (AHBPERIPH_BASE + 0x8))
                0x4002001c                PROVIDE (DMA_Channel2, (AHBPERIPH_BASE + 0x1c))
                0x40020030                PROVIDE (DMA_Channel3, (AHBPERIPH_BASE + 0x30))
                0x40020044                PROVIDE (DMA_Channel4, (AHBPERIPH_BASE + 0x44))
                0x40020058                PROVIDE (DMA_Channel5, (AHBPERIPH_BASE + 0x58))
                0x4002006c                PROVIDE (DMA_Channel6, (AHBPERIPH_BASE + 0x6c))
                0x40020080                PROVIDE (DMA_Channel7, (AHBPERIPH_BASE + 0x80))
                0x40021000                PROVIDE (RCC, (AHBPERIPH_BASE + 0x1000))
                0xe000e000                SCS_BASE = 0xe000e000
                0xe000e010                PROVIDE (SysTick, (SCS_BASE + 0x10))
                0xe000e100                PROVIDE (NVIC, (SCS_BASE + 0x100))
                0xe000ed00                PROVIDE (SCB, (SCS_BASE + 0xd00))
                0x20014000                _estack = 0x20014000

.isr_vector     0x08000000      0x1e4
                0x08000000                . = ALIGN (0x4)
 *(.isr_vector)
 .isr_vector    0x08000000      0x1e4 C:\Program Files (x86)\Raisonance\Ride\lib\ARM\startup_stm32f10x_hd.o
                0x08000000                g_pfnVectors
                0x080001e4                . = ALIGN (0x4)

.flash_start    0x00000000        0x0
                0x00000000                . = ALIGN (0x4)
 *(.flash_start)
 *(.flash_start.*)
                0x00000000                . = ALIGN (0x4)

.crp_patch      0x00000000        0x0
                0x00000000                . = ALIGN (0x4)
 *(.crp_patch)
                0x00000000                . = ALIGN (0x4)

.flashtext      0x080001e4        0x0
                0x080001e4                . = ALIGN (0x4)
 *(.flashtext)
                0x080001e4                . = ALIGN (0x4)

.text           0x080001e8     0x63b4
                0x080001e8                . = ALIGN (0x4)
 *(.text)
 .text          0x080001e8       0x20 c:/program files (x86)/raisonance/ride/arm-gcc/bin/../lib/gcc/arm-none-eabi/4.5.1/../../../../arm-none-eabi/lib/thumb2\libc.a(lib_a-malloc.o)
                0x080001e8                malloc
                0x080001f8                free
 .text          0x08000208      0x57c c:/program files (x86)/raisonance/ride/arm-gcc/bin/../lib/gcc/arm-none-eabi/4.5.1/../../../../arm-none-eabi/lib/thumb2\libc.a(lib_a-mallocr.o)
                0x08000208                _malloc_r
 .text          0x08000784        0x8 c:/program files (x86)/raisonance/ride/arm-gcc/bin/../lib/gcc/arm-none-eabi/4.5.1/../../../../arm-none-eabi/lib/thumb2\libc.a(lib_a-mlock.o)
                0x08000784                __malloc_lock
                0x08000788                __malloc_unlock
 .text          0x0800078c       0x14 c:/program files (x86)/raisonance/ride/arm-gcc/bin/../lib/gcc/arm-none-eabi/4.5.1/../../../../arm-none-eabi/lib/thumb2\libc.a(lib_a-realloc.o)
                0x0800078c                realloc
 .text          0x080007a0      0x41c c:/program files (x86)/raisonance/ride/arm-gcc/bin/../lib/gcc/arm-none-eabi/4.5.1/../../../../arm-none-eabi/lib/thumb2\libc.a(lib_a-reallocr.o)
                0x080007a0                _realloc_r
 .text          0x08000bbc       0xe0 c:/program files (x86)/raisonance/ride/arm-gcc/bin/../lib/gcc/arm-none-eabi/4.5.1/../../../../arm-none-eabi/lib/thumb2\libc.a(lib_a-s_modf.o)
                0x08000bbc                modf
 .text          0x08000c9c       0x28 c:/program files (x86)/raisonance/ride/arm-gcc/bin/../lib/gcc/arm-none-eabi/4.5.1/../../../../arm-none-eabi/lib/thumb2\libc.a(lib_a-sbrkr.o)
                0x08000c9c                _sbrk_r
 .text          0x08000cc4      0x240 c:/program files (x86)/raisonance/ride/arm-gcc/bin/../lib/gcc/arm-none-eabi/4.5.1/../../../../arm-none-eabi/lib/thumb2\libc.a(lib_a-freer.o)
                0x08000cc4                _malloc_trim_r
                0x08000d6c                _free_r
 .text          0x08000f04       0xa0 c:/program files (x86)/raisonance/ride/arm-gcc/bin/../lib/gcc/arm-none-eabi/4.5.1/../../../../arm-none-eabi/lib/thumb2\libc.a(lib_a-memmove.o)
                0x08000f04                memmove
 .text          0x08000fa4      0x370 c:/program files (x86)/raisonance/ride/arm-gcc/bin/../lib/gcc/arm-none-eabi/4.5.1/thumb2\libgcc.a(_arm_addsubdf3.o)
                0x08000fa4                __aeabi_drsub
                0x08000fac                __aeabi_dsub
                0x08000fac                __subdf3
                0x08000fb0                __aeabi_dadd
                0x08000fb0                __adddf3
                0x08001228                __floatunsidf
                0x08001228                __aeabi_ui2d
                0x08001248                __floatsidf
                0x08001248                __aeabi_i2d
                0x0800126c                __aeabi_f2d
                0x0800126c                __extendsfdf2
                0x080012a8                __floatundidf
                0x080012a8                __aeabi_ul2d
                0x080012b8                __floatdidf
                0x080012b8                __aeabi_l2d
 .text          0x08001314      0x424 c:/program files (x86)/raisonance/ride/arm-gcc/bin/../lib/gcc/arm-none-eabi/4.5.1/thumb2\libgcc.a(_arm_muldivdf3.o)
                0x08001314                __aeabi_dmul
                0x08001314                __muldf3
                0x08001568                __divdf3
                0x08001568                __aeabi_ddiv
 .text          0x08001738      0x110 c:/program files (x86)/raisonance/ride/arm-gcc/bin/../lib/gcc/arm-none-eabi/4.5.1/thumb2\libgcc.a(_arm_cmpdf2.o)
                0x08001738                __gtdf2
                0x08001738                __gedf2
                0x08001740                __ltdf2
                0x08001740                __ledf2
                0x08001748                __nedf2
                0x08001748                __eqdf2
                0x08001748                __cmpdf2
                0x080017c4                __aeabi_cdrcmple
                0x080017d4                __aeabi_cdcmpeq
                0x080017d4                __aeabi_cdcmple
                0x080017e4                __aeabi_dcmpeq
                0x080017f8                __aeabi_dcmplt
                0x0800180c                __aeabi_dcmple
                0x08001820                __aeabi_dcmpge
                0x08001834                __aeabi_dcmpgt
 .text          0x08001848       0x50 c:/program files (x86)/raisonance/ride/arm-gcc/bin/../lib/gcc/arm-none-eabi/4.5.1/thumb2\libgcc.a(_arm_fixdfsi.o)
                0x08001848                __aeabi_d2iz
                0x08001848                __fixdfsi
 .text          0x08001898       0x40 c:/program files (x86)/raisonance/ride/arm-gcc/bin/../lib/gcc/arm-none-eabi/4.5.1/thumb2\libgcc.a(_arm_fixunsdfsi.o)
                0x08001898                __aeabi_d2uiz
                0x08001898                __fixunsdfsi
 .text          0x080018d8       0x38 c:/program files (x86)/raisonance/ride/arm-gcc/bin/../lib/gcc/arm-none-eabi/4.5.1/thumb2\libgcc.a(_aeabi_ldivmod.o)
                0x080018d8                __aeabi_ldivmod
 .text          0x08001910       0x2c c:/program files (x86)/raisonance/ride/arm-gcc/bin/../lib/gcc/arm-none-eabi/4.5.1/thumb2\libgcc.a(_aeabi_uldivmod.o)
                0x08001910                __aeabi_uldivmod
 .text          0x0800193c       0x60 c:/program files (x86)/raisonance/ride/arm-gcc/bin/../lib/gcc/arm-none-eabi/4.5.1/thumb2\libgcc.a(bpabi.o)
                0x0800193c                __gnu_ldivmod_helper
                0x0800196c                __gnu_uldivmod_helper
 .text          0x0800199c        0x4 c:/program files (x86)/raisonance/ride/arm-gcc/bin/../lib/gcc/arm-none-eabi/4.5.1/thumb2\libgcc.a(_dvmd_tls.o)
                0x0800199c                __aeabi_idiv0
                0x0800199c                __aeabi_ldiv0
 .text          0x080019a0      0x364 c:/program files (x86)/raisonance/ride/arm-gcc/bin/../lib/gcc/arm-none-eabi/4.5.1/thumb2\libgcc.a(_divdi3.o)
                0x080019a0                __divdi3
 .text          0x08001d04      0x314 c:/program files (x86)/raisonance/ride/arm-gcc/bin/../lib/gcc/arm-none-eabi/4.5.1/thumb2\libgcc.a(_udivdi3.o)
                0x08001d04                __udivdi3
 .text          0x08002018      0x278 c:/program files (x86)/raisonance/ride/arm-gcc/bin/../lib/gcc/arm-none-eabi/4.5.1/thumb2\libgcc.a(_udivsi3.o)
                0x08002018                __aeabi_uidiv
                0x08002018                __udivsi3
                0x08002274                __aeabi_uidivmod
 *(.text.*)
 .text.Reset_Handler
                0x08002290       0x50 C:\Program Files (x86)\Raisonance\Ride\lib\ARM\startup_stm32f10x_hd.o
                0x08002290                Reset_Handler
 .text.SystemInit_ExtMemCtl_Dummy
                0x080022e0        0x2 C:\Program Files (x86)\Raisonance\Ride\lib\ARM\startup_stm32f10x_hd.o
                0x080022e0                SystemInit_ExtMemCtl
                0x080022e0                SystemInit_ExtMemCtl_Dummy
 .text.Default_Handler
                0x080022e2        0x2 C:\Program Files (x86)\Raisonance\Ride\lib\ARM\startup_stm32f10x_hd.o
                0x080022e2                TIM8_TRG_COM_IRQHandler
                0x080022e2                TIM8_CC_IRQHandler
                0x080022e2                DebugMon_Handler
                0x080022e2                TIM1_CC_IRQHandler
                0x080022e2                HardFault_Handler
                0x080022e2                TIM6_IRQHandler
                0x080022e2                PVD_IRQHandler
                0x080022e2                SDIO_IRQHandler
                0x080022e2                PendSV_Handler
                0x080022e2                NMI_Handler
                0x080022e2                UsageFault_Handler
                0x080022e2                ADC1_2_IRQHandler
                0x080022e2                SPI1_IRQHandler
                0x080022e2                TAMPER_IRQHandler
                0x080022e2                TIM8_UP_IRQHandler
                0x080022e2                DMA2_Channel2_IRQHandler
                0x080022e2                DMA1_Channel4_IRQHandler
                0x080022e2                RTC_IRQHandler
                0x080022e2                DMA1_Channel7_IRQHandler
                0x080022e2                CAN1_RX1_IRQHandler
                0x080022e2                UART5_IRQHandler
                0x080022e2                ADC3_IRQHandler
                0x080022e2                TIM4_IRQHandler
                0x080022e2                DMA2_Channel1_IRQHandler
                0x080022e2                I2C1_EV_IRQHandler
                0x080022e2                DMA1_Channel6_IRQHandler
                0x080022e2                UART4_IRQHandler
                0x080022e2                TIM3_IRQHandler
                0x080022e2                RCC_IRQHandler
                0x080022e2                TIM1_TRG_COM_IRQHandler
                0x080022e2                DMA1_Channel1_IRQHandler
                0x080022e2                Default_Handler
                0x080022e2                TIM7_IRQHandler
                0x080022e2                TIM5_IRQHandler
                0x080022e2                SPI2_IRQHandler
                0x080022e2                MemManage_Handler
                0x080022e2                SVC_Handler
                0x080022e2                DMA1_Channel5_IRQHandler
                0x080022e2                USB_LP_CAN1_RX0_IRQHandler
                0x080022e2                USB_HP_CAN1_TX_IRQHandler
                0x080022e2                DMA1_Channel3_IRQHandler
                0x080022e2                FSMC_IRQHandler
                0x080022e2                WWDG_IRQHandler
                0x080022e2                TIM2_IRQHandler
                0x080022e2                TIM1_BRK_IRQHandler
                0x080022e2                RTCAlarm_IRQHandler
                0x080022e2                DMA2_Channel4_5_IRQHandler
                0x080022e2                USART2_IRQHandler
                0x080022e2                DMA1_Channel2_IRQHandler
                0x080022e2                TIM8_BRK_IRQHandler
                0x080022e2                CAN1_SCE_IRQHandler
                0x080022e2                FLASH_IRQHandler
                0x080022e2                BusFault_Handler
                0x080022e2                USART1_IRQHandler
                0x080022e2                SPI3_IRQHandler
                0x080022e2                USBWakeUp_IRQHandler
                0x080022e2                DMA2_Channel3_IRQHandler
 .text.cmd_rmdir
                0x080022e4        0x2 C:\Users\MightyDubster\Documents\Projects\pygmyos.code\bootv2\main.o
                0x080022e4                cmd_rmdir
 *fill*         0x080022e6        0x2 00
 .text.cmdReset
                0x080022e8       0x10 C:\Users\MightyDubster\Documents\Projects\pygmyos.code\bootv2\main.o
                0x080022e8                cmdReset
 .text.cmdMv    0x080022f8       0x24 C:\Users\MightyDubster\Documents\Projects\pygmyos.code\bootv2\main.o
                0x080022f8                cmdMv
 .text.cmdLs    0x0800231c       0x78 C:\Users\MightyDubster\Documents\Projects\pygmyos.code\bootv2\main.o
                0x0800231c                cmdLs
 .text.cmd_cd   0x08002394       0x10 C:\Users\MightyDubster\Documents\Projects\pygmyos.code\bootv2\main.o
                0x08002394                cmd_cd
 .text.cmd_mkdir
                0x080023a4       0x12 C:\Users\MightyDubster\Documents\Projects\pygmyos.code\bootv2\main.o
                0x080023a4                cmd_mkdir
 *fill*         0x080023b6        0x2 00
 .text.cmd_new  0x080023b8       0x24 C:\Users\MightyDubster\Documents\Projects\pygmyos.code\bootv2\main.o
                0x080023b8                cmd_new
 .text.cmdRm    0x080023dc       0x10 C:\Users\MightyDubster\Documents\Projects\pygmyos.code\bootv2\main.o
                0x080023dc                cmdRm
 .text.cmdRead  0x080023ec       0x7c C:\Users\MightyDubster\Documents\Projects\pygmyos.code\bootv2\main.o
                0x080023ec                cmdRead
 .text.cmdSend  0x08002468       0x18 C:\Users\MightyDubster\Documents\Projects\pygmyos.code\bootv2\main.o
                0x08002468                cmdSend
 .text.cmdRecv  0x08002480       0x18 C:\Users\MightyDubster\Documents\Projects\pygmyos.code\bootv2\main.o
                0x08002480                cmdRecv
 .text.cmdRFPut
                0x08002498       0x2e C:\Users\MightyDubster\Documents\Projects\pygmyos.code\bootv2\main.o
                0x08002498                cmdRFPut
 .text.cmdRFGet
                0x080024c6       0x2e C:\Users\MightyDubster\Documents\Projects\pygmyos.code\bootv2\main.o
                0x080024c6                cmdRFGet
 .text.cmdFormat
                0x080024f4       0x18 C:\Users\MightyDubster\Documents\Projects\pygmyos.code\bootv2\main.o
                0x080024f4                cmdFormat
 .text.cmdErase
                0x0800250c       0x18 C:\Users\MightyDubster\Documents\Projects\pygmyos.code\bootv2\main.o
                0x0800250c                cmdErase
 .text.cmd_dump
                0x08002524       0xb0 C:\Users\MightyDubster\Documents\Projects\pygmyos.code\bootv2\main.o
                0x08002524                cmd_dump
 .text.main     0x080025d4      0x1ec C:\Users\MightyDubster\Documents\Projects\pygmyos.code\bootv2\main.o
                0x080025d4                main
 .text.bootTestAndLoad
                0x080027c0       0x70 C:\Users\MightyDubster\Documents\Projects\pygmyos.code\bootv2\main.o
                0x080027c0                bootTestAndLoad
 .text.cmdBoot  0x08002830       0x18 C:\Users\MightyDubster\Documents\Projects\pygmyos.code\bootv2\main.o
                0x08002830                cmdBoot
 .text.putBufferUSART3
                0x08002848       0x24 C:\Users\MightyDubster\Documents\Projects\pygmyos.code\bootv2\main.o
                0x08002848                putBufferUSART3
 .text.executeCmd
                0x0800286c       0x50 C:\Users\MightyDubster\Documents\Projects\pygmyos.code\bootv2\main.o
                0x0800286c                executeCmd
 .text.bootGetUSART3
                0x080028bc       0xa8 C:\Users\MightyDubster\Documents\Projects\pygmyos.code\bootv2\main.o
                0x080028bc                bootGetUSART3
 .text.fpecGetID
                0x08002964       0x48 C:\Users\MightyDubster\Documents\Projects\pygmyos.code\bootv2\pygmy_fpec.o
                0x08002964                fpecGetID
 .text.fpecUnlock
                0x080029ac       0x20 C:\Users\MightyDubster\Documents\Projects\pygmyos.code\bootv2\pygmy_fpec.o
                0x080029ac                fpecUnlock
 .text.fpecWriteWord
                0x080029cc       0x6c C:\Users\MightyDubster\Documents\Projects\pygmyos.code\bootv2\pygmy_fpec.o
                0x080029cc                fpecWriteWord
 .text.fpecProcessIHEX
                0x08002a38       0xac C:\Users\MightyDubster\Documents\Projects\pygmyos.code\bootv2\pygmy_fpec.o
                0x08002a38                fpecProcessIHEX
 .text.fpecErasePage
                0x08002ae4       0xb8 C:\Users\MightyDubster\Documents\Projects\pygmyos.code\bootv2\pygmy_fpec.o
                0x08002ae4                fpecErasePage
 .text.fpecEraseProgramMemory
                0x08002b9c       0x58 C:\Users\MightyDubster\Documents\Projects\pygmyos.code\bootv2\pygmy_fpec.o
                0x08002b9c                fpecEraseProgramMemory
 .text.rfFlushTX
                0x08002bf4       0x20 C:\Users\MightyDubster\Documents\Projects\pygmyos.code\bootv2\pygmy_rf.o
                0x08002bf4                rfFlushTX
 .text.rfGetStatus
                0x08002c14       0x1c C:\Users\MightyDubster\Documents\Projects\pygmyos.code\bootv2\pygmy_rf.o
                0x08002c14                rfGetStatus
 .text.rfClearStatus
                0x08002c30       0x28 C:\Users\MightyDubster\Documents\Projects\pygmyos.code\bootv2\pygmy_rf.o
                0x08002c30                rfClearStatus
 .text.rfSetRX  0x08002c58       0x40 C:\Users\MightyDubster\Documents\Projects\pygmyos.code\bootv2\pygmy_rf.o
                0x08002c58                rfSetRX
 .text.rfSetTX  0x08002c98       0x40 C:\Users\MightyDubster\Documents\Projects\pygmyos.code\bootv2\pygmy_rf.o
                0x08002c98                rfSetTX
 .text.rfPutTXBuffer
                0x08002cd8       0x60 C:\Users\MightyDubster\Documents\Projects\pygmyos.code\bootv2\pygmy_rf.o
                0x08002cd8                rfPutTXBuffer
 .text.TaskException_Handler
                0x08002d38        0x2 C:\Users\MightyDubster\Documents\Projects\pygmyos.code\bootv2\pygmy_sys.o
                0x08002d38                TaskException_Handler
 .text.sysAllocate
                0x08002d3a        0x4 C:\Users\MightyDubster\Documents\Projects\pygmyos.code\bootv2\pygmy_sys.o
                0x08002d3a                sysAllocate
 .text.sysReallocate
                0x08002d3e        0x4 C:\Users\MightyDubster\Documents\Projects\pygmyos.code\bootv2\pygmy_sys.o
                0x08002d3e                sysReallocate
 .text.sysFree  0x08002d42        0x4 C:\Users\MightyDubster\Documents\Projects\pygmyos.code\bootv2\pygmy_sys.o
                0x08002d42                sysFree
 .text.sysGenerateBit
                0x08002d46       0x1c C:\Users\MightyDubster\Documents\Projects\pygmyos.code\bootv2\pygmy_sys.o
                0x08002d46                sysGenerateBit
 .text.sysCRC16
                0x08002d62       0x1e C:\Users\MightyDubster\Documents\Projects\pygmyos.code\bootv2\pygmy_sys.o
                0x08002d62                sysCRC16
 .text.pdiaEncode
                0x08002d80       0x78 C:\Users\MightyDubster\Documents\Projects\pygmyos.code\bootv2\pygmy_sys.o
                0x08002d80                pdiaEncode
 .text.pdiaEncodeString
                0x08002df8       0x28 C:\Users\MightyDubster\Documents\Projects\pygmyos.code\bootv2\pygmy_sys.o
                0x08002df8                pdiaEncodeString
 .text.taskDelete
                0x08002e20       0x48 C:\Users\MightyDubster\Documents\Projects\pygmyos.code\bootv2\pygmy_sys.o
                0x08002e20                taskDelete
 .text.taskProcess
                0x08002e68       0x60 C:\Users\MightyDubster\Documents\Projects\pygmyos.code\bootv2\pygmy_sys.o
                0x08002e68                taskProcess
 .text.print    0x08002ec8      0x208 C:\Users\MightyDubster\Documents\Projects\pygmyos.code\bootv2\pygmy_sys.o
                0x08002ec8                print
 .text.SysTick_Handler
                0x080030d0       0x28 C:\Users\MightyDubster\Documents\Projects\pygmyos.code\bootv2\pygmy_sys.o
                0x080030d0                SysTick_Handler
 .text.xmodemRecv
                0x080030f8       0x2a C:\Users\MightyDubster\Documents\Projects\pygmyos.code\bootv2\pygmy_xmodem.o
                0x080030f8                xmodemRecv
 .text.xmodemSend
                0x08003122       0x26 C:\Users\MightyDubster\Documents\Projects\pygmyos.code\bootv2\pygmy_xmodem.o
                0x08003122                xmodemSend
 .text.xmodemWritePacket
                0x08003148       0x26 C:\Users\MightyDubster\Documents\Projects\pygmyos.code\bootv2\pygmy_xmodem.o
                0x08003148                xmodemWritePacket
 .text.xmodemSendPacket
                0x0800316e       0x42 C:\Users\MightyDubster\Documents\Projects\pygmyos.code\bootv2\pygmy_xmodem.o
                0x0800316e                xmodemSendPacket
 .text.xmodemProcess
                0x080031b0      0x114 C:\Users\MightyDubster\Documents\Projects\pygmyos.code\bootv2\pygmy_xmodem.o
                0x080031b0                xmodemProcess
 .text.timeGet  0x080032c4       0x14 C:\Users\MightyDubster\Documents\Projects\pygmyos.code\bootv2\pygmy_rtc.o
                0x080032c4                timeGet
 .text.convertSecondsToSystemTime
                0x080032d8       0xd0 C:\Users\MightyDubster\Documents\Projects\pygmyos.code\bootv2\pygmy_rtc.o
                0x080032d8                convertSecondsToSystemTime
 .text.spiWriteByte
                0x080033a8       0x26 C:\Users\MightyDubster\Documents\Projects\pygmyos.code\bootv2\pygmy_com.o
                0x080033a8                spiWriteByte
 .text.spiWriteAddress
                0x080033ce       0x3e C:\Users\MightyDubster\Documents\Projects\pygmyos.code\bootv2\pygmy_com.o
                0x080033ce                spiWriteAddress
 .text.spiPutCommand
                0x0800340c       0x16 C:\Users\MightyDubster\Documents\Projects\pygmyos.code\bootv2\pygmy_com.o
                0x0800340c                spiPutCommand
 .text.spiReadByte
                0x08003422       0x2c C:\Users\MightyDubster\Documents\Projects\pygmyos.code\bootv2\pygmy_com.o
                0x08003422                spiReadByte
 .text.spiGetChar
                0x0800344e       0x2a C:\Users\MightyDubster\Documents\Projects\pygmyos.code\bootv2\pygmy_com.o
                0x0800344e                spiGetChar
 .text.spiPutChar
                0x08003478       0x2e C:\Users\MightyDubster\Documents\Projects\pygmyos.code\bootv2\pygmy_com.o
                0x08003478                spiPutChar
 .text.spiConfig
                0x080034a6       0x9e C:\Users\MightyDubster\Documents\Projects\pygmyos.code\bootv2\pygmy_com.o
                0x080034a6                spiConfig
 .text.I2C1_ER_IRQHandler
                0x08003544        0x2 C:\Users\MightyDubster\Documents\Projects\pygmyos.code\bootv2\pygmy_com.o
                0x08003544                I2C1_ER_IRQHandler
 .text.I2C2_EV_IRQHandler
                0x08003546        0x2 C:\Users\MightyDubster\Documents\Projects\pygmyos.code\bootv2\pygmy_com.o
                0x08003546                I2C2_EV_IRQHandler
 .text.I2C2_ER_IRQHandler
                0x08003548        0x2 C:\Users\MightyDubster\Documents\Projects\pygmyos.code\bootv2\pygmy_com.o
                0x08003548                I2C2_ER_IRQHandler
 *fill*         0x0800354a        0x2 00
 .text.streamReset
                0x0800354c       0x44 C:\Users\MightyDubster\Documents\Projects\pygmyos.code\bootv2\pygmy_com.o
                0x0800354c                streamReset
 .text.streamInit
                0x08003590       0x12 C:\Users\MightyDubster\Documents\Projects\pygmyos.code\bootv2\pygmy_com.o
                0x08003590                streamInit
 *fill*         0x080035a2        0x2 00
 .text.streamTXChar
                0x080035a4       0x40 C:\Users\MightyDubster\Documents\Projects\pygmyos.code\bootv2\pygmy_com.o
                0x080035a4                streamTXChar
 .text.streamEchoChar
                0x080035e4       0x24 C:\Users\MightyDubster\Documents\Projects\pygmyos.code\bootv2\pygmy_com.o
                0x080035e4                streamEchoChar
 .text.streamPopChar
                0x08003608       0x38 C:\Users\MightyDubster\Documents\Projects\pygmyos.code\bootv2\pygmy_com.o
                0x08003608                streamPopChar
 .text.streamPushChar
                0x08003640       0x34 C:\Users\MightyDubster\Documents\Projects\pygmyos.code\bootv2\pygmy_com.o
                0x08003640                streamPushChar
 .text.streamSetPut
                0x08003674       0x1c C:\Users\MightyDubster\Documents\Projects\pygmyos.code\bootv2\pygmy_com.o
                0x08003674                streamSetPut
 .text.streamSetGet
                0x08003690       0x1c C:\Users\MightyDubster\Documents\Projects\pygmyos.code\bootv2\pygmy_com.o
                0x08003690                streamSetGet
 .text.streamDisableDefaultGet
                0x080036ac       0x1c C:\Users\MightyDubster\Documents\Projects\pygmyos.code\bootv2\pygmy_com.o
                0x080036ac                streamDisableDefaultGet
 .text.streamHandler
                0x080036c8       0x78 C:\Users\MightyDubster\Documents\Projects\pygmyos.code\bootv2\pygmy_com.o
                0x080036c8                streamHandler
 .text.USART3_IRQHandler
                0x08003740       0x48 C:\Users\MightyDubster\Documents\Projects\pygmyos.code\bootv2\pygmy_com.o
                0x08003740                USART3_IRQHandler
 .text.putsUSART3
                0x08003788       0x20 C:\Users\MightyDubster\Documents\Projects\pygmyos.code\bootv2\pygmy_com.o
                0x08003788                putsUSART3
 .text.pinEnablePortClock
                0x080037a8       0x5c C:\Users\MightyDubster\Documents\Projects\pygmyos.code\bootv2\pygmy_port.o
                0x080037a8                pinEnablePortClock
 .text.pinGetPort
                0x08003804       0x40 C:\Users\MightyDubster\Documents\Projects\pygmyos.code\bootv2\pygmy_port.o
                0x08003804                pinGetPort
 .text.pinSet   0x08003844       0x6c C:\Users\MightyDubster\Documents\Projects\pygmyos.code\bootv2\pygmy_port.o
                0x08003844                pinSet
 .text.pinConfig
                0x080038b0       0x64 C:\Users\MightyDubster\Documents\Projects\pygmyos.code\bootv2\pygmy_port.o
                0x080038b0                pinConfig
 .text.pinProcessSoftPWM
                0x08003914       0x4c C:\Users\MightyDubster\Documents\Projects\pygmyos.code\bootv2\pygmy_port.o
                0x08003914                pinProcessSoftPWM
 .text.TIM1_UP_IRQHandler
                0x08003960       0x10 C:\Users\MightyDubster\Documents\Projects\pygmyos.code\bootv2\pygmy_port.o
                0x08003960                TIM1_UP_IRQHandler
 .text.EXTI0_IRQHandler
                0x08003970       0x34 C:\Users\MightyDubster\Documents\Projects\pygmyos.code\bootv2\pygmy_port.o
                0x08003970                EXTI0_IRQHandler
 .text.EXTI1_IRQHandler
                0x080039a4       0x34 C:\Users\MightyDubster\Documents\Projects\pygmyos.code\bootv2\pygmy_port.o
                0x080039a4                EXTI1_IRQHandler
 .text.EXTI2_IRQHandler
                0x080039d8       0x34 C:\Users\MightyDubster\Documents\Projects\pygmyos.code\bootv2\pygmy_port.o
                0x080039d8                EXTI2_IRQHandler
 .text.EXTI3_IRQHandler
                0x08003a0c       0x34 C:\Users\MightyDubster\Documents\Projects\pygmyos.code\bootv2\pygmy_port.o
                0x08003a0c                EXTI3_IRQHandler
 .text.EXTI4_IRQHandler
                0x08003a40       0x34 C:\Users\MightyDubster\Documents\Projects\pygmyos.code\bootv2\pygmy_port.o
                0x08003a40                EXTI4_IRQHandler
 .text.EXTI9_5_IRQHandler
                0x08003a74       0xe4 C:\Users\MightyDubster\Documents\Projects\pygmyos.code\bootv2\pygmy_port.o
                0x08003a74                EXTI9_5_IRQHandler
 .text.EXTI15_10_IRQHandler
                0x08003b58      0x110 C:\Users\MightyDubster\Documents\Projects\pygmyos.code\bootv2\pygmy_port.o
                0x08003b58                EXTI15_10_IRQHandler
 .text.convertPinToString
                0x08003c68       0x24 C:\Users\MightyDubster\Documents\Projects\pygmyos.code\bootv2\pygmy_string.o
                0x08003c68                convertPinToString
 .text.copyBuffer
                0x08003c8c       0x12 C:\Users\MightyDubster\Documents\Projects\pygmyos.code\bootv2\pygmy_string.o
                0x08003c8c                copyBuffer
 .text.convertU16ToBuffer
                0x08003c9e       0x12 C:\Users\MightyDubster\Documents\Projects\pygmyos.code\bootv2\pygmy_string.o
                0x08003c9e                convertU16ToBuffer
 .text.convertU32ToBuffer
                0x08003cb0       0x26 C:\Users\MightyDubster\Documents\Projects\pygmyos.code\bootv2\pygmy_string.o
                0x08003cb0                convertU32ToBuffer
 .text.convertBufferToU32
                0x08003cd6       0x30 C:\Users\MightyDubster\Documents\Projects\pygmyos.code\bootv2\pygmy_string.o
                0x08003cd6                convertBufferToU32
 .text.isPrintable
                0x08003d06        0xe C:\Users\MightyDubster\Documents\Projects\pygmyos.code\bootv2\pygmy_string.o
                0x08003d06                isPrintable
 .text.isCharInString
                0x08003d14       0x16 C:\Users\MightyDubster\Documents\Projects\pygmyos.code\bootv2\pygmy_string.o
                0x08003d14                isCharInString
 .text.isAlpha  0x08003d2a       0x1c C:\Users\MightyDubster\Documents\Projects\pygmyos.code\bootv2\pygmy_string.o
                0x08003d2a                isAlpha
 .text.isNumeric
                0x08003d46        0xe C:\Users\MightyDubster\Documents\Projects\pygmyos.code\bootv2\pygmy_string.o
                0x08003d46                isNumeric
 .text.isAlphaOrNumeric
                0x08003d54       0x2a C:\Users\MightyDubster\Documents\Projects\pygmyos.code\bootv2\pygmy_string.o
                0x08003d54                isAlphaOrNumeric
 .text.isNewline
                0x08003d7e       0x1c C:\Users\MightyDubster\Documents\Projects\pygmyos.code\bootv2\pygmy_string.o
                0x08003d7e                isNewline
 .text.isWhitespace
                0x08003d9a        0xe C:\Users\MightyDubster\Documents\Projects\pygmyos.code\bootv2\pygmy_string.o
                0x08003d9a                isWhitespace
 .text.isQuote  0x08003da8       0x14 C:\Users\MightyDubster\Documents\Projects\pygmyos.code\bootv2\pygmy_string.o
                0x08003da8                isQuote
 .text.isFileSeparator
                0x08003dbc        0xc C:\Users\MightyDubster\Documents\Projects\pygmyos.code\bootv2\pygmy_string.o
                0x08003dbc                isFileSeparator
 .text.isSeparator
                0x08003dc8       0x14 C:\Users\MightyDubster\Documents\Projects\pygmyos.code\bootv2\pygmy_string.o
                0x08003dc8                isSeparator
 .text.isPunctuation
                0x08003ddc       0x14 C:\Users\MightyDubster\Documents\Projects\pygmyos.code\bootv2\pygmy_string.o
                0x08003ddc                isPunctuation
 .text.len      0x08003df0       0x20 C:\Users\MightyDubster\Documents\Projects\pygmyos.code\bootv2\pygmy_string.o
                0x08003df0                len
 .text.convertCharToUpper
                0x08003e10       0x10 C:\Users\MightyDubster\Documents\Projects\pygmyos.code\bootv2\pygmy_string.o
                0x08003e10                convertCharToUpper
 .text.isCharSameIgnoreCase
                0x08003e20       0x1e C:\Users\MightyDubster\Documents\Projects\pygmyos.code\bootv2\pygmy_string.o
                0x08003e20                isCharSameIgnoreCase
 .text.isStringSameIgnoreCase
                0x08003e3e       0x32 C:\Users\MightyDubster\Documents\Projects\pygmyos.code\bootv2\pygmy_string.o
                0x08003e3e                isStringSameIgnoreCase
 .text.isStringSame
                0x08003e70       0x34 C:\Users\MightyDubster\Documents\Projects\pygmyos.code\bootv2\pygmy_string.o
                0x08003e70                isStringSame
 .text.replaceChars
                0x08003ea4       0x2c C:\Users\MightyDubster\Documents\Projects\pygmyos.code\bootv2\pygmy_string.o
                0x08003ea4                replaceChars
 .text.convertCharToInt
                0x08003ed0       0x30 C:\Users\MightyDubster\Documents\Projects\pygmyos.code\bootv2\pygmy_string.o
                0x08003ed0                convertCharToInt
 .text.appendString
                0x08003f00       0x1c C:\Users\MightyDubster\Documents\Projects\pygmyos.code\bootv2\pygmy_string.o
                0x08003f00                appendString
 .text.copyString
                0x08003f1c       0x12 C:\Users\MightyDubster\Documents\Projects\pygmyos.code\bootv2\pygmy_string.o
                0x08003f1c                copyString
 *fill*         0x08003f2e        0x2 00
 .text.getNextSubString
                0x08003f30      0x134 C:\Users\MightyDubster\Documents\Projects\pygmyos.code\bootv2\pygmy_string.o
                0x08003f30                getNextSubString
 .text.getAllSubStrings
                0x08004064       0x42 C:\Users\MightyDubster\Documents\Projects\pygmyos.code\bootv2\pygmy_string.o
                0x08004064                getAllSubStrings
 *fill*         0x080040a6        0x2 00
 .text.convertStringToInt
                0x080040a8       0xb4 C:\Users\MightyDubster\Documents\Projects\pygmyos.code\bootv2\pygmy_string.o
                0x080040a8                convertStringToInt
 .text.convertIntToString
                0x0800415c      0x1a8 C:\Users\MightyDubster\Documents\Projects\pygmyos.code\bootv2\pygmy_string.o
                0x0800415c                convertIntToString
 *fill*         0x08004304        0x4 00
 .text.convertFloatToString
                0x08004308      0x148 C:\Users\MightyDubster\Documents\Projects\pygmyos.code\bootv2\pygmy_string.o
                0x08004308                convertFloatToString
 .text.convertHexCharToInteger
                0x08004450       0x20 C:\Users\MightyDubster\Documents\Projects\pygmyos.code\bootv2\pygmy_string.o
                0x08004450                convertHexCharToInteger
 .text.convertHexEncodedStringToBuffer
                0x08004470       0x2c C:\Users\MightyDubster\Documents\Projects\pygmyos.code\bootv2\pygmy_string.o
                0x08004470                convertHexEncodedStringToBuffer
 .text.socketGet
                0x0800449c       0x3c C:\Users\MightyDubster\Documents\Projects\pygmyos.code\bootv2\pygmy_socket.o
                0x0800449c                socketGet
 .text.socketOpenFromPacket
                0x080044d8       0xc0 C:\Users\MightyDubster\Documents\Projects\pygmyos.code\bootv2\pygmy_socket.o
                0x080044d8                socketOpenFromPacket
 .text.socketOpen
                0x08004598       0x18 C:\Users\MightyDubster\Documents\Projects\pygmyos.code\bootv2\pygmy_socket.o
                0x08004598                socketOpen
 .text.socketFile
                0x080045b0       0xb0 C:\Users\MightyDubster\Documents\Projects\pygmyos.code\bootv2\pygmy_socket.o
                0x080045b0                socketFile
 .text.socketSendFile
                0x08004660       0x3c C:\Users\MightyDubster\Documents\Projects\pygmyos.code\bootv2\pygmy_socket.o
                0x08004660                socketSendFile
 .text.socketRequestFile
                0x0800469c       0x3c C:\Users\MightyDubster\Documents\Projects\pygmyos.code\bootv2\pygmy_socket.o
                0x0800469c                socketRequestFile
 .text.sst25vfStatus
                0x080046d8       0x1e C:\Users\MightyDubster\Documents\Projects\pygmyos.code\bootv2\sst25vf.o
                0x080046d8                sst25vfStatus
 *fill*         0x080046f6        0x2 00
 .text.sst25vfDesc
                0x080046f8       0xbc C:\Users\MightyDubster\Documents\Projects\pygmyos.code\bootv2\sst25vf.o
                0x080046f8                sst25vfDesc
 .text.sst25vfClose
                0x080047b4        0xc C:\Users\MightyDubster\Documents\Projects\pygmyos.code\bootv2\sst25vf.o
                0x080047b4                sst25vfClose
 .text.sst25vfVOpen
                0x080047c0      0x110 C:\Users\MightyDubster\Documents\Projects\pygmyos.code\bootv2\sst25vf.o
                0x080047c0                sst25vfVOpen
 .text.sst25vfOpen
                0x080048d0       0x1c C:\Users\MightyDubster\Documents\Projects\pygmyos.code\bootv2\sst25vf.o
                0x080048d0                sst25vfOpen
 .text.sst25vfGetBuffer
                0x080048ec       0x3a C:\Users\MightyDubster\Documents\Projects\pygmyos.code\bootv2\sst25vf.o
                0x080048ec                sst25vfGetBuffer
 .text.sst25vfGetChar
                0x08004926        0x8 C:\Users\MightyDubster\Documents\Projects\pygmyos.code\bootv2\sst25vf.o
                0x08004926                sst25vfGetChar
 .text.sst25vfGetLong
                0x0800492e       0x5a C:\Users\MightyDubster\Documents\Projects\pygmyos.code\bootv2\sst25vf.o
                0x0800492e                sst25vfGetLong
 .text.sst25vfGetWord
                0x08004988       0x2a C:\Users\MightyDubster\Documents\Projects\pygmyos.code\bootv2\sst25vf.o
                0x08004988                sst25vfGetWord
 .text.sst25vfWaitForBusy
                0x080049b2       0x30 C:\Users\MightyDubster\Documents\Projects\pygmyos.code\bootv2\sst25vf.o
                0x080049b2                sst25vfWaitForBusy
 .text.sst25vfPutChar
                0x080049e2       0x26 C:\Users\MightyDubster\Documents\Projects\pygmyos.code\bootv2\sst25vf.o
                0x080049e2                sst25vfPutChar
 .text.sst25vfPutBuffer
                0x08004a08       0x3a C:\Users\MightyDubster\Documents\Projects\pygmyos.code\bootv2\sst25vf.o
                0x08004a08                sst25vfPutBuffer
 .text.sst25vfPutLong
                0x08004a42       0x64 C:\Users\MightyDubster\Documents\Projects\pygmyos.code\bootv2\sst25vf.o
                0x08004a42                sst25vfPutLong
 .text.sst25vfPutWord
                0x08004aa6       0x2e C:\Users\MightyDubster\Documents\Projects\pygmyos.code\bootv2\sst25vf.o
                0x08004aa6                sst25vfPutWord
 .text.sst25vfEraseAll
                0x08004ad4       0x1c C:\Users\MightyDubster\Documents\Projects\pygmyos.code\bootv2\sst25vf.o
                0x08004ad4                sst25vfEraseAll
 .text.sst25vfEraseSector
                0x08004af0       0x2c C:\Users\MightyDubster\Documents\Projects\pygmyos.code\bootv2\sst25vf.o
                0x08004af0                sst25vfEraseSector
 .text.fileSetCurrentMountPoint
                0x08004b1c        0xc C:\Users\MightyDubster\Documents\Projects\pygmyos.code\bootv2\pygmy_pfat.o
                0x08004b1c                fileSetCurrentMountPoint
 .text.fileCopyProperties
                0x08004b28       0x2a C:\Users\MightyDubster\Documents\Projects\pygmyos.code\bootv2\pygmy_pfat.o
                0x08004b28                fileCopyProperties
 *fill*         0x08004b52        0x2 00
 .text.filePrintProperties
                0x08004b54       0xa4 C:\Users\MightyDubster\Documents\Projects\pygmyos.code\bootv2\pygmy_pfat.o
                0x08004b54                filePrintProperties
 .text.fileFindNextEmptySector
                0x08004bf8       0xe0 C:\Users\MightyDubster\Documents\Projects\pygmyos.code\bootv2\pygmy_pfat.o
                0x08004bf8                fileFindNextEmptySector
 .text.fileFindContiguousEmptySectors
                0x08004cd8       0x60 C:\Users\MightyDubster\Documents\Projects\pygmyos.code\bootv2\pygmy_pfat.o
                0x08004cd8                fileFindContiguousEmptySectors
 .text.fileAllocateSectors
                0x08004d38      0x154 C:\Users\MightyDubster\Documents\Projects\pygmyos.code\bootv2\pygmy_pfat.o
                0x08004d38                fileAllocateSectors
 .text.fileSeekChunk
                0x08004e8c      0x100 C:\Users\MightyDubster\Documents\Projects\pygmyos.code\bootv2\pygmy_pfat.o
                0x08004e8c                fileSeekChunk
 .text.fileWriteChunk
                0x08004f8c       0x36 C:\Users\MightyDubster\Documents\Projects\pygmyos.code\bootv2\pygmy_pfat.o
                0x08004f8c                fileWriteChunk
 .text.fileGetEntry
                0x08004fc2       0x86 C:\Users\MightyDubster\Documents\Projects\pygmyos.code\bootv2\pygmy_pfat.o
                0x08004fc2                fileGetEntry
 .text.filePrintAddress
                0x08005048       0x34 C:\Users\MightyDubster\Documents\Projects\pygmyos.code\bootv2\pygmy_pfat.o
                0x08005048                filePrintAddress
 .text.fileLoadAddress
                0x0800507c       0xd8 C:\Users\MightyDubster\Documents\Projects\pygmyos.code\bootv2\pygmy_pfat.o
                0x0800507c                fileLoadAddress
 .text.fileLoadEntry
                0x08005154      0x168 C:\Users\MightyDubster\Documents\Projects\pygmyos.code\bootv2\pygmy_pfat.o
                0x08005154                fileLoadEntry
 .text.fileMount
                0x080052bc       0xd4 C:\Users\MightyDubster\Documents\Projects\pygmyos.code\bootv2\pygmy_pfat.o
                0x080052bc                fileMount
 .text.fileConvertAddressToBuffer
                0x08005390       0x2c C:\Users\MightyDubster\Documents\Projects\pygmyos.code\bootv2\pygmy_pfat.o
                0x08005390                fileConvertAddressToBuffer
 .text.fileWriteEntry
                0x080053bc      0x1c8 C:\Users\MightyDubster\Documents\Projects\pygmyos.code\bootv2\pygmy_pfat.o
                0x080053bc                fileWriteEntry
 .text.fileFormat
                0x08005584       0xb8 C:\Users\MightyDubster\Documents\Projects\pygmyos.code\bootv2\pygmy_pfat.o
                0x08005584                fileFormat
 .text.fileGetMountPointCount
                0x0800563c        0xc C:\Users\MightyDubster\Documents\Projects\pygmyos.code\bootv2\pygmy_pfat.o
                0x0800563c                fileGetMountPointCount
 .text.fileGetCurrentMountPoint
                0x08005648        0xc C:\Users\MightyDubster\Documents\Projects\pygmyos.code\bootv2\pygmy_pfat.o
                0x08005648                fileGetCurrentMountPoint
 .text.fileSetCurrentPath
                0x08005654       0x44 C:\Users\MightyDubster\Documents\Projects\pygmyos.code\bootv2\pygmy_pfat.o
                0x08005654                fileSetCurrentPath
 .text.fileGetMountPoint
                0x08005698       0x10 C:\Users\MightyDubster\Documents\Projects\pygmyos.code\bootv2\pygmy_pfat.o
                0x08005698                fileGetMountPoint
 .text.fileSeekPath
                0x080056a8      0x14c C:\Users\MightyDubster\Documents\Projects\pygmyos.code\bootv2\pygmy_pfat.o
                0x080056a8                fileSeekPath
 .text.fileChangeCurrentPath
                0x080057f4      0x1a0 C:\Users\MightyDubster\Documents\Projects\pygmyos.code\bootv2\pygmy_pfat.o
                0x080057f4                fileChangeCurrentPath
 .text.fileOpen
                0x08005994      0x1d0 C:\Users\MightyDubster\Documents\Projects\pygmyos.code\bootv2\pygmy_pfat.o
                0x08005994                fileOpen
 .text.fileRename
                0x08005b64        0x2 C:\Users\MightyDubster\Documents\Projects\pygmyos.code\bootv2\pygmy_pfat.o
                0x08005b64                fileRename
 .text.fileDelete
                0x08005b66        0x2 C:\Users\MightyDubster\Documents\Projects\pygmyos.code\bootv2\pygmy_pfat.o
                0x08005b66                fileDelete
 .text.fileGetChar
                0x08005b68        0x2 C:\Users\MightyDubster\Documents\Projects\pygmyos.code\bootv2\pygmy_pfat.o
                0x08005b68                fileGetChar
 *fill*         0x08005b6a        0x2 00
 .text._sbrk    0x08005b6c       0x30 C:\Program Files (x86)\Raisonance\Ride\Lib\ARM\std_sbrk_thumb.lib(sbrk.o)
                0x08005b6c                _sbrk
 *(.rodata)
 .rodata        0x08005b9c       0xbc C:\Users\MightyDubster\Documents\Projects\pygmyos.code\bootv2\main.o
                0x08005b9c                STRID_L15X
                0x08005ba1                STRID_F100
                0x08005ba6                STRID_F103
                0x08005bab                BOOT_OK
                0x08005bb0                BOOT_PROMPT
                0x08005bb4                BOOTCOMMANDS
                0x08005c44                BOOT_ERROR
                0x08005c4d                BOOT_filename
 .rodata        0x08005c58       0x60 C:\Users\MightyDubster\Documents\Projects\pygmyos.code\bootv2\pygmy_sys.o
                0x08005cac                PYGMY_DAYSINMONTH
 .rodata        0x08005cb8      0x134 C:\Users\MightyDubster\Documents\Projects\pygmyos.code\bootv2\pygmy_string.o
                0x08005cb8                PYGMYNEBULAPINS
                0x08005d98                PYGMYHEXCHARS
                0x08005da8                PYGMYBASE64CHARS
 .rodata        0x08005dec       0x3c C:\Users\MightyDubster\Documents\Projects\pygmyos.code\bootv2\sst25vf.o
                0x08005dec                SST25VF
 *(.rodata*)
 .rodata.str1.1
                0x08005e28       0xc6 C:\Users\MightyDubster\Documents\Projects\pygmyos.code\bootv2\main.o
                                 0xd4 (size before relaxing)
 .rodata.str1.1
                0x08005eee       0x21 C:\Users\MightyDubster\Documents\Projects\pygmyos.code\bootv2\pygmy_sys.o
                                 0x23 (size before relaxing)
 .rodata.str1.1
                0x00000000        0x3 C:\Users\MightyDubster\Documents\Projects\pygmyos.code\bootv2\pygmy_xmodem.o
 .rodata.str1.1
                0x00000000        0x2 C:\Users\MightyDubster\Documents\Projects\pygmyos.code\bootv2\pygmy_com.o
 .rodata.str1.1
                0x08005f0f       0xa5 C:\Users\MightyDubster\Documents\Projects\pygmyos.code\bootv2\pygmy_string.o
                                 0xb8 (size before relaxing)
 .rodata.str1.1
                0x08005fb4       0xd6 C:\Users\MightyDubster\Documents\Projects\pygmyos.code\bootv2\sst25vf.o
 .rodata.str1.1
                0x0800608a      0x50b C:\Users\MightyDubster\Documents\Projects\pygmyos.code\bootv2\pygmy_pfat.o
                                0x529 (size before relaxing)
 *fill*         0x08006595        0x3 00
 .rodata.str1.4
                0x08006598        0x4 c:/program files (x86)/raisonance/ride/arm-gcc/bin/../lib/gcc/arm-none-eabi/4.5.1/../../../../arm-none-eabi/lib/thumb2\libc.a(lib_a-impure.o)
 *(.glue_7)
 .glue_7        0x00000000        0x0 linker stubs
 *(.glue_7t)
 .glue_7t       0x00000000        0x0 linker stubs
                0x0800659c                . = ALIGN (0x4)
                0x0800659c                _etext = .
                0x0800659c                _sidata = _etext

.vfp11_veneer   0x0800659c        0x0
 .vfp11_veneer  0x00000000        0x0 linker stubs

.v4_bx          0x0800659c        0x0
 .v4_bx         0x00000000        0x0 linker stubs

.flashpatch     0x00000000        0x0
                0x00000000                . = ALIGN (0x4)
 *(.flashpatch)
                0x00000000                . = ALIGN (0x4)

.endflash       0x00000000        0x0
                0x00000000                . = ALIGN (0x4)
 *(.endflash)
                0x00000000                . = ALIGN (0x4)
                0x00000000                _e_endflash = .

.data           0x20000000      0x504 load address 0x0800659c
                0x20000000                . = ALIGN (0x4)
                0x20000000                _sdata = .
                0x20000000                _data = .
 *(.data)
 .data          0x20000000      0x410 c:/program files (x86)/raisonance/ride/arm-gcc/bin/../lib/gcc/arm-none-eabi/4.5.1/../../../../arm-none-eabi/lib/thumb2\libc.a(lib_a-mallocr.o)
                0x20000000                __malloc_av_
                0x20000408                __malloc_sbrk_base
                0x2000040c                __malloc_trim_threshold
 .data          0x20000410       0xf4 c:/program files (x86)/raisonance/ride/arm-gcc/bin/../lib/gcc/arm-none-eabi/4.5.1/../../../../arm-none-eabi/lib/thumb2\libc.a(lib_a-impure.o)
                0x20000410                _impure_ptr
 *(.data.*)
 *(.RAMtext)
                0x20000504                . = ALIGN (0x4)
                0x20000504                _edata = .
                0x08006aa0                _eidata = ((_sidata + _edata) - _sdata)
                0x08008000                _lastdataromaddress = 0x8008000
                0x00000000                toobig = (_eidata > _lastdataromaddress)?!!!!!!!!! FLASH IS FULL !!!!!!!!!:0x0

.bss            0x20000504      0x7e4 load address 0x08006aa0
                0x20000504                . = ALIGN (0x4)
                0x20000504                _sbss = .
                0x20000504                _bss = .
 *(.bss)
 .bss           0x20000504      0x103 C:\Users\MightyDubster\Documents\Projects\pygmyos.code\bootv2\main.o
                0x20000504                globalStatus
                0x20000505                globalBootStatus
 *fill*         0x20000607        0x1 00
 .bss           0x20000608        0xc C:\Users\MightyDubster\Documents\Projects\pygmyos.code\bootv2\pygmy_fpec.o
 .bss           0x20000614       0x28 C:\Users\MightyDubster\Documents\Projects\pygmyos.code\bootv2\pygmy_sys.o
 .bss           0x2000063c        0x8 C:\Users\MightyDubster\Documents\Projects\pygmyos.code\bootv2\pygmy_string.o
 .bss           0x20000644       0x38 C:\Users\MightyDubster\Documents\Projects\pygmyos.code\bootv2\pygmy_pfat.o
                0x20000644                globalMountPointCurrent
                0x20000648                globalMountPoints
                0x2000064c                globalMountPointCount
 .bss           0x2000067c       0x34 c:/program files (x86)/raisonance/ride/arm-gcc/bin/../lib/gcc/arm-none-eabi/4.5.1/../../../../arm-none-eabi/lib/thumb2\libc.a(lib_a-mallocr.o)
                0x2000067c                __malloc_top_pad
                0x20000680                __malloc_current_mallinfo
                0x200006a8                __malloc_max_sbrked_mem
                0x200006ac                __malloc_max_total_mem
 .bss           0x200006b0        0x4 C:\Program Files (x86)\Raisonance\Ride\Lib\ARM\std_sbrk_thumb.lib(sbrk.o)
 *(COMMON)
 COMMON         0x200006b4       0xf8 C:\Users\MightyDubster\Documents\Projects\pygmyos.code\bootv2\main.o
                0x200006b4                globalXMTimeout
                0x200006b8                globalID
                0x200006bc                globalFileLen
                0x200006c0                globalBootTimeout
                0x200006c4                pygmyXModem
                0x20000760                globalXTAL
                0x20000764                pygmyFile
                0x20000794                globalFreq
                0x20000798                globalStrID
                0x2000079c                globalTransaction
                0x200007a0                globalPLL
                0x200007a4                globalBaseAddress
                0x200007a8                globalXMCount
 COMMON         0x200007ac       0x24 C:\Users\MightyDubster\Documents\Projects\pygmyos.code\bootv2\pygmy_rf.o
                0x200007ac                pygmyRFSPI
                0x200007c8                globalRFSubNetMask
                0x200007cc                globalRFConfig
 COMMON         0x200007d0      0x364 C:\Users\MightyDubster\Documents\Projects\pygmyos.code\bootv2\pygmy_sys.o
                0x200007d0                pygmyGlobalMessages
                0x20000960                pygmyGlobalData
                0x20000980                pygmyGlobalTasks
                0x20000b24                pygmyGlobalQueues
 COMMON         0x20000b34       0xca C:\Users\MightyDubster\Documents\Projects\pygmyos.code\bootv2\pygmy_com.o
                0x20000b34                globalCOM3RXBuffer
                0x20000bb4                globalStreams
                0x20000bfc                globalStreamEcho
 *fill*         0x20000bfe        0x2 00
 COMMON         0x20000c00       0xd8 C:\Users\MightyDubster\Documents\Projects\pygmyos.code\bootv2\pygmy_port.o
                0x20000c00                globalIRQPins
                0x20000c10                globalIRQPR
                0x20000c14                globalIRQHandlers
                0x20000c54                globalPygmyPWM
                0x20000cd4                globalPygmyPWMFreq
 COMMON         0x20000cd8        0xc C:\Users\MightyDubster\Documents\Projects\pygmyos.code\bootv2\pygmy_socket.o
                0x20000cd8                globalSockets
                0x20000cdc                globalSocketCount
                0x20000ce0                globalSocketID
 COMMON         0x20000ce4        0x4 c:/program files (x86)/raisonance/ride/arm-gcc/bin/../lib/gcc/arm-none-eabi/4.5.1/../../../../arm-none-eabi/lib/thumb2\libc.a(lib_a-reent.o)
                0x20000ce4                errno
                0x20000ce8                . = ALIGN (0x4)
                0x20000ce8                _ebss = .
                0x20000ce8                PROVIDE (end, _ebss)
                0x20000ce8                PROVIDE (_end, _ebss)

._usrstack      0x20000ce8      0x100 load address 0x08007284
                0x20000ce8                . = ALIGN (0x4)
                0x20000ce8                _susrstack = .
                0x20000de8                . = (. + _Minimum_Stack_Size)
 *fill*         0x20000ce8      0x100 00
                0x20000de8                . = ALIGN (0x4)
                0x20000de8                _eusrstack = .

.b1text
 *(.b1text)
 *(.b1rodata)
 *(.b1rodata*)

.eb0text
 *(.eb0text)
 *(.eb0rodata)
 *(.eb0rodata*)

.eb1text
 *(.eb1text)
 *(.eb1rodata)
 *(.eb1rodata*)

.eb2text
 *(.eb2text)
 *(.eb2rodata)
 *(.eb2rodata*)

.eb3text
 *(.eb3text)
 *(.eb3rodata)
 *(.eb3rodata*)
                0x20000de8                __exidx_start = .
                0x20000de8                __exidx_end = .

/DISCARD/
 libc.a(*)
 libm.a(*)
 libgcc.a(*)

.stab
 *(.stab)

.stabstr
 *(.stabstr)

.stab.excl
 *(.stab.excl)

.stab.exclstr
 *(.stab.exclstr)

.stab.index
 *(.stab.index)

.stab.indexstr
 *(.stab.indexstr)

.ARM.attributes
                0x00000000       0x2d
 .ARM.attributes
                0x00000000       0x21 C:\Program Files (x86)\Raisonance\Ride\lib\ARM\startup_stm32f10x_hd.o
 .ARM.attributes
                0x00000021       0x31 C:\Users\MightyDubster\Documents\Projects\pygmyos.code\bootv2\main.o
 .ARM.attributes
                0x00000052       0x31 C:\Users\MightyDubster\Documents\Projects\pygmyos.code\bootv2\pygmy_fpec.o
 .ARM.attributes
                0x00000083       0x31 C:\Users\MightyDubster\Documents\Projects\pygmyos.code\bootv2\pygmy_rf.o
 .ARM.attributes
                0x000000b4       0x31 C:\Users\MightyDubster\Documents\Projects\pygmyos.code\bootv2\pygmy_sys.o
 .ARM.attributes
                0x000000e5       0x31 C:\Users\MightyDubster\Documents\Projects\pygmyos.code\bootv2\pygmy_xmodem.o
 .ARM.attributes
                0x00000116       0x31 C:\Users\MightyDubster\Documents\Projects\pygmyos.code\bootv2\pygmy_rtc.o
 .ARM.attributes
                0x00000147       0x31 C:\Users\MightyDubster\Documents\Projects\pygmyos.code\bootv2\pygmy_com.o
 .ARM.attributes
                0x00000178       0x31 C:\Users\MightyDubster\Documents\Projects\pygmyos.code\bootv2\pygmy_port.o
 .ARM.attributes
                0x000001a9       0x31 C:\Users\MightyDubster\Documents\Projects\pygmyos.code\bootv2\pygmy_string.o
 .ARM.attributes
                0x000001da       0x31 C:\Users\MightyDubster\Documents\Projects\pygmyos.code\bootv2\pygmy_nvic.o
 .ARM.attributes
                0x0000020b       0x31 C:\Users\MightyDubster\Documents\Projects\pygmyos.code\bootv2\pygmy_socket.o
 .ARM.attributes
                0x0000023c       0x31 C:\Users\MightyDubster\Documents\Projects\pygmyos.code\bootv2\sst25vf.o
 .ARM.attributes
                0x0000026d       0x31 C:\Users\MightyDubster\Documents\Projects\pygmyos.code\bootv2\pygmy_pfat.o
 .ARM.attributes
                0x0000029e       0x2e C:\Program Files (x86)\Raisonance\Ride\Lib\ARM\std_sbrk_thumb.lib(sbrk.o)

.comment        0x00000000       0x54
 *(.comment)
 .comment       0x00000000       0x2a C:\Users\MightyDubster\Documents\Projects\pygmyos.code\bootv2\main.o
                                 0x2b (size before relaxing)
 .comment       0x00000000       0x2b C:\Users\MightyDubster\Documents\Projects\pygmyos.code\bootv2\pygmy_fpec.o
 .comment       0x00000000       0x2b C:\Users\MightyDubster\Documents\Projects\pygmyos.code\bootv2\pygmy_rf.o
 .comment       0x00000000       0x2b C:\Users\MightyDubster\Documents\Projects\pygmyos.code\bootv2\pygmy_sys.o
 .comment       0x00000000       0x2b C:\Users\MightyDubster\Documents\Projects\pygmyos.code\bootv2\pygmy_xmodem.o
 .comment       0x00000000       0x2b C:\Users\MightyDubster\Documents\Projects\pygmyos.code\bootv2\pygmy_rtc.o
 .comment       0x00000000       0x2b C:\Users\MightyDubster\Documents\Projects\pygmyos.code\bootv2\pygmy_com.o
 .comment       0x00000000       0x2b C:\Users\MightyDubster\Documents\Projects\pygmyos.code\bootv2\pygmy_port.o
 .comment       0x00000000       0x2b C:\Users\MightyDubster\Documents\Projects\pygmyos.code\bootv2\pygmy_string.o
 .comment       0x00000000       0x2b C:\Users\MightyDubster\Documents\Projects\pygmyos.code\bootv2\pygmy_nvic.o
 .comment       0x00000000       0x2b C:\Users\MightyDubster\Documents\Projects\pygmyos.code\bootv2\pygmy_socket.o
 .comment       0x00000000       0x2b C:\Users\MightyDubster\Documents\Projects\pygmyos.code\bootv2\sst25vf.o
 .comment       0x00000000       0x2b C:\Users\MightyDubster\Documents\Projects\pygmyos.code\bootv2\pygmy_pfat.o
 .comment       0x0000002a       0x2a C:\Program Files (x86)\Raisonance\Ride\Lib\ARM\std_sbrk_thumb.lib(sbrk.o)

.debug
 *(.debug)

.line
 *(.line)

.debug_srcinfo
 *(.debug_srcinfo)

.debug_sfnames
 *(.debug_sfnames)

.debug_aranges
 *(.debug_aranges)

.debug_pubnames
 *(.debug_pubnames)

.debug_info
 *(.debug_info .gnu.linkonce.wi.*)

.debug_abbrev
 *(.debug_abbrev)

.debug_line
 *(.debug_line)

.debug_frame
 *(.debug_frame)

.debug_str
 *(.debug_str)

.debug_loc
 *(.debug_loc)

.debug_macinfo
 *(.debug_macinfo)

.debug_weaknames
 *(.debug_weaknames)

.debug_funcnames
 *(.debug_funcnames)

.debug_typenames
 *(.debug_typenames)

.debug_varnames
 *(.debug_varnames)
START GROUP
LOAD c:/program files (x86)/raisonance/ride/arm-gcc/bin/../lib/gcc/arm-none-eabi/4.5.1/thumb2\libgcc.a
LOAD c:/program files (x86)/raisonance/ride/arm-gcc/bin/../lib/gcc/arm-none-eabi/4.5.1/../../../../arm-none-eabi/lib/thumb2\libc.a
END GROUP
OUTPUT(C:\Users\MightyDubster\Documents\Projects\pygmyos.code\bootv2\Boot.elf elf32-littlearm)
