Archive member included because of file (symbol)

c:/program files (x86)/raisonance/ride/arm-gcc/bin/../lib/gcc/arm-none-eabi/4.5.1/../../../../arm-none-eabi/lib/thumb2\libc.a(lib_a-malloc.o)
                              C:\Users\MightyDubster\Documents\Projects\pygmyos.code\bootv2\pygmy_sys.o (malloc)
c:/program files (x86)/raisonance/ride/arm-gcc/bin/../lib/gcc/arm-none-eabi/4.5.1/../../../../arm-none-eabi/lib/thumb2\libc.a(lib_a-mallocr.o)
                              c:/program files (x86)/raisonance/ride/arm-gcc/bin/../lib/gcc/arm-none-eabi/4.5.1/../../../../arm-none-eabi/lib/thumb2\libc.a(lib_a-malloc.o) (_malloc_r)
c:/program files (x86)/raisonance/ride/arm-gcc/bin/../lib/gcc/arm-none-eabi/4.5.1/../../../../arm-none-eabi/lib/thumb2\libc.a(lib_a-mlock.o)
                              c:/program files (x86)/raisonance/ride/arm-gcc/bin/../lib/gcc/arm-none-eabi/4.5.1/../../../../arm-none-eabi/lib/thumb2\libc.a(lib_a-mallocr.o) (__malloc_lock)
c:/program files (x86)/raisonance/ride/arm-gcc/bin/../lib/gcc/arm-none-eabi/4.5.1/../../../../arm-none-eabi/lib/thumb2\libc.a(lib_a-realloc.o)
                              C:\Users\MightyDubster\Documents\Projects\pygmyos.code\bootv2\pygmy_sys.o (realloc)
c:/program files (x86)/raisonance/ride/arm-gcc/bin/../lib/gcc/arm-none-eabi/4.5.1/../../../../arm-none-eabi/lib/thumb2\libc.a(lib_a-reallocr.o)
                              c:/program files (x86)/raisonance/ride/arm-gcc/bin/../lib/gcc/arm-none-eabi/4.5.1/../../../../arm-none-eabi/lib/thumb2\libc.a(lib_a-realloc.o) (_realloc_r)
c:/program files (x86)/raisonance/ride/arm-gcc/bin/../lib/gcc/arm-none-eabi/4.5.1/../../../../arm-none-eabi/lib/thumb2\libc.a(lib_a-s_modf.o)
                              C:\Users\MightyDubster\Documents\Projects\pygmyos.code\bootv2\pygmy_string.o (modf)
c:/program files (x86)/raisonance/ride/arm-gcc/bin/../lib/gcc/arm-none-eabi/4.5.1/../../../../arm-none-eabi/lib/thumb2\libc.a(lib_a-sbrkr.o)
                              c:/program files (x86)/raisonance/ride/arm-gcc/bin/../lib/gcc/arm-none-eabi/4.5.1/../../../../arm-none-eabi/lib/thumb2\libc.a(lib_a-mallocr.o) (_sbrk_r)
c:/program files (x86)/raisonance/ride/arm-gcc/bin/../lib/gcc/arm-none-eabi/4.5.1/../../../../arm-none-eabi/lib/thumb2\libc.a(lib_a-freer.o)
                              c:/program files (x86)/raisonance/ride/arm-gcc/bin/../lib/gcc/arm-none-eabi/4.5.1/../../../../arm-none-eabi/lib/thumb2\libc.a(lib_a-malloc.o) (_free_r)
c:/program files (x86)/raisonance/ride/arm-gcc/bin/../lib/gcc/arm-none-eabi/4.5.1/../../../../arm-none-eabi/lib/thumb2\libc.a(lib_a-impure.o)
                              c:/program files (x86)/raisonance/ride/arm-gcc/bin/../lib/gcc/arm-none-eabi/4.5.1/../../../../arm-none-eabi/lib/thumb2\libc.a(lib_a-malloc.o) (_impure_ptr)
c:/program files (x86)/raisonance/ride/arm-gcc/bin/../lib/gcc/arm-none-eabi/4.5.1/../../../../arm-none-eabi/lib/thumb2\libc.a(lib_a-memmove.o)
                              c:/program files (x86)/raisonance/ride/arm-gcc/bin/../lib/gcc/arm-none-eabi/4.5.1/../../../../arm-none-eabi/lib/thumb2\libc.a(lib_a-reallocr.o) (memmove)
c:/program files (x86)/raisonance/ride/arm-gcc/bin/../lib/gcc/arm-none-eabi/4.5.1/../../../../arm-none-eabi/lib/thumb2\libc.a(lib_a-reent.o)
                              c:/program files (x86)/raisonance/ride/arm-gcc/bin/../lib/gcc/arm-none-eabi/4.5.1/../../../../arm-none-eabi/lib/thumb2\libc.a(lib_a-sbrkr.o) (errno)
C:\Program Files (x86)\Raisonance\Ride\Lib\ARM\std_sbrk_thumb.lib(sbrk.o)
                              c:/program files (x86)/raisonance/ride/arm-gcc/bin/../lib/gcc/arm-none-eabi/4.5.1/../../../../arm-none-eabi/lib/thumb2\libc.a(lib_a-sbrkr.o) (_sbrk)
c:/program files (x86)/raisonance/ride/arm-gcc/bin/../lib/gcc/arm-none-eabi/4.5.1/thumb2\libgcc.a(_arm_addsubdf3.o)
                              c:/program files (x86)/raisonance/ride/arm-gcc/bin/../lib/gcc/arm-none-eabi/4.5.1/../../../../arm-none-eabi/lib/thumb2\libc.a(lib_a-s_modf.o) (__aeabi_dsub)
c:/program files (x86)/raisonance/ride/arm-gcc/bin/../lib/gcc/arm-none-eabi/4.5.1/thumb2\libgcc.a(_arm_muldivdf3.o)
                              C:\Users\MightyDubster\Documents\Projects\pygmyos.code\bootv2\pygmy_string.o (__aeabi_dmul)
c:/program files (x86)/raisonance/ride/arm-gcc/bin/../lib/gcc/arm-none-eabi/4.5.1/thumb2\libgcc.a(_arm_cmpdf2.o)
                              C:\Users\MightyDubster\Documents\Projects\pygmyos.code\bootv2\pygmy_string.o (__aeabi_dcmplt)
c:/program files (x86)/raisonance/ride/arm-gcc/bin/../lib/gcc/arm-none-eabi/4.5.1/thumb2\libgcc.a(_arm_fixdfsi.o)
                              C:\Users\MightyDubster\Documents\Projects\pygmyos.code\bootv2\pygmy_string.o (__aeabi_d2iz)
c:/program files (x86)/raisonance/ride/arm-gcc/bin/../lib/gcc/arm-none-eabi/4.5.1/thumb2\libgcc.a(_arm_fixunsdfsi.o)
                              C:\Users\MightyDubster\Documents\Projects\pygmyos.code\bootv2\pygmy_string.o (__aeabi_d2uiz)
[...]
Memory Configuration

Name             Origin             Length             Attributes
RAM              0x20000000         0x00002000         xrw
FLASH            0x08000000         0x00008000         xr
HEAP             0x20004000         0x00014000         xrw
STARTFLASH       0x00000000         0x00000000         xr
CRPPATCH         0x00000000         0x00000000         r
FLASHPATCH       0x00000000         0x00000000         r
ENDFLASH         0x00000000         0x00000000         xr
FLASHB1          0x00000000         0x00000000         xr
EXTMEMB0         0x00000000         0x00000000         xr
EXTMEMB1         0x00000000         0x00000000         xr
EXTMEMB2         0x00000000         0x00000000         xr
EXTMEMB3         0x00000000         0x00000000         xr
*default*        0x00000000         0xffffffff

Linker script and memory map

LOAD C:\Program Files (x86)\Raisonance\Ride\lib\ARM\startup_stm32f10x_hd.o
LOAD C:\Users\MightyDubster\Documents\Projects\pygmyos.code\bootv2\main.o
LOAD C:\Users\MightyDubster\Documents\Projects\pygmyos.code\bootv2\pygmy_fpec.o
LOAD C:\Users\MightyDubster\Documents\Projects\pygmyos.code\bootv2\pygmy_rf.o
LOAD C:\Users\MightyDubster\Documents\Projects\pygmyos.code\bootv2\pygmy_sys.o
LOAD C:\Users\MightyDubster\Documents\Projects\pygmyos.code\bootv2\pygmy_xmodem.o
LOAD C:\Users\MightyDubster\Documents\Projects\pygmyos.code\bootv2\pygmy_rtc.o
LOAD C:\Users\MightyDubster\Documents\Projects\pygmyos.code\bootv2\pygmy_com.o
LOAD C:\Users\MightyDubster\Documents\Projects\pygmyos.code\bootv2\pygmy_port.o
LOAD C:\Users\MightyDubster\Documents\Projects\pygmyos.code\bootv2\pygmy_string.o
LOAD C:\Users\MightyDubster\Documents\Projects\pygmyos.code\bootv2\pygmy_nvic.o
LOAD C:\Users\MightyDubster\Documents\Projects\pygmyos.code\bootv2\pygmy_socket.o
LOAD C:\Users\MightyDubster\Documents\Projects\pygmyos.code\bootv2\sst25vf.o
LOAD C:\Users\MightyDubster\Documents\Projects\pygmyos.code\bootv2\pygmy_pfat.o
START GROUP
LOAD C:\Program Files (x86)\Raisonance\Ride\Lib\ARM\std_sbrk_thumb.lib
LOAD C:\Program Files (x86)\Raisonance\Ride\Lib\ARM\smallprintf_thumb.a
LOAD c:/program files (x86)/raisonance/ride/arm-gcc/bin/../lib/gcc/arm-none-eabi/4.5.1/../../../../arm-none-eabi/lib/thumb2\libc.a
LOAD c:/program files (x86)/raisonance/ride/arm-gcc/bin/../lib/gcc/arm-none-eabi/4.5.1/../../../../arm-none-eabi/lib/thumb2\libm.a
END GROUP
                0x00000400                __Stack_Size = 0x400
                0x00000400                PROVIDE (_Stack_Size, __Stack_Size)
                0x20013c00                __Stack_Init = (_estack - __Stack_Size)
                0x20013c00                PROVIDE (_Stack_Init, __Stack_Init)
                0x00000100                _Minimum_Stack_Size = 0x100
                0x00000000                PROVIDE (Undefined_Handler, 0x0)
                0x00000000                PROVIDE (SWI_Handler, 0x0)
                0x00000000                PROVIDE (IRQ_Handler, 0x0)
                0x00000000                PROVIDE (Prefetch_Handler, 0x0)
                0x00000000                PROVIDE (Abort_Handler, 0x0)
                0x00000000                PROVIDE (FIQ_Handler, 0x0)
                0x00000000                PROVIDE (NMIException, 0x0)
                0x00000000                PROVIDE (NMI_Handler, 0x0)
                0x00000000                PROVIDE (HardFaultException, 0x0)
                0x00000000                PROVIDE (HardFault_Handler, 0x0)
                0x00000000                PROVIDE (MemManageException, 0x0)
                0x00000000                PROVIDE (MemManage_Handler, 0x0)
                0x00000000                PROVIDE (BusFaultException, 0x0)
                0x00000000                PROVIDE (BusFault_Handler, 0x0)
                0x00000000                PROVIDE (UsageFaultException, 0x0)
                0x00000000                PROVIDE (UsageFault_Handler, 0x0)
                0x00000000                PROVIDE (SVCHandler, 0x0)
                0x00000000                PROVIDE (SVC_Handler, 0x0)
                0x00000000                PROVIDE (DebugMonitor, 0x0)
                0x00000000                PROVIDE (DebugMon_Handler, 0x0)
                0x00000000                PROVIDE (PendSVC, 0x0)
                0x00000000                PROVIDE (PendSV_Handler, 0x0)
                0x00000000                PROVIDE (SysTickHandler, 0x0)
                0x00000000                PROVIDE (SysTick_Handler, 0x0)
                0x00000000                PROVIDE (WWDG_IRQHandler, 0x0)
                0x00000000                PROVIDE (PVD_IRQHandler, 0x0)
                0x00000000                PROVIDE (TAMPER_IRQHandler, 0x0)
                0x00000000                PROVIDE (RTC_IRQHandler, 0x0)
                0x00000000                PROVIDE (FLASH_IRQHandler, 0x0)
                0x00000000                PROVIDE (RCC_IRQHandler, 0x0)
                0x00000000                PROVIDE (EXTI0_IRQHandler, 0x0)
                0x00000000                PROVIDE (EXTI1_IRQHandler, 0x0)
                0x00000000                PROVIDE (EXTI2_IRQHandler, 0x0)
                0x00000000                PROVIDE (EXTI3_IRQHandler, 0x0)
                0x00000000                PROVIDE (EXTI4_IRQHandler, 0x0)
                0x00000000                PROVIDE (DMAChannel1_IRQHandler, 0x0)
                0x00000000                PROVIDE (DMAChannel2_IRQHandler, 0x0)
                0x00000000                PROVIDE (DMAChannel3_IRQHandler, 0x0)
                0x00000000                PROVIDE (DMAChannel4_IRQHandler, 0x0)
                0x00000000                PROVIDE (DMAChannel5_IRQHandler, 0x0)
                0x00000000                PROVIDE (DMAChannel6_IRQHandler, 0x0)
                0x00000000                PROVIDE (DMAChannel7_IRQHandler, 0x0)
                0x00000000                PROVIDE (DMA1_Channel1_IRQHandler, 0x0)
                0x00000000                PROVIDE (DMA1_Channel2_IRQHandler, 0x0)
                0x00000000                PROVIDE (DMA1_Channel3_IRQHandler, 0x0)
                0x00000000                PROVIDE (DMA1_Channel4_IRQHandler, 0x0)
                0x00000000                PROVIDE (DMA1_Channel5_IRQHandler, 0x0)
                0x00000000                PROVIDE (DMA1_Channel6_IRQHandler, 0x0)
                0x00000000                PROVIDE (DMA1_Channel7_IRQHandler, 0x0)
                0x00000000                PROVIDE (ADC_IRQHandler, 0x0)
                0x00000000                PROVIDE (ADC1_2_IRQHandler, 0x0)
                0x00000000                PROVIDE (USB_HP_CAN_TX_IRQHandler, 0x0)
                0x00000000                PROVIDE (USB_HP_CAN1_TX_IRQHandler, 0x0)
                0x00000000                PROVIDE (USB_LP_CAN_RX0_IRQHandler, 0x0)
                0x00000000                PROVIDE (USB_LP_CAN1_RX0_IRQHandler, 0x0)
                0x00000000                PROVIDE (CAN_RX1_IRQHandler, 0x0)
                0x00000000                PROVIDE (CAN1_RX1_IRQHandler, 0x0)
                0x00000000                PROVIDE (CAN_SCE_IRQHandler, 0x0)
                0x00000000                PROVIDE (CAN1_SCE_IRQHandler, 0x0)
                0x00000000                PROVIDE (EXTI9_5_IRQHandler, 0x0)
                0x00000000                PROVIDE (TIM1_BRK_IRQHandler, 0x0)
                0x00000000                PROVIDE (TIM1_UP_IRQHandler, 0x0)
                0x00000000                PROVIDE (TIM1_TRG_COM_IRQHandler, 0x0)
                0x00000000                PROVIDE (TIM1_CC_IRQHandler, 0x0)
                0x00000000                PROVIDE (TIM2_IRQHandler, 0x0)
                0x00000000                PROVIDE (TIM3_IRQHandler, 0x0)
                0x00000000                PROVIDE (TIM4_IRQHandler, 0x0)
                0x00000000                PROVIDE (I2C1_EV_IRQHandler, 0x0)
                0x00000000                PROVIDE (I2C1_ER_IRQHandler, 0x0)
                0x00000000                PROVIDE (I2C2_EV_IRQHandler, 0x0)
                0x00000000                PROVIDE (I2C2_ER_IRQHandler, 0x0)
                0x00000000                PROVIDE (SPI1_IRQHandler, 0x0)
                0x00000000                PROVIDE (SPI2_IRQHandler, 0x0)
                0x00000000                PROVIDE (USART1_IRQHandler, 0x0)
                0x00000000                PROVIDE (USART2_IRQHandler, 0x0)
                0x00000000                PROVIDE (USART3_IRQHandler, 0x0)
                0x00000000                PROVIDE (EXTI15_10_IRQHandler, 0x0)
                0x00000000                PROVIDE (RTCAlarm_IRQHandler, 0x0)
                0x00000000                PROVIDE (USBWakeUp_IRQHandler, 0x0)
                0x00000000                PROVIDE (TIM8_BRK_IRQHandler, 0x0)
                0x00000000                PROVIDE (TIM8_UP_IRQHandler, 0x0)
                0x00000000                PROVIDE (TIM8_TRG_COM_IRQHandler, 0x0)
                0x00000000                PROVIDE (TIM8_CC_IRQHandler, 0x0)
                0x00000000                PROVIDE (ADC3_IRQHandler, 0x0)
                0x00000000                PROVIDE (FSMC_IRQHandler, 0x0)
                0x00000000                PROVIDE (SDIO_IRQHandler, 0x0)
                0x00000000                PROVIDE (TIM5_IRQHandler, 0x0)
                0x00000000                PROVIDE (SPI3_IRQHandler, 0x0)
                0x00000000                PROVIDE (UART4_IRQHandler, 0x0)
                0x00000000                PROVIDE (UART5_IRQHandler, 0x0)
                0x00000000                PROVIDE (TIM6_IRQHandler, 0x0)
                0x00000000                PROVIDE (TIM7_IRQHandler, 0x0)
                0x00000000                PROVIDE (DMA2_Channel1_IRQHandler, 0x0)
                0x00000000                PROVIDE (DMA2_Channel2_IRQHandler, 0x0)
                0x00000000                PROVIDE (DMA2_Channel3_IRQHandler, 0x0)
                0x00000000                PROVIDE (DMA2_Channel4_5_IRQHandler, 0x0)
                0x42000000                PERIPH_BB_BASE = 0x42000000
                0x22000000                SRAM_BB_BASE = 0x22000000
                0x20000000                SRAM_BASE = 0x20000000
                0x40000000                PERIPH_BASE = 0x40000000
                0x40022000                PROVIDE (FLASH_BASE, 0x40022000)
                0x1ffff800                PROVIDE (OB_BASE, 0x1ffff800)
                0x40000000                APB1PERIPH_BASE = PERIPH_BASE
                0x40010000                APB2PERIPH_BASE = (PERIPH_BASE + 0x10000)
                0x40020000                AHBPERIPH_BASE = (PERIPH_BASE + 0x20000)
                0x40000000                PROVIDE (TIM2, (APB1PERIPH_BASE + 0x0))
                0x40000400                PROVIDE (TIM3, (APB1PERIPH_BASE + 0x400))
                0x40000800                PROVIDE (TIM4, (APB1PERIPH_BASE + 0x800))
                0x40002800                PROVIDE (RTC, (APB1PERIPH_BASE + 0x2800))
                0x40002c00                PROVIDE (WWDG, (APB1PERIPH_BASE + 0x2c00))
                0x40003000                PROVIDE (IWDG, (APB1PERIPH_BASE + 0x3000))
                0x40003800                PROVIDE (SPI2, (APB1PERIPH_BASE + 0x3800))
                0x40004400                PROVIDE (USART2, (APB1PERIPH_BASE + 0x4400))
                0x40004800                PROVIDE (USART3, (APB1PERIPH_BASE + 0x4800))
                0x40005400                PROVIDE (I2C1, (APB1PERIPH_BASE + 0x5400))
                0x40005800                PROVIDE (I2C2, (APB1PERIPH_BASE + 0x5800))
                0x40006400                PROVIDE (CAN, (APB1PERIPH_BASE + 0x6400))
                0x40006c00                PROVIDE (BKP, (APB1PERIPH_BASE + 0x6c00))
                0x40007000                PROVIDE (PWR, (APB1PERIPH_BASE + 0x7000))
                0x40010000                PROVIDE (AFIO, (APB2PERIPH_BASE + 0x0))
                0x40010400                PROVIDE (EXTI, (APB2PERIPH_BASE + 0x400))
                0x40010800                PROVIDE (GPIOA, (APB2PERIPH_BASE + 0x800))
                0x40010c00                PROVIDE (GPIOB, (APB2PERIPH_BASE + 0xc00))
                0x40011000                PROVIDE (GPIOC, (APB2PERIPH_BASE + 0x1000))
                0x40011400                PROVIDE (GPIOD, (APB2PERIPH_BASE + 0x1400))
                0x40011800                PROVIDE (GPIOE, (APB2PERIPH_BASE + 0x1800))
                0x40012400                PROVIDE (ADC1, (APB2PERIPH_BASE + 0x2400))
                0x40012800                PROVIDE (ADC2, (APB2PERIPH_BASE + 0x2800))
                0x40012c00                PROVIDE (TIM1, (APB2PERIPH_BASE + 0x2c00))
                0x40013000                PROVIDE (SPI1, (APB2PERIPH_BASE + 0x3000))
                0x40013800                PROVIDE (USART1, (APB2PERIPH_BASE + 0x3800))
                0x40020000                PROVIDE (DMA, (AHBPERIPH_BASE + 0x0))
                0x40020008                PROVIDE (DMA_Channel1, (AHBPERIPH_BASE + 0x8))
                0x4002001c                PROVIDE (DMA_Channel2, (AHBPERIPH_BASE + 0x1c))
                0x40020030                PROVIDE (DMA_Channel3, (AHBPERIPH_BASE + 0x30))
                0x40020044                PROVIDE (DMA_Channel4, (AHBPERIPH_BASE + 0x44))
                0x40020058                PROVIDE (DMA_Channel5, (AHBPERIPH_BASE + 0x58))
                0x4002006c                PROVIDE (DMA_Channel6, (AHBPERIPH_BASE + 0x6c))
                0x40020080                PROVIDE (DMA_Channel7, (AHBPERIPH_BASE + 0x80))
                0x40021000                PROVIDE (RCC, (AHBPERIPH_BASE + 0x1000))
                0xe000e000                SCS_BASE = 0xe000e000
                0xe000e010                PROVIDE (SysTick, (SCS_BASE + 0x10))
                0xe000e100                PROVIDE (NVIC, (SCS_BASE + 0x100))
                0xe000ed00                PROVIDE (SCB, (SCS_BASE + 0xd00))
                0x20014000                _estack = 0x20014000

.isr_vector     0x08000000      0x1e4
                0x08000000                . = ALIGN (0x4)
 *(.isr_vector)
 .isr_vector    0x08000000      0x1e4 C:\Program Files (x86)\Raisonance\Ride\lib\ARM\startup_stm32f10x_hd.o
                0x08000000                g_pfnVectors
                0x080001e4                . = ALIGN (0x4)

.flash_start    0x00000000        0x0
                0x00000000                . = ALIGN (0x4)
 *(.flash_start)
 *(.flash_start.*)
                0x00000000                . = ALIGN (0x4)

.crp_patch      0x00000000        0x0
                0x00000000                . = ALIGN (0x4)
 *(.crp_patch)
                0x00000000                . = ALIGN (0x4)

.flashtext      0x080001e4        0x0
                0x080001e4                . = ALIGN (0x4)
 *(.flashtext)
                0x080001e4                . = ALIGN (0x4)

.text           0x080001e8     0x614c
                0x080001e8                . = ALIGN (0x4)
 *(.text)
 .text          0x080001e8       0x20 c:/program files (x86)/raisonance/ride/arm-gcc/bin/../lib/gcc/arm-none-eabi/4.5.1/../../../../arm-none-eabi/lib/thumb2\libc.a(lib_a-malloc.o)
                0x080001e8                malloc
                0x080001f8                free
 .text          0x08000208      0x57c c:/program files (x86)/raisonance/ride/arm-gcc/bin/../lib/gcc/arm-none-eabi/4.5.1/../../../../arm-none-eabi/lib/thumb2\libc.a(lib_a-mallocr.o)
                0x08000208                _malloc_r
 .text          0x08000784        0x8 c:/program files (x86)/raisonance/ride/arm-gcc/bin/../lib/gcc/arm-none-eabi/4.5.1/../../../../arm-none-eabi/lib/thumb2\libc.a(lib_a-mlock.o)
                0x08000784                __malloc_lock
                0x08000788                __malloc_unlock
 .text          0x0800078c       0x14 c:/program files (x86)/raisonance/ride/arm-gcc/bin/../lib/gcc/arm-none-eabi/4.5.1/../../../../arm-none-eabi/lib/thumb2\libc.a(lib_a-realloc.o)
                0x0800078c                realloc
 .text          0x080007a0      0x41c c:/program files (x86)/raisonance/ride/arm-gcc/bin/../lib/gcc/arm-none-eabi/4.5.1/../../../../arm-none-eabi/lib/thumb2\libc.a(lib_a-reallocr.o)
                0x080007a0                _realloc_r
 .text          0x08000bbc       0xe0 c:/program files (x86)/raisonance/ride/arm-gcc/bin/../lib/gcc/arm-none-eabi/4.5.1/../../../../arm-none-eabi/lib/thumb2\libc.a(lib_a-s_modf.o)
                0x08000bbc                modf
 .text          0x08000c9c       0x28 c:/program files (x86)/raisonance/ride/arm-gcc/bin/../lib/gcc/arm-none-eabi/4.5.1/../../../../arm-none-eabi/lib/thumb2\libc.a(lib_a-sbrkr.o)
                0x08000c9c                _sbrk_r
 .text          0x08000cc4      0x240 c:/program files (x86)/raisonance/ride/arm-gcc/bin/../lib/gcc/arm-none-eabi/4.5.1/../../../../arm-none-eabi/lib/thumb2\libc.a(lib_a-freer.o)
                0x08000cc4                _malloc_trim_r
                0x08000d6c                _free_r
 .text          0x08000f04       0xa0 c:/program files (x86)/raisonance/ride/arm-gcc/bin/../lib/gcc/arm-none-eabi/4.5.1/../../../../arm-none-eabi/lib/thumb2\libc.a(lib_a-memmove.o)
                0x08000f04                memmove
 .text          0x08000fa4      0x370 c:/program files (x86)/raisonance/ride/arm-gcc/bin/../lib/gcc/arm-none-eabi/4.5.1/thumb2\libgcc.a(_arm_addsubdf3.o)
                0x08000fa4                __aeabi_drsub
                0x08000fac                __aeabi_dsub
                0x08000fac                __subdf3
                0x08000fb0                __aeabi_dadd
                0x08000fb0                __adddf3
                0x08001228                __floatunsidf
                0x08001228                __aeabi_ui2d
                0x08001248                __floatsidf
                0x08001248                __aeabi_i2d
                0x0800126c                __aeabi_f2d
                0x0800126c                __extendsfdf2
                0x080012a8                __floatundidf
                0x080012a8                __aeabi_ul2d
                0x080012b8                __floatdidf
                0x080012b8                __aeabi_l2d
 .text          0x08001314      0x424 c:/program files (x86)/raisonance/ride/arm-gcc/bin/../lib/gcc/arm-none-eabi/4.5.1/thumb2\libgcc.a(_arm_muldivdf3.o)
                0x08001314                __aeabi_dmul
                0x08001314                __muldf3
                0x08001568                __divdf3
                0x08001568                __aeabi_ddiv
 .text          0x08001738      0x110 c:/program files (x86)/raisonance/ride/arm-gcc/bin/../lib/gcc/arm-none-eabi/4.5.1/thumb2\libgcc.a(_arm_cmpdf2.o)
                0x08001738                __gtdf2
                0x08001738                __gedf2
                0x08001740                __ltdf2
                0x08001740                __ledf2
                0x08001748                __nedf2
                0x08001748                __eqdf2
                0x08001748                __cmpdf2
                0x080017c4                __aeabi_cdrcmple
                0x080017d4                __aeabi_cdcmpeq
                0x080017d4                __aeabi_cdcmple
                0x080017e4                __aeabi_dcmpeq
                0x080017f8                __aeabi_dcmplt
                0x0800180c                __aeabi_dcmple
                0x08001820                __aeabi_dcmpge
                0x08001834                __aeabi_dcmpgt
 .text          0x08001848       0x50 c:/program files (x86)/raisonance/ride/arm-gcc/bin/../lib/gcc/arm-none-eabi/4.5.1/thumb2\libgcc.a(_arm_fixdfsi.o)
                0x08001848                __aeabi_d2iz
                0x08001848                __fixdfsi
 .text          0x08001898       0x40 c:/program files (x86)/raisonance/ride/arm-gcc/bin/../lib/gcc/arm-none-eabi/4.5.1/thumb2\libgcc.a(_arm_fixunsdfsi.o)
                0x08001898                __aeabi_d2uiz
                0x08001898                __fixunsdfsi
 .text          0x080018d8       0x38 c:/program files (x86)/raisonance/ride/arm-gcc/bin/../lib/gcc/arm-none-eabi/4.5.1/thumb2\libgcc.a(_aeabi_ldivmod.o)
                0x080018d8                __aeabi_ldivmod
 .text          0x08001910       0x2c c:/program files (x86)/raisonance/ride/arm-gcc/bin/../lib/gcc/arm-none-eabi/4.5.1/thumb2\libgcc.a(_aeabi_uldivmod.o)
                0x08001910                __aeabi_uldivmod
 .text          0x0800193c       0x60 c:/program files (x86)/raisonance/ride/arm-gcc/bin/../lib/gcc/arm-none-eabi/4.5.1/thumb2\libgcc.a(bpabi.o)
                0x0800193c                __gnu_ldivmod_helper
                0x0800196c                __gnu_uldivmod_helper
 .text          0x0800199c        0x4 c:/program files (x86)/raisonance/ride/arm-gcc/bin/../lib/gcc/arm-none-eabi/4.5.1/thumb2\libgcc.a(_dvmd_tls.o)
                0x0800199c                __aeabi_idiv0
                0x0800199c                __aeabi_ldiv0
 .text          0x080019a0      0x364 c:/program files (x86)/raisonance/ride/arm-gcc/bin/../lib/gcc/arm-none-eabi/4.5.1/thumb2\libgcc.a(_divdi3.o)
                0x080019a0                __divdi3
 .text          0x08001d04      0x314 c:/program files (x86)/raisonance/ride/arm-gcc/bin/../lib/gcc/arm-none-eabi/4.5.1/thumb2\libgcc.a(_udivdi3.o)
                0x08001d04                __udivdi3
 .text          0x08002018      0x278 c:/program files (x86)/raisonance/ride/arm-gcc/bin/../lib/gcc/arm-none-eabi/4.5.1/thumb2\libgcc.a(_udivsi3.o)
                0x08002018                __aeabi_uidiv
                0x08002018                __udivsi3
                0x08002274                __aeabi_uidivmod
 *(.text.*)
 .text.Reset_Handler
                0x08002290       0x50 C:\Program Files (x86)\Raisonance\Ride\lib\ARM\startup_stm32f10x_hd.o
                0x08002290                Reset_Handler
 .text.SystemInit_ExtMemCtl_Dummy
                0x080022e0        0x2 C:\Program Files (x86)\Raisonance\Ride\lib\ARM\startup_stm32f10x_hd.o
                0x080022e0                SystemInit_ExtMemCtl
                0x080022e0                SystemInit_ExtMemCtl_Dummy
 .text.Default_Handler
                0x080022e2        0x2 C:\Program Files (x86)\Raisonance\Ride\lib\ARM\startup_stm32f10x_hd.o
                0x080022e2                TIM8_TRG_COM_IRQHandler
                0x080022e2                TIM8_CC_IRQHandler
                0x080022e2                DebugMon_Handler
                0x080022e2                TIM1_CC_IRQHandler
                0x080022e2                HardFault_Handler
                0x080022e2                TIM6_IRQHandler
                0x080022e2                PVD_IRQHandler
                0x080022e2                SDIO_IRQHandler
                0x080022e2                PendSV_Handler
                0x080022e2                NMI_Handler
                0x080022e2                UsageFault_Handler
                0x080022e2                ADC1_2_IRQHandler
                0x080022e2                SPI1_IRQHandler
                0x080022e2                TAMPER_IRQHandler
                0x080022e2                TIM8_UP_IRQHandler
                0x080022e2                DMA2_Channel2_IRQHandler
                0x080022e2                DMA1_Channel4_IRQHandler
                0x080022e2                RTC_IRQHandler
                0x080022e2                DMA1_Channel7_IRQHandler
                0x080022e2                CAN1_RX1_IRQHandler
                0x080022e2                UART5_IRQHandler
                0x080022e2                ADC3_IRQHandler
                0x080022e2                TIM4_IRQHandler
                0x080022e2                DMA2_Channel1_IRQHandler
                0x080022e2                I2C1_EV_IRQHandler
                0x080022e2                DMA1_Channel6_IRQHandler
                0x080022e2                UART4_IRQHandler
                0x080022e2                TIM3_IRQHandler
                0x080022e2                RCC_IRQHandler
                0x080022e2                TIM1_TRG_COM_IRQHandler
                0x080022e2                DMA1_Channel1_IRQHandler
                0x080022e2                Default_Handler
                0x080022e2                TIM7_IRQHandler
                0x080022e2                TIM5_IRQHandler
                0x080022e2                SPI2_IRQHandler
                0x080022e2                MemManage_Handler
                0x080022e2                SVC_Handler
                0x080022e2                DMA1_Channel5_IRQHandler
                0x080022e2                USB_LP_CAN1_RX0_IRQHandler
                0x080022e2                USB_HP_CAN1_TX_IRQHandler
                0x080022e2                DMA1_Channel3_IRQHandler
                0x080022e2                FSMC_IRQHandler
                0x080022e2                WWDG_IRQHandler
                0x080022e2                TIM2_IRQHandler
                0x080022e2                TIM1_BRK_IRQHandler
                0x080022e2                RTCAlarm_IRQHandler
                0x080022e2                DMA2_Channel4_5_IRQHandler
                0x080022e2                USART2_IRQHandler
                0x080022e2                DMA1_Channel2_IRQHandler
                0x080022e2                TIM8_BRK_IRQHandler
                0x080022e2                CAN1_SCE_IRQHandler
                0x080022e2                FLASH_IRQHandler
                0x080022e2                BusFault_Handler
                0x080022e2                USART1_IRQHandler
                0x080022e2                SPI3_IRQHandler
                0x080022e2                USBWakeUp_IRQHandler
                0x080022e2                DMA2_Channel3_IRQHandler
 .text.cmd_rmdir
                0x080022e4        0x2 C:\Users\MightyDubster\Documents\Projects\pygmyos.code\bootv2\main.o
                0x080022e4                cmd_rmdir
 *fill*         0x080022e6        0x2 00
 .text.cmdReset
                0x080022e8       0x10 C:\Users\MightyDubster\Documents\Projects\pygmyos.code\bootv2\main.o
                0x080022e8                cmdReset
 .text.cmdMv    0x080022f8       0x24 C:\Users\MightyDubster\Documents\Projects\pygmyos.code\bootv2\main.o
                0x080022f8                cmdMv
 .text.cmdLs    0x0800231c       0x78 C:\Users\MightyDubster\Documents\Projects\pygmyos.code\bootv2\main.o
                0x0800231c                cmdLs
 .text.cmd_cd   0x08002394       0x10 C:\Users\MightyDubster\Documents\Projects\pygmyos.code\bootv2\main.o
                0x08002394                cmd_cd
 .text.cmd_mkdir
                0x080023a4       0x12 C:\Users\MightyDubster\Documents\Projects\pygmyos.code\bootv2\main.o
                0x080023a4                cmd_mkdir
 .text.cmd_new  0x080023b6       0x12 C:\Users\MightyDubster\Documents\Projects\pygmyos.code\bootv2\main.o
                0x080023b6                cmd_new
 .text.cmdRm    0x080023c8       0x10 C:\Users\MightyDubster\Documents\Projects\pygmyos.code\bootv2\main.o
                0x080023c8                cmdRm
 .text.cmdRead  0x080023d8       0x7c C:\Users\MightyDubster\Documents\Projects\pygmyos.code\bootv2\main.o
                0x080023d8                cmdRead
 .text.cmdSend  0x08002454       0x18 C:\Users\MightyDubster\Documents\Projects\pygmyos.code\bootv2\main.o
                0x08002454                cmdSend
 .text.cmdRecv  0x0800246c       0x18 C:\Users\MightyDubster\Documents\Projects\pygmyos.code\bootv2\main.o
                0x0800246c                cmdRecv
 .text.cmdRFPut
                0x08002484       0x2e C:\Users\MightyDubster\Documents\Projects\pygmyos.code\bootv2\main.o
                0x08002484                cmdRFPut
 .text.cmdRFGet
                0x080024b2       0x2e C:\Users\MightyDubster\Documents\Projects\pygmyos.code\bootv2\main.o
                0x080024b2                cmdRFGet
 .text.cmdFormat
                0x080024e0       0x18 C:\Users\MightyDubster\Documents\Projects\pygmyos.code\bootv2\main.o
                0x080024e0                cmdFormat
 .text.cmdErase
                0x080024f8       0x18 C:\Users\MightyDubster\Documents\Projects\pygmyos.code\bootv2\main.o
                0x080024f8                cmdErase
 .text.cmd_dump
                0x08002510       0xb0 C:\Users\MightyDubster\Documents\Projects\pygmyos.code\bootv2\main.o
                0x08002510                cmd_dump
 .text.main     0x080025c0      0x1ec C:\Users\MightyDubster\Documents\Projects\pygmyos.code\bootv2\main.o
                0x080025c0                main
 .text.bootTestAndLoad
                0x080027ac       0x70 C:\Users\MightyDubster\Documents\Projects\pygmyos.code\bootv2\main.o
                0x080027ac                bootTestAndLoad
 .text.cmdBoot  0x0800281c       0x18 C:\Users\MightyDubster\Documents\Projects\pygmyos.code\bootv2\main.o
                0x0800281c                cmdBoot
 .text.putBufferUSART3
                0x08002834       0x24 C:\Users\MightyDubster\Documents\Projects\pygmyos.code\bootv2\main.o
                0x08002834                putBufferUSART3
 .text.executeCmd
                0x08002858       0x48 C:\Users\MightyDubster\Documents\Projects\pygmyos.code\bootv2\main.o
                0x08002858                executeCmd
 .text.bootGetUSART3
                0x080028a0       0xa8 C:\Users\MightyDubster\Documents\Projects\pygmyos.code\bootv2\main.o
                0x080028a0                bootGetUSART3
 .text.fpecGetID
                0x08002948       0x48 C:\Users\MightyDubster\Documents\Projects\pygmyos.code\bootv2\pygmy_fpec.o
                0x08002948                fpecGetID
 .text.fpecUnlock
                0x08002990       0x20 C:\Users\MightyDubster\Documents\Projects\pygmyos.code\bootv2\pygmy_fpec.o
                0x08002990                fpecUnlock
 .text.fpecWriteWord
                0x080029b0       0x6c C:\Users\MightyDubster\Documents\Projects\pygmyos.code\bootv2\pygmy_fpec.o
                0x080029b0                fpecWriteWord
 .text.fpecProcessIHEX
                0x08002a1c       0xac C:\Users\MightyDubster\Documents\Projects\pygmyos.code\bootv2\pygmy_fpec.o
                0x08002a1c                fpecProcessIHEX
 .text.fpecErasePage
                0x08002ac8       0xb8 C:\Users\MightyDubster\Documents\Projects\pygmyos.code\bootv2\pygmy_fpec.o
                0x08002ac8                fpecErasePage
 .text.fpecEraseProgramMemory
                0x08002b80       0x58 C:\Users\MightyDubster\Documents\Projects\pygmyos.code\bootv2\pygmy_fpec.o
                0x08002b80                fpecEraseProgramMemory
 .text.TaskException_Handler
                0x08002bd8        0x2 C:\Users\MightyDubster\Documents\Projects\pygmyos.code\bootv2\pygmy_sys.o
                0x08002bd8                TaskException_Handler
 .text.sysAllocate
                0x08002bda        0x4 C:\Users\MightyDubster\Documents\Projects\pygmyos.code\bootv2\pygmy_sys.o
                0x08002bda                sysAllocate
 .text.sysReallocate
                0x08002bde        0x4 C:\Users\MightyDubster\Documents\Projects\pygmyos.code\bootv2\pygmy_sys.o
                0x08002bde                sysReallocate
 .text.sysFree  0x08002be2        0x4 C:\Users\MightyDubster\Documents\Projects\pygmyos.code\bootv2\pygmy_sys.o
                0x08002be2                sysFree
 .text.sysGenerateBit
                0x08002be6       0x1c C:\Users\MightyDubster\Documents\Projects\pygmyos.code\bootv2\pygmy_sys.o
                0x08002be6                sysGenerateBit
 .text.sysCRC16
                0x08002c02       0x1e C:\Users\MightyDubster\Documents\Projects\pygmyos.code\bootv2\pygmy_sys.o
                0x08002c02                sysCRC16
 .text.pdiaEncode
                0x08002c20       0x78 C:\Users\MightyDubster\Documents\Projects\pygmyos.code\bootv2\pygmy_sys.o
                0x08002c20                pdiaEncode
 .text.pdiaEncodeString
                0x08002c98       0x28 C:\Users\MightyDubster\Documents\Projects\pygmyos.code\bootv2\pygmy_sys.o
                0x08002c98                pdiaEncodeString
 .text.taskDelete
                0x08002cc0       0x48 C:\Users\MightyDubster\Documents\Projects\pygmyos.code\bootv2\pygmy_sys.o
                0x08002cc0                taskDelete
 .text.taskProcess
                0x08002d08       0x60 C:\Users\MightyDubster\Documents\Projects\pygmyos.code\bootv2\pygmy_sys.o
                0x08002d08                taskProcess
 .text.print    0x08002d68      0x208 C:\Users\MightyDubster\Documents\Projects\pygmyos.code\bootv2\pygmy_sys.o
                0x08002d68                print
 .text.SysTick_Handler
                0x08002f70       0x28 C:\Users\MightyDubster\Documents\Projects\pygmyos.code\bootv2\pygmy_sys.o
                0x08002f70                SysTick_Handler
 .text.xmodemRecv
                0x08002f98       0x2a C:\Users\MightyDubster\Documents\Projects\pygmyos.code\bootv2\pygmy_xmodem.o
                0x08002f98                xmodemRecv
 .text.xmodemSend
                0x08002fc2       0x26 C:\Users\MightyDubster\Documents\Projects\pygmyos.code\bootv2\pygmy_xmodem.o
                0x08002fc2                xmodemSend
 .text.xmodemWritePacket
                0x08002fe8       0x26 C:\Users\MightyDubster\Documents\Projects\pygmyos.code\bootv2\pygmy_xmodem.o
                0x08002fe8                xmodemWritePacket
 .text.xmodemSendPacket
                0x0800300e       0x42 C:\Users\MightyDubster\Documents\Projects\pygmyos.code\bootv2\pygmy_xmodem.o
                0x0800300e                xmodemSendPacket
 .text.xmodemProcess
                0x08003050      0x114 C:\Users\MightyDubster\Documents\Projects\pygmyos.code\bootv2\pygmy_xmodem.o
                0x08003050                xmodemProcess
 .text.timeGet  0x08003164       0x14 C:\Users\MightyDubster\Documents\Projects\pygmyos.code\bootv2\pygmy_rtc.o
                0x08003164                timeGet
 .text.convertSecondsToSystemTime
                0x08003178       0xd0 C:\Users\MightyDubster\Documents\Projects\pygmyos.code\bootv2\pygmy_rtc.o
                0x08003178                convertSecondsToSystemTime
 .text.spiWriteByte
                0x08003248       0x26 C:\Users\MightyDubster\Documents\Projects\pygmyos.code\bootv2\pygmy_com.o
                0x08003248                spiWriteByte
 .text.spiWriteAddress
                0x0800326e       0x3e C:\Users\MightyDubster\Documents\Projects\pygmyos.code\bootv2\pygmy_com.o
                0x0800326e                spiWriteAddress
 .text.spiPutCommand
                0x080032ac       0x16 C:\Users\MightyDubster\Documents\Projects\pygmyos.code\bootv2\pygmy_com.o
                0x080032ac                spiPutCommand
 .text.spiReadByte
                0x080032c2       0x2c C:\Users\MightyDubster\Documents\Projects\pygmyos.code\bootv2\pygmy_com.o
                0x080032c2                spiReadByte
 .text.spiGetChar
                0x080032ee       0x2a C:\Users\MightyDubster\Documents\Projects\pygmyos.code\bootv2\pygmy_com.o
                0x080032ee                spiGetChar
 .text.spiPutChar
                0x08003318       0x2e C:\Users\MightyDubster\Documents\Projects\pygmyos.code\bootv2\pygmy_com.o
                0x08003318                spiPutChar
 .text.spiConfig
                0x08003346       0x9e C:\Users\MightyDubster\Documents\Projects\pygmyos.code\bootv2\pygmy_com.o
                0x08003346                spiConfig
 .text.I2C1_ER_IRQHandler
                0x080033e4        0x2 C:\Users\MightyDubster\Documents\Projects\pygmyos.code\bootv2\pygmy_com.o
                0x080033e4                I2C1_ER_IRQHandler
 .text.I2C2_EV_IRQHandler
                0x080033e6        0x2 C:\Users\MightyDubster\Documents\Projects\pygmyos.code\bootv2\pygmy_com.o
                0x080033e6                I2C2_EV_IRQHandler
 .text.I2C2_ER_IRQHandler
                0x080033e8        0x2 C:\Users\MightyDubster\Documents\Projects\pygmyos.code\bootv2\pygmy_com.o
                0x080033e8                I2C2_ER_IRQHandler
 *fill*         0x080033ea        0x2 00
 .text.streamReset
                0x080033ec       0x44 C:\Users\MightyDubster\Documents\Projects\pygmyos.code\bootv2\pygmy_com.o
                0x080033ec                streamReset
 .text.streamInit
                0x08003430       0x12 C:\Users\MightyDubster\Documents\Projects\pygmyos.code\bootv2\pygmy_com.o
                0x08003430                streamInit
 *fill*         0x08003442        0x2 00
 .text.streamTXChar
                0x08003444       0x40 C:\Users\MightyDubster\Documents\Projects\pygmyos.code\bootv2\pygmy_com.o
                0x08003444                streamTXChar
 .text.streamEchoChar
                0x08003484       0x24 C:\Users\MightyDubster\Documents\Projects\pygmyos.code\bootv2\pygmy_com.o
                0x08003484                streamEchoChar
 .text.streamPopChar
                0x080034a8       0x38 C:\Users\MightyDubster\Documents\Projects\pygmyos.code\bootv2\pygmy_com.o
                0x080034a8                streamPopChar
 .text.streamPushChar
                0x080034e0       0x34 C:\Users\MightyDubster\Documents\Projects\pygmyos.code\bootv2\pygmy_com.o
                0x080034e0                streamPushChar
 .text.streamSetPut
                0x08003514       0x1c C:\Users\MightyDubster\Documents\Projects\pygmyos.code\bootv2\pygmy_com.o
                0x08003514                streamSetPut
 .text.streamSetGet
                0x08003530       0x1c C:\Users\MightyDubster\Documents\Projects\pygmyos.code\bootv2\pygmy_com.o
                0x08003530                streamSetGet
 .text.streamDisableDefaultGet
                0x0800354c       0x1c C:\Users\MightyDubster\Documents\Projects\pygmyos.code\bootv2\pygmy_com.o
                0x0800354c                streamDisableDefaultGet
 .text.streamHandler
                0x08003568       0x78 C:\Users\MightyDubster\Documents\Projects\pygmyos.code\bootv2\pygmy_com.o
                0x08003568                streamHandler
 .text.USART3_IRQHandler
                0x080035e0       0x48 C:\Users\MightyDubster\Documents\Projects\pygmyos.code\bootv2\pygmy_com.o
                0x080035e0                USART3_IRQHandler
 .text.putsUSART3
                0x08003628       0x20 C:\Users\MightyDubster\Documents\Projects\pygmyos.code\bootv2\pygmy_com.o
                0x08003628                putsUSART3
 .text.pinEnablePortClock
                0x08003648       0x5c C:\Users\MightyDubster\Documents\Projects\pygmyos.code\bootv2\pygmy_port.o
                0x08003648                pinEnablePortClock
 .text.pinGetPort
                0x080036a4       0x40 C:\Users\MightyDubster\Documents\Projects\pygmyos.code\bootv2\pygmy_port.o
                0x080036a4                pinGetPort
 .text.pinSet   0x080036e4       0x6c C:\Users\MightyDubster\Documents\Projects\pygmyos.code\bootv2\pygmy_port.o
                0x080036e4                pinSet
 .text.pinConfig
                0x08003750       0x64 C:\Users\MightyDubster\Documents\Projects\pygmyos.code\bootv2\pygmy_port.o
                0x08003750                pinConfig
 .text.pinProcessSoftPWM
                0x080037b4       0x4c C:\Users\MightyDubster\Documents\Projects\pygmyos.code\bootv2\pygmy_port.o
                0x080037b4                pinProcessSoftPWM
 .text.TIM1_UP_IRQHandler
                0x08003800       0x10 C:\Users\MightyDubster\Documents\Projects\pygmyos.code\bootv2\pygmy_port.o
                0x08003800                TIM1_UP_IRQHandler
 .text.EXTI0_IRQHandler
                0x08003810       0x34 C:\Users\MightyDubster\Documents\Projects\pygmyos.code\bootv2\pygmy_port.o
                0x08003810                EXTI0_IRQHandler
 .text.EXTI1_IRQHandler
                0x08003844       0x34 C:\Users\MightyDubster\Documents\Projects\pygmyos.code\bootv2\pygmy_port.o
                0x08003844                EXTI1_IRQHandler
 .text.EXTI2_IRQHandler
                0x08003878       0x34 C:\Users\MightyDubster\Documents\Projects\pygmyos.code\bootv2\pygmy_port.o
                0x08003878                EXTI2_IRQHandler
 .text.EXTI3_IRQHandler
                0x080038ac       0x34 C:\Users\MightyDubster\Documents\Projects\pygmyos.code\bootv2\pygmy_port.o
                0x080038ac                EXTI3_IRQHandler
 .text.EXTI4_IRQHandler
                0x080038e0       0x34 C:\Users\MightyDubster\Documents\Projects\pygmyos.code\bootv2\pygmy_port.o
                0x080038e0                EXTI4_IRQHandler
 .text.EXTI9_5_IRQHandler
                0x08003914       0xe4 C:\Users\MightyDubster\Documents\Projects\pygmyos.code\bootv2\pygmy_port.o
                0x08003914                EXTI9_5_IRQHandler
 .text.EXTI15_10_IRQHandler
                0x080039f8      0x110 C:\Users\MightyDubster\Documents\Projects\pygmyos.code\bootv2\pygmy_port.o
                0x080039f8                EXTI15_10_IRQHandler
 .text.convertPinToString
                0x08003b08       0x24 C:\Users\MightyDubster\Documents\Projects\pygmyos.code\bootv2\pygmy_string.o
                0x08003b08                convertPinToString
 .text.copyBuffer
                0x08003b2c       0x12 C:\Users\MightyDubster\Documents\Projects\pygmyos.code\bootv2\pygmy_string.o
                0x08003b2c                copyBuffer
 .text.convertU16ToBuffer
                0x08003b3e       0x12 C:\Users\MightyDubster\Documents\Projects\pygmyos.code\bootv2\pygmy_string.o
                0x08003b3e                convertU16ToBuffer
 .text.convertU32ToBuffer
                0x08003b50       0x26 C:\Users\MightyDubster\Documents\Projects\pygmyos.code\bootv2\pygmy_string.o
                0x08003b50                convertU32ToBuffer
 .text.convertBufferToU32
                0x08003b76       0x30 C:\Users\MightyDubster\Documents\Projects\pygmyos.code\bootv2\pygmy_string.o
                0x08003b76                convertBufferToU32
 .text.isPrintable
                0x08003ba6        0xe C:\Users\MightyDubster\Documents\Projects\pygmyos.code\bootv2\pygmy_string.o
                0x08003ba6                isPrintable
 .text.isCharInString
                0x08003bb4       0x16 C:\Users\MightyDubster\Documents\Projects\pygmyos.code\bootv2\pygmy_string.o
                0x08003bb4                isCharInString
 .text.isAlpha  0x08003bca       0x1c C:\Users\MightyDubster\Documents\Projects\pygmyos.code\bootv2\pygmy_string.o
                0x08003bca                isAlpha
 .text.isNumeric
                0x08003be6        0xe C:\Users\MightyDubster\Documents\Projects\pygmyos.code\bootv2\pygmy_string.o
                0x08003be6                isNumeric
 .text.isAlphaOrNumeric
                0x08003bf4       0x2a C:\Users\MightyDubster\Documents\Projects\pygmyos.code\bootv2\pygmy_string.o
                0x08003bf4                isAlphaOrNumeric
 .text.isNewline
                0x08003c1e       0x1c C:\Users\MightyDubster\Documents\Projects\pygmyos.code\bootv2\pygmy_string.o
                0x08003c1e                isNewline
 .text.isWhitespace
                0x08003c3a        0xe C:\Users\MightyDubster\Documents\Projects\pygmyos.code\bootv2\pygmy_string.o
                0x08003c3a                isWhitespace
 .text.isQuote  0x08003c48       0x14 C:\Users\MightyDubster\Documents\Projects\pygmyos.code\bootv2\pygmy_string.o
                0x08003c48                isQuote
 .text.isFileSeparator
                0x08003c5c        0xc C:\Users\MightyDubster\Documents\Projects\pygmyos.code\bootv2\pygmy_string.o
                0x08003c5c                isFileSeparator
 .text.isSeparator
                0x08003c68       0x14 C:\Users\MightyDubster\Documents\Projects\pygmyos.code\bootv2\pygmy_string.o
                0x08003c68                isSeparator
 .text.isPunctuation
                0x08003c7c       0x14 C:\Users\MightyDubster\Documents\Projects\pygmyos.code\bootv2\pygmy_string.o
                0x08003c7c                isPunctuation
 .text.len      0x08003c90       0x20 C:\Users\MightyDubster\Documents\Projects\pygmyos.code\bootv2\pygmy_string.o
                0x08003c90                len
 .text.convertCharToUpper
                0x08003cb0       0x10 C:\Users\MightyDubster\Documents\Projects\pygmyos.code\bootv2\pygmy_string.o
                0x08003cb0                convertCharToUpper
 .text.isCharSameIgnoreCase
                0x08003cc0       0x1e C:\Users\MightyDubster\Documents\Projects\pygmyos.code\bootv2\pygmy_string.o
                0x08003cc0                isCharSameIgnoreCase
 .text.isStringSameIgnoreCase
                0x08003cde       0x32 C:\Users\MightyDubster\Documents\Projects\pygmyos.code\bootv2\pygmy_string.o
                0x08003cde                isStringSameIgnoreCase
 .text.isStringSame
                0x08003d10       0x34 C:\Users\MightyDubster\Documents\Projects\pygmyos.code\bootv2\pygmy_string.o
                0x08003d10                isStringSame
 .text.replaceChars
                0x08003d44       0x2c C:\Users\MightyDubster\Documents\Projects\pygmyos.code\bootv2\pygmy_string.o
                0x08003d44                replaceChars
 .text.convertCharToInt
                0x08003d70       0x30 C:\Users\MightyDubster\Documents\Projects\pygmyos.code\bootv2\pygmy_string.o
                0x08003d70                convertCharToInt
 .text.appendString
                0x08003da0       0x1c C:\Users\MightyDubster\Documents\Projects\pygmyos.code\bootv2\pygmy_string.o
                0x08003da0                appendString
 .text.copyString
                0x08003dbc       0x12 C:\Users\MightyDubster\Documents\Projects\pygmyos.code\bootv2\pygmy_string.o
                0x08003dbc                copyString
 *fill*         0x08003dce        0x2 00
 .text.getNextSubString
                0x08003dd0      0x134 C:\Users\MightyDubster\Documents\Projects\pygmyos.code\bootv2\pygmy_string.o
                0x08003dd0                getNextSubString
 .text.getAllSubStrings
                0x08003f04       0x42 C:\Users\MightyDubster\Documents\Projects\pygmyos.code\bootv2\pygmy_string.o
                0x08003f04                getAllSubStrings
 *fill*         0x08003f46        0x2 00
 .text.convertStringToInt
                0x08003f48       0xb4 C:\Users\MightyDubster\Documents\Projects\pygmyos.code\bootv2\pygmy_string.o
                0x08003f48                convertStringToInt
 .text.convertIntToString
                0x08003ffc      0x1a8 C:\Users\MightyDubster\Documents\Projects\pygmyos.code\bootv2\pygmy_string.o
                0x08003ffc                convertIntToString
 *fill*         0x080041a4        0x4 00
 .text.convertFloatToString
                0x080041a8      0x148 C:\Users\MightyDubster\Documents\Projects\pygmyos.code\bootv2\pygmy_string.o
                0x080041a8                convertFloatToString
 .text.convertHexCharToInteger
                0x080042f0       0x20 C:\Users\MightyDubster\Documents\Projects\pygmyos.code\bootv2\pygmy_string.o
                0x080042f0                convertHexCharToInteger
 .text.convertHexEncodedStringToBuffer
                0x08004310       0x2c C:\Users\MightyDubster\Documents\Projects\pygmyos.code\bootv2\pygmy_string.o
                0x08004310                convertHexEncodedStringToBuffer
 .text.socketGet
                0x0800433c       0x3c C:\Users\MightyDubster\Documents\Projects\pygmyos.code\bootv2\pygmy_socket.o
                0x0800433c                socketGet
 .text.socketOpenFromPacket
                0x08004378       0xc0 C:\Users\MightyDubster\Documents\Projects\pygmyos.code\bootv2\pygmy_socket.o
                0x08004378                socketOpenFromPacket
 .text.socketOpen
                0x08004438       0x18 C:\Users\MightyDubster\Documents\Projects\pygmyos.code\bootv2\pygmy_socket.o
                0x08004438                socketOpen
 .text.socketPayload
                0x08004450       0x80 C:\Users\MightyDubster\Documents\Projects\pygmyos.code\bootv2\pygmy_socket.o
                0x08004450                socketPayload
 .text.socketFile
                0x080044d0       0x3c C:\Users\MightyDubster\Documents\Projects\pygmyos.code\bootv2\pygmy_socket.o
                0x080044d0                socketFile
 .text.socketRequestFile
                0x0800450c       0x3c C:\Users\MightyDubster\Documents\Projects\pygmyos.code\bootv2\pygmy_socket.o
                0x0800450c                socketRequestFile
 .text.socketSendFile
                0x08004548       0x3c C:\Users\MightyDubster\Documents\Projects\pygmyos.code\bootv2\pygmy_socket.o
                0x08004548                socketSendFile
 .text.sst25vfStatus
                0x08004584       0x1e C:\Users\MightyDubster\Documents\Projects\pygmyos.code\bootv2\sst25vf.o
                0x08004584                sst25vfStatus
 *fill*         0x080045a2        0x2 00
 .text.sst25vfDesc
                0x080045a4       0xbc C:\Users\MightyDubster\Documents\Projects\pygmyos.code\bootv2\sst25vf.o
                0x080045a4                sst25vfDesc
 .text.sst25vfClose
                0x08004660        0xc C:\Users\MightyDubster\Documents\Projects\pygmyos.code\bootv2\sst25vf.o
                0x08004660                sst25vfClose
 .text.sst25vfVOpen
                0x0800466c      0x110 C:\Users\MightyDubster\Documents\Projects\pygmyos.code\bootv2\sst25vf.o
                0x0800466c                sst25vfVOpen
 .text.sst25vfOpen
                0x0800477c       0x1c C:\Users\MightyDubster\Documents\Projects\pygmyos.code\bootv2\sst25vf.o
                0x0800477c                sst25vfOpen
 .text.sst25vfGetBuffer
                0x08004798       0x3a C:\Users\MightyDubster\Documents\Projects\pygmyos.code\bootv2\sst25vf.o
                0x08004798                sst25vfGetBuffer
 .text.sst25vfGetChar
                0x080047d2        0x8 C:\Users\MightyDubster\Documents\Projects\pygmyos.code\bootv2\sst25vf.o
                0x080047d2                sst25vfGetChar
 .text.sst25vfGetLong
                0x080047da       0x5a C:\Users\MightyDubster\Documents\Projects\pygmyos.code\bootv2\sst25vf.o
                0x080047da                sst25vfGetLong
 .text.sst25vfGetWord
                0x08004834       0x2a C:\Users\MightyDubster\Documents\Projects\pygmyos.code\bootv2\sst25vf.o
                0x08004834                sst25vfGetWord
 .text.sst25vfWaitForBusy
                0x0800485e       0x30 C:\Users\MightyDubster\Documents\Projects\pygmyos.code\bootv2\sst25vf.o
                0x0800485e                sst25vfWaitForBusy
 .text.sst25vfPutChar
                0x0800488e       0x26 C:\Users\MightyDubster\Documents\Projects\pygmyos.code\bootv2\sst25vf.o
                0x0800488e                sst25vfPutChar
 .text.sst25vfPutBuffer
                0x080048b4       0x3a C:\Users\MightyDubster\Documents\Projects\pygmyos.code\bootv2\sst25vf.o
                0x080048b4                sst25vfPutBuffer
 .text.sst25vfPutLong
                0x080048ee       0x64 C:\Users\MightyDubster\Documents\Projects\pygmyos.code\bootv2\sst25vf.o
                0x080048ee                sst25vfPutLong
 .text.sst25vfPutWord
                0x08004952       0x2e C:\Users\MightyDubster\Documents\Projects\pygmyos.code\bootv2\sst25vf.o
                0x08004952                sst25vfPutWord
 .text.sst25vfEraseAll
                0x08004980       0x1c C:\Users\MightyDubster\Documents\Projects\pygmyos.code\bootv2\sst25vf.o
                0x08004980                sst25vfEraseAll
 .text.sst25vfEraseSector
                0x0800499c       0x2c C:\Users\MightyDubster\Documents\Projects\pygmyos.code\bootv2\sst25vf.o
                0x0800499c                sst25vfEraseSector
 .text.fileSetCurrentMountPoint
                0x080049c8        0xc C:\Users\MightyDubster\Documents\Projects\pygmyos.code\bootv2\pygmy_pfat.o
                0x080049c8                fileSetCurrentMountPoint
 .text.fileCopyProperties
                0x080049d4       0x2a C:\Users\MightyDubster\Documents\Projects\pygmyos.code\bootv2\pygmy_pfat.o
                0x080049d4                fileCopyProperties
 *fill*         0x080049fe        0x2 00
 .text.filePrintProperties
                0x08004a00       0xa4 C:\Users\MightyDubster\Documents\Projects\pygmyos.code\bootv2\pygmy_pfat.o
                0x08004a00                filePrintProperties
 .text.fileFindNextEmptySector
                0x08004aa4       0xe0 C:\Users\MightyDubster\Documents\Projects\pygmyos.code\bootv2\pygmy_pfat.o
                0x08004aa4                fileFindNextEmptySector
 .text.fileFindContiguousEmptySectors
                0x08004b84       0x60 C:\Users\MightyDubster\Documents\Projects\pygmyos.code\bootv2\pygmy_pfat.o
                0x08004b84                fileFindContiguousEmptySectors
 .text.fileAllocateSectors
                0x08004be4      0x154 C:\Users\MightyDubster\Documents\Projects\pygmyos.code\bootv2\pygmy_pfat.o
                0x08004be4                fileAllocateSectors
 .text.fileSeekChunk
                0x08004d38      0x100 C:\Users\MightyDubster\Documents\Projects\pygmyos.code\bootv2\pygmy_pfat.o
                0x08004d38                fileSeekChunk
 .text.fileWriteChunk
                0x08004e38       0x36 C:\Users\MightyDubster\Documents\Projects\pygmyos.code\bootv2\pygmy_pfat.o
                0x08004e38                fileWriteChunk
 .text.fileGetEntry
                0x08004e6e       0x86 C:\Users\MightyDubster\Documents\Projects\pygmyos.code\bootv2\pygmy_pfat.o
                0x08004e6e                fileGetEntry
 .text.filePrintAddress
                0x08004ef4       0x34 C:\Users\MightyDubster\Documents\Projects\pygmyos.code\bootv2\pygmy_pfat.o
                0x08004ef4                filePrintAddress
 .text.fileLoadAddress
                0x08004f28       0xd8 C:\Users\MightyDubster\Documents\Projects\pygmyos.code\bootv2\pygmy_pfat.o
                0x08004f28                fileLoadAddress
 .text.fileLoadEntry
                0x08005000      0x168 C:\Users\MightyDubster\Documents\Projects\pygmyos.code\bootv2\pygmy_pfat.o
                0x08005000                fileLoadEntry
 .text.fileMount
                0x08005168       0xd4 C:\Users\MightyDubster\Documents\Projects\pygmyos.code\bootv2\pygmy_pfat.o
                0x08005168                fileMount
 .text.fileConvertAddressToBuffer
                0x0800523c       0x2c C:\Users\MightyDubster\Documents\Projects\pygmyos.code\bootv2\pygmy_pfat.o
                0x0800523c                fileConvertAddressToBuffer
 .text.fileWriteEntry
                0x08005268      0x1c8 C:\Users\MightyDubster\Documents\Projects\pygmyos.code\bootv2\pygmy_pfat.o
                0x08005268                fileWriteEntry
 .text.fileFormat
                0x08005430       0xb8 C:\Users\MightyDubster\Documents\Projects\pygmyos.code\bootv2\pygmy_pfat.o
                0x08005430                fileFormat
 .text.fileGetMountPointCount
                0x080054e8        0xc C:\Users\MightyDubster\Documents\Projects\pygmyos.code\bootv2\pygmy_pfat.o
                0x080054e8                fileGetMountPointCount
 .text.fileGetCurrentMountPoint
                0x080054f4        0xc C:\Users\MightyDubster\Documents\Projects\pygmyos.code\bootv2\pygmy_pfat.o
                0x080054f4                fileGetCurrentMountPoint
 .text.fileSetCurrentPath
                0x08005500       0x44 C:\Users\MightyDubster\Documents\Projects\pygmyos.code\bootv2\pygmy_pfat.o
                0x08005500                fileSetCurrentPath
 .text.fileGetMountPoint
                0x08005544       0x10 C:\Users\MightyDubster\Documents\Projects\pygmyos.code\bootv2\pygmy_pfat.o
                0x08005544                fileGetMountPoint
 .text.fileSeekPath
                0x08005554      0x14c C:\Users\MightyDubster\Documents\Projects\pygmyos.code\bootv2\pygmy_pfat.o
                0x08005554                fileSeekPath
 .text.fileChangeCurrentPath
                0x080056a0      0x1a0 C:\Users\MightyDubster\Documents\Projects\pygmyos.code\bootv2\pygmy_pfat.o
                0x080056a0                fileChangeCurrentPath
 .text.fileOpen
                0x08005840      0x150 C:\Users\MightyDubster\Documents\Projects\pygmyos.code\bootv2\pygmy_pfat.o
                0x08005840                fileOpen
 .text.fileRename
                0x08005990        0x2 C:\Users\MightyDubster\Documents\Projects\pygmyos.code\bootv2\pygmy_pfat.o
                0x08005990                fileRename
 .text.fileDelete
                0x08005992        0x2 C:\Users\MightyDubster\Documents\Projects\pygmyos.code\bootv2\pygmy_pfat.o
                0x08005992                fileDelete
 .text.fileGetChar
                0x08005994        0x2 C:\Users\MightyDubster\Documents\Projects\pygmyos.code\bootv2\pygmy_pfat.o
                0x08005994                fileGetChar
 *fill*         0x08005996        0x2 00
 .text._sbrk    0x08005998       0x30 C:\Program Files (x86)\Raisonance\Ride\Lib\ARM\std_sbrk_thumb.lib(sbrk.o)
                0x08005998                _sbrk
 *(.rodata)
 .rodata        0x080059c8       0xbc C:\Users\MightyDubster\Documents\Projects\pygmyos.code\bootv2\main.o
                0x080059c8                STRID_L15X
                0x080059cd                STRID_F100
                0x080059d2                STRID_F103
                0x080059d7                BOOT_OK
                0x080059dc                BOOT_PROMPT
                0x080059e0                BOOTCOMMANDS
                0x08005a70                BOOT_ERROR
                0x08005a79                BOOT_filename
 .rodata        0x08005a84       0x60 C:\Users\MightyDubster\Documents\Projects\pygmyos.code\bootv2\pygmy_sys.o
                0x08005ad8                PYGMY_DAYSINMONTH
 .rodata        0x08005ae4      0x134 C:\Users\MightyDubster\Documents\Projects\pygmyos.code\bootv2\pygmy_string.o
                0x08005ae4                PYGMYNEBULAPINS
                0x08005bc4                PYGMYHEXCHARS
                0x08005bd4                PYGMYBASE64CHARS
 .rodata        0x08005c18       0x3c C:\Users\MightyDubster\Documents\Projects\pygmyos.code\bootv2\sst25vf.o
                0x08005c18                SST25VF
 *(.rodata*)
 .rodata.str1.1
                0x08005c54       0xb6 C:\Users\MightyDubster\Documents\Projects\pygmyos.code\bootv2\main.o
                                 0xc4 (size before relaxing)
 .rodata.str1.1
                0x08005d0a       0x21 C:\Users\MightyDubster\Documents\Projects\pygmyos.code\bootv2\pygmy_sys.o
                                 0x23 (size before relaxing)
 .rodata.str1.1
                0x00000000        0x3 C:\Users\MightyDubster\Documents\Projects\pygmyos.code\bootv2\pygmy_xmodem.o
 .rodata.str1.1
                0x00000000        0x2 C:\Users\MightyDubster\Documents\Projects\pygmyos.code\bootv2\pygmy_com.o
 .rodata.str1.1
                0x08005d2b       0xa5 C:\Users\MightyDubster\Documents\Projects\pygmyos.code\bootv2\pygmy_string.o
                                 0xb8 (size before relaxing)
 .rodata.str1.1
                0x08005dd0       0xd6 C:\Users\MightyDubster\Documents\Projects\pygmyos.code\bootv2\sst25vf.o
 .rodata.str1.1
                0x08005ea6      0x489 C:\Users\MightyDubster\Documents\Projects\pygmyos.code\bootv2\pygmy_pfat.o
                                0x4a7 (size before relaxing)
 *fill*         0x0800632f        0x1 00
 .rodata.str1.4
                0x08006330        0x4 c:/program files (x86)/raisonance/ride/arm-gcc/bin/../lib/gcc/arm-none-eabi/4.5.1/../../../../arm-none-eabi/lib/thumb2\libc.a(lib_a-impure.o)
 *(.glue_7)
 .glue_7        0x00000000        0x0 linker stubs
 *(.glue_7t)
 .glue_7t       0x00000000        0x0 linker stubs
                0x08006334                . = ALIGN (0x4)
                0x08006334                _etext = .
                0x08006334                _sidata = _etext

.vfp11_veneer   0x08006334        0x0
 .vfp11_veneer  0x00000000        0x0 linker stubs

.v4_bx          0x08006334        0x0
 .v4_bx         0x00000000        0x0 linker stubs

.flashpatch     0x00000000        0x0
                0x00000000                . = ALIGN (0x4)
 *(.flashpatch)
                0x00000000                . = ALIGN (0x4)

.endflash       0x00000000        0x0
                0x00000000                . = ALIGN (0x4)
 *(.endflash)
                0x00000000                . = ALIGN (0x4)
                0x00000000                _e_endflash = .

.data           0x20000000      0x504 load address 0x08006334
                0x20000000                . = ALIGN (0x4)
                0x20000000                _sdata = .
                0x20000000                _data = .
 *(.data)
 .data          0x20000000      0x410 c:/program files (x86)/raisonance/ride/arm-gcc/bin/../lib/gcc/arm-none-eabi/4.5.1/../../../../arm-none-eabi/lib/thumb2\libc.a(lib_a-mallocr.o)
                0x20000000                __malloc_av_
                0x20000408                __malloc_sbrk_base
                0x2000040c                __malloc_trim_threshold
 .data          0x20000410       0xf4 c:/program files (x86)/raisonance/ride/arm-gcc/bin/../lib/gcc/arm-none-eabi/4.5.1/../../../../arm-none-eabi/lib/thumb2\libc.a(lib_a-impure.o)
                0x20000410                _impure_ptr
 *(.data.*)
 *(.RAMtext)
                0x20000504                . = ALIGN (0x4)
                0x20000504                _edata = .
                0x08006838                _eidata = ((_sidata + _edata) - _sdata)
                0x08008000                _lastdataromaddress = 0x8008000
                0x00000000                toobig = (_eidata > _lastdataromaddress)?!!!!!!!!! FLASH IS FULL !!!!!!!!!:0x0

.bss            0x20000504      0x7c0 load address 0x08006838
                0x20000504                . = ALIGN (0x4)
                0x20000504                _sbss = .
                0x20000504                _bss = .
 *(.bss)
 .bss           0x20000504      0x103 C:\Users\MightyDubster\Documents\Projects\pygmyos.code\bootv2\main.o
                0x20000504                globalStatus
                0x20000505                globalBootStatus
 *fill*         0x20000607        0x1 00
 .bss           0x20000608        0xc C:\Users\MightyDubster\Documents\Projects\pygmyos.code\bootv2\pygmy_fpec.o
 .bss           0x20000614       0x28 C:\Users\MightyDubster\Documents\Projects\pygmyos.code\bootv2\pygmy_sys.o
 .bss           0x2000063c        0x8 C:\Users\MightyDubster\Documents\Projects\pygmyos.code\bootv2\pygmy_string.o
 .bss           0x20000644       0x38 C:\Users\MightyDubster\Documents\Projects\pygmyos.code\bootv2\pygmy_pfat.o
                0x20000644                globalMountPointCurrent
                0x20000648                globalMountPoints
                0x2000064c                globalMountPointCount
 .bss           0x2000067c       0x34 c:/program files (x86)/raisonance/ride/arm-gcc/bin/../lib/gcc/arm-none-eabi/4.5.1/../../../../arm-none-eabi/lib/thumb2\libc.a(lib_a-mallocr.o)
                0x2000067c                __malloc_top_pad
                0x20000680                __malloc_current_mallinfo
                0x200006a8                __malloc_max_sbrked_mem
                0x200006ac                __malloc_max_total_mem
 .bss           0x200006b0        0x4 C:\Program Files (x86)\Raisonance\Ride\Lib\ARM\std_sbrk_thumb.lib(sbrk.o)
 *(COMMON)
 COMMON         0x200006b4       0xf8 C:\Users\MightyDubster\Documents\Projects\pygmyos.code\bootv2\main.o
                0x200006b4                globalXMTimeout
                0x200006b8                globalID
                0x200006bc                globalFileLen
                0x200006c0                globalBootTimeout
                0x200006c4                pygmyXModem
                0x20000760                globalXTAL
                0x20000764                pygmyFile
                0x20000794                globalFreq
                0x20000798                globalStrID
                0x2000079c                globalTransaction
                0x200007a0                globalPLL
                0x200007a4                globalBaseAddress
                0x200007a8                globalXMCount
 COMMON         0x200007ac      0x364 C:\Users\MightyDubster\Documents\Projects\pygmyos.code\bootv2\pygmy_sys.o
                0x200007ac                pygmyGlobalMessages
                0x2000093c                pygmyGlobalData
                0x2000095c                pygmyGlobalTasks
                0x20000b00                pygmyGlobalQueues
 COMMON         0x20000b10       0xca C:\Users\MightyDubster\Documents\Projects\pygmyos.code\bootv2\pygmy_com.o
                0x20000b10                globalCOM3RXBuffer
                0x20000b90                globalStreams
                0x20000bd8                globalStreamEcho
 *fill*         0x20000bda        0x2 00
 COMMON         0x20000bdc       0xd8 C:\Users\MightyDubster\Documents\Projects\pygmyos.code\bootv2\pygmy_port.o
                0x20000bdc                globalIRQPins
                0x20000bec                globalIRQPR
                0x20000bf0                globalIRQHandlers
                0x20000c30                globalPygmyPWM
                0x20000cb0                globalPygmyPWMFreq
 COMMON         0x20000cb4        0xc C:\Users\MightyDubster\Documents\Projects\pygmyos.code\bootv2\pygmy_socket.o
                0x20000cb4                globalSockets
                0x20000cb8                globalSocketCount
                0x20000cbc                globalSocketID
 COMMON         0x20000cc0        0x4 c:/program files (x86)/raisonance/ride/arm-gcc/bin/../lib/gcc/arm-none-eabi/4.5.1/../../../../arm-none-eabi/lib/thumb2\libc.a(lib_a-reent.o)
                0x20000cc0                errno
                0x20000cc4                . = ALIGN (0x4)
                0x20000cc4                _ebss = .
                0x20000cc4                PROVIDE (end, _ebss)
                0x20000cc4                PROVIDE (_end, _ebss)

._usrstack      0x20000cc4      0x100 load address 0x08006ff8
                0x20000cc4                . = ALIGN (0x4)
                0x20000cc4                _susrstack = .
                0x20000dc4                . = (. + _Minimum_Stack_Size)
 *fill*         0x20000cc4      0x100 00
                0x20000dc4                . = ALIGN (0x4)
                0x20000dc4                _eusrstack = .

.b1text
 *(.b1text)
 *(.b1rodata)
 *(.b1rodata*)

.eb0text
 *(.eb0text)
 *(.eb0rodata)
 *(.eb0rodata*)

.eb1text
 *(.eb1text)
 *(.eb1rodata)
 *(.eb1rodata*)

.eb2text
 *(.eb2text)
 *(.eb2rodata)
 *(.eb2rodata*)

.eb3text
 *(.eb3text)
 *(.eb3rodata)
 *(.eb3rodata*)
                0x20000dc4                __exidx_start = .
                0x20000dc4                __exidx_end = .

/DISCARD/
 libc.a(*)
 libm.a(*)
 libgcc.a(*)

.stab
 *(.stab)

.stabstr
 *(.stabstr)

.stab.excl
 *(.stab.excl)

.stab.exclstr
 *(.stab.exclstr)

.stab.index
 *(.stab.index)

.stab.indexstr
 *(.stab.indexstr)

.ARM.attributes
                0x00000000       0x2d
 .ARM.attributes
                0x00000000       0x21 C:\Program Files (x86)\Raisonance\Ride\lib\ARM\startup_stm32f10x_hd.o
 .ARM.attributes
                0x00000021       0x31 C:\Users\MightyDubster\Documents\Projects\pygmyos.code\bootv2\main.o
 .ARM.attributes
                0x00000052       0x31 C:\Users\MightyDubster\Documents\Projects\pygmyos.code\bootv2\pygmy_fpec.o
 .ARM.attributes
                0x00000083       0x31 C:\Users\MightyDubster\Documents\Projects\pygmyos.code\bootv2\pygmy_rf.o
 .ARM.attributes
                0x000000b4       0x31 C:\Users\MightyDubster\Documents\Projects\pygmyos.code\bootv2\pygmy_sys.o
 .ARM.attributes
                0x000000e5       0x31 C:\Users\MightyDubster\Documents\Projects\pygmyos.code\bootv2\pygmy_xmodem.o
 .ARM.attributes
                0x00000116       0x31 C:\Users\MightyDubster\Documents\Projects\pygmyos.code\bootv2\pygmy_rtc.o
 .ARM.attributes
                0x00000147       0x31 C:\Users\MightyDubster\Documents\Projects\pygmyos.code\bootv2\pygmy_com.o
 .ARM.attributes
                0x00000178       0x31 C:\Users\MightyDubster\Documents\Projects\pygmyos.code\bootv2\pygmy_port.o
 .ARM.attributes
                0x000001a9       0x31 C:\Users\MightyDubster\Documents\Projects\pygmyos.code\bootv2\pygmy_string.o
 .ARM.attributes
                0x000001da       0x31 C:\Users\MightyDubster\Documents\Projects\pygmyos.code\bootv2\pygmy_nvic.o
 .ARM.attributes
                0x0000020b       0x31 C:\Users\MightyDubster\Documents\Projects\pygmyos.code\bootv2\pygmy_socket.o
 .ARM.attributes
                0x0000023c       0x31 C:\Users\MightyDubster\Documents\Projects\pygmyos.code\bootv2\sst25vf.o
 .ARM.attributes
                0x0000026d       0x31 C:\Users\MightyDubster\Documents\Projects\pygmyos.code\bootv2\pygmy_pfat.o
 .ARM.attributes
                0x0000029e       0x2e C:\Program Files (x86)\Raisonance\Ride\Lib\ARM\std_sbrk_thumb.lib(sbrk.o)

.comment        0x00000000       0x54
 *(.comment)
 .comment       0x00000000       0x2a C:\Users\MightyDubster\Documents\Projects\pygmyos.code\bootv2\main.o
                                 0x2b (size before relaxing)
 .comment       0x00000000       0x2b C:\Users\MightyDubster\Documents\Projects\pygmyos.code\bootv2\pygmy_fpec.o
 .comment       0x00000000       0x2b C:\Users\MightyDubster\Documents\Projects\pygmyos.code\bootv2\pygmy_rf.o
 .comment       0x00000000       0x2b C:\Users\MightyDubster\Documents\Projects\pygmyos.code\bootv2\pygmy_sys.o
 .comment       0x00000000       0x2b C:\Users\MightyDubster\Documents\Projects\pygmyos.code\bootv2\pygmy_xmodem.o
 .comment       0x00000000       0x2b C:\Users\MightyDubster\Documents\Projects\pygmyos.code\bootv2\pygmy_rtc.o
 .comment       0x00000000       0x2b C:\Users\MightyDubster\Documents\Projects\pygmyos.code\bootv2\pygmy_com.o
 .comment       0x00000000       0x2b C:\Users\MightyDubster\Documents\Projects\pygmyos.code\bootv2\pygmy_port.o
 .comment       0x00000000       0x2b C:\Users\MightyDubster\Documents\Projects\pygmyos.code\bootv2\pygmy_string.o
 .comment       0x00000000       0x2b C:\Users\MightyDubster\Documents\Projects\pygmyos.code\bootv2\pygmy_nvic.o
 .comment       0x00000000       0x2b C:\Users\MightyDubster\Documents\Projects\pygmyos.code\bootv2\pygmy_socket.o
 .comment       0x00000000       0x2b C:\Users\MightyDubster\Documents\Projects\pygmyos.code\bootv2\sst25vf.o
 .comment       0x00000000       0x2b C:\Users\MightyDubster\Documents\Projects\pygmyos.code\bootv2\pygmy_pfat.o
 .comment       0x0000002a       0x2a C:\Program Files (x86)\Raisonance\Ride\Lib\ARM\std_sbrk_thumb.lib(sbrk.o)

.debug
 *(.debug)

.line
 *(.line)

.debug_srcinfo
 *(.debug_srcinfo)

.debug_sfnames
 *(.debug_sfnames)

.debug_aranges
 *(.debug_aranges)

.debug_pubnames
 *(.debug_pubnames)

.debug_info
 *(.debug_info .gnu.linkonce.wi.*)

.debug_abbrev
 *(.debug_abbrev)

.debug_line
 *(.debug_line)

.debug_frame
 *(.debug_frame)

.debug_str
 *(.debug_str)

.debug_loc
 *(.debug_loc)

.debug_macinfo
 *(.debug_macinfo)

.debug_weaknames
 *(.debug_weaknames)

.debug_funcnames
 *(.debug_funcnames)

.debug_typenames
 *(.debug_typenames)

.debug_varnames
 *(.debug_varnames)
START GROUP
LOAD c:/program files (x86)/raisonance/ride/arm-gcc/bin/../lib/gcc/arm-none-eabi/4.5.1/thumb2\libgcc.a
LOAD c:/program files (x86)/raisonance/ride/arm-gcc/bin/../lib/gcc/arm-none-eabi/4.5.1/../../../../arm-none-eabi/lib/thumb2\libc.a
END GROUP
OUTPUT(C:\Users\MightyDubster\Documents\Projects\pygmyos.code\bootv2\Boot.elf elf32-littlearm)
