Archive member included because of file (symbol)

c:/program files (x86)/raisonance/ride/arm-gcc/bin/../lib/gcc/arm-none-eabi/4.5.1/../../../../arm-none-eabi/lib/thumb2\libc.a(lib_a-dprintf.o)
                              C:\Users\MightyDubster\Documents\Projects\pygmyos.code\Gems\pygmy_jpeg.o (dprintf)
c:/program files (x86)/raisonance/ride/arm-gcc/bin/../lib/gcc/arm-none-eabi/4.5.1/../../../../arm-none-eabi/lib/thumb2\libc.a(lib_a-findfp.o)
                              c:/program files (x86)/raisonance/ride/arm-gcc/bin/../lib/gcc/arm-none-eabi/4.5.1/../../../../arm-none-eabi/lib/thumb2\libc.a(lib_a-dprintf.o) (__sinit)
c:/program files (x86)/raisonance/ride/arm-gcc/bin/../lib/gcc/arm-none-eabi/4.5.1/../../../../arm-none-eabi/lib/thumb2\libc.a(lib_a-fwalk.o)
                              c:/program files (x86)/raisonance/ride/arm-gcc/bin/../lib/gcc/arm-none-eabi/4.5.1/../../../../arm-none-eabi/lib/thumb2\libc.a(lib_a-findfp.o) (_fwalk)
c:/program files (x86)/raisonance/ride/arm-gcc/bin/../lib/gcc/arm-none-eabi/4.5.1/../../../../arm-none-eabi/lib/thumb2\libc.a(lib_a-impure.o)
                              c:/program files (x86)/raisonance/ride/arm-gcc/bin/../lib/gcc/arm-none-eabi/4.5.1/../../../../arm-none-eabi/lib/thumb2\libc.a(lib_a-dprintf.o) (_impure_ptr)
c:/program files (x86)/raisonance/ride/arm-gcc/bin/../lib/gcc/arm-none-eabi/4.5.1/../../../../arm-none-eabi/lib/thumb2\libc.a(lib_a-malloc.o)
                              C:\Users\MightyDubster\Documents\Projects\pygmyos.code\Gems\pygmy_sys.o (malloc)
c:/program files (x86)/raisonance/ride/arm-gcc/bin/../lib/gcc/arm-none-eabi/4.5.1/../../../../arm-none-eabi/lib/thumb2\libc.a(lib_a-mallocr.o)
                              c:/program files (x86)/raisonance/ride/arm-gcc/bin/../lib/gcc/arm-none-eabi/4.5.1/../../../../arm-none-eabi/lib/thumb2\libc.a(lib_a-findfp.o) (_malloc_r)
c:/program files (x86)/raisonance/ride/arm-gcc/bin/../lib/gcc/arm-none-eabi/4.5.1/../../../../arm-none-eabi/lib/thumb2\libc.a(lib_a-memset.o)
                              C:\Users\MightyDubster\Documents\Projects\pygmyos.code\Gems\pygmy_jpeg.o (memset)
c:/program files (x86)/raisonance/ride/arm-gcc/bin/../lib/gcc/arm-none-eabi/4.5.1/../../../../arm-none-eabi/lib/thumb2\libc.a(lib_a-mlock.o)
                              c:/program files (x86)/raisonance/ride/arm-gcc/bin/../lib/gcc/arm-none-eabi/4.5.1/../../../../arm-none-eabi/lib/thumb2\libc.a(lib_a-mallocr.o) (__malloc_lock)
c:/program files (x86)/raisonance/ride/arm-gcc/bin/../lib/gcc/arm-none-eabi/4.5.1/../../../../arm-none-eabi/lib/thumb2\libc.a(lib_a-realloc.o)
                              C:\Users\MightyDubster\Documents\Projects\pygmyos.code\Gems\pygmy_sys.o (realloc)
c:/program files (x86)/raisonance/ride/arm-gcc/bin/../lib/gcc/arm-none-eabi/4.5.1/../../../../arm-none-eabi/lib/thumb2\libc.a(lib_a-reallocr.o)
                              c:/program files (x86)/raisonance/ride/arm-gcc/bin/../lib/gcc/arm-none-eabi/4.5.1/../../../../arm-none-eabi/lib/thumb2\libc.a(lib_a-realloc.o) (_realloc_r)
c:/program files (x86)/raisonance/ride/arm-gcc/bin/../lib/gcc/arm-none-eabi/4.5.1/../../../../arm-none-eabi/lib/thumb2\libc.a(lib_a-sbrkr.o)
                              c:/program files (x86)/raisonance/ride/arm-gcc/bin/../lib/gcc/arm-none-eabi/4.5.1/../../../../arm-none-eabi/lib/thumb2\libc.a(lib_a-mallocr.o) (_sbrk_r)
c:/program files (x86)/raisonance/ride/arm-gcc/bin/../lib/gcc/arm-none-eabi/4.5.1/../../../../arm-none-eabi/lib/thumb2\libc.a(lib_a-stdio.o)
                              c:/program files (x86)/raisonance/ride/arm-gcc/bin/../lib/gcc/arm-none-eabi/4.5.1/../../../../arm-none-eabi/lib/thumb2\libc.a(lib_a-findfp.o) (__sread)
c:/program files (x86)/raisonance/ride/arm-gcc/bin/../lib/gcc/arm-none-eabi/4.5.1/../../../../arm-none-eabi/lib/thumb2\libc.a(lib_a-vdprintf.o)
                              c:/program files (x86)/raisonance/ride/arm-gcc/bin/../lib/gcc/arm-none-eabi/4.5.1/../../../../arm-none-eabi/lib/thumb2\libc.a(lib_a-dprintf.o) (_vdprintf_r)
c:/program files (x86)/raisonance/ride/arm-gcc/bin/../lib/gcc/arm-none-eabi/4.5.1/../../../../arm-none-eabi/lib/thumb2\libc.a(lib_a-writer.o)
                              c:/program files (x86)/raisonance/ride/arm-gcc/bin/../lib/gcc/arm-none-eabi/4.5.1/../../../../arm-none-eabi/lib/thumb2\libc.a(lib_a-stdio.o) (_write_r)
c:/program files (x86)/raisonance/ride/arm-gcc/bin/../lib/gcc/arm-none-eabi/4.5.1/../../../../arm-none-eabi/lib/thumb2\libc.a(lib_a-closer.o)
                              c:/program files (x86)/raisonance/ride/arm-gcc/bin/../lib/gcc/arm-none-eabi/4.5.1/../../../../arm-none-eabi/lib/thumb2\libc.a(lib_a-stdio.o) (_close_r)
c:/program files (x86)/raisonance/ride/arm-gcc/bin/../lib/gcc/arm-none-eabi/4.5.1/../../../../arm-none-eabi/lib/thumb2\libc.a(lib_a-fclose.o)
                              c:/program files (x86)/raisonance/ride/arm-gcc/bin/../lib/gcc/arm-none-eabi/4.5.1/../../../../arm-none-eabi/lib/thumb2\libc.a(lib_a-findfp.o) (fclose)
[...]
Memory Configuration

Name             Origin             Length             Attributes
RAM              0x20000000         0x00018000         xrw
FLASH            0x08002000         0x00100000         xr
HEAP             0x20002000         0x00014000         xrw
STARTFLASH       0x00000000         0x00000000         xr
CRPPATCH         0x00000000         0x00000000         r
FLASHPATCH       0x00000000         0x00000000         r
ENDFLASH         0x00000000         0x00000000         xr
FLASHB1          0x00000000         0x00000000         xr
EXTMEMB0         0x00000000         0x00000000         xr
EXTMEMB1         0x00000000         0x00000000         xr
EXTMEMB2         0x00000000         0x00000000         xr
EXTMEMB3         0x00000000         0x00000000         xr
*default*        0x00000000         0xffffffff

Linker script and memory map

LOAD C:\Program Files (x86)\Raisonance\Ride\lib\ARM\startup_stm32f10x_hd.o
LOAD C:\Users\MightyDubster\Documents\Projects\pygmyos.code\Gems\pygmy_adc.o
LOAD C:\Users\MightyDubster\Documents\Projects\pygmyos.code\Gems\pygmy_audio.o
LOAD C:\Users\MightyDubster\Documents\Projects\pygmyos.code\Gems\pygmy_cmd.o
LOAD C:\Users\MightyDubster\Documents\Projects\pygmyos.code\Gems\pygmy_com.o
LOAD C:\Users\MightyDubster\Documents\Projects\pygmyos.code\Gems\pygmy_debug.o
LOAD C:\Users\MightyDubster\Documents\Projects\pygmyos.code\Gems\pygmy_file.o
LOAD C:\Users\MightyDubster\Documents\Projects\pygmyos.code\Gems\pygmy_fpec.o
LOAD C:\Users\MightyDubster\Documents\Projects\pygmyos.code\Gems\pygmy_gui.o
LOAD C:\Users\MightyDubster\Documents\Projects\pygmyos.code\Gems\pygmy_nvic.o
LOAD C:\Users\MightyDubster\Documents\Projects\pygmyos.code\Gems\pygmy_port.o
LOAD C:\Users\MightyDubster\Documents\Projects\pygmyos.code\Gems\pygmy_rf.o
LOAD C:\Users\MightyDubster\Documents\Projects\pygmyos.code\Gems\pygmy_rtc.o
LOAD C:\Users\MightyDubster\Documents\Projects\pygmyos.code\Gems\pygmy_string.o
LOAD C:\Users\MightyDubster\Documents\Projects\pygmyos.code\Gems\pygmy_sys.o
LOAD C:\Users\MightyDubster\Documents\Projects\pygmyos.code\Gems\main.o
LOAD C:\Users\MightyDubster\Documents\Projects\pygmyos.code\Gems\varitronix128x128_parallel.o
LOAD C:\Users\MightyDubster\Documents\Projects\pygmyos.code\Gems\gems.o
LOAD C:\Users\MightyDubster\Documents\Projects\pygmyos.code\Gems\pygmy_jpeg.o
LOAD C:\Users\MightyDubster\Documents\Projects\pygmyos.code\Gems\mpl115a2.o
LOAD C:\Users\MightyDubster\Documents\Projects\pygmyos.code\Gems\hih5030.o
START GROUP
LOAD C:\Program Files (x86)\Raisonance\Ride\Lib\ARM\std_sbrk_thumb.lib
LOAD C:\Program Files (x86)\Raisonance\Ride\Lib\ARM\smallprintf_thumb.a
LOAD c:/program files (x86)/raisonance/ride/arm-gcc/bin/../lib/gcc/arm-none-eabi/4.5.1/../../../../arm-none-eabi/lib/thumb2\libc.a
LOAD c:/program files (x86)/raisonance/ride/arm-gcc/bin/../lib/gcc/arm-none-eabi/4.5.1/../../../../arm-none-eabi/lib/thumb2\libm.a
END GROUP
                0x00000400                __Stack_Size = 0x400
                0x00000400                PROVIDE (_Stack_Size, __Stack_Size)
                0x20017c00                __Stack_Init = (_estack - __Stack_Size)
                0x20017c00                PROVIDE (_Stack_Init, __Stack_Init)
                0x00000100                _Minimum_Stack_Size = 0x100
                0x00000000                PROVIDE (Undefined_Handler, 0x0)
                0x00000000                PROVIDE (SWI_Handler, 0x0)
                0x00000000                PROVIDE (IRQ_Handler, 0x0)
                0x00000000                PROVIDE (Prefetch_Handler, 0x0)
                0x00000000                PROVIDE (Abort_Handler, 0x0)
                0x00000000                PROVIDE (FIQ_Handler, 0x0)
                0x00000000                PROVIDE (NMIException, 0x0)
                0x00000000                PROVIDE (NMI_Handler, 0x0)
                0x00000000                PROVIDE (HardFaultException, 0x0)
                0x00000000                PROVIDE (HardFault_Handler, 0x0)
                0x00000000                PROVIDE (MemManageException, 0x0)
                0x00000000                PROVIDE (MemManage_Handler, 0x0)
                0x00000000                PROVIDE (BusFaultException, 0x0)
                0x00000000                PROVIDE (BusFault_Handler, 0x0)
                0x00000000                PROVIDE (UsageFaultException, 0x0)
                0x00000000                PROVIDE (UsageFault_Handler, 0x0)
                0x00000000                PROVIDE (SVCHandler, 0x0)
                0x00000000                PROVIDE (SVC_Handler, 0x0)
                0x00000000                PROVIDE (DebugMonitor, 0x0)
                0x00000000                PROVIDE (DebugMon_Handler, 0x0)
                0x00000000                PROVIDE (PendSVC, 0x0)
                0x00000000                PROVIDE (PendSV_Handler, 0x0)
                0x00000000                PROVIDE (SysTickHandler, 0x0)
                0x00000000                PROVIDE (SysTick_Handler, 0x0)
                0x00000000                PROVIDE (WWDG_IRQHandler, 0x0)
                0x00000000                PROVIDE (PVD_IRQHandler, 0x0)
                0x00000000                PROVIDE (TAMPER_IRQHandler, 0x0)
                0x00000000                PROVIDE (RTC_IRQHandler, 0x0)
                0x00000000                PROVIDE (FLASH_IRQHandler, 0x0)
                0x00000000                PROVIDE (RCC_IRQHandler, 0x0)
                0x00000000                PROVIDE (EXTI0_IRQHandler, 0x0)
                0x00000000                PROVIDE (EXTI1_IRQHandler, 0x0)
                0x00000000                PROVIDE (EXTI2_IRQHandler, 0x0)
                0x00000000                PROVIDE (EXTI3_IRQHandler, 0x0)
                0x00000000                PROVIDE (EXTI4_IRQHandler, 0x0)
                0x00000000                PROVIDE (DMAChannel1_IRQHandler, 0x0)
                0x00000000                PROVIDE (DMAChannel2_IRQHandler, 0x0)
                0x00000000                PROVIDE (DMAChannel3_IRQHandler, 0x0)
                0x00000000                PROVIDE (DMAChannel4_IRQHandler, 0x0)
                0x00000000                PROVIDE (DMAChannel5_IRQHandler, 0x0)
                0x00000000                PROVIDE (DMAChannel6_IRQHandler, 0x0)
                0x00000000                PROVIDE (DMAChannel7_IRQHandler, 0x0)
                0x00000000                PROVIDE (DMA1_Channel1_IRQHandler, 0x0)
                0x00000000                PROVIDE (DMA1_Channel2_IRQHandler, 0x0)
                0x00000000                PROVIDE (DMA1_Channel3_IRQHandler, 0x0)
                0x00000000                PROVIDE (DMA1_Channel4_IRQHandler, 0x0)
                0x00000000                PROVIDE (DMA1_Channel5_IRQHandler, 0x0)
                0x00000000                PROVIDE (DMA1_Channel6_IRQHandler, 0x0)
                0x00000000                PROVIDE (DMA1_Channel7_IRQHandler, 0x0)
                0x00000000                PROVIDE (ADC_IRQHandler, 0x0)
                0x00000000                PROVIDE (ADC1_2_IRQHandler, 0x0)
                0x00000000                PROVIDE (USB_HP_CAN_TX_IRQHandler, 0x0)
                0x00000000                PROVIDE (USB_HP_CAN1_TX_IRQHandler, 0x0)
                0x00000000                PROVIDE (USB_LP_CAN_RX0_IRQHandler, 0x0)
                0x00000000                PROVIDE (USB_LP_CAN1_RX0_IRQHandler, 0x0)
                0x00000000                PROVIDE (CAN_RX1_IRQHandler, 0x0)
                0x00000000                PROVIDE (CAN1_RX1_IRQHandler, 0x0)
                0x00000000                PROVIDE (CAN_SCE_IRQHandler, 0x0)
                0x00000000                PROVIDE (CAN1_SCE_IRQHandler, 0x0)
                0x00000000                PROVIDE (EXTI9_5_IRQHandler, 0x0)
                0x00000000                PROVIDE (TIM1_BRK_IRQHandler, 0x0)
                0x00000000                PROVIDE (TIM1_UP_IRQHandler, 0x0)
                0x00000000                PROVIDE (TIM1_TRG_COM_IRQHandler, 0x0)
                0x00000000                PROVIDE (TIM1_CC_IRQHandler, 0x0)
                0x00000000                PROVIDE (TIM2_IRQHandler, 0x0)
                0x00000000                PROVIDE (TIM3_IRQHandler, 0x0)
                0x00000000                PROVIDE (TIM4_IRQHandler, 0x0)
                0x00000000                PROVIDE (I2C1_EV_IRQHandler, 0x0)
                0x00000000                PROVIDE (I2C1_ER_IRQHandler, 0x0)
                0x00000000                PROVIDE (I2C2_EV_IRQHandler, 0x0)
                0x00000000                PROVIDE (I2C2_ER_IRQHandler, 0x0)
                0x00000000                PROVIDE (SPI1_IRQHandler, 0x0)
                0x00000000                PROVIDE (SPI2_IRQHandler, 0x0)
                0x00000000                PROVIDE (USART1_IRQHandler, 0x0)
                0x00000000                PROVIDE (USART2_IRQHandler, 0x0)
                0x00000000                PROVIDE (USART3_IRQHandler, 0x0)
                0x00000000                PROVIDE (EXTI15_10_IRQHandler, 0x0)
                0x00000000                PROVIDE (RTCAlarm_IRQHandler, 0x0)
                0x00000000                PROVIDE (USBWakeUp_IRQHandler, 0x0)
                0x00000000                PROVIDE (TIM8_BRK_IRQHandler, 0x0)
                0x00000000                PROVIDE (TIM8_UP_IRQHandler, 0x0)
                0x00000000                PROVIDE (TIM8_TRG_COM_IRQHandler, 0x0)
                0x00000000                PROVIDE (TIM8_CC_IRQHandler, 0x0)
                0x00000000                PROVIDE (ADC3_IRQHandler, 0x0)
                0x00000000                PROVIDE (FSMC_IRQHandler, 0x0)
                0x00000000                PROVIDE (SDIO_IRQHandler, 0x0)
                0x00000000                PROVIDE (TIM5_IRQHandler, 0x0)
                0x00000000                PROVIDE (SPI3_IRQHandler, 0x0)
                0x00000000                PROVIDE (UART4_IRQHandler, 0x0)
                0x00000000                PROVIDE (UART5_IRQHandler, 0x0)
                0x00000000                PROVIDE (TIM6_IRQHandler, 0x0)
                0x00000000                PROVIDE (TIM7_IRQHandler, 0x0)
                0x00000000                PROVIDE (DMA2_Channel1_IRQHandler, 0x0)
                0x00000000                PROVIDE (DMA2_Channel2_IRQHandler, 0x0)
                0x00000000                PROVIDE (DMA2_Channel3_IRQHandler, 0x0)
                0x00000000                PROVIDE (DMA2_Channel4_5_IRQHandler, 0x0)
                0x42000000                PERIPH_BB_BASE = 0x42000000
                0x22000000                SRAM_BB_BASE = 0x22000000
                0x20000000                SRAM_BASE = 0x20000000
                0x40000000                PERIPH_BASE = 0x40000000
                0x40022000                PROVIDE (FLASH_BASE, 0x40022000)
                0x1ffff800                PROVIDE (OB_BASE, 0x1ffff800)
                0x40000000                APB1PERIPH_BASE = PERIPH_BASE
                0x40010000                APB2PERIPH_BASE = (PERIPH_BASE + 0x10000)
                0x40020000                AHBPERIPH_BASE = (PERIPH_BASE + 0x20000)
                0x40000000                PROVIDE (TIM2, (APB1PERIPH_BASE + 0x0))
                0x40000400                PROVIDE (TIM3, (APB1PERIPH_BASE + 0x400))
                0x40000800                PROVIDE (TIM4, (APB1PERIPH_BASE + 0x800))
                0x40002800                PROVIDE (RTC, (APB1PERIPH_BASE + 0x2800))
                0x40002c00                PROVIDE (WWDG, (APB1PERIPH_BASE + 0x2c00))
                0x40003000                PROVIDE (IWDG, (APB1PERIPH_BASE + 0x3000))
                0x40003800                PROVIDE (SPI2, (APB1PERIPH_BASE + 0x3800))
                0x40004400                PROVIDE (USART2, (APB1PERIPH_BASE + 0x4400))
                0x40004800                PROVIDE (USART3, (APB1PERIPH_BASE + 0x4800))
                0x40005400                PROVIDE (I2C1, (APB1PERIPH_BASE + 0x5400))
                0x40005800                PROVIDE (I2C2, (APB1PERIPH_BASE + 0x5800))
                0x40006400                PROVIDE (CAN, (APB1PERIPH_BASE + 0x6400))
                0x40006c00                PROVIDE (BKP, (APB1PERIPH_BASE + 0x6c00))
                0x40007000                PROVIDE (PWR, (APB1PERIPH_BASE + 0x7000))
                0x40010000                PROVIDE (AFIO, (APB2PERIPH_BASE + 0x0))
                0x40010400                PROVIDE (EXTI, (APB2PERIPH_BASE + 0x400))
                0x40010800                PROVIDE (GPIOA, (APB2PERIPH_BASE + 0x800))
                0x40010c00                PROVIDE (GPIOB, (APB2PERIPH_BASE + 0xc00))
                0x40011000                PROVIDE (GPIOC, (APB2PERIPH_BASE + 0x1000))
                0x40011400                PROVIDE (GPIOD, (APB2PERIPH_BASE + 0x1400))
                0x40011800                PROVIDE (GPIOE, (APB2PERIPH_BASE + 0x1800))
                0x40012400                PROVIDE (ADC1, (APB2PERIPH_BASE + 0x2400))
                0x40012800                PROVIDE (ADC2, (APB2PERIPH_BASE + 0x2800))
                0x40012c00                PROVIDE (TIM1, (APB2PERIPH_BASE + 0x2c00))
                0x40013000                PROVIDE (SPI1, (APB2PERIPH_BASE + 0x3000))
                0x40013800                PROVIDE (USART1, (APB2PERIPH_BASE + 0x3800))
                0x40020000                PROVIDE (DMA, (AHBPERIPH_BASE + 0x0))
                0x40020008                PROVIDE (DMA_Channel1, (AHBPERIPH_BASE + 0x8))
                0x4002001c                PROVIDE (DMA_Channel2, (AHBPERIPH_BASE + 0x1c))
                0x40020030                PROVIDE (DMA_Channel3, (AHBPERIPH_BASE + 0x30))
                0x40020044                PROVIDE (DMA_Channel4, (AHBPERIPH_BASE + 0x44))
                0x40020058                PROVIDE (DMA_Channel5, (AHBPERIPH_BASE + 0x58))
                0x4002006c                PROVIDE (DMA_Channel6, (AHBPERIPH_BASE + 0x6c))
                0x40020080                PROVIDE (DMA_Channel7, (AHBPERIPH_BASE + 0x80))
                0x40021000                PROVIDE (RCC, (AHBPERIPH_BASE + 0x1000))
                0xe000e000                SCS_BASE = 0xe000e000
                0xe000e010                PROVIDE (SysTick, (SCS_BASE + 0x10))
                0xe000e100                PROVIDE (NVIC, (SCS_BASE + 0x100))
                0xe000ed00                PROVIDE (SCB, (SCS_BASE + 0xd00))
                0x20018000                _estack = 0x20018000

.isr_vector     0x08002000      0x1e4
                0x08002000                . = ALIGN (0x4)
 *(.isr_vector)
 .isr_vector    0x08002000      0x1e4 C:\Program Files (x86)\Raisonance\Ride\lib\ARM\startup_stm32f10x_hd.o
                0x08002000                g_pfnVectors
                0x080021e4                . = ALIGN (0x4)

.flash_start    0x00000000        0x0
                0x00000000                . = ALIGN (0x4)
 *(.flash_start)
 *(.flash_start.*)
                0x00000000                . = ALIGN (0x4)

.crp_patch      0x00000000        0x0
                0x00000000                . = ALIGN (0x4)
 *(.crp_patch)
                0x00000000                . = ALIGN (0x4)

.flashtext      0x080021e4        0x0
                0x080021e4                . = ALIGN (0x4)
 *(.flashtext)
                0x080021e4                . = ALIGN (0x4)

.text           0x080021e8     0xc3a4
                0x080021e8                . = ALIGN (0x4)
 *(.text)
 .text          0x080021e8       0x20 c:/program files (x86)/raisonance/ride/arm-gcc/bin/../lib/gcc/arm-none-eabi/4.5.1/../../../../arm-none-eabi/lib/thumb2\libc.a(lib_a-malloc.o)
                0x080021e8                malloc
                0x080021f8                free
 .text          0x08002208      0x57c c:/program files (x86)/raisonance/ride/arm-gcc/bin/../lib/gcc/arm-none-eabi/4.5.1/../../../../arm-none-eabi/lib/thumb2\libc.a(lib_a-mallocr.o)
                0x08002208                _malloc_r
 .text          0x08002784        0x8 c:/program files (x86)/raisonance/ride/arm-gcc/bin/../lib/gcc/arm-none-eabi/4.5.1/../../../../arm-none-eabi/lib/thumb2\libc.a(lib_a-mlock.o)
                0x08002784                __malloc_lock
                0x08002788                __malloc_unlock
 .text          0x0800278c       0x14 c:/program files (x86)/raisonance/ride/arm-gcc/bin/../lib/gcc/arm-none-eabi/4.5.1/../../../../arm-none-eabi/lib/thumb2\libc.a(lib_a-realloc.o)
                0x0800278c                realloc
 .text          0x080027a0      0x41c c:/program files (x86)/raisonance/ride/arm-gcc/bin/../lib/gcc/arm-none-eabi/4.5.1/../../../../arm-none-eabi/lib/thumb2\libc.a(lib_a-reallocr.o)
                0x080027a0                _realloc_r
 .text          0x08002bbc       0x28 c:/program files (x86)/raisonance/ride/arm-gcc/bin/../lib/gcc/arm-none-eabi/4.5.1/../../../../arm-none-eabi/lib/thumb2\libc.a(lib_a-sbrkr.o)
                0x08002bbc                _sbrk_r
 .text          0x08002be4      0x240 c:/program files (x86)/raisonance/ride/arm-gcc/bin/../lib/gcc/arm-none-eabi/4.5.1/../../../../arm-none-eabi/lib/thumb2\libc.a(lib_a-freer.o)
                0x08002be4                _malloc_trim_r
                0x08002c8c                _free_r
 .text          0x08002e24       0xa0 c:/program files (x86)/raisonance/ride/arm-gcc/bin/../lib/gcc/arm-none-eabi/4.5.1/../../../../arm-none-eabi/lib/thumb2\libc.a(lib_a-memmove.o)
                0x08002e24                memmove
 *fill*         0x08002ec4        0x4 00
 .text          0x08002ec8      0x278 c:/program files (x86)/raisonance/ride/arm-gcc/bin/../lib/gcc/arm-none-eabi/4.5.1/thumb2\libgcc.a(_udivsi3.o)
                0x08002ec8                __aeabi_uidiv
                0x08002ec8                __udivsi3
                0x08003124                __aeabi_uidivmod
 .text          0x08003140        0x4 c:/program files (x86)/raisonance/ride/arm-gcc/bin/../lib/gcc/arm-none-eabi/4.5.1/thumb2\libgcc.a(_dvmd_tls.o)
                0x08003140                __aeabi_idiv0
                0x08003140                __aeabi_ldiv0
 .text          0x08003144       0x38 c:/program files (x86)/raisonance/ride/arm-gcc/bin/../lib/gcc/arm-none-eabi/4.5.1/thumb2\libgcc.a(_aeabi_ldivmod.o)
                0x08003144                __aeabi_ldivmod
 .text          0x0800317c       0x60 c:/program files (x86)/raisonance/ride/arm-gcc/bin/../lib/gcc/arm-none-eabi/4.5.1/thumb2\libgcc.a(bpabi.o)
                0x0800317c                __gnu_ldivmod_helper
                0x080031ac                __gnu_uldivmod_helper
 .text          0x080031dc      0x364 c:/program files (x86)/raisonance/ride/arm-gcc/bin/../lib/gcc/arm-none-eabi/4.5.1/thumb2\libgcc.a(_divdi3.o)
                0x080031dc                __divdi3
 .text          0x08003540      0x314 c:/program files (x86)/raisonance/ride/arm-gcc/bin/../lib/gcc/arm-none-eabi/4.5.1/thumb2\libgcc.a(_udivdi3.o)
                0x08003540                __udivdi3
 *(.text.*)
 .text.Reset_Handler
                0x08003854       0x50 C:\Program Files (x86)\Raisonance\Ride\lib\ARM\startup_stm32f10x_hd.o
                0x08003854                Reset_Handler
 .text.SystemInit_ExtMemCtl_Dummy
                0x080038a4        0x2 C:\Program Files (x86)\Raisonance\Ride\lib\ARM\startup_stm32f10x_hd.o
                0x080038a4                SystemInit_ExtMemCtl
                0x080038a4                SystemInit_ExtMemCtl_Dummy
 .text.Default_Handler
                0x080038a6        0x2 C:\Program Files (x86)\Raisonance\Ride\lib\ARM\startup_stm32f10x_hd.o
                0x080038a6                TIM8_TRG_COM_IRQHandler
                0x080038a6                TIM8_CC_IRQHandler
                0x080038a6                DebugMon_Handler
                0x080038a6                TIM1_CC_IRQHandler
                0x080038a6                HardFault_Handler
                0x080038a6                TIM6_IRQHandler
                0x080038a6                PVD_IRQHandler
                0x080038a6                SDIO_IRQHandler
                0x080038a6                PendSV_Handler
                0x080038a6                NMI_Handler
                0x080038a6                UsageFault_Handler
                0x080038a6                SPI1_IRQHandler
                0x080038a6                TAMPER_IRQHandler
                0x080038a6                TIM8_UP_IRQHandler
                0x080038a6                DMA2_Channel2_IRQHandler
                0x080038a6                DMA1_Channel4_IRQHandler
                0x080038a6                RTC_IRQHandler
                0x080038a6                DMA1_Channel7_IRQHandler
                0x080038a6                CAN1_RX1_IRQHandler
                0x080038a6                UART5_IRQHandler
                0x080038a6                ADC3_IRQHandler
                0x080038a6                TIM4_IRQHandler
                0x080038a6                DMA2_Channel1_IRQHandler
                0x080038a6                I2C1_EV_IRQHandler
                0x080038a6                DMA1_Channel6_IRQHandler
                0x080038a6                UART4_IRQHandler
                0x080038a6                TIM3_IRQHandler
                0x080038a6                RCC_IRQHandler
                0x080038a6                TIM1_TRG_COM_IRQHandler
                0x080038a6                DMA1_Channel1_IRQHandler
                0x080038a6                Default_Handler
                0x080038a6                TIM7_IRQHandler
                0x080038a6                TIM5_IRQHandler
                0x080038a6                SPI2_IRQHandler
                0x080038a6                MemManage_Handler
                0x080038a6                SVC_Handler
                0x080038a6                DMA1_Channel5_IRQHandler
                0x080038a6                USB_LP_CAN1_RX0_IRQHandler
                0x080038a6                USB_HP_CAN1_TX_IRQHandler
                0x080038a6                FSMC_IRQHandler
                0x080038a6                WWDG_IRQHandler
                0x080038a6                TIM2_IRQHandler
                0x080038a6                TIM1_BRK_IRQHandler
                0x080038a6                RTCAlarm_IRQHandler
                0x080038a6                DMA2_Channel4_5_IRQHandler
                0x080038a6                USART2_IRQHandler
                0x080038a6                DMA1_Channel2_IRQHandler
                0x080038a6                TIM8_BRK_IRQHandler
                0x080038a6                CAN1_SCE_IRQHandler
                0x080038a6                FLASH_IRQHandler
                0x080038a6                BusFault_Handler
                0x080038a6                USART1_IRQHandler
                0x080038a6                SPI3_IRQHandler
                0x080038a6                USBWakeUp_IRQHandler
                0x080038a6                DMA2_Channel3_IRQHandler
 .text.adcGetStatus
                0x080038a8        0xc C:\Users\MightyDubster\Documents\Projects\pygmyos.code\Gems\pygmy_adc.o
                0x080038a8                adcGetStatus
 .text.ADC1_2_IRQHandler
                0x080038b4       0x10 C:\Users\MightyDubster\Documents\Projects\pygmyos.code\Gems\pygmy_adc.o
                0x080038b4                ADC1_2_IRQHandler
 .text.adcSingleSampleInit
                0x080038c4       0x44 C:\Users\MightyDubster\Documents\Projects\pygmyos.code\Gems\pygmy_adc.o
                0x080038c4                adcSingleSampleInit
 .text.adcGetChannelFromPin
                0x08003908       0x20 C:\Users\MightyDubster\Documents\Projects\pygmyos.code\Gems\pygmy_adc.o
                0x08003908                adcGetChannelFromPin
 .text.adcSingleSample
                0x08003928       0x2c C:\Users\MightyDubster\Documents\Projects\pygmyos.code\Gems\pygmy_adc.o
                0x08003928                adcSingleSample
 .text.DMA1_Channel3_IRQHandler
                0x08003954       0x6c C:\Users\MightyDubster\Documents\Projects\pygmyos.code\Gems\pygmy_audio.o
                0x08003954                DMA1_Channel3_IRQHandler
 .text.cmdNull  0x080039c0        0x4 C:\Users\MightyDubster\Documents\Projects\pygmyos.code\Gems\pygmy_cmd.o
                0x080039c0                cmdNull
 .text.cmd_reset
                0x080039c4       0x14 C:\Users\MightyDubster\Documents\Projects\pygmyos.code\Gems\pygmy_cmd.o
                0x080039c4                cmd_reset
 .text.cmd_peek
                0x080039d8        0x4 C:\Users\MightyDubster\Documents\Projects\pygmyos.code\Gems\pygmy_cmd.o
                0x080039d8                cmd_peek
 .text.cmd_poke
                0x080039dc        0x4 C:\Users\MightyDubster\Documents\Projects\pygmyos.code\Gems\pygmy_cmd.o
                0x080039dc                cmd_poke
 .text.cmd_kill
                0x080039e0        0x4 C:\Users\MightyDubster\Documents\Projects\pygmyos.code\Gems\pygmy_cmd.o
                0x080039e0                cmd_kill
 .text.cmd_rfsend
                0x080039e4        0xc C:\Users\MightyDubster\Documents\Projects\pygmyos.code\Gems\pygmy_cmd.o
                0x080039e4                cmd_rfsend
 .text.cmd_rfopen
                0x080039f0       0x20 C:\Users\MightyDubster\Documents\Projects\pygmyos.code\Gems\pygmy_cmd.o
                0x080039f0                cmd_rfopen
 .text.cmd_rfput
                0x08003a10       0x26 C:\Users\MightyDubster\Documents\Projects\pygmyos.code\Gems\pygmy_cmd.o
                0x08003a10                cmd_rfput
 .text.cmd_rfget
                0x08003a36       0x26 C:\Users\MightyDubster\Documents\Projects\pygmyos.code\Gems\pygmy_cmd.o
                0x08003a36                cmd_rfget
 .text.cmd_rfscan
                0x08003a5c       0x18 C:\Users\MightyDubster\Documents\Projects\pygmyos.code\Gems\pygmy_cmd.o
                0x08003a5c                cmd_rfscan
 .text.cmd_write
                0x08003a74        0xe C:\Users\MightyDubster\Documents\Projects\pygmyos.code\Gems\pygmy_cmd.o
                0x08003a74                cmd_write
 .text.cmd_rflist
                0x08003a82        0xa C:\Users\MightyDubster\Documents\Projects\pygmyos.code\Gems\pygmy_cmd.o
                0x08003a82                cmd_rflist
 .text.cmd_pinconfig
                0x08003a8c       0x78 C:\Users\MightyDubster\Documents\Projects\pygmyos.code\Gems\pygmy_cmd.o
                0x08003a8c                cmd_pinconfig
 .text.cmd_cp   0x08003b04       0x18 C:\Users\MightyDubster\Documents\Projects\pygmyos.code\Gems\pygmy_cmd.o
                0x08003b04                cmd_cp
 .text.cmd_mv   0x08003b1c       0x16 C:\Users\MightyDubster\Documents\Projects\pygmyos.code\Gems\pygmy_cmd.o
                0x08003b1c                cmd_mv
 *fill*         0x08003b32        0x2 00
 .text.cmd_open
                0x08003b34       0x64 C:\Users\MightyDubster\Documents\Projects\pygmyos.code\Gems\pygmy_cmd.o
                0x08003b34                cmd_open
 .text.cmd_close
                0x08003b98        0xe C:\Users\MightyDubster\Documents\Projects\pygmyos.code\Gems\pygmy_cmd.o
                0x08003b98                cmd_close
 .text.cmd_rm   0x08003ba6       0x10 C:\Users\MightyDubster\Documents\Projects\pygmyos.code\Gems\pygmy_cmd.o
                0x08003ba6                cmd_rm
 .text.cmd_ls   0x08003bb6        0xc C:\Users\MightyDubster\Documents\Projects\pygmyos.code\Gems\pygmy_cmd.o
                0x08003bb6                cmd_ls
 *fill*         0x08003bc2        0x2 00
 .text.cmd_read
                0x08003bc4       0x8c C:\Users\MightyDubster\Documents\Projects\pygmyos.code\Gems\pygmy_cmd.o
                0x08003bc4                cmd_read
 .text.cmd_format
                0x08003c50       0x10 C:\Users\MightyDubster\Documents\Projects\pygmyos.code\Gems\pygmy_cmd.o
                0x08003c50                cmd_format
 .text.cmd_mnt  0x08003c60        0xa C:\Users\MightyDubster\Documents\Projects\pygmyos.code\Gems\pygmy_cmd.o
                0x08003c60                cmd_mnt
 .text.cmd_pinpwm
                0x08003c6a       0x34 C:\Users\MightyDubster\Documents\Projects\pygmyos.code\Gems\pygmy_cmd.o
                0x08003c6a                cmd_pinpwm
 *fill*         0x08003c9e        0x2 00
 .text.cmd_pinanalog
                0x08003ca0       0x30 C:\Users\MightyDubster\Documents\Projects\pygmyos.code\Gems\pygmy_cmd.o
                0x08003ca0                cmd_pinanalog
 .text.cmd_pinget
                0x08003cd0       0x24 C:\Users\MightyDubster\Documents\Projects\pygmyos.code\Gems\pygmy_cmd.o
                0x08003cd0                cmd_pinget
 .text.cmd_pinset
                0x08003cf4       0x7c C:\Users\MightyDubster\Documents\Projects\pygmyos.code\Gems\pygmy_cmd.o
                0x08003cf4                cmd_pinset
 .text.cmd_pinevent
                0x08003d70       0x48 C:\Users\MightyDubster\Documents\Projects\pygmyos.code\Gems\pygmy_cmd.o
                0x08003d70                cmd_pinevent
 .text.cmdPinEvent
                0x08003db8       0x60 C:\Users\MightyDubster\Documents\Projects\pygmyos.code\Gems\pygmy_cmd.o
                0x08003db8                cmdPinEvent
 .text.cmd_ps   0x08003e18       0xa8 C:\Users\MightyDubster\Documents\Projects\pygmyos.code\Gems\pygmy_cmd.o
                0x08003e18                cmd_ps
 .text.cmdInit  0x08003ec0       0x5c C:\Users\MightyDubster\Documents\Projects\pygmyos.code\Gems\pygmy_cmd.o
                0x08003ec0                cmdInit
 .text.cmdExecute
                0x08003f1c       0x84 C:\Users\MightyDubster\Documents\Projects\pygmyos.code\Gems\pygmy_cmd.o
                0x08003f1c                cmdExecute
 .text.cmdGetsCOM3
                0x08003fa0       0x30 C:\Users\MightyDubster\Documents\Projects\pygmyos.code\Gems\pygmy_cmd.o
                0x08003fa0                cmdGetsCOM3
 .text.cmdOpenPort
                0x08003fd0       0xd4 C:\Users\MightyDubster\Documents\Projects\pygmyos.code\Gems\pygmy_cmd.o
                0x08003fd0                cmdOpenPort
 .text.cmdWritePort
                0x080040a4       0x54 C:\Users\MightyDubster\Documents\Projects\pygmyos.code\Gems\pygmy_cmd.o
                0x080040a4                cmdWritePort
 .text.cmdReadPort
                0x080040f8       0x54 C:\Users\MightyDubster\Documents\Projects\pygmyos.code\Gems\pygmy_cmd.o
                0x080040f8                cmdReadPort
 .text.cmd_port
                0x0800414c      0x284 C:\Users\MightyDubster\Documents\Projects\pygmyos.code\Gems\pygmy_cmd.o
                0x0800414c                cmd_port
 .text.spiWriteByte
                0x080043d0       0x2c C:\Users\MightyDubster\Documents\Projects\pygmyos.code\Gems\pygmy_com.o
                0x080043d0                spiWriteByte
 .text.spiWriteLong
                0x080043fc       0x2c C:\Users\MightyDubster\Documents\Projects\pygmyos.code\Gems\pygmy_com.o
                0x080043fc                spiWriteLong
 .text.spiReadByte
                0x08004428       0x30 C:\Users\MightyDubster\Documents\Projects\pygmyos.code\Gems\pygmy_com.o
                0x08004428                spiReadByte
 .text.spiReadBuffer
                0x08004458       0x2c C:\Users\MightyDubster\Documents\Projects\pygmyos.code\Gems\pygmy_com.o
                0x08004458                spiReadBuffer
 .text.spiWriteBuffer
                0x08004484       0x2c C:\Users\MightyDubster\Documents\Projects\pygmyos.code\Gems\pygmy_com.o
                0x08004484                spiWriteBuffer
 .text.spiConfig
                0x080044b0       0xa8 C:\Users\MightyDubster\Documents\Projects\pygmyos.code\Gems\pygmy_com.o
                0x080044b0                spiConfig
 .text.I2C1_ER_IRQHandler
                0x08004558        0x2 C:\Users\MightyDubster\Documents\Projects\pygmyos.code\Gems\pygmy_com.o
                0x08004558                I2C1_ER_IRQHandler
 .text.I2C2_EV_IRQHandler
                0x0800455a        0x2 C:\Users\MightyDubster\Documents\Projects\pygmyos.code\Gems\pygmy_com.o
                0x0800455a                I2C2_EV_IRQHandler
 .text.I2C2_ER_IRQHandler
                0x0800455c        0x2 C:\Users\MightyDubster\Documents\Projects\pygmyos.code\Gems\pygmy_com.o
                0x0800455c                I2C2_ER_IRQHandler
 *fill*         0x0800455e        0x2 00
 .text.i2cConfig
                0x08004560       0x68 C:\Users\MightyDubster\Documents\Projects\pygmyos.code\Gems\pygmy_com.o
                0x08004560                i2cConfig
 .text.i2cStart
                0x080045c8       0x58 C:\Users\MightyDubster\Documents\Projects\pygmyos.code\Gems\pygmy_com.o
                0x080045c8                i2cStart
 .text.i2cStop  0x08004620       0x44 C:\Users\MightyDubster\Documents\Projects\pygmyos.code\Gems\pygmy_com.o
                0x08004620                i2cStop
 .text.i2cWriteBit
                0x08004664       0x66 C:\Users\MightyDubster\Documents\Projects\pygmyos.code\Gems\pygmy_com.o
                0x08004664                i2cWriteBit
 .text.i2cReadBit
                0x080046ca       0x4c C:\Users\MightyDubster\Documents\Projects\pygmyos.code\Gems\pygmy_com.o
                0x080046ca                i2cReadBit
 .text.i2cWriteByte
                0x08004716       0x32 C:\Users\MightyDubster\Documents\Projects\pygmyos.code\Gems\pygmy_com.o
                0x08004716                i2cWriteByte
 .text.i2cWriteBuffer
                0x08004748       0x4c C:\Users\MightyDubster\Documents\Projects\pygmyos.code\Gems\pygmy_com.o
                0x08004748                i2cWriteBuffer
 .text.i2cReadByte
                0x08004794       0x28 C:\Users\MightyDubster\Documents\Projects\pygmyos.code\Gems\pygmy_com.o
                0x08004794                i2cReadByte
 .text.i2cReadBuffer
                0x080047bc       0x46 C:\Users\MightyDubster\Documents\Projects\pygmyos.code\Gems\pygmy_com.o
                0x080047bc                i2cReadBuffer
 *fill*         0x08004802        0x2 00
 .text.streamReset
                0x08004804       0x44 C:\Users\MightyDubster\Documents\Projects\pygmyos.code\Gems\pygmy_com.o
                0x08004804                streamReset
 .text.streamInit
                0x08004848       0x14 C:\Users\MightyDubster\Documents\Projects\pygmyos.code\Gems\pygmy_com.o
                0x08004848                streamInit
 .text.streamGetSTDIO
                0x0800485c        0xc C:\Users\MightyDubster\Documents\Projects\pygmyos.code\Gems\pygmy_com.o
                0x0800485c                streamGetSTDIO
 .text.streamSetSTDIO
                0x08004868       0x4c C:\Users\MightyDubster\Documents\Projects\pygmyos.code\Gems\pygmy_com.o
                0x08004868                streamSetSTDIO
 .text.streamEchoChar
                0x080048b4       0x24 C:\Users\MightyDubster\Documents\Projects\pygmyos.code\Gems\pygmy_com.o
                0x080048b4                streamEchoChar
 .text.streamGetChar
                0x080048d8       0x34 C:\Users\MightyDubster\Documents\Projects\pygmyos.code\Gems\pygmy_com.o
                0x080048d8                streamGetChar
 .text.streamFIFOToString
                0x0800490c       0x28 C:\Users\MightyDubster\Documents\Projects\pygmyos.code\Gems\pygmy_com.o
                0x0800490c                streamFIFOToString
 .text.streamPopChar
                0x08004934       0x38 C:\Users\MightyDubster\Documents\Projects\pygmyos.code\Gems\pygmy_com.o
                0x08004934                streamPopChar
 .text.streamPushChar
                0x0800496c       0x34 C:\Users\MightyDubster\Documents\Projects\pygmyos.code\Gems\pygmy_com.o
                0x0800496c                streamPushChar
 .text.streamSetPut
                0x080049a0       0x1c C:\Users\MightyDubster\Documents\Projects\pygmyos.code\Gems\pygmy_com.o
                0x080049a0                streamSetPut
 .text.streamSetGet
                0x080049bc       0x1c C:\Users\MightyDubster\Documents\Projects\pygmyos.code\Gems\pygmy_com.o
                0x080049bc                streamSetGet
 .text.streamSetRXBuffer
                0x080049d8       0x20 C:\Users\MightyDubster\Documents\Projects\pygmyos.code\Gems\pygmy_com.o
                0x080049d8                streamSetRXBuffer
 .text.streamEnableEcho
                0x080049f8       0x1c C:\Users\MightyDubster\Documents\Projects\pygmyos.code\Gems\pygmy_com.o
                0x080049f8                streamEnableEcho
 .text.streamEnableActionChars
                0x08004a14       0x1c C:\Users\MightyDubster\Documents\Projects\pygmyos.code\Gems\pygmy_com.o
                0x08004a14                streamEnableActionChars
 .text.streamEnableBackspace
                0x08004a30       0x1c C:\Users\MightyDubster\Documents\Projects\pygmyos.code\Gems\pygmy_com.o
                0x08004a30                streamEnableBackspace
 .text.streamHandler
                0x08004a4c       0x78 C:\Users\MightyDubster\Documents\Projects\pygmyos.code\Gems\pygmy_com.o
                0x08004a4c                streamHandler
 .text.USART3_IRQHandler
                0x08004ac4       0x24 C:\Users\MightyDubster\Documents\Projects\pygmyos.code\Gems\pygmy_com.o
                0x08004ac4                USART3_IRQHandler
 .text.putsUSART3
                0x08004ae8       0x20 C:\Users\MightyDubster\Documents\Projects\pygmyos.code\Gems\pygmy_com.o
                0x08004ae8                putsUSART3
 .text.fileOpenResource
                0x08004b08       0x2e C:\Users\MightyDubster\Documents\Projects\pygmyos.code\Gems\pygmy_file.o
                0x08004b08                fileOpenResource
 .text.fileCopyHandle
                0x08004b36       0x24 C:\Users\MightyDubster\Documents\Projects\pygmyos.code\Gems\pygmy_file.o
                0x08004b36                fileCopyHandle
 .text.fileSetPosition
                0x08004b5a       0x3e C:\Users\MightyDubster\Documents\Projects\pygmyos.code\Gems\pygmy_file.o
                0x08004b5a                fileSetPosition
 .text.fileIsEOF
                0x08004b98        0x8 C:\Users\MightyDubster\Documents\Projects\pygmyos.code\Gems\pygmy_file.o
                0x08004b98                fileIsEOF
 .text.fileIsValidName
                0x08004ba0       0x4c C:\Users\MightyDubster\Documents\Projects\pygmyos.code\Gems\pygmy_file.o
                0x08004ba0                fileIsValidName
 .text.flashReadWord
                0x08004bec       0x38 C:\Users\MightyDubster\Documents\Projects\pygmyos.code\Gems\pygmy_file.o
                0x08004bec                flashReadWord
 .text.fileGetFAT
                0x08004c24       0x5c C:\Users\MightyDubster\Documents\Projects\pygmyos.code\Gems\pygmy_file.o
                0x08004c24                fileGetFAT
 .text.fileGetChar
                0x08004c80      0x128 C:\Users\MightyDubster\Documents\Projects\pygmyos.code\Gems\pygmy_file.o
                0x08004c80                fileGetChar
 .text.fileGetLong
                0x08004da8       0x5a C:\Users\MightyDubster\Documents\Projects\pygmyos.code\Gems\pygmy_file.o
                0x08004da8                fileGetLong
 .text.fileGetWord
                0x08004e02       0x32 C:\Users\MightyDubster\Documents\Projects\pygmyos.code\Gems\pygmy_file.o
                0x08004e02                fileGetWord
 .text.fileGetBuffer
                0x08004e34       0x2a C:\Users\MightyDubster\Documents\Projects\pygmyos.code\Gems\pygmy_file.o
                0x08004e34                fileGetBuffer
 *fill*         0x08004e5e        0x2 00
 .text.flashReadLong
                0x08004e60       0x50 C:\Users\MightyDubster\Documents\Projects\pygmyos.code\Gems\pygmy_file.o
                0x08004e60                flashReadLong
 .text.fileGetLength
                0x08004eb0       0x40 C:\Users\MightyDubster\Documents\Projects\pygmyos.code\Gems\pygmy_file.o
                0x08004eb0                fileGetLength
 .text.flashReadByte
                0x08004ef0       0x28 C:\Users\MightyDubster\Documents\Projects\pygmyos.code\Gems\pygmy_file.o
                0x08004ef0                flashReadByte
 .text.fileGetActiveFiles
                0x08004f18       0x30 C:\Users\MightyDubster\Documents\Projects\pygmyos.code\Gems\pygmy_file.o
                0x08004f18                fileGetActiveFiles
 .text.fileGetFreeSpace
                0x08004f48       0x34 C:\Users\MightyDubster\Documents\Projects\pygmyos.code\Gems\pygmy_file.o
                0x08004f48                fileGetFreeSpace
 .text.flashReadBuffer
                0x08004f7c       0x40 C:\Users\MightyDubster\Documents\Projects\pygmyos.code\Gems\pygmy_file.o
                0x08004f7c                flashReadBuffer
 .text.filePrintList
                0x08004fbc       0x84 C:\Users\MightyDubster\Documents\Projects\pygmyos.code\Gems\pygmy_file.o
                0x08004fbc                filePrintList
 .text.fileSeekName
                0x08005040       0x3c C:\Users\MightyDubster\Documents\Projects\pygmyos.code\Gems\pygmy_file.o
                0x08005040                fileSeekName
 .text.flashReadStatus
                0x0800507c       0x24 C:\Users\MightyDubster\Documents\Projects\pygmyos.code\Gems\pygmy_file.o
                0x0800507c                flashReadStatus
 .text.flashReadID
                0x080050a0       0x30 C:\Users\MightyDubster\Documents\Projects\pygmyos.code\Gems\pygmy_file.o
                0x080050a0                flashReadID
 .text.flashWaitForBusy
                0x080050d0        0xe C:\Users\MightyDubster\Documents\Projects\pygmyos.code\Gems\pygmy_file.o
                0x080050d0                flashWaitForBusy
 *fill*         0x080050de        0x2 00
 .text.flashChipErase
                0x080050e0       0x30 C:\Users\MightyDubster\Documents\Projects\pygmyos.code\Gems\pygmy_file.o
                0x080050e0                flashChipErase
 .text.flashSectorErase
                0x08005110       0x34 C:\Users\MightyDubster\Documents\Projects\pygmyos.code\Gems\pygmy_file.o
                0x08005110                flashSectorErase
 .text.flashWriteByte
                0x08005144       0x40 C:\Users\MightyDubster\Documents\Projects\pygmyos.code\Gems\pygmy_file.o
                0x08005144                flashWriteByte
 .text.flashWriteBuffer
                0x08005184       0x1c C:\Users\MightyDubster\Documents\Projects\pygmyos.code\Gems\pygmy_file.o
                0x08005184                flashWriteBuffer
 .text.flashWriteString
                0x080051a0       0x24 C:\Users\MightyDubster\Documents\Projects\pygmyos.code\Gems\pygmy_file.o
                0x080051a0                flashWriteString
 .text.flashWriteLong
                0x080051c4       0x20 C:\Users\MightyDubster\Documents\Projects\pygmyos.code\Gems\pygmy_file.o
                0x080051c4                flashWriteLong
 .text.fileWriteLength
                0x080051e4       0x54 C:\Users\MightyDubster\Documents\Projects\pygmyos.code\Gems\pygmy_file.o
                0x080051e4                fileWriteLength
 .text.flashWriteWord
                0x08005238       0x18 C:\Users\MightyDubster\Documents\Projects\pygmyos.code\Gems\pygmy_file.o
                0x08005238                flashWriteWord
 .text.fileDeleteFATEntry
                0x08005250       0x98 C:\Users\MightyDubster\Documents\Projects\pygmyos.code\Gems\pygmy_file.o
                0x08005250                fileDeleteFATEntry
 .text.fileGetActiveFAT
                0x080052e8       0x4c C:\Users\MightyDubster\Documents\Projects\pygmyos.code\Gems\pygmy_file.o
                0x080052e8                fileGetActiveFAT
 .text.fileGetFreeFATEntry
                0x08005334       0xbc C:\Users\MightyDubster\Documents\Projects\pygmyos.code\Gems\pygmy_file.o
                0x08005334                fileGetFreeFATEntry
 .text.fileAllocateFAT
                0x080053f0       0x64 C:\Users\MightyDubster\Documents\Projects\pygmyos.code\Gems\pygmy_file.o
                0x080053f0                fileAllocateFAT
 .text.filePutChar
                0x08005454       0x98 C:\Users\MightyDubster\Documents\Projects\pygmyos.code\Gems\pygmy_file.o
                0x08005454                filePutChar
 .text.filePutLong
                0x080054ec       0x50 C:\Users\MightyDubster\Documents\Projects\pygmyos.code\Gems\pygmy_file.o
                0x080054ec                filePutLong
 .text.filePutWord
                0x0800553c       0x2c C:\Users\MightyDubster\Documents\Projects\pygmyos.code\Gems\pygmy_file.o
                0x0800553c                filePutWord
 .text.filePutString
                0x08005568       0x1c C:\Users\MightyDubster\Documents\Projects\pygmyos.code\Gems\pygmy_file.o
                0x08005568                filePutString
 .text.fileClose
                0x08005584       0xa0 C:\Users\MightyDubster\Documents\Projects\pygmyos.code\Gems\pygmy_file.o
                0x08005584                fileClose
 .text.fileGetFreeFileEntry
                0x08005624       0xf4 C:\Users\MightyDubster\Documents\Projects\pygmyos.code\Gems\pygmy_file.o
                0x08005624                fileGetFreeFileEntry
 .text.fileRename
                0x08005718       0x88 C:\Users\MightyDubster\Documents\Projects\pygmyos.code\Gems\pygmy_file.o
                0x08005718                fileRename
 .text.flashWriteEnable
                0x080057a0       0x44 C:\Users\MightyDubster\Documents\Projects\pygmyos.code\Gems\pygmy_file.o
                0x080057a0                flashWriteEnable
 .text.fileFormat
                0x080057e4       0xec C:\Users\MightyDubster\Documents\Projects\pygmyos.code\Gems\pygmy_file.o
                0x080057e4                fileFormat
 .text.fileMountRoot
                0x080058d0       0xb4 C:\Users\MightyDubster\Documents\Projects\pygmyos.code\Gems\pygmy_file.o
                0x080058d0                fileMountRoot
 .text.fileDelete
                0x08005984       0x3c C:\Users\MightyDubster\Documents\Projects\pygmyos.code\Gems\pygmy_file.o
                0x08005984                fileDelete
 .text.fileOpen
                0x080059c0      0x104 C:\Users\MightyDubster\Documents\Projects\pygmyos.code\Gems\pygmy_file.o
                0x080059c0                fileOpen
 .text.fileCopy
                0x08005ac4       0x4c C:\Users\MightyDubster\Documents\Projects\pygmyos.code\Gems\pygmy_file.o
                0x08005ac4                fileCopy
 .text.guiSetStyle
                0x08005b10        0xc C:\Users\MightyDubster\Documents\Projects\pygmyos.code\Gems\pygmy_gui.o
                0x08005b10                guiSetStyle
 .text.guiSetRadius
                0x08005b1c        0xc C:\Users\MightyDubster\Documents\Projects\pygmyos.code\Gems\pygmy_gui.o
                0x08005b1c                guiSetRadius
 .text.guiSetCursor
                0x08005b28        0xc C:\Users\MightyDubster\Documents\Projects\pygmyos.code\Gems\pygmy_gui.o
                0x08005b28                guiSetCursor
 .text.colorSetRGB
                0x08005b34        0x8 C:\Users\MightyDubster\Documents\Projects\pygmyos.code\Gems\pygmy_gui.o
                0x08005b34                colorSetRGB
 .text.colorCopy
                0x08005b3c        0xe C:\Users\MightyDubster\Documents\Projects\pygmyos.code\Gems\pygmy_gui.o
                0x08005b3c                colorCopy
 .text.colorApply
                0x08005b4a        0xc C:\Users\MightyDubster\Documents\Projects\pygmyos.code\Gems\pygmy_gui.o
                0x08005b4a                colorApply
 *fill*         0x08005b56        0x2 00
 .text.colorGetRootColor
                0x08005b58        0x8 C:\Users\MightyDubster\Documents\Projects\pygmyos.code\Gems\pygmy_gui.o
                0x08005b58                colorGetRootColor
 .text.colorGetRootClearColor
                0x08005b60        0x8 C:\Users\MightyDubster\Documents\Projects\pygmyos.code\Gems\pygmy_gui.o
                0x08005b60                colorGetRootClearColor
 .text.colorGetRootFocusColor
                0x08005b68        0x8 C:\Users\MightyDubster\Documents\Projects\pygmyos.code\Gems\pygmy_gui.o
                0x08005b68                colorGetRootFocusColor
 .text.colorGetRootFocusBackColor
                0x08005b70        0x8 C:\Users\MightyDubster\Documents\Projects\pygmyos.code\Gems\pygmy_gui.o
                0x08005b70                colorGetRootFocusBackColor
 .text.colorGetRootBackColor
                0x08005b78        0x8 C:\Users\MightyDubster\Documents\Projects\pygmyos.code\Gems\pygmy_gui.o
                0x08005b78                colorGetRootBackColor
 .text.fontSetColor
                0x08005b80       0x38 C:\Users\MightyDubster\Documents\Projects\pygmyos.code\Gems\pygmy_gui.o
                0x08005b80                fontSetColor
 .text.fontSetBackColor
                0x08005bb8       0x38 C:\Users\MightyDubster\Documents\Projects\pygmyos.code\Gems\pygmy_gui.o
                0x08005bb8                fontSetBackColor
 .text.fontGetActive
                0x08005bf0        0xc C:\Users\MightyDubster\Documents\Projects\pygmyos.code\Gems\pygmy_gui.o
                0x08005bf0                fontGetActive
 .text.fontSetAll
                0x08005bfc       0x10 C:\Users\MightyDubster\Documents\Projects\pygmyos.code\Gems\pygmy_gui.o
                0x08005bfc                fontSetAll
 .text.guiClearArea
                0x08005c0c       0x22 C:\Users\MightyDubster\Documents\Projects\pygmyos.code\Gems\pygmy_gui.o
                0x08005c0c                guiClearArea
 .text.guiClearScreen
                0x08005c2e        0xe C:\Users\MightyDubster\Documents\Projects\pygmyos.code\Gems\pygmy_gui.o
                0x08005c2e                guiClearScreen
 .text.guiInitSprites
                0x08005c3c       0x20 C:\Users\MightyDubster\Documents\Projects\pygmyos.code\Gems\pygmy_gui.o
                0x08005c3c                guiInitSprites
 .text.guiGetSprite
                0x08005c5c       0x28 C:\Users\MightyDubster\Documents\Projects\pygmyos.code\Gems\pygmy_gui.o
                0x08005c5c                guiGetSprite
 .text.guiCreateSprite
                0x08005c84       0x7c C:\Users\MightyDubster\Documents\Projects\pygmyos.code\Gems\pygmy_gui.o
                0x08005c84                guiCreateSprite
 .text.guiDeleteSprite
                0x08005d00       0x2c C:\Users\MightyDubster\Documents\Projects\pygmyos.code\Gems\pygmy_gui.o
                0x08005d00                guiDeleteSprite
 .text.guiRemoveSpriteCoords
                0x08005d2c       0x6c C:\Users\MightyDubster\Documents\Projects\pygmyos.code\Gems\pygmy_gui.o
                0x08005d2c                guiRemoveSpriteCoords
 .text.guiOutputBMHeader
                0x08005d98       0xc4 C:\Users\MightyDubster\Documents\Projects\pygmyos.code\Gems\pygmy_gui.o
                0x08005d98                guiOutputBMHeader
 .text.guiSaveScreen
                0x08005e5c       0xf0 C:\Users\MightyDubster\Documents\Projects\pygmyos.code\Gems\pygmy_gui.o
                0x08005e5c                guiSaveScreen
 .text.guiGetHeader
                0x08005f4c       0x24 C:\Users\MightyDubster\Documents\Projects\pygmyos.code\Gems\pygmy_gui.o
                0x08005f4c                guiGetHeader
 .text.guiGetEntries
                0x08005f70       0x26 C:\Users\MightyDubster\Documents\Projects\pygmyos.code\Gems\pygmy_gui.o
                0x08005f70                guiGetEntries
 .text.guiGetImage
                0x08005f96       0x5c C:\Users\MightyDubster\Documents\Projects\pygmyos.code\Gems\pygmy_gui.o
                0x08005f96                guiGetImage
 *fill*         0x08005ff2        0x2 00
 .text.fontLoad
                0x08005ff4       0x74 C:\Users\MightyDubster\Documents\Projects\pygmyos.code\Gems\pygmy_gui.o
                0x08005ff4                fontLoad
 .text.drawImage
                0x08006068      0x28c C:\Users\MightyDubster\Documents\Projects\pygmyos.code\Gems\pygmy_gui.o
                0x08006068                drawImage
 .text.drawSprite
                0x080062f4       0x48 C:\Users\MightyDubster\Documents\Projects\pygmyos.code\Gems\pygmy_gui.o
                0x080062f4                drawSprite
 .text.guiSpriteProcess
                0x0800633c       0x58 C:\Users\MightyDubster\Documents\Projects\pygmyos.code\Gems\pygmy_gui.o
                0x0800633c                guiSpriteProcess
 .text.drawString
                0x08006394       0x30 C:\Users\MightyDubster\Documents\Projects\pygmyos.code\Gems\pygmy_gui.o
                0x08006394                drawString
 .text.putsLCD  0x080063c4        0xa C:\Users\MightyDubster\Documents\Projects\pygmyos.code\Gems\pygmy_gui.o
                0x080063c4                putsLCD
 *fill*         0x080063ce        0x2 00
 .text.formNew  0x080063d0      0x110 C:\Users\MightyDubster\Documents\Projects\pygmyos.code\Gems\pygmy_gui.o
                0x080063d0                formNew
 .text.widgetGetFocused
                0x080064e0       0x24 C:\Users\MightyDubster\Documents\Projects\pygmyos.code\Gems\pygmy_gui.o
                0x080064e0                widgetGetFocused
 .text.widgetGetCurrent
                0x08006504       0x24 C:\Users\MightyDubster\Documents\Projects\pygmyos.code\Gems\pygmy_gui.o
                0x08006504                widgetGetCurrent
 .text.widgetAddEventHandler
                0x08006528       0x30 C:\Users\MightyDubster\Documents\Projects\pygmyos.code\Gems\pygmy_gui.o
                0x08006528                widgetAddEventHandler
 .text.formAddWidget
                0x08006558       0xfc C:\Users\MightyDubster\Documents\Projects\pygmyos.code\Gems\pygmy_gui.o
                0x08006558                formAddWidget
 .text.drawLine
                0x08006654       0xea C:\Users\MightyDubster\Documents\Projects\pygmyos.code\Gems\pygmy_gui.o
                0x08006654                drawLine
 .text.drawRadius
                0x0800673e      0x210 C:\Users\MightyDubster\Documents\Projects\pygmyos.code\Gems\pygmy_gui.o
                0x0800673e                drawRadius
 .text.drawRect
                0x0800694e      0x23a C:\Users\MightyDubster\Documents\Projects\pygmyos.code\Gems\pygmy_gui.o
                0x0800694e                drawRect
 .text.drawWidget
                0x08006b88      0x544 C:\Users\MightyDubster\Documents\Projects\pygmyos.code\Gems\pygmy_gui.o
                0x08006b88                drawWidget
 .text.drawForms
                0x080070cc       0xd0 C:\Users\MightyDubster\Documents\Projects\pygmyos.code\Gems\pygmy_gui.o
                0x080070cc                drawForms
 .text.formEventHandler
                0x0800719c      0x180 C:\Users\MightyDubster\Documents\Projects\pygmyos.code\Gems\pygmy_gui.o
                0x0800719c                formEventHandler
 .text.eventMouseClickRight
                0x0800731c       0x18 C:\Users\MightyDubster\Documents\Projects\pygmyos.code\Gems\pygmy_gui.o
                0x0800731c                eventMouseClickRight
 .text.eventMouseClickCenter
                0x08007334       0x18 C:\Users\MightyDubster\Documents\Projects\pygmyos.code\Gems\pygmy_gui.o
                0x08007334                eventMouseClickCenter
 .text.eventMouseClickLeft
                0x0800734c       0x18 C:\Users\MightyDubster\Documents\Projects\pygmyos.code\Gems\pygmy_gui.o
                0x0800734c                eventMouseClickLeft
 .text.eventMouseMoveRight
                0x08007364       0x2c C:\Users\MightyDubster\Documents\Projects\pygmyos.code\Gems\pygmy_gui.o
                0x08007364                eventMouseMoveRight
 .text.eventMouseMoveLeft
                0x08007390       0x20 C:\Users\MightyDubster\Documents\Projects\pygmyos.code\Gems\pygmy_gui.o
                0x08007390                eventMouseMoveLeft
 .text.eventMouseMoveDown
                0x080073b0       0x30 C:\Users\MightyDubster\Documents\Projects\pygmyos.code\Gems\pygmy_gui.o
                0x080073b0                eventMouseMoveDown
 .text.eventMouseMoveUp
                0x080073e0       0x20 C:\Users\MightyDubster\Documents\Projects\pygmyos.code\Gems\pygmy_gui.o
                0x080073e0                eventMouseMoveUp
 .text.formFocusPrevious
                0x08007400       0x50 C:\Users\MightyDubster\Documents\Projects\pygmyos.code\Gems\pygmy_gui.o
                0x08007400                formFocusPrevious
 .text.formFocusNext
                0x08007450       0x58 C:\Users\MightyDubster\Documents\Projects\pygmyos.code\Gems\pygmy_gui.o
                0x08007450                formFocusNext
 .text.interruptGetTimerVector
                0x080074a8       0x20 C:\Users\MightyDubster\Documents\Projects\pygmyos.code\Gems\pygmy_nvic.o
                0x080074a8                interruptGetTimerVector
 .text.interruptEnable
                0x080074c8       0x2c C:\Users\MightyDubster\Documents\Projects\pygmyos.code\Gems\pygmy_nvic.o
                0x080074c8                interruptEnable
 .text.interruptSetPriority
                0x080074f4       0xbc C:\Users\MightyDubster\Documents\Projects\pygmyos.code\Gems\pygmy_nvic.o
                0x080074f4                interruptSetPriority
 .text.pinGetIRQPR
                0x080075b0        0xc C:\Users\MightyDubster\Documents\Projects\pygmyos.code\Gems\pygmy_port.o
                0x080075b0                pinGetIRQPR
 .text.pinGetIRQPin
                0x080075bc        0xc C:\Users\MightyDubster\Documents\Projects\pygmyos.code\Gems\pygmy_port.o
                0x080075bc                pinGetIRQPin
 .text.pinInterrupt
                0x080075c8       0xe8 C:\Users\MightyDubster\Documents\Projects\pygmyos.code\Gems\pygmy_port.o
                0x080075c8                pinInterrupt
 .text.pinEnablePortClock
                0x080076b0       0x5c C:\Users\MightyDubster\Documents\Projects\pygmyos.code\Gems\pygmy_port.o
                0x080076b0                pinEnablePortClock
 .text.pinGetPort
                0x0800770c       0x40 C:\Users\MightyDubster\Documents\Projects\pygmyos.code\Gems\pygmy_port.o
                0x0800770c                pinGetPort
 .text.pinSet   0x0800774c       0x6c C:\Users\MightyDubster\Documents\Projects\pygmyos.code\Gems\pygmy_port.o
                0x0800774c                pinSet
 .text.pinConfig
                0x080077b8       0x64 C:\Users\MightyDubster\Documents\Projects\pygmyos.code\Gems\pygmy_port.o
                0x080077b8                pinConfig
 .text.pinGet   0x0800781c       0x54 C:\Users\MightyDubster\Documents\Projects\pygmyos.code\Gems\pygmy_port.o
                0x0800781c                pinGet
 .text.pinGetTimer
                0x08007870       0x5c C:\Users\MightyDubster\Documents\Projects\pygmyos.code\Gems\pygmy_port.o
                0x08007870                pinGetTimer
 .text.pinGetChannel
                0x080078cc       0x34 C:\Users\MightyDubster\Documents\Projects\pygmyos.code\Gems\pygmy_port.o
                0x080078cc                pinGetChannel
 .text.pinInitSoftPWM
                0x08007900       0x74 C:\Users\MightyDubster\Documents\Projects\pygmyos.code\Gems\pygmy_port.o
                0x08007900                pinInitSoftPWM
 .text.pinAddSoftPWM
                0x08007974       0xe8 C:\Users\MightyDubster\Documents\Projects\pygmyos.code\Gems\pygmy_port.o
                0x08007974                pinAddSoftPWM
 .text.pinPWM   0x08007a5c      0x250 C:\Users\MightyDubster\Documents\Projects\pygmyos.code\Gems\pygmy_port.o
                0x08007a5c                pinPWM
 .text.pinProcessSoftPWM
                0x08007cac       0x4c C:\Users\MightyDubster\Documents\Projects\pygmyos.code\Gems\pygmy_port.o
                0x08007cac                pinProcessSoftPWM
 .text.TIM1_UP_IRQHandler
                0x08007cf8       0x10 C:\Users\MightyDubster\Documents\Projects\pygmyos.code\Gems\pygmy_port.o
                0x08007cf8                TIM1_UP_IRQHandler
 .text.EXTI0_IRQHandler
                0x08007d08       0x34 C:\Users\MightyDubster\Documents\Projects\pygmyos.code\Gems\pygmy_port.o
                0x08007d08                EXTI0_IRQHandler
 .text.EXTI1_IRQHandler
                0x08007d3c       0x34 C:\Users\MightyDubster\Documents\Projects\pygmyos.code\Gems\pygmy_port.o
                0x08007d3c                EXTI1_IRQHandler
 .text.EXTI2_IRQHandler
                0x08007d70       0x34 C:\Users\MightyDubster\Documents\Projects\pygmyos.code\Gems\pygmy_port.o
                0x08007d70                EXTI2_IRQHandler
 .text.EXTI3_IRQHandler
                0x08007da4       0x34 C:\Users\MightyDubster\Documents\Projects\pygmyos.code\Gems\pygmy_port.o
                0x08007da4                EXTI3_IRQHandler
 .text.EXTI4_IRQHandler
                0x08007dd8       0x34 C:\Users\MightyDubster\Documents\Projects\pygmyos.code\Gems\pygmy_port.o
                0x08007dd8                EXTI4_IRQHandler
 .text.EXTI9_5_IRQHandler
                0x08007e0c       0xe4 C:\Users\MightyDubster\Documents\Projects\pygmyos.code\Gems\pygmy_port.o
                0x08007e0c                EXTI9_5_IRQHandler
 .text.EXTI15_10_IRQHandler
                0x08007ef0      0x110 C:\Users\MightyDubster\Documents\Projects\pygmyos.code\Gems\pygmy_port.o
                0x08007ef0                EXTI15_10_IRQHandler
 .text.rfGetID  0x08008000        0xc C:\Users\MightyDubster\Documents\Projects\pygmyos.code\Gems\pygmy_rf.o
                0x08008000                rfGetID
 .text.rfListSockets
                0x0800800c       0xd8 C:\Users\MightyDubster\Documents\Projects\pygmyos.code\Gems\pygmy_rf.o
                0x0800800c                rfListSockets
 .text.rfOpenSocketFromPacket
                0x080080e4       0x90 C:\Users\MightyDubster\Documents\Projects\pygmyos.code\Gems\pygmy_rf.o
                0x080080e4                rfOpenSocketFromPacket
 .text.rfOpenSocket
                0x08008174       0x14 C:\Users\MightyDubster\Documents\Projects\pygmyos.code\Gems\pygmy_rf.o
                0x08008174                rfOpenSocket
 .text.rfGetStatus
                0x08008188       0x1c C:\Users\MightyDubster\Documents\Projects\pygmyos.code\Gems\pygmy_rf.o
                0x08008188                rfGetStatus
 .text.rfClearStatus
                0x080081a4       0x28 C:\Users\MightyDubster\Documents\Projects\pygmyos.code\Gems\pygmy_rf.o
                0x080081a4                rfClearStatus
 .text.rfSetRX  0x080081cc       0x40 C:\Users\MightyDubster\Documents\Projects\pygmyos.code\Gems\pygmy_rf.o
                0x080081cc                rfSetRX
 .text.rfSetTX  0x0800820c       0x40 C:\Users\MightyDubster\Documents\Projects\pygmyos.code\Gems\pygmy_rf.o
                0x0800820c                rfSetTX
 .text.rfPutTXBuffer
                0x0800824c       0x84 C:\Users\MightyDubster\Documents\Projects\pygmyos.code\Gems\pygmy_rf.o
                0x0800824c                rfPutTXBuffer
 .text.rfFile   0x080082d0       0xa4 C:\Users\MightyDubster\Documents\Projects\pygmyos.code\Gems\pygmy_rf.o
                0x080082d0                rfFile
 .text.rfRequestFile
                0x08008374       0x44 C:\Users\MightyDubster\Documents\Projects\pygmyos.code\Gems\pygmy_rf.o
                0x08008374                rfRequestFile
 .text.rfSendFile
                0x080083b8       0x44 C:\Users\MightyDubster\Documents\Projects\pygmyos.code\Gems\pygmy_rf.o
                0x080083b8                rfSendFile
 .text.timeInit
                0x080083fc       0xa4 C:\Users\MightyDubster\Documents\Projects\pygmyos.code\Gems\pygmy_rtc.o
                0x080083fc                timeInit
 .text.timeGet  0x080084a0       0x14 C:\Users\MightyDubster\Documents\Projects\pygmyos.code\Gems\pygmy_rtc.o
                0x080084a0                timeGet
 .text.convertSecondsToSystemTime
                0x080084b4       0xd0 C:\Users\MightyDubster\Documents\Projects\pygmyos.code\Gems\pygmy_rtc.o
                0x080084b4                convertSecondsToSystemTime
 .text.convertPinToString
                0x08008584       0x24 C:\Users\MightyDubster\Documents\Projects\pygmyos.code\Gems\pygmy_string.o
                0x08008584                convertPinToString
 .text.convertU16ToBuffer
                0x080085a8       0x12 C:\Users\MightyDubster\Documents\Projects\pygmyos.code\Gems\pygmy_string.o
                0x080085a8                convertU16ToBuffer
 .text.convertU32ToBuffer
                0x080085ba       0x26 C:\Users\MightyDubster\Documents\Projects\pygmyos.code\Gems\pygmy_string.o
                0x080085ba                convertU32ToBuffer
 .text.isCharInString
                0x080085e0       0x16 C:\Users\MightyDubster\Documents\Projects\pygmyos.code\Gems\pygmy_string.o
                0x080085e0                isCharInString
 .text.isAlpha  0x080085f6       0x1c C:\Users\MightyDubster\Documents\Projects\pygmyos.code\Gems\pygmy_string.o
                0x080085f6                isAlpha
 .text.isNumeric
                0x08008612        0xe C:\Users\MightyDubster\Documents\Projects\pygmyos.code\Gems\pygmy_string.o
                0x08008612                isNumeric
 .text.isAlphaOrNumeric
                0x08008620       0x2a C:\Users\MightyDubster\Documents\Projects\pygmyos.code\Gems\pygmy_string.o
                0x08008620                isAlphaOrNumeric
 .text.isNewline
                0x0800864a       0x1c C:\Users\MightyDubster\Documents\Projects\pygmyos.code\Gems\pygmy_string.o
                0x0800864a                isNewline
 .text.isWhitespace
                0x08008666        0xe C:\Users\MightyDubster\Documents\Projects\pygmyos.code\Gems\pygmy_string.o
                0x08008666                isWhitespace
 .text.isQuote  0x08008674       0x14 C:\Users\MightyDubster\Documents\Projects\pygmyos.code\Gems\pygmy_string.o
                0x08008674                isQuote
 .text.isSeparator
                0x08008688       0x14 C:\Users\MightyDubster\Documents\Projects\pygmyos.code\Gems\pygmy_string.o
                0x08008688                isSeparator
 .text.isPunctuation
                0x0800869c       0x14 C:\Users\MightyDubster\Documents\Projects\pygmyos.code\Gems\pygmy_string.o
                0x0800869c                isPunctuation
 .text.len      0x080086b0       0x20 C:\Users\MightyDubster\Documents\Projects\pygmyos.code\Gems\pygmy_string.o
                0x080086b0                len
 .text.convertCharToUpper
                0x080086d0       0x10 C:\Users\MightyDubster\Documents\Projects\pygmyos.code\Gems\pygmy_string.o
                0x080086d0                convertCharToUpper
 .text.isCharSameIgnoreCase
                0x080086e0       0x1a C:\Users\MightyDubster\Documents\Projects\pygmyos.code\Gems\pygmy_string.o
                0x080086e0                isCharSameIgnoreCase
 .text.isStringSameIgnoreCase
                0x080086fa       0x32 C:\Users\MightyDubster\Documents\Projects\pygmyos.code\Gems\pygmy_string.o
                0x080086fa                isStringSameIgnoreCase
 .text.isStringSame
                0x0800872c       0x34 C:\Users\MightyDubster\Documents\Projects\pygmyos.code\Gems\pygmy_string.o
                0x0800872c                isStringSame
 .text.getNextSubString
                0x08008760       0xe0 C:\Users\MightyDubster\Documents\Projects\pygmyos.code\Gems\pygmy_string.o
                0x08008760                getNextSubString
 .text.getAllSubStrings
                0x08008840       0x42 C:\Users\MightyDubster\Documents\Projects\pygmyos.code\Gems\pygmy_string.o
                0x08008840                getAllSubStrings
 .text.replaceChars
                0x08008882       0x2c C:\Users\MightyDubster\Documents\Projects\pygmyos.code\Gems\pygmy_string.o
                0x08008882                replaceChars
 .text.convertCharToInt
                0x080088ae       0x30 C:\Users\MightyDubster\Documents\Projects\pygmyos.code\Gems\pygmy_string.o
                0x080088ae                convertCharToInt
 .text.copyString
                0x080088de       0x12 C:\Users\MightyDubster\Documents\Projects\pygmyos.code\Gems\pygmy_string.o
                0x080088de                copyString
 .text.convertStringToInt
                0x080088f0       0xb4 C:\Users\MightyDubster\Documents\Projects\pygmyos.code\Gems\pygmy_string.o
                0x080088f0                convertStringToInt
 .text.convertIntToString
                0x080089a4      0x1a8 C:\Users\MightyDubster\Documents\Projects\pygmyos.code\Gems\pygmy_string.o
                0x080089a4                convertIntToString
 .text.convertStringToPin
                0x08008b4c       0xcc C:\Users\MightyDubster\Documents\Projects\pygmyos.code\Gems\pygmy_string.o
                0x08008b4c                convertStringToPin
 .text.TaskException_Handler
                0x08008c18        0x2 C:\Users\MightyDubster\Documents\Projects\pygmyos.code\Gems\pygmy_sys.o
                0x08008c18                TaskException_Handler
 *fill*         0x08008c1a        0x2 00
 .text.putsFILE
                0x08008c1c       0x10 C:\Users\MightyDubster\Documents\Projects\pygmyos.code\Gems\pygmy_sys.o
                0x08008c1c                putsFILE
 .text.sysAllocate
                0x08008c2c        0x4 C:\Users\MightyDubster\Documents\Projects\pygmyos.code\Gems\pygmy_sys.o
                0x08008c2c                sysAllocate
 .text.sysReallocate
                0x08008c30        0x4 C:\Users\MightyDubster\Documents\Projects\pygmyos.code\Gems\pygmy_sys.o
                0x08008c30                sysReallocate
 .text.sysRandom
                0x08008c34       0x84 C:\Users\MightyDubster\Documents\Projects\pygmyos.code\Gems\pygmy_sys.o
                0x08008c34                sysRandom
 .text.sysEnableTimerClock
                0x08008cb8       0xf8 C:\Users\MightyDubster\Documents\Projects\pygmyos.code\Gems\pygmy_sys.o
                0x08008cb8                sysEnableTimerClock
 .text.sysEnableTimerInterrupt
                0x08008db0       0x12 C:\Users\MightyDubster\Documents\Projects\pygmyos.code\Gems\pygmy_sys.o
                0x08008db0                sysEnableTimerInterrupt
 *fill*         0x08008dc2        0x2 00
 .text.sysGetDelayTimer
                0x08008dc4        0xc C:\Users\MightyDubster\Documents\Projects\pygmyos.code\Gems\pygmy_sys.o
                0x08008dc4                sysGetDelayTimer
 .text.sysGetPWMTimer
                0x08008dd0        0xc C:\Users\MightyDubster\Documents\Projects\pygmyos.code\Gems\pygmy_sys.o
                0x08008dd0                sysGetPWMTimer
 .text.sysGetMainClock
                0x08008ddc        0xc C:\Users\MightyDubster\Documents\Projects\pygmyos.code\Gems\pygmy_sys.o
                0x08008ddc                sysGetMainClock
 .text.cmdListQueue
                0x08008de8        0xc C:\Users\MightyDubster\Documents\Projects\pygmyos.code\Gems\pygmy_sys.o
                0x08008de8                cmdListQueue
 .text.sysCRC16
                0x08008df4       0x1e C:\Users\MightyDubster\Documents\Projects\pygmyos.code\Gems\pygmy_sys.o
                0x08008df4                sysCRC16
 *fill*         0x08008e12        0x2 00
 .text.taskInit
                0x08008e14       0x44 C:\Users\MightyDubster\Documents\Projects\pygmyos.code\Gems\pygmy_sys.o
                0x08008e14                taskInit
 .text.sysInit  0x08008e58       0xb0 C:\Users\MightyDubster\Documents\Projects\pygmyos.code\Gems\pygmy_sys.o
                0x08008e58                sysInit
 .text.taskNew  0x08008f08       0x9c C:\Users\MightyDubster\Documents\Projects\pygmyos.code\Gems\pygmy_sys.o
                0x08008f08                taskNew
 .text.taskNewSimple
                0x08008fa4       0x12 C:\Users\MightyDubster\Documents\Projects\pygmyos.code\Gems\pygmy_sys.o
                0x08008fa4                taskNewSimple
 *fill*         0x08008fb6        0x2 00
 .text.taskDelete
                0x08008fb8       0x54 C:\Users\MightyDubster\Documents\Projects\pygmyos.code\Gems\pygmy_sys.o
                0x08008fb8                taskDelete
 .text.taskProcess
                0x0800900c       0x64 C:\Users\MightyDubster\Documents\Projects\pygmyos.code\Gems\pygmy_sys.o
                0x0800900c                taskProcess
 .text.taskList
                0x08009070       0x2c C:\Users\MightyDubster\Documents\Projects\pygmyos.code\Gems\pygmy_sys.o
                0x08009070                taskList
 .text.sysGetFile
                0x0800909c        0x8 C:\Users\MightyDubster\Documents\Projects\pygmyos.code\Gems\pygmy_sys.o
                0x0800909c                sysGetFile
 .text.descriptorGetID
                0x080090a4       0x18 C:\Users\MightyDubster\Documents\Projects\pygmyos.code\Gems\pygmy_sys.o
                0x080090a4                descriptorGetID
 .text.print    0x080090bc      0x1e4 C:\Users\MightyDubster\Documents\Projects\pygmyos.code\Gems\pygmy_sys.o
                0x080090bc                print
 .text.println  0x080092a0       0x20 C:\Users\MightyDubster\Documents\Projects\pygmyos.code\Gems\pygmy_sys.o
                0x080092a0                println
 .text.sysGetTimer
                0x080092c0       0x18 C:\Users\MightyDubster\Documents\Projects\pygmyos.code\Gems\pygmy_sys.o
                0x080092c0                sysGetTimer
 .text.delay    0x080092d8       0xbc C:\Users\MightyDubster\Documents\Projects\pygmyos.code\Gems\pygmy_sys.o
                0x080092d8                delay
 .text.SysTick_Handler
                0x08009394       0x30 C:\Users\MightyDubster\Documents\Projects\pygmyos.code\Gems\pygmy_sys.o
                0x08009394                SysTick_Handler
 .text.drawMainMenu
                0x080093c4       0xdc C:\Users\MightyDubster\Documents\Projects\pygmyos.code\Gems\main.o
                0x080093c4                drawMainMenu
 .text.main     0x080094a0       0xd8 C:\Users\MightyDubster\Documents\Projects\pygmyos.code\Gems\main.o
                0x080094a0                main
 .text.lcdWriteCommand
                0x08009578       0x30 C:\Users\MightyDubster\Documents\Projects\pygmyos.code\Gems\varitronix128x128_parallel.o
                0x08009578                lcdWriteCommand
 .text.lcdWriteData
                0x080095a8       0x30 C:\Users\MightyDubster\Documents\Projects\pygmyos.code\Gems\varitronix128x128_parallel.o
                0x080095a8                lcdWriteData
 .text.lcdGetWidth
                0x080095d8        0x4 C:\Users\MightyDubster\Documents\Projects\pygmyos.code\Gems\varitronix128x128_parallel.o
                0x080095d8                lcdGetWidth
 .text.lcdGetHeight
                0x080095dc        0x4 C:\Users\MightyDubster\Documents\Projects\pygmyos.code\Gems\varitronix128x128_parallel.o
                0x080095dc                lcdGetHeight
 .text.lcdSetContrast
                0x080095e0       0x1c C:\Users\MightyDubster\Documents\Projects\pygmyos.code\Gems\varitronix128x128_parallel.o
                0x080095e0                lcdSetContrast
 .text.lcdGetPixel
                0x080095fc       0xe4 C:\Users\MightyDubster\Documents\Projects\pygmyos.code\Gems\varitronix128x128_parallel.o
                0x080095fc                lcdGetPixel
 .text.lcdDrawPixel
                0x080096e0       0xc8 C:\Users\MightyDubster\Documents\Projects\pygmyos.code\Gems\varitronix128x128_parallel.o
                0x080096e0                lcdDrawPixel
 .text.lcdSetBPP
                0x080097a8        0xc C:\Users\MightyDubster\Documents\Projects\pygmyos.code\Gems\varitronix128x128_parallel.o
                0x080097a8                lcdSetBPP
 .text.lcdGetBPP
                0x080097b4        0xc C:\Users\MightyDubster\Documents\Projects\pygmyos.code\Gems\varitronix128x128_parallel.o
                0x080097b4                lcdGetBPP
 .text.lcdSetColor
                0x080097c0       0x3c C:\Users\MightyDubster\Documents\Projects\pygmyos.code\Gems\varitronix128x128_parallel.o
                0x080097c0                lcdSetColor
 .text.lcdGetRGB
                0x080097fc       0x24 C:\Users\MightyDubster\Documents\Projects\pygmyos.code\Gems\varitronix128x128_parallel.o
                0x080097fc                lcdGetRGB
 .text.lcdClearArea
                0x08009820       0xb8 C:\Users\MightyDubster\Documents\Projects\pygmyos.code\Gems\varitronix128x128_parallel.o
                0x08009820                lcdClearArea
 .text.lcdClear
                0x080098d8        0xc C:\Users\MightyDubster\Documents\Projects\pygmyos.code\Gems\varitronix128x128_parallel.o
                0x080098d8                lcdClear
 .text.lcdInit  0x080098e4      0x244 C:\Users\MightyDubster\Documents\Projects\pygmyos.code\Gems\varitronix128x128_parallel.o
                0x080098e4                lcdInit
 .text.gemJoyUp
                0x08009b28        0x2 C:\Users\MightyDubster\Documents\Projects\pygmyos.code\Gems\gems.o
                0x08009b28                gemJoyUp
 .text.gemJoyDown
                0x08009b2a        0x2 C:\Users\MightyDubster\Documents\Projects\pygmyos.code\Gems\gems.o
                0x08009b2a                gemJoyDown
 .text.gemDrawGameOver
                0x08009b2c       0x5c C:\Users\MightyDubster\Documents\Projects\pygmyos.code\Gems\gems.o
                0x08009b2c                gemDrawGameOver
 .text.gemResetCursor
                0x08009b88       0x3c C:\Users\MightyDubster\Documents\Projects\pygmyos.code\Gems\gems.o
                0x08009b88                gemResetCursor
 .text.gemCollision
                0x08009bc4       0x24 C:\Users\MightyDubster\Documents\Projects\pygmyos.code\Gems\gems.o
                0x08009bc4                gemCollision
 .text.gemJoyRight
                0x08009be8       0x4c C:\Users\MightyDubster\Documents\Projects\pygmyos.code\Gems\gems.o
                0x08009be8                gemJoyRight
 .text.gemJoyLeft
                0x08009c34       0x40 C:\Users\MightyDubster\Documents\Projects\pygmyos.code\Gems\gems.o
                0x08009c34                gemJoyLeft
 .text.gemAdd   0x08009c74       0x50 C:\Users\MightyDubster\Documents\Projects\pygmyos.code\Gems\gems.o
                0x08009c74                gemAdd
 .text.gemDetectRowsY
                0x08009cc4       0xa8 C:\Users\MightyDubster\Documents\Projects\pygmyos.code\Gems\gems.o
                0x08009cc4                gemDetectRowsY
 .text.gemDetectRowsX
                0x08009d6c       0xe0 C:\Users\MightyDubster\Documents\Projects\pygmyos.code\Gems\gems.o
                0x08009d6c                gemDetectRowsX
 .text.gemGravity
                0x08009e4c       0x70 C:\Users\MightyDubster\Documents\Projects\pygmyos.code\Gems\gems.o
                0x08009e4c                gemGravity
 .text.gemInit  0x08009ebc      0x1ec C:\Users\MightyDubster\Documents\Projects\pygmyos.code\Gems\gems.o
                0x08009ebc                gemInit
 .text._sbrk    0x0800a0a8       0x30 C:\Program Files (x86)\Raisonance\Ride\Lib\ARM\std_sbrk_thumb.lib(sbrk.o)
                0x0800a0a8                _sbrk
 *(.rodata)
 .rodata        0x0800a0d8       0x12 C:\Users\MightyDubster\Documents\Projects\pygmyos.code\Gems\pygmy_adc.o
                0x0800a0d8                PYGMY_ADC_CHANNELS
 *fill*         0x0800a0ea        0x2 00
 .rodata        0x0800a0ec       0xe8 C:\Users\MightyDubster\Documents\Projects\pygmyos.code\Gems\pygmy_cmd.o
                0x0800a0ec                PYGMYSTDCOMMANDS
 .rodata        0x0800a1d4       0x24 C:\Users\MightyDubster\Documents\Projects\pygmyos.code\Gems\pygmy_nvic.o
                0x0800a1d4                PYGMY_TIMERVECTORS_L15X
                0x0800a1e6                PYGMY_TIMERVECTORS
 .rodata        0x0800a1f8       0x10 C:\Users\MightyDubster\Documents\Projects\pygmyos.code\Gems\pygmy_port.o
                0x0800a1f8                PYGMY_TIMERPINS
 .rodata        0x0800a208      0x134 C:\Users\MightyDubster\Documents\Projects\pygmyos.code\Gems\pygmy_string.o
                0x0800a208                PYGMYNEBULAPINS
                0x0800a2e8                PYGMYHEXCHARS
                0x0800a2f8                PYGMYBASE64CHARS
 .rodata        0x0800a33c      0x168 C:\Users\MightyDubster\Documents\Projects\pygmyos.code\Gems\pygmy_sys.o
                0x0800a390                PYGSYS_INVBITS
                0x0800a398                PYGMY_DAYSINMONTH
                0x0800a3a4                PYGMY_BITMASKS
                0x0800a424                PYGMY_INVBITMASKS
 .rodata        0x0800a4a4      0x808 C:\Users\MightyDubster\Documents\Projects\pygmyos.code\Gems\main.o
                0x0800a4a4                PYGMY_orbitron18
 .rodata        0x0800acac     0x2f4d C:\Users\MightyDubster\Documents\Projects\pygmyos.code\Gems\gems.o
                0x0800acac                PYGMY_ruby
                0x0800b7a3                PYGMY_emerald
                0x0800c348                PYGMY_topaz
                0x0800cd91                PYGMY_ytopaz
                0x0800d921                PYGMY_dollar
 *fill*         0x0800dbf9        0x3 00
 .rodata        0x0800dbfc       0x60 c:/program files (x86)/raisonance/ride/arm-gcc/bin/../lib/gcc/arm-none-eabi/4.5.1/../../../../arm-none-eabi/lib/thumb2\libc.a(lib_a-findfp.o)
                0x0800dbfc                __sf_fake_stdin
                0x0800dc1c                __sf_fake_stdout
                0x0800dc3c                __sf_fake_stderr
 *(.rodata*)
 .rodata.str1.1
                0x0800dc5c      0x270 C:\Users\MightyDubster\Documents\Projects\pygmyos.code\Gems\pygmy_cmd.o
                                0x294 (size before relaxing)
 .rodata.str1.1
                0x00000000        0x2 C:\Users\MightyDubster\Documents\Projects\pygmyos.code\Gems\pygmy_com.o
 .rodata.str1.1
                0x0800decc      0x14e C:\Users\MightyDubster\Documents\Projects\pygmyos.code\Gems\pygmy_file.o
                                0x14f (size before relaxing)
 .rodata.str1.1
                0x0800e01a      0x36d C:\Users\MightyDubster\Documents\Projects\pygmyos.code\Gems\pygmy_gui.o
                                0x370 (size before relaxing)
 .rodata.str1.1
                0x0800e387       0x19 C:\Users\MightyDubster\Documents\Projects\pygmyos.code\Gems\pygmy_port.o
 .rodata.str1.1
                0x0800e3a0       0xc0 C:\Users\MightyDubster\Documents\Projects\pygmyos.code\Gems\pygmy_rf.o
                                 0xce (size before relaxing)
 .rodata.str1.1
                0x0800e460       0x9d C:\Users\MightyDubster\Documents\Projects\pygmyos.code\Gems\pygmy_string.o
                                 0xac (size before relaxing)
 .rodata.str1.1
                0x0800e4fd       0x3c C:\Users\MightyDubster\Documents\Projects\pygmyos.code\Gems\pygmy_sys.o
                                 0x3f (size before relaxing)
 .rodata.str1.1
                0x0800e539       0x1c C:\Users\MightyDubster\Documents\Projects\pygmyos.code\Gems\main.o
 .rodata.str1.1
                0x0800e555       0x31 C:\Users\MightyDubster\Documents\Projects\pygmyos.code\Gems\gems.o
                                 0x3c (size before relaxing)
 *fill*         0x0800e586        0x2 00
 .rodata.str1.4
                0x0800e588        0x4 c:/program files (x86)/raisonance/ride/arm-gcc/bin/../lib/gcc/arm-none-eabi/4.5.1/../../../../arm-none-eabi/lib/thumb2\libc.a(lib_a-impure.o)
 *(.glue_7)
 .glue_7        0x00000000        0x0 linker stubs
 *(.glue_7t)
 .glue_7t       0x00000000        0x0 linker stubs
                0x0800e58c                . = ALIGN (0x4)
                0x0800e58c                _etext = .
                0x0800e58c                _sidata = _etext

.vfp11_veneer   0x0800e58c        0x0
 .vfp11_veneer  0x00000000        0x0 linker stubs

.v4_bx          0x0800e58c        0x0
 .v4_bx         0x00000000        0x0 linker stubs

.flashpatch     0x00000000        0x0
                0x00000000                . = ALIGN (0x4)
 *(.flashpatch)
                0x00000000                . = ALIGN (0x4)

.endflash       0x00000000        0x0
                0x00000000                . = ALIGN (0x4)
 *(.endflash)
                0x00000000                . = ALIGN (0x4)
                0x00000000                _e_endflash = .

.data           0x20000000      0x504 load address 0x0800e58c
                0x20000000                . = ALIGN (0x4)
                0x20000000                _sdata = .
                0x20000000                _data = .
 *(.data)
 .data          0x20000000       0xf4 c:/program files (x86)/raisonance/ride/arm-gcc/bin/../lib/gcc/arm-none-eabi/4.5.1/../../../../arm-none-eabi/lib/thumb2\libc.a(lib_a-impure.o)
                0x20000000                _impure_ptr
 .data          0x200000f4      0x410 c:/program files (x86)/raisonance/ride/arm-gcc/bin/../lib/gcc/arm-none-eabi/4.5.1/../../../../arm-none-eabi/lib/thumb2\libc.a(lib_a-mallocr.o)
                0x200000f4                __malloc_av_
                0x200004fc                __malloc_sbrk_base
                0x20000500                __malloc_trim_threshold
 *(.data.*)
 *(.RAMtext)
                0x20000504                . = ALIGN (0x4)
                0x20000504                _edata = .
                0x0800ea90                _eidata = ((_sidata + _edata) - _sdata)
                0x08102000                _lastdataromaddress = 0x8102000
                0x00000000                toobig = (_eidata > _lastdataromaddress)?!!!!!!!!! FLASH IS FULL !!!!!!!!!:0x0

.bss            0x20000504     0x18cc load address 0x0800ea90
                0x20000504                . = ALIGN (0x4)
                0x20000504                _sbss = .
                0x20000504                _bss = .
 *(.bss)
 .bss           0x20000504        0x2 C:\Users\MightyDubster\Documents\Projects\pygmyos.code\Gems\pygmy_adc.o
                0x20000504                globalADCStatus
 .bss           0x20000506        0x1 C:\Users\MightyDubster\Documents\Projects\pygmyos.code\Gems\pygmy_com.o
                0x20000506                globalSTDIO
 *fill*         0x20000507        0x1 00
 .bss           0x20000508       0x8c C:\Users\MightyDubster\Documents\Projects\pygmyos.code\Gems\pygmy_file.o
 .bss           0x20000594        0x8 C:\Users\MightyDubster\Documents\Projects\pygmyos.code\Gems\pygmy_gui.o
                0x20000594                globalSpriteStatus
                0x20000598                globalFormsStatus
                0x20000599                globalFormsLen
 .bss           0x2000059c        0x4 C:\Users\MightyDubster\Documents\Projects\pygmyos.code\Gems\pygmy_port.o
                0x2000059c                globalPygmyPWMCR
 .bss           0x200005a0        0x4 C:\Users\MightyDubster\Documents\Projects\pygmyos.code\Gems\pygmy_string.o
 .bss           0x200005a4       0x34 c:/program files (x86)/raisonance/ride/arm-gcc/bin/../lib/gcc/arm-none-eabi/4.5.1/../../../../arm-none-eabi/lib/thumb2\libc.a(lib_a-mallocr.o)
                0x200005a4                __malloc_top_pad
                0x200005a8                __malloc_current_mallinfo
                0x200005d0                __malloc_max_sbrked_mem
                0x200005d4                __malloc_max_total_mem
 .bss           0x200005d8        0x4 C:\Program Files (x86)\Raisonance\Ride\Lib\ARM\std_sbrk_thumb.lib(sbrk.o)
 *(COMMON)
 COMMON         0x200005dc      0x42c C:\Users\MightyDubster\Documents\Projects\pygmyos.code\Gems\pygmy_audio.o
                0x200005dc                globalAudioPage
                0x200005dd                globalAudioBuffer
                0x200009e0                pygmyAudioFile
 COMMON         0x20000a08       0x74 C:\Users\MightyDubster\Documents\Projects\pygmyos.code\Gems\pygmy_cmd.o
                0x20000a08                globalCMDPorts
                0x20000a10                globalCMDUnsupported
                0x20000a14                globalCMDError
                0x20000a18                globalSPIPorts
                0x20000a50                globalI2CPorts
                0x20000a78                globalCMDPrompt
 COMMON         0x20000a7c      0x114 C:\Users\MightyDubster\Documents\Projects\pygmyos.code\Gems\pygmy_com.o
                0x20000a7c                globalCOM3RXBuffer
                0x20000afc                globalStreams
                0x20000b8c                globalStreamEcho
 COMMON         0x20000b90       0x58 C:\Users\MightyDubster\Documents\Projects\pygmyos.code\Gems\pygmy_file.o
                0x20000b90                pygmyRootVolume
                0x20000bcc                pygmyFlashSPI
 COMMON         0x20000be8      0x930 C:\Users\MightyDubster\Documents\Projects\pygmyos.code\Gems\pygmy_gui.o
                0x20000be8                globalForms
                0x20000bec                globalGUI
                0x20000c50                globalSprites
                0x200014d0                globalWidgets
 COMMON         0x20001518       0xd8 C:\Users\MightyDubster\Documents\Projects\pygmyos.code\Gems\pygmy_port.o
                0x20001518                globalIRQPins
                0x20001528                globalIRQPR
                0x2000152c                globalIRQHandlers
                0x2000156c                globalPygmyPWM
                0x200015ec                globalPygmyPWMFreq
 COMMON         0x200015f0       0x30 C:\Users\MightyDubster\Documents\Projects\pygmyos.code\Gems\pygmy_rf.o
                0x200015f0                globalRFID
                0x200015f4                pygmyRFSPI
                0x20001610                globalRFSubNetMask
                0x20001614                globalRFConfig
                0x20001618                globalRFSocketCount
                0x2000161c                globalRFSockets
 COMMON         0x20001620      0x364 C:\Users\MightyDubster\Documents\Projects\pygmyos.code\Gems\pygmy_sys.o
                0x20001620                pygmyGlobalMessages
                0x200017b0                pygmyGlobalData
                0x200017d0                pygmyGlobalTasks
                0x20001974                pygmyGlobalQueues
 COMMON         0x20001984       0x38 C:\Users\MightyDubster\Documents\Projects\pygmyos.code\Gems\main.o
                0x20001984                fileFont
                0x200019ac                fontOrbitron18
 COMMON         0x200019bc        0x4 C:\Users\MightyDubster\Documents\Projects\pygmyos.code\Gems\varitronix128x128_parallel.o
                0x200019bc                globalContrast
                0x200019bd                globalBPP
                0x200019be                globalPixel
 COMMON         0x200019c0      0x40a C:\Users\MightyDubster\Documents\Projects\pygmyos.code\Gems\gems.o
                0x200019c0                globalYTopazCount
                0x200019c2                globalEmeraldCount
                0x200019c4                imgYTopaz
                0x200019ec                imgDollar
                0x20001a14                globalDollarCoords
                0x20001a94                imgBusy
                0x20001abc                globalRubyCoords
                0x20001b3c                widgetButton
                0x20001b84                globalTopazCount
                0x20001b86                globalGems
                0x20001bc6                globalTopazCoords
                0x20001c48                imgEmerald
                0x20001c70                globalYTopazCoords
                0x20001cf0                globalCursor1Gem
                0x20001cf4                imgRuby
                0x20001d1c                imgTopaz
                0x20001d44                globalRubyCount
                0x20001d46                globalEmeraldCoords
                0x20001dc6                globalCursor1Coords
 *fill*         0x20001dca        0x2 00
 COMMON         0x20001dcc        0x4 c:/program files (x86)/raisonance/ride/arm-gcc/bin/../lib/gcc/arm-none-eabi/4.5.1/../../../../arm-none-eabi/lib/thumb2\libc.a(lib_a-reent.o)
                0x20001dcc                errno
                0x20001dd0                . = ALIGN (0x4)
                0x20001dd0                _ebss = .
                0x20001dd0                PROVIDE (end, _ebss)
                0x20001dd0                PROVIDE (_end, _ebss)

._usrstack      0x20001dd0      0x100 load address 0x0801035c
                0x20001dd0                . = ALIGN (0x4)
                0x20001dd0                _susrstack = .
                0x20001ed0                . = (. + _Minimum_Stack_Size)
 *fill*         0x20001dd0      0x100 00
                0x20001ed0                . = ALIGN (0x4)
                0x20001ed0                _eusrstack = .

.b1text
 *(.b1text)
 *(.b1rodata)
 *(.b1rodata*)

.eb0text
 *(.eb0text)
 *(.eb0rodata)
 *(.eb0rodata*)

.eb1text
 *(.eb1text)
 *(.eb1rodata)
 *(.eb1rodata*)

.eb2text
 *(.eb2text)
 *(.eb2rodata)
 *(.eb2rodata*)

.eb3text
 *(.eb3text)
 *(.eb3rodata)
 *(.eb3rodata*)
                0x20001ed0                __exidx_start = .
                0x20001ed0                __exidx_end = .

/DISCARD/
 libc.a(*)
 libm.a(*)
 libgcc.a(*)

.stab
 *(.stab)

.stabstr
 *(.stabstr)

.stab.excl
 *(.stab.excl)

.stab.exclstr
 *(.stab.exclstr)

.stab.index
 *(.stab.index)

.stab.indexstr
 *(.stab.indexstr)

.ARM.attributes
                0x00000000       0x2d
 .ARM.attributes
                0x00000000       0x21 C:\Program Files (x86)\Raisonance\Ride\lib\ARM\startup_stm32f10x_hd.o
 .ARM.attributes
                0x00000021       0x31 C:\Users\MightyDubster\Documents\Projects\pygmyos.code\Gems\pygmy_adc.o
 .ARM.attributes
                0x00000052       0x31 C:\Users\MightyDubster\Documents\Projects\pygmyos.code\Gems\pygmy_audio.o
 .ARM.attributes
                0x00000083       0x31 C:\Users\MightyDubster\Documents\Projects\pygmyos.code\Gems\pygmy_cmd.o
 .ARM.attributes
                0x000000b4       0x31 C:\Users\MightyDubster\Documents\Projects\pygmyos.code\Gems\pygmy_com.o
 .ARM.attributes
                0x000000e5       0x31 C:\Users\MightyDubster\Documents\Projects\pygmyos.code\Gems\pygmy_debug.o
 .ARM.attributes
                0x00000116       0x31 C:\Users\MightyDubster\Documents\Projects\pygmyos.code\Gems\pygmy_file.o
 .ARM.attributes
                0x00000147       0x31 C:\Users\MightyDubster\Documents\Projects\pygmyos.code\Gems\pygmy_fpec.o
 .ARM.attributes
                0x00000178       0x31 C:\Users\MightyDubster\Documents\Projects\pygmyos.code\Gems\pygmy_gui.o
 .ARM.attributes
                0x000001a9       0x31 C:\Users\MightyDubster\Documents\Projects\pygmyos.code\Gems\pygmy_nvic.o
 .ARM.attributes
                0x000001da       0x31 C:\Users\MightyDubster\Documents\Projects\pygmyos.code\Gems\pygmy_port.o
 .ARM.attributes
                0x0000020b       0x31 C:\Users\MightyDubster\Documents\Projects\pygmyos.code\Gems\pygmy_rf.o
 .ARM.attributes
                0x0000023c       0x31 C:\Users\MightyDubster\Documents\Projects\pygmyos.code\Gems\pygmy_rtc.o
 .ARM.attributes