Archive member included because of file (symbol)

c:/program files (x86)/raisonance/ride/arm-gcc/bin/../lib/gcc/arm-none-eabi/4.5.1/../../../../arm-none-eabi/lib/thumb2\libc.a(lib_a-dprintf.o)
                              C:\Users\MightyDubster\Documents\Projects\pygmyos.code\Gems\pygmy_jpeg.o (dprintf)
c:/program files (x86)/raisonance/ride/arm-gcc/bin/../lib/gcc/arm-none-eabi/4.5.1/../../../../arm-none-eabi/lib/thumb2\libc.a(lib_a-findfp.o)
                              c:/program files (x86)/raisonance/ride/arm-gcc/bin/../lib/gcc/arm-none-eabi/4.5.1/../../../../arm-none-eabi/lib/thumb2\libc.a(lib_a-dprintf.o) (__sinit)
c:/program files (x86)/raisonance/ride/arm-gcc/bin/../lib/gcc/arm-none-eabi/4.5.1/../../../../arm-none-eabi/lib/thumb2\libc.a(lib_a-fwalk.o)
                              c:/program files (x86)/raisonance/ride/arm-gcc/bin/../lib/gcc/arm-none-eabi/4.5.1/../../../../arm-none-eabi/lib/thumb2\libc.a(lib_a-findfp.o) (_fwalk)
c:/program files (x86)/raisonance/ride/arm-gcc/bin/../lib/gcc/arm-none-eabi/4.5.1/../../../../arm-none-eabi/lib/thumb2\libc.a(lib_a-impure.o)
                              c:/program files (x86)/raisonance/ride/arm-gcc/bin/../lib/gcc/arm-none-eabi/4.5.1/../../../../arm-none-eabi/lib/thumb2\libc.a(lib_a-dprintf.o) (_impure_ptr)
c:/program files (x86)/raisonance/ride/arm-gcc/bin/../lib/gcc/arm-none-eabi/4.5.1/../../../../arm-none-eabi/lib/thumb2\libc.a(lib_a-malloc.o)
                              C:\Users\MightyDubster\Documents\Projects\pygmyos.code\Gems\pygmy_string.o (malloc)
c:/program files (x86)/raisonance/ride/arm-gcc/bin/../lib/gcc/arm-none-eabi/4.5.1/../../../../arm-none-eabi/lib/thumb2\libc.a(lib_a-mallocr.o)
                              c:/program files (x86)/raisonance/ride/arm-gcc/bin/../lib/gcc/arm-none-eabi/4.5.1/../../../../arm-none-eabi/lib/thumb2\libc.a(lib_a-findfp.o) (_malloc_r)
c:/program files (x86)/raisonance/ride/arm-gcc/bin/../lib/gcc/arm-none-eabi/4.5.1/../../../../arm-none-eabi/lib/thumb2\libc.a(lib_a-memset.o)
                              C:\Users\MightyDubster\Documents\Projects\pygmyos.code\Gems\pygmy_jpeg.o (memset)
c:/program files (x86)/raisonance/ride/arm-gcc/bin/../lib/gcc/arm-none-eabi/4.5.1/../../../../arm-none-eabi/lib/thumb2\libc.a(lib_a-mlock.o)
                              c:/program files (x86)/raisonance/ride/arm-gcc/bin/../lib/gcc/arm-none-eabi/4.5.1/../../../../arm-none-eabi/lib/thumb2\libc.a(lib_a-mallocr.o) (__malloc_lock)
c:/program files (x86)/raisonance/ride/arm-gcc/bin/../lib/gcc/arm-none-eabi/4.5.1/../../../../arm-none-eabi/lib/thumb2\libc.a(lib_a-realloc.o)
                              C:\Users\MightyDubster\Documents\Projects\pygmyos.code\Gems\pygmy_socket.o (realloc)
c:/program files (x86)/raisonance/ride/arm-gcc/bin/../lib/gcc/arm-none-eabi/4.5.1/../../../../arm-none-eabi/lib/thumb2\libc.a(lib_a-reallocr.o)
                              c:/program files (x86)/raisonance/ride/arm-gcc/bin/../lib/gcc/arm-none-eabi/4.5.1/../../../../arm-none-eabi/lib/thumb2\libc.a(lib_a-realloc.o) (_realloc_r)
c:/program files (x86)/raisonance/ride/arm-gcc/bin/../lib/gcc/arm-none-eabi/4.5.1/../../../../arm-none-eabi/lib/thumb2\libc.a(lib_a-s_modf.o)
                              C:\Users\MightyDubster\Documents\Projects\pygmyos.code\Gems\pygmy_string.o (modf)
c:/program files (x86)/raisonance/ride/arm-gcc/bin/../lib/gcc/arm-none-eabi/4.5.1/../../../../arm-none-eabi/lib/thumb2\libc.a(lib_a-sbrkr.o)
                              c:/program files (x86)/raisonance/ride/arm-gcc/bin/../lib/gcc/arm-none-eabi/4.5.1/../../../../arm-none-eabi/lib/thumb2\libc.a(lib_a-mallocr.o) (_sbrk_r)
c:/program files (x86)/raisonance/ride/arm-gcc/bin/../lib/gcc/arm-none-eabi/4.5.1/../../../../arm-none-eabi/lib/thumb2\libc.a(lib_a-stdio.o)
                              c:/program files (x86)/raisonance/ride/arm-gcc/bin/../lib/gcc/arm-none-eabi/4.5.1/../../../../arm-none-eabi/lib/thumb2\libc.a(lib_a-findfp.o) (__sread)
c:/program files (x86)/raisonance/ride/arm-gcc/bin/../lib/gcc/arm-none-eabi/4.5.1/../../../../arm-none-eabi/lib/thumb2\libc.a(lib_a-vdprintf.o)
                              c:/program files (x86)/raisonance/ride/arm-gcc/bin/../lib/gcc/arm-none-eabi/4.5.1/../../../../arm-none-eabi/lib/thumb2\libc.a(lib_a-dprintf.o) (_vdprintf_r)
c:/program files (x86)/raisonance/ride/arm-gcc/bin/../lib/gcc/arm-none-eabi/4.5.1/../../../../arm-none-eabi/lib/thumb2\libc.a(lib_a-writer.o)
                              c:/program files (x86)/raisonance/ride/arm-gcc/bin/../lib/gcc/arm-none-eabi/4.5.1/../../../../arm-none-eabi/lib/thumb2\libc.a(lib_a-stdio.o) (_write_r)
c:/program files (x86)/raisonance/ride/arm-gcc/bin/../lib/gcc/arm-none-eabi/4.5.1/../../../../arm-none-eabi/lib/thumb2\libc.a(lib_a-closer.o)
                              c:/program files (x86)/raisonance/ride/arm-gcc/bin/../lib/gcc/arm-none-eabi/4.5.1/../../../../arm-none-eabi/lib/thumb2\libc.a(lib_a-stdio.o) (_close_r)
[...]
Memory Configuration

Name             Origin             Length             Attributes
RAM              0x20000000         0x00018000         xrw
FLASH            0x08002000         0x00100000         xr
HEAP             0x20002000         0x00014000         xrw
STARTFLASH       0x00000000         0x00000000         xr
CRPPATCH         0x00000000         0x00000000         r
FLASHPATCH       0x00000000         0x00000000         r
ENDFLASH         0x00000000         0x00000000         xr
FLASHB1          0x00000000         0x00000000         xr
EXTMEMB0         0x00000000         0x00000000         xr
EXTMEMB1         0x00000000         0x00000000         xr
EXTMEMB2         0x00000000         0x00000000         xr
EXTMEMB3         0x00000000         0x00000000         xr
*default*        0x00000000         0xffffffff

Linker script and memory map

LOAD C:\Program Files (x86)\Raisonance\Ride\lib\ARM\startup_stm32f10x_hd.o
LOAD C:\Users\MightyDubster\Documents\Projects\pygmyos.code\Gems\pygmy_adc.o
LOAD C:\Users\MightyDubster\Documents\Projects\pygmyos.code\Gems\pygmy_audio.o
LOAD C:\Users\MightyDubster\Documents\Projects\pygmyos.code\Gems\pygmy_cmd.o
LOAD C:\Users\MightyDubster\Documents\Projects\pygmyos.code\Gems\pygmy_com.o
LOAD C:\Users\MightyDubster\Documents\Projects\pygmyos.code\Gems\pygmy_debug.o
LOAD C:\Users\MightyDubster\Documents\Projects\pygmyos.code\Gems\pygmy_file.o
LOAD C:\Users\MightyDubster\Documents\Projects\pygmyos.code\Gems\pygmy_fpec.o
LOAD C:\Users\MightyDubster\Documents\Projects\pygmyos.code\Gems\pygmy_gui.o
LOAD C:\Users\MightyDubster\Documents\Projects\pygmyos.code\Gems\pygmy_nvic.o
LOAD C:\Users\MightyDubster\Documents\Projects\pygmyos.code\Gems\pygmy_port.o
LOAD C:\Users\MightyDubster\Documents\Projects\pygmyos.code\Gems\pygmy_rf.o
LOAD C:\Users\MightyDubster\Documents\Projects\pygmyos.code\Gems\pygmy_rtc.o
LOAD C:\Users\MightyDubster\Documents\Projects\pygmyos.code\Gems\pygmy_string.o
LOAD C:\Users\MightyDubster\Documents\Projects\pygmyos.code\Gems\pygmy_sys.o
LOAD C:\Users\MightyDubster\Documents\Projects\pygmyos.code\Gems\main.o
LOAD C:\Users\MightyDubster\Documents\Projects\pygmyos.code\Gems\varitronix128x128_parallel.o
LOAD C:\Users\MightyDubster\Documents\Projects\pygmyos.code\Gems\gems.o
LOAD C:\Users\MightyDubster\Documents\Projects\pygmyos.code\Gems\pygmy_jpeg.o
LOAD C:\Users\MightyDubster\Documents\Projects\pygmyos.code\Gems\mpl115a2.o
LOAD C:\Users\MightyDubster\Documents\Projects\pygmyos.code\Gems\hih5030.o
LOAD C:\Users\MightyDubster\Documents\Projects\pygmyos.code\Gems\at24hc02b.o
LOAD C:\Users\MightyDubster\Documents\Projects\pygmyos.code\Gems\mcp443x.o
LOAD C:\Users\MightyDubster\Documents\Projects\pygmyos.code\Gems\gasSensor.o
LOAD C:\Users\MightyDubster\Documents\Projects\pygmyos.code\Gems\pygmy_socket.o
START GROUP
LOAD C:\Program Files (x86)\Raisonance\Ride\Lib\ARM\std_sbrk_thumb.lib
LOAD C:\Program Files (x86)\Raisonance\Ride\Lib\ARM\smallprintf_thumb.a
LOAD c:/program files (x86)/raisonance/ride/arm-gcc/bin/../lib/gcc/arm-none-eabi/4.5.1/../../../../arm-none-eabi/lib/thumb2\libc.a
LOAD c:/program files (x86)/raisonance/ride/arm-gcc/bin/../lib/gcc/arm-none-eabi/4.5.1/../../../../arm-none-eabi/lib/thumb2\libm.a
END GROUP
                0x00000400                __Stack_Size = 0x400
                0x00000400                PROVIDE (_Stack_Size, __Stack_Size)
                0x20017c00                __Stack_Init = (_estack - __Stack_Size)
                0x20017c00                PROVIDE (_Stack_Init, __Stack_Init)
                0x00000100                _Minimum_Stack_Size = 0x100
                0x00000000                PROVIDE (Undefined_Handler, 0x0)
                0x00000000                PROVIDE (SWI_Handler, 0x0)
                0x00000000                PROVIDE (IRQ_Handler, 0x0)
                0x00000000                PROVIDE (Prefetch_Handler, 0x0)
                0x00000000                PROVIDE (Abort_Handler, 0x0)
                0x00000000                PROVIDE (FIQ_Handler, 0x0)
                0x00000000                PROVIDE (NMIException, 0x0)
                0x00000000                PROVIDE (NMI_Handler, 0x0)
                0x00000000                PROVIDE (HardFaultException, 0x0)
                0x00000000                PROVIDE (HardFault_Handler, 0x0)
                0x00000000                PROVIDE (MemManageException, 0x0)
                0x00000000                PROVIDE (MemManage_Handler, 0x0)
                0x00000000                PROVIDE (BusFaultException, 0x0)
                0x00000000                PROVIDE (BusFault_Handler, 0x0)
                0x00000000                PROVIDE (UsageFaultException, 0x0)
                0x00000000                PROVIDE (UsageFault_Handler, 0x0)
                0x00000000                PROVIDE (SVCHandler, 0x0)
                0x00000000                PROVIDE (SVC_Handler, 0x0)
                0x00000000                PROVIDE (DebugMonitor, 0x0)
                0x00000000                PROVIDE (DebugMon_Handler, 0x0)
                0x00000000                PROVIDE (PendSVC, 0x0)
                0x00000000                PROVIDE (PendSV_Handler, 0x0)
                0x00000000                PROVIDE (SysTickHandler, 0x0)
                0x00000000                PROVIDE (SysTick_Handler, 0x0)
                0x00000000                PROVIDE (WWDG_IRQHandler, 0x0)
                0x00000000                PROVIDE (PVD_IRQHandler, 0x0)
                0x00000000                PROVIDE (TAMPER_IRQHandler, 0x0)
                0x00000000                PROVIDE (RTC_IRQHandler, 0x0)
                0x00000000                PROVIDE (FLASH_IRQHandler, 0x0)
                0x00000000                PROVIDE (RCC_IRQHandler, 0x0)
                0x00000000                PROVIDE (EXTI0_IRQHandler, 0x0)
                0x00000000                PROVIDE (EXTI1_IRQHandler, 0x0)
                0x00000000                PROVIDE (EXTI2_IRQHandler, 0x0)
                0x00000000                PROVIDE (EXTI3_IRQHandler, 0x0)
                0x00000000                PROVIDE (EXTI4_IRQHandler, 0x0)
                0x00000000                PROVIDE (DMAChannel1_IRQHandler, 0x0)
                0x00000000                PROVIDE (DMAChannel2_IRQHandler, 0x0)
                0x00000000                PROVIDE (DMAChannel3_IRQHandler, 0x0)
                0x00000000                PROVIDE (DMAChannel4_IRQHandler, 0x0)
                0x00000000                PROVIDE (DMAChannel5_IRQHandler, 0x0)
                0x00000000                PROVIDE (DMAChannel6_IRQHandler, 0x0)
                0x00000000                PROVIDE (DMAChannel7_IRQHandler, 0x0)
                0x00000000                PROVIDE (DMA1_Channel1_IRQHandler, 0x0)
                0x00000000                PROVIDE (DMA1_Channel2_IRQHandler, 0x0)
                0x00000000                PROVIDE (DMA1_Channel3_IRQHandler, 0x0)
                0x00000000                PROVIDE (DMA1_Channel4_IRQHandler, 0x0)
                0x00000000                PROVIDE (DMA1_Channel5_IRQHandler, 0x0)
                0x00000000                PROVIDE (DMA1_Channel6_IRQHandler, 0x0)
                0x00000000                PROVIDE (DMA1_Channel7_IRQHandler, 0x0)
                0x00000000                PROVIDE (ADC_IRQHandler, 0x0)
                0x00000000                PROVIDE (ADC1_2_IRQHandler, 0x0)
                0x00000000                PROVIDE (USB_HP_CAN_TX_IRQHandler, 0x0)
                0x00000000                PROVIDE (USB_HP_CAN1_TX_IRQHandler, 0x0)
                0x00000000                PROVIDE (USB_LP_CAN_RX0_IRQHandler, 0x0)
                0x00000000                PROVIDE (USB_LP_CAN1_RX0_IRQHandler, 0x0)
                0x00000000                PROVIDE (CAN_RX1_IRQHandler, 0x0)
                0x00000000                PROVIDE (CAN1_RX1_IRQHandler, 0x0)
                0x00000000                PROVIDE (CAN_SCE_IRQHandler, 0x0)
                0x00000000                PROVIDE (CAN1_SCE_IRQHandler, 0x0)
                0x00000000                PROVIDE (EXTI9_5_IRQHandler, 0x0)
                0x00000000                PROVIDE (TIM1_BRK_IRQHandler, 0x0)
                0x00000000                PROVIDE (TIM1_UP_IRQHandler, 0x0)
                0x00000000                PROVIDE (TIM1_TRG_COM_IRQHandler, 0x0)
                0x00000000                PROVIDE (TIM1_CC_IRQHandler, 0x0)
                0x00000000                PROVIDE (TIM2_IRQHandler, 0x0)
                0x00000000                PROVIDE (TIM3_IRQHandler, 0x0)
                0x00000000                PROVIDE (TIM4_IRQHandler, 0x0)
                0x00000000                PROVIDE (I2C1_EV_IRQHandler, 0x0)
                0x00000000                PROVIDE (I2C1_ER_IRQHandler, 0x0)
                0x00000000                PROVIDE (I2C2_EV_IRQHandler, 0x0)
                0x00000000                PROVIDE (I2C2_ER_IRQHandler, 0x0)
                0x00000000                PROVIDE (SPI1_IRQHandler, 0x0)
                0x00000000                PROVIDE (SPI2_IRQHandler, 0x0)
                0x00000000                PROVIDE (USART1_IRQHandler, 0x0)
                0x00000000                PROVIDE (USART2_IRQHandler, 0x0)
                0x00000000                PROVIDE (USART3_IRQHandler, 0x0)
                0x00000000                PROVIDE (EXTI15_10_IRQHandler, 0x0)
                0x00000000                PROVIDE (RTCAlarm_IRQHandler, 0x0)
                0x00000000                PROVIDE (USBWakeUp_IRQHandler, 0x0)
                0x00000000                PROVIDE (TIM8_BRK_IRQHandler, 0x0)
                0x00000000                PROVIDE (TIM8_UP_IRQHandler, 0x0)
                0x00000000                PROVIDE (TIM8_TRG_COM_IRQHandler, 0x0)
                0x00000000                PROVIDE (TIM8_CC_IRQHandler, 0x0)
                0x00000000                PROVIDE (ADC3_IRQHandler, 0x0)
                0x00000000                PROVIDE (FSMC_IRQHandler, 0x0)
                0x00000000                PROVIDE (SDIO_IRQHandler, 0x0)
                0x00000000                PROVIDE (TIM5_IRQHandler, 0x0)
                0x00000000                PROVIDE (SPI3_IRQHandler, 0x0)
                0x00000000                PROVIDE (UART4_IRQHandler, 0x0)
                0x00000000                PROVIDE (UART5_IRQHandler, 0x0)
                0x00000000                PROVIDE (TIM6_IRQHandler, 0x0)
                0x00000000                PROVIDE (TIM7_IRQHandler, 0x0)
                0x00000000                PROVIDE (DMA2_Channel1_IRQHandler, 0x0)
                0x00000000                PROVIDE (DMA2_Channel2_IRQHandler, 0x0)
                0x00000000                PROVIDE (DMA2_Channel3_IRQHandler, 0x0)
                0x00000000                PROVIDE (DMA2_Channel4_5_IRQHandler, 0x0)
                0x42000000                PERIPH_BB_BASE = 0x42000000
                0x22000000                SRAM_BB_BASE = 0x22000000
                0x20000000                SRAM_BASE = 0x20000000
                0x40000000                PERIPH_BASE = 0x40000000
                0x40022000                PROVIDE (FLASH_BASE, 0x40022000)
                0x1ffff800                PROVIDE (OB_BASE, 0x1ffff800)
                0x40000000                APB1PERIPH_BASE = PERIPH_BASE
                0x40010000                APB2PERIPH_BASE = (PERIPH_BASE + 0x10000)
                0x40020000                AHBPERIPH_BASE = (PERIPH_BASE + 0x20000)
                0x40000000                PROVIDE (TIM2, (APB1PERIPH_BASE + 0x0))
                0x40000400                PROVIDE (TIM3, (APB1PERIPH_BASE + 0x400))
                0x40000800                PROVIDE (TIM4, (APB1PERIPH_BASE + 0x800))
                0x40002800                PROVIDE (RTC, (APB1PERIPH_BASE + 0x2800))
                0x40002c00                PROVIDE (WWDG, (APB1PERIPH_BASE + 0x2c00))
                0x40003000                PROVIDE (IWDG, (APB1PERIPH_BASE + 0x3000))
                0x40003800                PROVIDE (SPI2, (APB1PERIPH_BASE + 0x3800))
                0x40004400                PROVIDE (USART2, (APB1PERIPH_BASE + 0x4400))
                0x40004800                PROVIDE (USART3, (APB1PERIPH_BASE + 0x4800))
                0x40005400                PROVIDE (I2C1, (APB1PERIPH_BASE + 0x5400))
                0x40005800                PROVIDE (I2C2, (APB1PERIPH_BASE + 0x5800))
                0x40006400                PROVIDE (CAN, (APB1PERIPH_BASE + 0x6400))
                0x40006c00                PROVIDE (BKP, (APB1PERIPH_BASE + 0x6c00))
                0x40007000                PROVIDE (PWR, (APB1PERIPH_BASE + 0x7000))
                0x40010000                PROVIDE (AFIO, (APB2PERIPH_BASE + 0x0))
                0x40010400                PROVIDE (EXTI, (APB2PERIPH_BASE + 0x400))
                0x40010800                PROVIDE (GPIOA, (APB2PERIPH_BASE + 0x800))
                0x40010c00                PROVIDE (GPIOB, (APB2PERIPH_BASE + 0xc00))
                0x40011000                PROVIDE (GPIOC, (APB2PERIPH_BASE + 0x1000))
                0x40011400                PROVIDE (GPIOD, (APB2PERIPH_BASE + 0x1400))
                0x40011800                PROVIDE (GPIOE, (APB2PERIPH_BASE + 0x1800))
                0x40012400                PROVIDE (ADC1, (APB2PERIPH_BASE + 0x2400))
                0x40012800                PROVIDE (ADC2, (APB2PERIPH_BASE + 0x2800))
                0x40012c00                PROVIDE (TIM1, (APB2PERIPH_BASE + 0x2c00))
                0x40013000                PROVIDE (SPI1, (APB2PERIPH_BASE + 0x3000))
                0x40013800                PROVIDE (USART1, (APB2PERIPH_BASE + 0x3800))
                0x40020000                PROVIDE (DMA, (AHBPERIPH_BASE + 0x0))
                0x40020008                PROVIDE (DMA_Channel1, (AHBPERIPH_BASE + 0x8))
                0x4002001c                PROVIDE (DMA_Channel2, (AHBPERIPH_BASE + 0x1c))
                0x40020030                PROVIDE (DMA_Channel3, (AHBPERIPH_BASE + 0x30))
                0x40020044                PROVIDE (DMA_Channel4, (AHBPERIPH_BASE + 0x44))
                0x40020058                PROVIDE (DMA_Channel5, (AHBPERIPH_BASE + 0x58))
                0x4002006c                PROVIDE (DMA_Channel6, (AHBPERIPH_BASE + 0x6c))
                0x40020080                PROVIDE (DMA_Channel7, (AHBPERIPH_BASE + 0x80))
                0x40021000                PROVIDE (RCC, (AHBPERIPH_BASE + 0x1000))
                0xe000e000                SCS_BASE = 0xe000e000
                0xe000e010                PROVIDE (SysTick, (SCS_BASE + 0x10))
                0xe000e100                PROVIDE (NVIC, (SCS_BASE + 0x100))
                0xe000ed00                PROVIDE (SCB, (SCS_BASE + 0xd00))
                0x20018000                _estack = 0x20018000

.isr_vector     0x08002000      0x1e4
                0x08002000                . = ALIGN (0x4)
 *(.isr_vector)
 .isr_vector    0x08002000      0x1e4 C:\Program Files (x86)\Raisonance\Ride\lib\ARM\startup_stm32f10x_hd.o
                0x08002000                g_pfnVectors
                0x080021e4                . = ALIGN (0x4)

.flash_start    0x00000000        0x0
                0x00000000                . = ALIGN (0x4)
 *(.flash_start)
 *(.flash_start.*)
                0x00000000                . = ALIGN (0x4)

.crp_patch      0x00000000        0x0
                0x00000000                . = ALIGN (0x4)
 *(.crp_patch)
                0x00000000                . = ALIGN (0x4)

.flashtext      0x080021e4        0x0
                0x080021e4                . = ALIGN (0x4)
 *(.flashtext)
                0x080021e4                . = ALIGN (0x4)

.text           0x080021e8     0x8b30
                0x080021e8                . = ALIGN (0x4)
 *(.text)
 .text          0x080021e8       0x20 c:/program files (x86)/raisonance/ride/arm-gcc/bin/../lib/gcc/arm-none-eabi/4.5.1/../../../../arm-none-eabi/lib/thumb2\libc.a(lib_a-malloc.o)
                0x080021e8                malloc
                0x080021f8                free
 .text          0x08002208      0x57c c:/program files (x86)/raisonance/ride/arm-gcc/bin/../lib/gcc/arm-none-eabi/4.5.1/../../../../arm-none-eabi/lib/thumb2\libc.a(lib_a-mallocr.o)
                0x08002208                _malloc_r
 .text          0x08002784        0x8 c:/program files (x86)/raisonance/ride/arm-gcc/bin/../lib/gcc/arm-none-eabi/4.5.1/../../../../arm-none-eabi/lib/thumb2\libc.a(lib_a-mlock.o)
                0x08002784                __malloc_lock
                0x08002788                __malloc_unlock
 .text          0x0800278c       0x14 c:/program files (x86)/raisonance/ride/arm-gcc/bin/../lib/gcc/arm-none-eabi/4.5.1/../../../../arm-none-eabi/lib/thumb2\libc.a(lib_a-realloc.o)
                0x0800278c                realloc
 .text          0x080027a0      0x41c c:/program files (x86)/raisonance/ride/arm-gcc/bin/../lib/gcc/arm-none-eabi/4.5.1/../../../../arm-none-eabi/lib/thumb2\libc.a(lib_a-reallocr.o)
                0x080027a0                _realloc_r
 .text          0x08002bbc       0xe0 c:/program files (x86)/raisonance/ride/arm-gcc/bin/../lib/gcc/arm-none-eabi/4.5.1/../../../../arm-none-eabi/lib/thumb2\libc.a(lib_a-s_modf.o)
                0x08002bbc                modf
 .text          0x08002c9c       0x28 c:/program files (x86)/raisonance/ride/arm-gcc/bin/../lib/gcc/arm-none-eabi/4.5.1/../../../../arm-none-eabi/lib/thumb2\libc.a(lib_a-sbrkr.o)
                0x08002c9c                _sbrk_r
 .text          0x08002cc4      0x240 c:/program files (x86)/raisonance/ride/arm-gcc/bin/../lib/gcc/arm-none-eabi/4.5.1/../../../../arm-none-eabi/lib/thumb2\libc.a(lib_a-freer.o)
                0x08002cc4                _malloc_trim_r
                0x08002d6c                _free_r
 .text          0x08002f04       0xa0 c:/program files (x86)/raisonance/ride/arm-gcc/bin/../lib/gcc/arm-none-eabi/4.5.1/../../../../arm-none-eabi/lib/thumb2\libc.a(lib_a-memmove.o)
                0x08002f04                memmove
 *fill*         0x08002fa4        0x4 00
 .text          0x08002fa8      0x278 c:/program files (x86)/raisonance/ride/arm-gcc/bin/../lib/gcc/arm-none-eabi/4.5.1/thumb2\libgcc.a(_udivsi3.o)
                0x08002fa8                __aeabi_uidiv
                0x08002fa8                __udivsi3
                0x08003204                __aeabi_uidivmod
 .text          0x08003220        0x4 c:/program files (x86)/raisonance/ride/arm-gcc/bin/../lib/gcc/arm-none-eabi/4.5.1/thumb2\libgcc.a(_dvmd_tls.o)
                0x08003220                __aeabi_idiv0
                0x08003220                __aeabi_ldiv0
 .text          0x08003224      0x370 c:/program files (x86)/raisonance/ride/arm-gcc/bin/../lib/gcc/arm-none-eabi/4.5.1/thumb2\libgcc.a(_arm_addsubdf3.o)
                0x08003224                __aeabi_drsub
                0x0800322c                __aeabi_dsub
                0x0800322c                __subdf3
                0x08003230                __aeabi_dadd
                0x08003230                __adddf3
                0x080034a8                __floatunsidf
                0x080034a8                __aeabi_ui2d
                0x080034c8                __floatsidf
                0x080034c8                __aeabi_i2d
                0x080034ec                __aeabi_f2d
                0x080034ec                __extendsfdf2
                0x08003528                __floatundidf
                0x08003528                __aeabi_ul2d
                0x08003538                __floatdidf
                0x08003538                __aeabi_l2d
 .text          0x08003594      0x424 c:/program files (x86)/raisonance/ride/arm-gcc/bin/../lib/gcc/arm-none-eabi/4.5.1/thumb2\libgcc.a(_arm_muldivdf3.o)
                0x08003594                __aeabi_dmul
                0x08003594                __muldf3
                0x080037e8                __divdf3
                0x080037e8                __aeabi_ddiv
 .text          0x080039b8      0x110 c:/program files (x86)/raisonance/ride/arm-gcc/bin/../lib/gcc/arm-none-eabi/4.5.1/thumb2\libgcc.a(_arm_cmpdf2.o)
                0x080039b8                __gtdf2
                0x080039b8                __gedf2
                0x080039c0                __ltdf2
                0x080039c0                __ledf2
                0x080039c8                __nedf2
                0x080039c8                __eqdf2
                0x080039c8                __cmpdf2
                0x08003a44                __aeabi_cdrcmple
                0x08003a54                __aeabi_cdcmpeq
                0x08003a54                __aeabi_cdcmple
                0x08003a64                __aeabi_dcmpeq
                0x08003a78                __aeabi_dcmplt
                0x08003a8c                __aeabi_dcmple
                0x08003aa0                __aeabi_dcmpge
                0x08003ab4                __aeabi_dcmpgt
 .text          0x08003ac8       0x50 c:/program files (x86)/raisonance/ride/arm-gcc/bin/../lib/gcc/arm-none-eabi/4.5.1/thumb2\libgcc.a(_arm_fixdfsi.o)
                0x08003ac8                __aeabi_d2iz
                0x08003ac8                __fixdfsi
 .text          0x08003b18       0x40 c:/program files (x86)/raisonance/ride/arm-gcc/bin/../lib/gcc/arm-none-eabi/4.5.1/thumb2\libgcc.a(_arm_fixunsdfsi.o)
                0x08003b18                __aeabi_d2uiz
                0x08003b18                __fixunsdfsi
 .text          0x08003b58       0x38 c:/program files (x86)/raisonance/ride/arm-gcc/bin/../lib/gcc/arm-none-eabi/4.5.1/thumb2\libgcc.a(_aeabi_ldivmod.o)
                0x08003b58                __aeabi_ldivmod
 .text          0x08003b90       0x60 c:/program files (x86)/raisonance/ride/arm-gcc/bin/../lib/gcc/arm-none-eabi/4.5.1/thumb2\libgcc.a(bpabi.o)
                0x08003b90                __gnu_ldivmod_helper
                0x08003bc0                __gnu_uldivmod_helper
 .text          0x08003bf0      0x364 c:/program files (x86)/raisonance/ride/arm-gcc/bin/../lib/gcc/arm-none-eabi/4.5.1/thumb2\libgcc.a(_divdi3.o)
                0x08003bf0                __divdi3
 .text          0x08003f54      0x314 c:/program files (x86)/raisonance/ride/arm-gcc/bin/../lib/gcc/arm-none-eabi/4.5.1/thumb2\libgcc.a(_udivdi3.o)
                0x08003f54                __udivdi3
 *(.text.*)
 .text.Reset_Handler
                0x08004268       0x50 C:\Program Files (x86)\Raisonance\Ride\lib\ARM\startup_stm32f10x_hd.o
                0x08004268                Reset_Handler
 .text.SystemInit_ExtMemCtl_Dummy
                0x080042b8        0x2 C:\Program Files (x86)\Raisonance\Ride\lib\ARM\startup_stm32f10x_hd.o
                0x080042b8                SystemInit_ExtMemCtl
                0x080042b8                SystemInit_ExtMemCtl_Dummy
 .text.Default_Handler
                0x080042ba        0x2 C:\Program Files (x86)\Raisonance\Ride\lib\ARM\startup_stm32f10x_hd.o
                0x080042ba                TIM8_TRG_COM_IRQHandler
                0x080042ba                TIM8_CC_IRQHandler
                0x080042ba                DebugMon_Handler
                0x080042ba                TIM1_CC_IRQHandler
                0x080042ba                TIM6_IRQHandler
                0x080042ba                PVD_IRQHandler
                0x080042ba                SDIO_IRQHandler
                0x080042ba                PendSV_Handler
                0x080042ba                NMI_Handler
                0x080042ba                UsageFault_Handler
                0x080042ba                SPI1_IRQHandler
                0x080042ba                TAMPER_IRQHandler
                0x080042ba                TIM8_UP_IRQHandler
                0x080042ba                DMA2_Channel2_IRQHandler
                0x080042ba                DMA1_Channel4_IRQHandler
                0x080042ba                RTC_IRQHandler
                0x080042ba                DMA1_Channel7_IRQHandler
                0x080042ba                CAN1_RX1_IRQHandler
                0x080042ba                UART5_IRQHandler
                0x080042ba                ADC3_IRQHandler
                0x080042ba                TIM4_IRQHandler
                0x080042ba                DMA2_Channel1_IRQHandler
                0x080042ba                I2C1_EV_IRQHandler
                0x080042ba                DMA1_Channel6_IRQHandler
                0x080042ba                UART4_IRQHandler
                0x080042ba                TIM3_IRQHandler
                0x080042ba                RCC_IRQHandler
                0x080042ba                TIM1_TRG_COM_IRQHandler
                0x080042ba                DMA1_Channel1_IRQHandler
                0x080042ba                Default_Handler
                0x080042ba                TIM7_IRQHandler
                0x080042ba                TIM5_IRQHandler
                0x080042ba                SPI2_IRQHandler
                0x080042ba                MemManage_Handler
                0x080042ba                SVC_Handler
                0x080042ba                DMA1_Channel5_IRQHandler
                0x080042ba                USB_LP_CAN1_RX0_IRQHandler
                0x080042ba                USB_HP_CAN1_TX_IRQHandler
                0x080042ba                FSMC_IRQHandler
                0x080042ba                WWDG_IRQHandler
                0x080042ba                TIM2_IRQHandler
                0x080042ba                TIM1_BRK_IRQHandler
                0x080042ba                RTCAlarm_IRQHandler
                0x080042ba                DMA2_Channel4_5_IRQHandler
                0x080042ba                USART2_IRQHandler
                0x080042ba                DMA1_Channel2_IRQHandler
                0x080042ba                TIM8_BRK_IRQHandler
                0x080042ba                CAN1_SCE_IRQHandler
                0x080042ba                FLASH_IRQHandler
                0x080042ba                BusFault_Handler
                0x080042ba                USART1_IRQHandler
                0x080042ba                SPI3_IRQHandler
                0x080042ba                USBWakeUp_IRQHandler
                0x080042ba                DMA2_Channel3_IRQHandler
 .text.adcGetStatus
                0x080042bc        0xc C:\Users\MightyDubster\Documents\Projects\pygmyos.code\Gems\pygmy_adc.o
                0x080042bc                adcGetStatus
 .text.ADC1_2_IRQHandler
                0x080042c8       0x10 C:\Users\MightyDubster\Documents\Projects\pygmyos.code\Gems\pygmy_adc.o
                0x080042c8                ADC1_2_IRQHandler
 .text.adcSingleSampleInit
                0x080042d8       0x44 C:\Users\MightyDubster\Documents\Projects\pygmyos.code\Gems\pygmy_adc.o
                0x080042d8                adcSingleSampleInit
 .text.adcGetChannelFromPin
                0x0800431c       0x20 C:\Users\MightyDubster\Documents\Projects\pygmyos.code\Gems\pygmy_adc.o
                0x0800431c                adcGetChannelFromPin
 .text.adcSingleSample
                0x0800433c       0x2c C:\Users\MightyDubster\Documents\Projects\pygmyos.code\Gems\pygmy_adc.o
                0x0800433c                adcSingleSample
 .text.DMA1_Channel3_IRQHandler
                0x08004368       0x6c C:\Users\MightyDubster\Documents\Projects\pygmyos.code\Gems\pygmy_audio.o
                0x08004368                DMA1_Channel3_IRQHandler
 .text.cmdNull  0x080043d4        0x4 C:\Users\MightyDubster\Documents\Projects\pygmyos.code\Gems\pygmy_cmd.o
                0x080043d4                cmdNull
 .text.cmd_reset
                0x080043d8       0x14 C:\Users\MightyDubster\Documents\Projects\pygmyos.code\Gems\pygmy_cmd.o
                0x080043d8                cmd_reset
 .text.cmd_peek
                0x080043ec        0x4 C:\Users\MightyDubster\Documents\Projects\pygmyos.code\Gems\pygmy_cmd.o
                0x080043ec                cmd_peek
 .text.cmd_poke
                0x080043f0        0x4 C:\Users\MightyDubster\Documents\Projects\pygmyos.code\Gems\pygmy_cmd.o
                0x080043f0                cmd_poke
 .text.cmd_set  0x080043f4       0x14 C:\Users\MightyDubster\Documents\Projects\pygmyos.code\Gems\pygmy_cmd.o
                0x080043f4                cmd_set
 .text.cmd_write
                0x08004408        0xe C:\Users\MightyDubster\Documents\Projects\pygmyos.code\Gems\pygmy_cmd.o
                0x08004408                cmd_write
 .text.cmd_rfopen
                0x08004416       0x10 C:\Users\MightyDubster\Documents\Projects\pygmyos.code\Gems\pygmy_cmd.o
                0x08004416                cmd_rfopen
 .text.cmd_rfsend
                0x08004426       0x44 C:\Users\MightyDubster\Documents\Projects\pygmyos.code\Gems\pygmy_cmd.o
                0x08004426                cmd_rfsend
 *fill*         0x0800446a        0x2 00
 .text.cmd_rfput
                0x0800446c       0x34 C:\Users\MightyDubster\Documents\Projects\pygmyos.code\Gems\pygmy_cmd.o
                0x0800446c                cmd_rfput
 .text.cmd_rfget
                0x080044a0       0x40 C:\Users\MightyDubster\Documents\Projects\pygmyos.code\Gems\pygmy_cmd.o
                0x080044a0                cmd_rfget
 .text.cmd_rfscan
                0x080044e0       0x2c C:\Users\MightyDubster\Documents\Projects\pygmyos.code\Gems\pygmy_cmd.o
                0x080044e0                cmd_rfscan
 .text.cmd_rflist
                0x0800450c        0xa C:\Users\MightyDubster\Documents\Projects\pygmyos.code\Gems\pygmy_cmd.o
                0x0800450c                cmd_rflist
 .text.cmd_cp   0x08004516       0x18 C:\Users\MightyDubster\Documents\Projects\pygmyos.code\Gems\pygmy_cmd.o
                0x08004516                cmd_cp
 .text.cmd_mv   0x0800452e       0x16 C:\Users\MightyDubster\Documents\Projects\pygmyos.code\Gems\pygmy_cmd.o
                0x0800452e                cmd_mv
 .text.cmd_open
                0x08004544       0x64 C:\Users\MightyDubster\Documents\Projects\pygmyos.code\Gems\pygmy_cmd.o
                0x08004544                cmd_open
 .text.cmd_close
                0x080045a8        0xe C:\Users\MightyDubster\Documents\Projects\pygmyos.code\Gems\pygmy_cmd.o
                0x080045a8                cmd_close
 .text.cmd_rm   0x080045b6       0x10 C:\Users\MightyDubster\Documents\Projects\pygmyos.code\Gems\pygmy_cmd.o
                0x080045b6                cmd_rm
 .text.cmd_ls   0x080045c6        0xc C:\Users\MightyDubster\Documents\Projects\pygmyos.code\Gems\pygmy_cmd.o
                0x080045c6                cmd_ls
 *fill*         0x080045d2        0x2 00
 .text.cmd_read
                0x080045d4       0x8c C:\Users\MightyDubster\Documents\Projects\pygmyos.code\Gems\pygmy_cmd.o
                0x080045d4                cmd_read
 .text.cmd_format
                0x08004660       0x10 C:\Users\MightyDubster\Documents\Projects\pygmyos.code\Gems\pygmy_cmd.o
                0x08004660                cmd_format
 .text.cmd_mnt  0x08004670        0xa C:\Users\MightyDubster\Documents\Projects\pygmyos.code\Gems\pygmy_cmd.o
                0x08004670                cmd_mnt
 *fill*         0x0800467a        0x2 00
 .text.cmd_pinconfig
                0x0800467c       0x78 C:\Users\MightyDubster\Documents\Projects\pygmyos.code\Gems\pygmy_cmd.o
                0x0800467c                cmd_pinconfig
 .text.cmd_pinpwm
                0x080046f4       0x34 C:\Users\MightyDubster\Documents\Projects\pygmyos.code\Gems\pygmy_cmd.o
                0x080046f4                cmd_pinpwm
 .text.cmd_pinanalog
                0x08004728       0x30 C:\Users\MightyDubster\Documents\Projects\pygmyos.code\Gems\pygmy_cmd.o
                0x08004728                cmd_pinanalog
 .text.cmd_pinget
                0x08004758       0x24 C:\Users\MightyDubster\Documents\Projects\pygmyos.code\Gems\pygmy_cmd.o
                0x08004758                cmd_pinget
 .text.cmd_pinset
                0x0800477c       0x7c C:\Users\MightyDubster\Documents\Projects\pygmyos.code\Gems\pygmy_cmd.o
                0x0800477c                cmd_pinset
 .text.cmd_pinevent
                0x080047f8       0x48 C:\Users\MightyDubster\Documents\Projects\pygmyos.code\Gems\pygmy_cmd.o
                0x080047f8                cmd_pinevent
 .text.cmdPinEvent
                0x08004840       0x60 C:\Users\MightyDubster\Documents\Projects\pygmyos.code\Gems\pygmy_cmd.o
                0x08004840                cmdPinEvent
 .text.cmd_kill
                0x080048a0       0x64 C:\Users\MightyDubster\Documents\Projects\pygmyos.code\Gems\pygmy_cmd.o
                0x080048a0                cmd_kill
 .text.cmd_ps   0x08004904       0x38 C:\Users\MightyDubster\Documents\Projects\pygmyos.code\Gems\pygmy_cmd.o
                0x08004904                cmd_ps
 .text.cmd_volume
                0x0800493c       0xf4 C:\Users\MightyDubster\Documents\Projects\pygmyos.code\Gems\pygmy_cmd.o
                0x0800493c                cmd_volume
 .text.cmdInit  0x08004a30       0x5c C:\Users\MightyDubster\Documents\Projects\pygmyos.code\Gems\pygmy_cmd.o
                0x08004a30                cmdInit
 .text.cmdExecute
                0x08004a8c       0x88 C:\Users\MightyDubster\Documents\Projects\pygmyos.code\Gems\pygmy_cmd.o
                0x08004a8c                cmdExecute
 .text.cmdGetsCOM3
                0x08004b14       0x30 C:\Users\MightyDubster\Documents\Projects\pygmyos.code\Gems\pygmy_cmd.o
                0x08004b14                cmdGetsCOM3
 .text.cmdOpenPort
                0x08004b44       0xd8 C:\Users\MightyDubster\Documents\Projects\pygmyos.code\Gems\pygmy_cmd.o
                0x08004b44                cmdOpenPort
 .text.cmdWritePort
                0x08004c1c       0x4c C:\Users\MightyDubster\Documents\Projects\pygmyos.code\Gems\pygmy_cmd.o
                0x08004c1c                cmdWritePort
 .text.cmdReadPort
                0x08004c68       0x54 C:\Users\MightyDubster\Documents\Projects\pygmyos.code\Gems\pygmy_cmd.o
                0x08004c68                cmdReadPort
 .text.cmd_port
                0x08004cbc      0x284 C:\Users\MightyDubster\Documents\Projects\pygmyos.code\Gems\pygmy_cmd.o
                0x08004cbc                cmd_port
 .text.spiWriteByte
                0x08004f40       0x26 C:\Users\MightyDubster\Documents\Projects\pygmyos.code\Gems\pygmy_com.o
                0x08004f40                spiWriteByte
 .text.spiWriteLong
                0x08004f66       0x2c C:\Users\MightyDubster\Documents\Projects\pygmyos.code\Gems\pygmy_com.o
                0x08004f66                spiWriteLong
 .text.spiWriteAddress
                0x08004f92       0x3e C:\Users\MightyDubster\Documents\Projects\pygmyos.code\Gems\pygmy_com.o
                0x08004f92                spiWriteAddress
 .text.spiReadByte
                0x08004fd0       0x2c C:\Users\MightyDubster\Documents\Projects\pygmyos.code\Gems\pygmy_com.o
                0x08004fd0                spiReadByte
 .text.spiPutBuffer
                0x08004ffc       0x3a C:\Users\MightyDubster\Documents\Projects\pygmyos.code\Gems\pygmy_com.o
                0x08004ffc                spiPutBuffer
 .text.spiReadBuffer
                0x08005036       0x2c C:\Users\MightyDubster\Documents\Projects\pygmyos.code\Gems\pygmy_com.o
                0x08005036                spiReadBuffer
 .text.spiConfig
                0x08005062       0x9e C:\Users\MightyDubster\Documents\Projects\pygmyos.code\Gems\pygmy_com.o
                0x08005062                spiConfig
 .text.I2C1_ER_IRQHandler
                0x08005100        0x2 C:\Users\MightyDubster\Documents\Projects\pygmyos.code\Gems\pygmy_com.o
                0x08005100                I2C1_ER_IRQHandler
 .text.I2C2_EV_IRQHandler
                0x08005102        0x2 C:\Users\MightyDubster\Documents\Projects\pygmyos.code\Gems\pygmy_com.o
                0x08005102                I2C2_EV_IRQHandler
 .text.I2C2_ER_IRQHandler
                0x08005104        0x2 C:\Users\MightyDubster\Documents\Projects\pygmyos.code\Gems\pygmy_com.o
                0x08005104                I2C2_ER_IRQHandler
 *fill*         0x08005106        0x2 00
 .text.i2cConfig
                0x08005108       0xb0 C:\Users\MightyDubster\Documents\Projects\pygmyos.code\Gems\pygmy_com.o
                0x08005108                i2cConfig
 .text.i2cDelay
                0x080051b8       0x12 C:\Users\MightyDubster\Documents\Projects\pygmyos.code\Gems\pygmy_com.o
                0x080051b8                i2cDelay
 .text.i2cWriteBit
                0x080051ca       0x5c C:\Users\MightyDubster\Documents\Projects\pygmyos.code\Gems\pygmy_com.o
                0x080051ca                i2cWriteBit
 .text.i2cReadBit
                0x08005226       0x46 C:\Users\MightyDubster\Documents\Projects\pygmyos.code\Gems\pygmy_com.o
                0x08005226                i2cReadBit
 .text.i2cWriteByte
                0x0800526c       0x32 C:\Users\MightyDubster\Documents\Projects\pygmyos.code\Gems\pygmy_com.o
                0x0800526c                i2cWriteByte
 .text.i2cReadByte
                0x0800529e       0x20 C:\Users\MightyDubster\Documents\Projects\pygmyos.code\Gems\pygmy_com.o
                0x0800529e                i2cReadByte
 .text.i2cResetBus
                0x080052be       0x76 C:\Users\MightyDubster\Documents\Projects\pygmyos.code\Gems\pygmy_com.o
                0x080052be                i2cResetBus
 .text.i2cStop  0x08005334       0x4a C:\Users\MightyDubster\Documents\Projects\pygmyos.code\Gems\pygmy_com.o
                0x08005334                i2cStop
 .text.i2cStart
                0x0800537e       0x5c C:\Users\MightyDubster\Documents\Projects\pygmyos.code\Gems\pygmy_com.o
                0x0800537e                i2cStart
 *fill*         0x080053da        0x2 00
 .text.i2cGetChar
                0x080053dc       0x64 C:\Users\MightyDubster\Documents\Projects\pygmyos.code\Gems\pygmy_com.o
                0x080053dc                i2cGetChar
 .text.i2cGetBuffer
                0x08005440       0x28 C:\Users\MightyDubster\Documents\Projects\pygmyos.code\Gems\pygmy_com.o
                0x08005440                i2cGetBuffer
 .text.i2cPollAck
                0x08005468       0x30 C:\Users\MightyDubster\Documents\Projects\pygmyos.code\Gems\pygmy_com.o
                0x08005468                i2cPollAck
 .text.i2cPutChar
                0x08005498       0x78 C:\Users\MightyDubster\Documents\Projects\pygmyos.code\Gems\pygmy_com.o
                0x08005498                i2cPutChar
 .text.i2cPutBuffer
                0x08005510       0x2c C:\Users\MightyDubster\Documents\Projects\pygmyos.code\Gems\pygmy_com.o
                0x08005510                i2cPutBuffer
 .text.streamReset
                0x0800553c       0x44 C:\Users\MightyDubster\Documents\Projects\pygmyos.code\Gems\pygmy_com.o
                0x0800553c                streamReset
 .text.streamInit
                0x08005580       0x14 C:\Users\MightyDubster\Documents\Projects\pygmyos.code\Gems\pygmy_com.o
                0x08005580                streamInit
 .text.streamGetSTDIO
                0x08005594        0xc C:\Users\MightyDubster\Documents\Projects\pygmyos.code\Gems\pygmy_com.o
                0x08005594                streamGetSTDIO
 .text.streamSetSTDIO
                0x080055a0       0x4c C:\Users\MightyDubster\Documents\Projects\pygmyos.code\Gems\pygmy_com.o
                0x080055a0                streamSetSTDIO
 .text.streamTXChar
                0x080055ec       0x40 C:\Users\MightyDubster\Documents\Projects\pygmyos.code\Gems\pygmy_com.o
                0x080055ec                streamTXChar
 .text.streamEchoChar
                0x0800562c       0x24 C:\Users\MightyDubster\Documents\Projects\pygmyos.code\Gems\pygmy_com.o
                0x0800562c                streamEchoChar
 .text.streamGetChar
                0x08005650       0x34 C:\Users\MightyDubster\Documents\Projects\pygmyos.code\Gems\pygmy_com.o
                0x08005650                streamGetChar
 .text.streamFIFOToString
                0x08005684       0x28 C:\Users\MightyDubster\Documents\Projects\pygmyos.code\Gems\pygmy_com.o
                0x08005684                streamFIFOToString
 .text.streamPopChar
                0x080056ac       0x38 C:\Users\MightyDubster\Documents\Projects\pygmyos.code\Gems\pygmy_com.o
                0x080056ac                streamPopChar
 .text.streamPushChar
                0x080056e4       0x34 C:\Users\MightyDubster\Documents\Projects\pygmyos.code\Gems\pygmy_com.o
                0x080056e4                streamPushChar
 .text.streamSetPut
                0x08005718       0x1c C:\Users\MightyDubster\Documents\Projects\pygmyos.code\Gems\pygmy_com.o
                0x08005718                streamSetPut
 .text.streamSetGet
                0x08005734       0x1c C:\Users\MightyDubster\Documents\Projects\pygmyos.code\Gems\pygmy_com.o
                0x08005734                streamSetGet
 .text.streamSetRXBuffer
                0x08005750       0x20 C:\Users\MightyDubster\Documents\Projects\pygmyos.code\Gems\pygmy_com.o
                0x08005750                streamSetRXBuffer
 .text.streamEnableEcho
                0x08005770       0x1c C:\Users\MightyDubster\Documents\Projects\pygmyos.code\Gems\pygmy_com.o
                0x08005770                streamEnableEcho
 .text.streamEnableActionChars
                0x0800578c       0x1c C:\Users\MightyDubster\Documents\Projects\pygmyos.code\Gems\pygmy_com.o
                0x0800578c                streamEnableActionChars
 .text.streamEnableBackspace
                0x080057a8       0x1c C:\Users\MightyDubster\Documents\Projects\pygmyos.code\Gems\pygmy_com.o
                0x080057a8                streamEnableBackspace
 .text.streamHandler
                0x080057c4       0x78 C:\Users\MightyDubster\Documents\Projects\pygmyos.code\Gems\pygmy_com.o
                0x080057c4                streamHandler
 .text.USART3_IRQHandler
                0x0800583c       0x48 C:\Users\MightyDubster\Documents\Projects\pygmyos.code\Gems\pygmy_com.o
                0x0800583c                USART3_IRQHandler
 .text.putcUSART3
                0x08005884       0x24 C:\Users\MightyDubster\Documents\Projects\pygmyos.code\Gems\pygmy_com.o
                0x08005884                putcUSART3
 .text.putsUSART3
                0x080058a8       0x18 C:\Users\MightyDubster\Documents\Projects\pygmyos.code\Gems\pygmy_com.o
                0x080058a8                putsUSART3
 .text.fileCopyHandle
                0x080058c0       0x24 C:\Users\MightyDubster\Documents\Projects\pygmyos.code\Gems\pygmy_file.o
                0x080058c0                fileCopyHandle
 .text.fileSetPosition
                0x080058e4       0x3e C:\Users\MightyDubster\Documents\Projects\pygmyos.code\Gems\pygmy_file.o
                0x080058e4                fileSetPosition
 .text.fileIsEOF
                0x08005922        0x8 C:\Users\MightyDubster\Documents\Projects\pygmyos.code\Gems\pygmy_file.o
                0x08005922                fileIsEOF
 .text.fileIsValidName
                0x0800592a       0x4c C:\Users\MightyDubster\Documents\Projects\pygmyos.code\Gems\pygmy_file.o
                0x0800592a                fileIsValidName
 *fill*         0x08005976        0x2 00
 .text.flashReadWord
                0x08005978       0x38 C:\Users\MightyDubster\Documents\Projects\pygmyos.code\Gems\pygmy_file.o
                0x08005978                flashReadWord
 .text.fileGetFAT
                0x080059b0       0x5c C:\Users\MightyDubster\Documents\Projects\pygmyos.code\Gems\pygmy_file.o
                0x080059b0                fileGetFAT
 .text.fileGetChar
                0x08005a0c      0x128 C:\Users\MightyDubster\Documents\Projects\pygmyos.code\Gems\pygmy_file.o
                0x08005a0c                fileGetChar
 .text.fileGetLong
                0x08005b34       0x5a C:\Users\MightyDubster\Documents\Projects\pygmyos.code\Gems\pygmy_file.o
                0x08005b34                fileGetLong
 .text.fileGetWord
                0x08005b8e       0x32 C:\Users\MightyDubster\Documents\Projects\pygmyos.code\Gems\pygmy_file.o
                0x08005b8e                fileGetWord
 .text.fileGetBuffer
                0x08005bc0       0x2a C:\Users\MightyDubster\Documents\Projects\pygmyos.code\Gems\pygmy_file.o
                0x08005bc0                fileGetBuffer
 *fill*         0x08005bea        0x2 00
 .text.flashReadLong
                0x08005bec       0x50 C:\Users\MightyDubster\Documents\Projects\pygmyos.code\Gems\pygmy_file.o
                0x08005bec                flashReadLong
 .text.fileGetLength
                0x08005c3c       0x40 C:\Users\MightyDubster\Documents\Projects\pygmyos.code\Gems\pygmy_file.o
                0x08005c3c                fileGetLength
 .text.flashReadByte
                0x08005c7c       0x28 C:\Users\MightyDubster\Documents\Projects\pygmyos.code\Gems\pygmy_file.o
                0x08005c7c                flashReadByte
 .text.fileGetActiveFiles
                0x08005ca4       0x30 C:\Users\MightyDubster\Documents\Projects\pygmyos.code\Gems\pygmy_file.o
                0x08005ca4                fileGetActiveFiles
 .text.fileGetFreeSpace
                0x08005cd4       0x34 C:\Users\MightyDubster\Documents\Projects\pygmyos.code\Gems\pygmy_file.o
                0x08005cd4                fileGetFreeSpace
 .text.flashReadBuffer
                0x08005d08       0x40 C:\Users\MightyDubster\Documents\Projects\pygmyos.code\Gems\pygmy_file.o
                0x08005d08                flashReadBuffer
 .text.filePrintList
                0x08005d48       0x84 C:\Users\MightyDubster\Documents\Projects\pygmyos.code\Gems\pygmy_file.o
                0x08005d48                filePrintList
 .text.fileSeekName
                0x08005dcc       0x3c C:\Users\MightyDubster\Documents\Projects\pygmyos.code\Gems\pygmy_file.o
                0x08005dcc                fileSeekName
 .text.flashReadStatus
                0x08005e08       0x24 C:\Users\MightyDubster\Documents\Projects\pygmyos.code\Gems\pygmy_file.o
                0x08005e08                flashReadStatus
 .text.flashReadID
                0x08005e2c       0x30 C:\Users\MightyDubster\Documents\Projects\pygmyos.code\Gems\pygmy_file.o
                0x08005e2c                flashReadID
 .text.flashWaitForBusy
                0x08005e5c        0xe C:\Users\MightyDubster\Documents\Projects\pygmyos.code\Gems\pygmy_file.o
                0x08005e5c                flashWaitForBusy
 *fill*         0x08005e6a        0x2 00
 .text.flashChipErase
                0x08005e6c       0x30 C:\Users\MightyDubster\Documents\Projects\pygmyos.code\Gems\pygmy_file.o
                0x08005e6c                flashChipErase
 .text.flashSectorErase
                0x08005e9c       0x34 C:\Users\MightyDubster\Documents\Projects\pygmyos.code\Gems\pygmy_file.o
                0x08005e9c                flashSectorErase
 .text.flashWriteByte
                0x08005ed0       0x40 C:\Users\MightyDubster\Documents\Projects\pygmyos.code\Gems\pygmy_file.o
                0x08005ed0                flashWriteByte
 .text.flashWriteBuffer
                0x08005f10       0x1c C:\Users\MightyDubster\Documents\Projects\pygmyos.code\Gems\pygmy_file.o
                0x08005f10                flashWriteBuffer
 .text.flashWriteString
                0x08005f2c       0x24 C:\Users\MightyDubster\Documents\Projects\pygmyos.code\Gems\pygmy_file.o
                0x08005f2c                flashWriteString
 .text.flashWriteLong
                0x08005f50       0x20 C:\Users\MightyDubster\Documents\Projects\pygmyos.code\Gems\pygmy_file.o
                0x08005f50                flashWriteLong
 .text.fileWriteLength
                0x08005f70       0x54 C:\Users\MightyDubster\Documents\Projects\pygmyos.code\Gems\pygmy_file.o
                0x08005f70                fileWriteLength
 .text.flashWriteWord
                0x08005fc4       0x18 C:\Users\MightyDubster\Documents\Projects\pygmyos.code\Gems\pygmy_file.o
                0x08005fc4                flashWriteWord
 .text.fileDeleteFATEntry
                0x08005fdc       0x98 C:\Users\MightyDubster\Documents\Projects\pygmyos.code\Gems\pygmy_file.o
                0x08005fdc                fileDeleteFATEntry
 .text.fileGetActiveFAT
                0x08006074       0x4c C:\Users\MightyDubster\Documents\Projects\pygmyos.code\Gems\pygmy_file.o
                0x08006074                fileGetActiveFAT
 .text.fileGetFreeFATEntry
                0x080060c0       0xbc C:\Users\MightyDubster\Documents\Projects\pygmyos.code\Gems\pygmy_file.o
                0x080060c0                fileGetFreeFATEntry
 .text.fileAllocateFAT
                0x0800617c       0x64 C:\Users\MightyDubster\Documents\Projects\pygmyos.code\Gems\pygmy_file.o
                0x0800617c                fileAllocateFAT
 .text.filePutChar
                0x080061e0       0x98 C:\Users\MightyDubster\Documents\Projects\pygmyos.code\Gems\pygmy_file.o
                0x080061e0                filePutChar
 .text.filePutString
                0x08006278       0x1c C:\Users\MightyDubster\Documents\Projects\pygmyos.code\Gems\pygmy_file.o
                0x08006278                filePutString
 .text.fileClose
                0x08006294       0xa0 C:\Users\MightyDubster\Documents\Projects\pygmyos.code\Gems\pygmy_file.o
                0x08006294                fileClose
 .text.fileGetFreeFileEntry
                0x08006334       0xf4 C:\Users\MightyDubster\Documents\Projects\pygmyos.code\Gems\pygmy_file.o
                0x08006334                fileGetFreeFileEntry
 .text.fileRename
                0x08006428       0x88 C:\Users\MightyDubster\Documents\Projects\pygmyos.code\Gems\pygmy_file.o
                0x08006428                fileRename
 .text.flashWriteEnable
                0x080064b0       0x48 C:\Users\MightyDubster\Documents\Projects\pygmyos.code\Gems\pygmy_file.o
                0x080064b0                flashWriteEnable
 .text.fileFormat
                0x080064f8       0xec C:\Users\MightyDubster\Documents\Projects\pygmyos.code\Gems\pygmy_file.o
                0x080064f8                fileFormat
 .text.fileMountRoot
                0x080065e4       0xb4 C:\Users\MightyDubster\Documents\Projects\pygmyos.code\Gems\pygmy_file.o
                0x080065e4                fileMountRoot
 .text.fileDelete
                0x08006698       0x3c C:\Users\MightyDubster\Documents\Projects\pygmyos.code\Gems\pygmy_file.o
                0x08006698                fileDelete
 .text.fileOpen
                0x080066d4      0x104 C:\Users\MightyDubster\Documents\Projects\pygmyos.code\Gems\pygmy_file.o
                0x080066d4                fileOpen
 .text.fileCopy
                0x080067d8       0x4c C:\Users\MightyDubster\Documents\Projects\pygmyos.code\Gems\pygmy_file.o
                0x080067d8                fileCopy
 .text.guiSetCursor
                0x08006824        0xc C:\Users\MightyDubster\Documents\Projects\pygmyos.code\Gems\pygmy_gui.o
                0x08006824                guiSetCursor
 .text.colorCopy
                0x08006830        0xe C:\Users\MightyDubster\Documents\Projects\pygmyos.code\Gems\pygmy_gui.o
                0x08006830                colorCopy
 .text.colorApply
                0x0800683e        0xc C:\Users\MightyDubster\Documents\Projects\pygmyos.code\Gems\pygmy_gui.o
                0x0800683e                colorApply
 .text.fontSetColor
                0x0800684a        0xa C:\Users\MightyDubster\Documents\Projects\pygmyos.code\Gems\pygmy_gui.o
                0x0800684a                fontSetColor
 .text.fontSetBackColor
                0x08006854        0xa C:\Users\MightyDubster\Documents\Projects\pygmyos.code\Gems\pygmy_gui.o
                0x08006854                fontSetBackColor
 *fill*         0x0800685e        0x2 00
 .text.fontGetActive
                0x08006860        0xc C:\Users\MightyDubster\Documents\Projects\pygmyos.code\Gems\pygmy_gui.o
                0x08006860                fontGetActive
 .text.guiClearArea
                0x0800686c       0x22 C:\Users\MightyDubster\Documents\Projects\pygmyos.code\Gems\pygmy_gui.o
                0x0800686c                guiClearArea
 *fill*         0x0800688e        0x2 00
 .text.guiDeleteSprite
                0x08006890       0x2c C:\Users\MightyDubster\Documents\Projects\pygmyos.code\Gems\pygmy_gui.o
                0x08006890                guiDeleteSprite
 .text.guiGetHeader
                0x080068bc       0x24 C:\Users\MightyDubster\Documents\Projects\pygmyos.code\Gems\pygmy_gui.o
                0x080068bc                guiGetHeader
 .text.guiGetEntries
                0x080068e0       0x26 C:\Users\MightyDubster\Documents\Projects\pygmyos.code\Gems\pygmy_gui.o
                0x080068e0                guiGetEntries
 .text.guiGetImage
                0x08006906       0x5c C:\Users\MightyDubster\Documents\Projects\pygmyos.code\Gems\pygmy_gui.o
                0x08006906                guiGetImage
 *fill*         0x08006962        0x2 00
 .text.drawImage
                0x08006964      0x28c C:\Users\MightyDubster\Documents\Projects\pygmyos.code\Gems\pygmy_gui.o
                0x08006964                drawImage
 .text.drawSprite
                0x08006bf0       0x48 C:\Users\MightyDubster\Documents\Projects\pygmyos.code\Gems\pygmy_gui.o
                0x08006bf0                drawSprite
 .text.guiSpriteProcess
                0x08006c38       0x58 C:\Users\MightyDubster\Documents\Projects\pygmyos.code\Gems\pygmy_gui.o
                0x08006c38                guiSpriteProcess
 .text.drawString
                0x08006c90       0x30 C:\Users\MightyDubster\Documents\Projects\pygmyos.code\Gems\pygmy_gui.o
                0x08006c90                drawString
 .text.putsLCD  0x08006cc0        0xa C:\Users\MightyDubster\Documents\Projects\pygmyos.code\Gems\pygmy_gui.o
                0x08006cc0                putsLCD
 .text.drawLine
                0x08006cca       0xea C:\Users\MightyDubster\Documents\Projects\pygmyos.code\Gems\pygmy_gui.o
                0x08006cca                drawLine
 .text.drawRadius
                0x08006db4      0x210 C:\Users\MightyDubster\Documents\Projects\pygmyos.code\Gems\pygmy_gui.o
                0x08006db4                drawRadius
 .text.drawRect
                0x08006fc4      0x23a C:\Users\MightyDubster\Documents\Projects\pygmyos.code\Gems\pygmy_gui.o
                0x08006fc4                drawRect
 *fill*         0x080071fe        0x2 00
 .text.drawWidget
                0x08007200      0x440 C:\Users\MightyDubster\Documents\Projects\pygmyos.code\Gems\pygmy_gui.o
                0x08007200                drawWidget
 .text.drawForms
                0x08007640       0x68 C:\Users\MightyDubster\Documents\Projects\pygmyos.code\Gems\pygmy_gui.o
                0x08007640                drawForms
 .text.interruptGetTimerVector
                0x080076a8       0x20 C:\Users\MightyDubster\Documents\Projects\pygmyos.code\Gems\pygmy_nvic.o
                0x080076a8                interruptGetTimerVector
 .text.interruptEnable
                0x080076c8       0x2c C:\Users\MightyDubster\Documents\Projects\pygmyos.code\Gems\pygmy_nvic.o
                0x080076c8                interruptEnable
 .text.interruptSetPriority
                0x080076f4       0xbc C:\Users\MightyDubster\Documents\Projects\pygmyos.code\Gems\pygmy_nvic.o
                0x080076f4                interruptSetPriority
 .text.pinGetIRQPR
                0x080077b0        0xc C:\Users\MightyDubster\Documents\Projects\pygmyos.code\Gems\pygmy_port.o
                0x080077b0                pinGetIRQPR
 .text.pinGetIRQPin
                0x080077bc        0xc C:\Users\MightyDubster\Documents\Projects\pygmyos.code\Gems\pygmy_port.o
                0x080077bc                pinGetIRQPin
 .text.pinInterrupt
                0x080077c8       0xe8 C:\Users\MightyDubster\Documents\Projects\pygmyos.code\Gems\pygmy_port.o
                0x080077c8                pinInterrupt
 .text.pinEnablePortClock
                0x080078b0       0x5c C:\Users\MightyDubster\Documents\Projects\pygmyos.code\Gems\pygmy_port.o
                0x080078b0                pinEnablePortClock
 .text.pinGetPort
                0x0800790c       0x40 C:\Users\MightyDubster\Documents\Projects\pygmyos.code\Gems\pygmy_port.o
                0x0800790c                pinGetPort
 .text.pinSet   0x0800794c       0x6c C:\Users\MightyDubster\Documents\Projects\pygmyos.code\Gems\pygmy_port.o
                0x0800794c                pinSet
 .text.pinConfig
                0x080079b8       0x64 C:\Users\MightyDubster\Documents\Projects\pygmyos.code\Gems\pygmy_port.o
                0x080079b8                pinConfig
 .text.pinGet   0x08007a1c       0x54 C:\Users\MightyDubster\Documents\Projects\pygmyos.code\Gems\pygmy_port.o
                0x08007a1c                pinGet
 .text.pinGetTimer
                0x08007a70       0x5c C:\Users\MightyDubster\Documents\Projects\pygmyos.code\Gems\pygmy_port.o
                0x08007a70                pinGetTimer
 .text.pinGetChannel
                0x08007acc       0x34 C:\Users\MightyDubster\Documents\Projects\pygmyos.code\Gems\pygmy_port.o
                0x08007acc                pinGetChannel
 .text.pinInitSoftPWM
                0x08007b00       0x74 C:\Users\MightyDubster\Documents\Projects\pygmyos.code\Gems\pygmy_port.o
                0x08007b00                pinInitSoftPWM
 .text.pinAddSoftPWM
                0x08007b74       0xdc C:\Users\MightyDubster\Documents\Projects\pygmyos.code\Gems\pygmy_port.o
                0x08007b74                pinAddSoftPWM
 .text.pinPWM   0x08007c50      0x250 C:\Users\MightyDubster\Documents\Projects\pygmyos.code\Gems\pygmy_port.o
                0x08007c50                pinPWM
 .text.pinProcessSoftPWM
                0x08007ea0       0x4c C:\Users\MightyDubster\Documents\Projects\pygmyos.code\Gems\pygmy_port.o
                0x08007ea0                pinProcessSoftPWM
 .text.TIM1_UP_IRQHandler
                0x08007eec       0x10 C:\Users\MightyDubster\Documents\Projects\pygmyos.code\Gems\pygmy_port.o
                0x08007eec                TIM1_UP_IRQHandler
 .text.EXTI0_IRQHandler
                0x08007efc       0x34 C:\Users\MightyDubster\Documents\Projects\pygmyos.code\Gems\pygmy_port.o
                0x08007efc                EXTI0_IRQHandler
 .text.EXTI1_IRQHandler
                0x08007f30       0x34 C:\Users\MightyDubster\Documents\Projects\pygmyos.code\Gems\pygmy_port.o
                0x08007f30                EXTI1_IRQHandler
 .text.EXTI2_IRQHandler
                0x08007f64       0x34 C:\Users\MightyDubster\Documents\Projects\pygmyos.code\Gems\pygmy_port.o
                0x08007f64                EXTI2_IRQHandler
 .text.EXTI3_IRQHandler
                0x08007f98       0x34 C:\Users\MightyDubster\Documents\Projects\pygmyos.code\Gems\pygmy_port.o
                0x08007f98                EXTI3_IRQHandler
 .text.EXTI4_IRQHandler
                0x08007fcc       0x34 C:\Users\MightyDubster\Documents\Projects\pygmyos.code\Gems\pygmy_port.o
                0x08007fcc                EXTI4_IRQHandler
 .text.EXTI9_5_IRQHandler
                0x08008000       0xe4 C:\Users\MightyDubster\Documents\Projects\pygmyos.code\Gems\pygmy_port.o
                0x08008000                EXTI9_5_IRQHandler
 .text.EXTI15_10_IRQHandler
                0x080080e4      0x110 C:\Users\MightyDubster\Documents\Projects\pygmyos.code\Gems\pygmy_port.o
                0x080080e4                EXTI15_10_IRQHandler
 .text.rfFlushTX
                0x080081f4       0x20 C:\Users\MightyDubster\Documents\Projects\pygmyos.code\Gems\pygmy_rf.o
                0x080081f4                rfFlushTX
 .text.rfGetStatus
                0x08008214       0x1c C:\Users\MightyDubster\Documents\Projects\pygmyos.code\Gems\pygmy_rf.o
                0x08008214                rfGetStatus
 .text.rfClearStatus
                0x08008230       0x28 C:\Users\MightyDubster\Documents\Projects\pygmyos.code\Gems\pygmy_rf.o
                0x08008230                rfClearStatus
 .text.rfSetRX  0x08008258       0x40 C:\Users\MightyDubster\Documents\Projects\pygmyos.code\Gems\pygmy_rf.o
                0x08008258                rfSetRX
 .text.rfSetTX  0x08008298       0x40 C:\Users\MightyDubster\Documents\Projects\pygmyos.code\Gems\pygmy_rf.o
                0x08008298                rfSetTX
 .text.rfPutTXBuffer
                0x080082d8       0x84 C:\Users\MightyDubster\Documents\Projects\pygmyos.code\Gems\pygmy_rf.o
                0x080082d8                rfPutTXBuffer
 .text.timeInit
                0x0800835c       0xa4 C:\Users\MightyDubster\Documents\Projects\pygmyos.code\Gems\pygmy_rtc.o
                0x0800835c                timeInit
 .text.timeGet  0x08008400       0x14 C:\Users\MightyDubster\Documents\Projects\pygmyos.code\Gems\pygmy_rtc.o
                0x08008400                timeGet
 .text.convertSecondsToSystemTime
                0x08008414       0xd0 C:\Users\MightyDubster\Documents\Projects\pygmyos.code\Gems\pygmy_rtc.o
                0x08008414                convertSecondsToSystemTime
 .text.convertPinToString
                0x080084e4       0x28 C:\Users\MightyDubster\Documents\Projects\pygmyos.code\Gems\pygmy_string.o
                0x080084e4                convertPinToString
 .text.convertU16ToBuffer
                0x0800850c       0x12 C:\Users\MightyDubster\Documents\Projects\pygmyos.code\Gems\pygmy_string.o
                0x0800850c                convertU16ToBuffer
 .text.convertU32ToBuffer
                0x0800851e       0x26 C:\Users\MightyDubster\Documents\Projects\pygmyos.code\Gems\pygmy_string.o
                0x0800851e                convertU32ToBuffer
 .text.isCharInString
                0x08008544       0x16 C:\Users\MightyDubster\Documents\Projects\pygmyos.code\Gems\pygmy_string.o
                0x08008544                isCharInString
 .text.isAlpha  0x0800855a       0x1c C:\Users\MightyDubster\Documents\Projects\pygmyos.code\Gems\pygmy_string.o
                0x0800855a                isAlpha
 .text.isNumeric
                0x08008576        0xe C:\Users\MightyDubster\Documents\Projects\pygmyos.code\Gems\pygmy_string.o
                0x08008576                isNumeric
 .text.isAlphaOrNumeric
                0x08008584       0x2a C:\Users\MightyDubster\Documents\Projects\pygmyos.code\Gems\pygmy_string.o
                0x08008584                isAlphaOrNumeric
 .text.isNewline
                0x080085ae       0x1c C:\Users\MightyDubster\Documents\Projects\pygmyos.code\Gems\pygmy_string.o
                0x080085ae                isNewline
 .text.isWhitespace
                0x080085ca        0xe C:\Users\MightyDubster\Documents\Projects\pygmyos.code\Gems\pygmy_string.o
                0x080085ca                isWhitespace
 .text.removeLeadingWhitespace
                0x080085d8       0x1a C:\Users\MightyDubster\Documents\Projects\pygmyos.code\Gems\pygmy_string.o
                0x080085d8                removeLeadingWhitespace
 .text.isQuote  0x080085f2       0x14 C:\Users\MightyDubster\Documents\Projects\pygmyos.code\Gems\pygmy_string.o
                0x080085f2                isQuote
 .text.isFileSeparator
                0x08008606        0xc C:\Users\MightyDubster\Documents\Projects\pygmyos.code\Gems\pygmy_string.o
                0x08008606                isFileSeparator
 *fill*         0x08008612        0x2 00
 .text.isSeparator
                0x08008614       0x14 C:\Users\MightyDubster\Documents\Projects\pygmyos.code\Gems\pygmy_string.o
                0x08008614                isSeparator
 .text.isPunctuation
                0x08008628       0x14 C:\Users\MightyDubster\Documents\Projects\pygmyos.code\Gems\pygmy_string.o
                0x08008628                isPunctuation
 .text.len      0x0800863c       0x20 C:\Users\MightyDubster\Documents\Projects\pygmyos.code\Gems\pygmy_string.o
                0x0800863c                len
 .text.convertCharToUpper
                0x0800865c       0x10 C:\Users\MightyDubster\Documents\Projects\pygmyos.code\Gems\pygmy_string.o
                0x0800865c                convertCharToUpper
 .text.isCharSameIgnoreCase
                0x0800866c       0x1e C:\Users\MightyDubster\Documents\Projects\pygmyos.code\Gems\pygmy_string.o
                0x0800866c                isCharSameIgnoreCase
 .text.isStringSameIgnoreCase
                0x0800868a       0x32 C:\Users\MightyDubster\Documents\Projects\pygmyos.code\Gems\pygmy_string.o
                0x0800868a                isStringSameIgnoreCase
 .text.isStringSame
                0x080086bc       0x34 C:\Users\MightyDubster\Documents\Projects\pygmyos.code\Gems\pygmy_string.o
                0x080086bc                isStringSame
 .text.replaceChars
                0x080086f0       0x2c C:\Users\MightyDubster\Documents\Projects\pygmyos.code\Gems\pygmy_string.o
                0x080086f0                replaceChars
 .text.convertCharToInt
                0x0800871c       0x30 C:\Users\MightyDubster\Documents\Projects\pygmyos.code\Gems\pygmy_string.o
                0x0800871c                convertCharToInt
 .text.appendString
                0x0800874c       0x1c C:\Users\MightyDubster\Documents\Projects\pygmyos.code\Gems\pygmy_string.o
                0x0800874c                appendString
 .text.copyString
                0x08008768       0x12 C:\Users\MightyDubster\Documents\Projects\pygmyos.code\Gems\pygmy_string.o
                0x08008768                copyString
 *fill*         0x0800877a        0x2 00
 .text.getNextSubString
                0x0800877c      0x130 C:\Users\MightyDubster\Documents\Projects\pygmyos.code\Gems\pygmy_string.o
                0x0800877c                getNextSubString
 .text.getAllSubStrings
                0x080088ac       0x42 C:\Users\MightyDubster\Documents\Projects\pygmyos.code\Gems\pygmy_string.o
                0x080088ac                getAllSubStrings
 *fill*         0x080088ee        0x2 00
 .text.convertStringToInt
                0x080088f0       0xb4 C:\Users\MightyDubster\Documents\Projects\pygmyos.code\Gems\pygmy_string.o
                0x080088f0                convertStringToInt
 .text.convertIntToString
                0x080089a4      0x1a8 C:\Users\MightyDubster\Documents\Projects\pygmyos.code\Gems\pygmy_string.o
                0x080089a4                convertIntToString
 *fill*         0x08008b4c        0x4 00
 .text.convertFloatToString
                0x08008b50      0x148 C:\Users\MightyDubster\Documents\Projects\pygmyos.code\Gems\pygmy_string.o
                0x08008b50                convertFloatToString
 .text.convertStringToPin
                0x08008c98       0xcc C:\Users\MightyDubster\Documents\Projects\pygmyos.code\Gems\pygmy_string.o
                0x08008c98                convertStringToPin
 .text.TaskException_Handler
                0x08008d64        0x2 C:\Users\MightyDubster\Documents\Projects\pygmyos.code\Gems\pygmy_sys.o
                0x08008d64                TaskException_Handler
 *fill*         0x08008d66        0x2 00
 .text.putsFILE
                0x08008d68       0x10 C:\Users\MightyDubster\Documents\Projects\pygmyos.code\Gems\pygmy_sys.o
                0x08008d68                putsFILE
 .text.sysEnableTimerClock
                0x08008d78       0xf8 C:\Users\MightyDubster\Documents\Projects\pygmyos.code\Gems\pygmy_sys.o
                0x08008d78                sysEnableTimerClock
 .text.sysEnableTimerInterrupt
                0x08008e70       0x12 C:\Users\MightyDubster\Documents\Projects\pygmyos.code\Gems\pygmy_sys.o
                0x08008e70                sysEnableTimerInterrupt
 *fill*         0x08008e82        0x2 00
 .text.sysGetDelayTimer
                0x08008e84        0xc C:\Users\MightyDubster\Documents\Projects\pygmyos.code\Gems\pygmy_sys.o
                0x08008e84                sysGetDelayTimer
 .text.sysGetPWMTimer
                0x08008e90        0xc C:\Users\MightyDubster\Documents\Projects\pygmyos.code\Gems\pygmy_sys.o
                0x08008e90                sysGetPWMTimer
 .text.sysGetMainClock
                0x08008e9c        0xc C:\Users\MightyDubster\Documents\Projects\pygmyos.code\Gems\pygmy_sys.o
                0x08008e9c                sysGetMainClock
 .text.sysGenerateBit
                0x08008ea8       0x1c C:\Users\MightyDubster\Documents\Projects\pygmyos.code\Gems\pygmy_sys.o
                0x08008ea8                sysGenerateBit
 .text.sysCRC16
                0x08008ec4       0x1e C:\Users\MightyDubster\Documents\Projects\pygmyos.code\Gems\pygmy_sys.o
                0x08008ec4                sysCRC16
 *fill*         0x08008ee2        0x2 00
 .text.taskInit
                0x08008ee4       0x44 C:\Users\MightyDubster\Documents\Projects\pygmyos.code\Gems\pygmy_sys.o
                0x08008ee4                taskInit
 .text.taskIsRunning
                0x08008f28       0x28 C:\Users\MightyDubster\Documents\Projects\pygmyos.code\Gems\pygmy_sys.o
                0x08008f28                taskIsRunning
 .text.taskNew  0x08008f50       0x6c C:\Users\MightyDubster\Documents\Projects\pygmyos.code\Gems\pygmy_sys.o
                0x08008f50                taskNew
 .text.taskDelete
                0x08008fbc       0x48 C:\Users\MightyDubster\Documents\Projects\pygmyos.code\Gems\pygmy_sys.o
                0x08008fbc                taskDelete
 .text.taskProcess
                0x08009004       0x60 C:\Users\MightyDubster\Documents\Projects\pygmyos.code\Gems\pygmy_sys.o
                0x08009004                taskProcess
 .text.taskGetByIndex
                0x08009064       0x20 C:\Users\MightyDubster\Documents\Projects\pygmyos.code\Gems\pygmy_sys.o
                0x08009064                taskGetByIndex
 .text.msgInit  0x08009084       0x38 C:\Users\MightyDubster\Documents\Projects\pygmyos.code\Gems\pygmy_sys.o
                0x08009084                msgInit
 .text.sysInit  0x080090bc       0xb4 C:\Users\MightyDubster\Documents\Projects\pygmyos.code\Gems\pygmy_sys.o
                0x080090bc                sysInit
 .text.msgGetIndex
                0x08009170       0x3c C:\Users\MightyDubster\Documents\Projects\pygmyos.code\Gems\pygmy_sys.o
                0x08009170                msgGetIndex
 .text.msgDelete
                0x080091ac       0x30 C:\Users\MightyDubster\Documents\Projects\pygmyos.code\Gems\pygmy_sys.o
                0x080091ac                msgDelete
 .text.msgProcess
                0x080091dc       0x94 C:\Users\MightyDubster\Documents\Projects\pygmyos.code\Gems\pygmy_sys.o
                0x080091dc                msgProcess
 .text.sysGetFile
                0x08009270        0x8 C:\Users\MightyDubster\Documents\Projects\pygmyos.code\Gems\pygmy_sys.o
                0x08009270                sysGetFile
 .text.descriptorGetID
                0x08009278       0x18 C:\Users\MightyDubster\Documents\Projects\pygmyos.code\Gems\pygmy_sys.o
                0x08009278                descriptorGetID
 .text.print    0x08009290      0x234 C:\Users\MightyDubster\Documents\Projects\pygmyos.code\Gems\pygmy_sys.o
                0x08009290                print
 .text.println  0x080094c4       0x20 C:\Users\MightyDubster\Documents\Projects\pygmyos.code\Gems\pygmy_sys.o
                0x080094c4                println
 .text.HardFault_Handler
                0x080094e4        0xc C:\Users\MightyDubster\Documents\Projects\pygmyos.code\Gems\pygmy_sys.o
                0x080094e4                HardFault_Handler
 .text.sysGetTimer
                0x080094f0       0x18 C:\Users\MightyDubster\Documents\Projects\pygmyos.code\Gems\pygmy_sys.o
                0x080094f0                sysGetTimer
 .text.delay    0x08009508       0xd4 C:\Users\MightyDubster\Documents\Projects\pygmyos.code\Gems\pygmy_sys.o
                0x08009508                delay
 .text.SysTick_Handler
                0x080095dc       0x3c C:\Users\MightyDubster\Documents\Projects\pygmyos.code\Gems\pygmy_sys.o
                0x080095dc                SysTick_Handler
 .text.volumeSet
                0x08009618       0x44 C:\Users\MightyDubster\Documents\Projects\pygmyos.code\Gems\main.o
                0x08009618                volumeSet
 .text.main     0x0800965c       0x24 C:\Users\MightyDubster\Documents\Projects\pygmyos.code\Gems\main.o
                0x0800965c                main
 .text.lcdWriteCommand
                0x08009680       0x30 C:\Users\MightyDubster\Documents\Projects\pygmyos.code\Gems\varitronix128x128_parallel.o
                0x08009680                lcdWriteCommand
 .text.lcdWriteData
                0x080096b0       0x30 C:\Users\MightyDubster\Documents\Projects\pygmyos.code\Gems\varitronix128x128_parallel.o
                0x080096b0                lcdWriteData
 .text.lcdSetContrast
                0x080096e0       0x1c C:\Users\MightyDubster\Documents\Projects\pygmyos.code\Gems\varitronix128x128_parallel.o
                0x080096e0                lcdSetContrast
 .text.lcdDrawPixel
                0x080096fc       0xc8 C:\Users\MightyDubster\Documents\Projects\pygmyos.code\Gems\varitronix128x128_parallel.o
                0x080096fc                lcdDrawPixel
 .text.lcdSetBPP
                0x080097c4        0xc C:\Users\MightyDubster\Documents\Projects\pygmyos.code\Gems\varitronix128x128_parallel.o
                0x080097c4                lcdSetBPP
 .text.lcdGetBPP
                0x080097d0        0xc C:\Users\MightyDubster\Documents\Projects\pygmyos.code\Gems\varitronix128x128_parallel.o
                0x080097d0                lcdGetBPP
 .text.lcdSetColor
                0x080097dc       0x50 C:\Users\MightyDubster\Documents\Projects\pygmyos.code\Gems\varitronix128x128_parallel.o
                0x080097dc                lcdSetColor
 .text.lcdClearArea
                0x0800982c       0xb8 C:\Users\MightyDubster\Documents\Projects\pygmyos.code\Gems\varitronix128x128_parallel.o
                0x0800982c                lcdClearArea
 .text.lcdClear
                0x080098e4        0xc C:\Users\MightyDubster\Documents\Projects\pygmyos.code\Gems\varitronix128x128_parallel.o
                0x080098e4                lcdClear
 .text.lcdInit  0x080098f0      0x244 C:\Users\MightyDubster\Documents\Projects\pygmyos.code\Gems\varitronix128x128_parallel.o
                0x080098f0                lcdInit
 .text.socketGetID
                0x08009b34        0xc C:\Users\MightyDubster\Documents\Projects\pygmyos.code\Gems\pygmy_socket.o
                0x08009b34                socketGetID
 .text.socketList
                0x08009b40       0xe8 C:\Users\MightyDubster\Documents\Projects\pygmyos.code\Gems\pygmy_socket.o
                0x08009b40                socketList
 .text.socketGet
                0x08009c28       0x3c C:\Users\MightyDubster\Documents\Projects\pygmyos.code\Gems\pygmy_socket.o
                0x08009c28                socketGet
 .text.socketOpenFromPacket
                0x08009c64       0xe0 C:\Users\MightyDubster\Documents\Projects\pygmyos.code\Gems\pygmy_socket.o
                0x08009c64                socketOpenFromPacket
 .text.socketOpen
                0x08009d44       0x18 C:\Users\MightyDubster\Documents\Projects\pygmyos.code\Gems\pygmy_socket.o
                0x08009d44                socketOpen
 .text.socketFile
                0x08009d5c       0xbc C:\Users\MightyDubster\Documents\Projects\pygmyos.code\Gems\pygmy_socket.o
                0x08009d5c                socketFile
 .text.socketSendFile
                0x08009e18       0x60 C:\Users\MightyDubster\Documents\Projects\pygmyos.code\Gems\pygmy_socket.o
                0x08009e18                socketSendFile
 .text.socketRequestFile
                0x08009e78       0x84 C:\Users\MightyDubster\Documents\Projects\pygmyos.code\Gems\pygmy_socket.o
                0x08009e78                socketRequestFile
 .text.socketSendClose
                0x08009efc       0x70 C:\Users\MightyDubster\Documents\Projects\pygmyos.code\Gems\pygmy_socket.o
                0x08009efc                socketSendClose
 .text.socketSendDataFromString
                0x08009f6c       0xb4 C:\Users\MightyDubster\Documents\Projects\pygmyos.code\Gems\pygmy_socket.o
                0x08009f6c                socketSendDataFromString
 .text._sbrk    0x0800a020       0x30 C:\Program Files (x86)\Raisonance\Ride\Lib\ARM\std_sbrk_thumb.lib(sbrk.o)
                0x0800a020                _sbrk
 *(.rodata)
 .rodata        0x0800a050       0x12 C:\Users\MightyDubster\Documents\Projects\pygmyos.code\Gems\pygmy_adc.o
                0x0800a050                PYGMY_ADC_CHANNELS
 *fill*         0x0800a062        0x2 00
 .rodata        0x0800a064      0x100 C:\Users\MightyDubster\Documents\Projects\pygmyos.code\Gems\pygmy_cmd.o
                0x0800a064                PYGMYSTDCOMMANDS
                0x0800a154                PYGMYCORECOMMANDS
 .rodata        0x0800a164       0x24 C:\Users\MightyDubster\Documents\Projects\pygmyos.code\Gems\pygmy_nvic.o
                0x0800a164                PYGMY_TIMERVECTORS_L15X
                0x0800a176                PYGMY_TIMERVECTORS
 .rodata        0x0800a188       0x10 C:\Users\MightyDubster\Documents\Projects\pygmyos.code\Gems\pygmy_port.o
                0x0800a188                PYGMY_TIMERPINS
 .rodata        0x0800a198      0x134 C:\Users\MightyDubster\Documents\Projects\pygmyos.code\Gems\pygmy_string.o
                0x0800a198                PYGMYNEBULAPINS
                0x0800a278                PYGMYHEXCHARS
                0x0800a288                PYGMYBASE64CHARS
 .rodata        0x0800a2cc       0x60 C:\Users\MightyDubster\Documents\Projects\pygmyos.code\Gems\pygmy_sys.o
                0x0800a320                PYGMY_DAYSINMONTH
 .rodata        0x0800a32c       0x60 c:/program files (x86)/raisonance/ride/arm-gcc/bin/../lib/gcc/arm-none-eabi/4.5.1/../../../../arm-none-eabi/lib/thumb2\libc.a(lib_a-findfp.o)
                0x0800a32c                __sf_fake_stdin
                0x0800a34c                __sf_fake_stdout
                0x0800a36c                __sf_fake_stderr
 *(.rodata*)
 .rodata.str1.1
                0x0800a38c      0x34d C:\Users\MightyDubster\Documents\Projects\pygmyos.code\Gems\pygmy_cmd.o
                                0x3a1 (size before relaxing)
 .rodata.str1.1
                0x00000000        0x2 C:\Users\MightyDubster\Documents\Projects\pygmyos.code\Gems\pygmy_com.o
 .rodata.str1.1
                0x0800a6d9      0x14e C:\Users\MightyDubster\Documents\Projects\pygmyos.code\Gems\pygmy_file.o
                                0x14f (size before relaxing)
 .rodata.str1.1
                0x0800a827       0x28 C:\Users\MightyDubster\Documents\Projects\pygmyos.code\Gems\pygmy_gui.o
                                 0x2b (size before relaxing)
 .rodata.str1.1
                0x0800a84f       0x66 C:\Users\MightyDubster\Documents\Projects\pygmyos.code\Gems\pygmy_rf.o
                                 0x6a (size before relaxing)
 .rodata.str1.1
                0x0800a8b5       0xa2 C:\Users\MightyDubster\Documents\Projects\pygmyos.code\Gems\pygmy_string.o
                                 0xba (size before relaxing)
 .rodata.str1.1
                0x0800a957       0x48 C:\Users\MightyDubster\Documents\Projects\pygmyos.code\Gems\pygmy_sys.o
                                 0x4a (size before relaxing)
 .rodata.str1.1
                0x0800a99f       0x86 C:\Users\MightyDubster\Documents\Projects\pygmyos.code\Gems\main.o
                                 0x8e (size before relaxing)
 .rodata.str1.1
                0x0800aa25      0x2ee C:\Users\MightyDubster\Documents\Projects\pygmyos.code\Gems\pygmy_socket.o
                                0x303 (size before relaxing)
 *fill*         0x0800ad13        0x1 00
 .rodata.str1.4
                0x0800ad14        0x4 c:/program files (x86)/raisonance/ride/arm-gcc/bin/../lib/gcc/arm-none-eabi/4.5.1/../../../../arm-none-eabi/lib/thumb2\libc.a(lib_a-impure.o)
 *(.glue_7)
 .glue_7        0x00000000        0x0 linker stubs
 *(.glue_7t)
 .glue_7t       0x00000000        0x0 linker stubs
                0x0800ad18                . = ALIGN (0x4)
                0x0800ad18                _etext = .
                0x0800ad18                _sidata = _etext

.vfp11_veneer   0x0800ad18        0x0
 .vfp11_veneer  0x00000000        0x0 linker stubs

.v4_bx          0x0800ad18        0x0
 .v4_bx         0x00000000        0x0 linker stubs

.flashpatch     0x00000000        0x0
                0x00000000                . = ALIGN (0x4)
 *(.flashpatch)
                0x00000000                . = ALIGN (0x4)

.endflash       0x00000000        0x0
                0x00000000                . = ALIGN (0x4)
 *(.endflash)
                0x00000000                . = ALIGN (0x4)
                0x00000000                _e_endflash = .

.data           0x20000000      0x504 load address 0x0800ad18
                0x20000000                . = ALIGN (0x4)
                0x20000000                _sdata = .
                0x20000000                _data = .
 *(.data)
 .data          0x20000000       0xf4 c:/program files (x86)/raisonance/ride/arm-gcc/bin/../lib/gcc/arm-none-eabi/4.5.1/../../../../arm-none-eabi/lib/thumb2\libc.a(lib_a-impure.o)
                0x20000000                _impure_ptr
 .data          0x200000f4      0x410 c:/program files (x86)/raisonance/ride/arm-gcc/bin/../lib/gcc/arm-none-eabi/4.5.1/../../../../arm-none-eabi/lib/thumb2\libc.a(lib_a-mallocr.o)
                0x200000f4                __malloc_av_
                0x200004fc                __malloc_sbrk_base
                0x20000500                __malloc_trim_threshold
 *(.data.*)
 *(.RAMtext)
                0x20000504                . = ALIGN (0x4)
                0x20000504                _edata = .
                0x0800b21c                _eidata = ((_sidata + _edata) - _sdata)
                0x08102000                _lastdataromaddress = 0x8102000
                0x00000000                toobig = (_eidata > _lastdataromaddress)?!!!!!!!!! FLASH IS FULL !!!!!!!!!:0x0

.bss            0x20000504     0x14ec load address 0x0800b21c
                0x20000504                . = ALIGN (0x4)
                0x20000504                _sbss = .
                0x20000504                _bss = .
 *(.bss)
 .bss           0x20000504        0x2 C:\Users\MightyDubster\Documents\Projects\pygmyos.code\Gems\pygmy_adc.o
                0x20000504                globalADCStatus
 .bss           0x20000506        0x1 C:\Users\MightyDubster\Documents\Projects\pygmyos.code\Gems\pygmy_com.o
                0x20000506                globalSTDIO
 *fill*         0x20000507        0x1 00
 .bss           0x20000508       0x8c C:\Users\MightyDubster\Documents\Projects\pygmyos.code\Gems\pygmy_file.o
 .bss           0x20000594        0x8 C:\Users\MightyDubster\Documents\Projects\pygmyos.code\Gems\pygmy_gui.o
                0x20000594                globalSpriteStatus
                0x20000598                globalFormsStatus
                0x20000599                globalFormsLen
 .bss           0x2000059c        0x4 C:\Users\MightyDubster\Documents\Projects\pygmyos.code\Gems\pygmy_port.o
                0x2000059c                globalPygmyPWMCR
 .bss           0x200005a0        0x8 C:\Users\MightyDubster\Documents\Projects\pygmyos.code\Gems\pygmy_string.o
 .bss           0x200005a8       0x34 c:/program files (x86)/raisonance/ride/arm-gcc/bin/../lib/gcc/arm-none-eabi/4.5.1/../../../../arm-none-eabi/lib/thumb2\libc.a(lib_a-mallocr.o)
                0x200005a8                __malloc_top_pad
                0x200005ac                __malloc_current_mallinfo
                0x200005d4                __malloc_max_sbrked_mem
                0x200005d8                __malloc_max_total_mem
 .bss           0x200005dc        0x4 C:\Program Files (x86)\Raisonance\Ride\Lib\ARM\std_sbrk_thumb.lib(sbrk.o)
 *(COMMON)
 COMMON         0x200005e0      0x42c C:\Users\MightyDubster\Documents\Projects\pygmyos.code\Gems\pygmy_audio.o
                0x200005e0                globalAudioPage
                0x200005e1                globalAudioBuffer
                0x200009e4                pygmyAudioFile
 COMMON         0x20000a0c       0x74 C:\Users\MightyDubster\Documents\Projects\pygmyos.code\Gems\pygmy_cmd.o
                0x20000a0c                globalCMDPorts
                0x20000a14                globalCMDUnsupported
                0x20000a18                globalCMDError
                0x20000a1c                globalSPIPorts
                0x20000a54                globalI2CPorts
                0x20000a7c                globalCMDPrompt
 COMMON         0x20000a80      0x114 C:\Users\MightyDubster\Documents\Projects\pygmyos.code\Gems\pygmy_com.o
                0x20000a80                globalCOM3RXBuffer
                0x20000b00                globalStreams
                0x20000b90                globalStreamEcho
 COMMON         0x20000b94       0x58 C:\Users\MightyDubster\Documents\Projects\pygmyos.code\Gems\pygmy_file.o
                0x20000b94                pygmyRootVolume
                0x20000bd0                pygmyFlashSPI
 COMMON         0x20000bec      0x930 C:\Users\MightyDubster\Documents\Projects\pygmyos.code\Gems\pygmy_gui.o
                0x20000bec                globalForms
                0x20000bf0                globalGUI
                0x20000c54                globalSprites
                0x200014d4                globalWidgets
 COMMON         0x2000151c       0xd8 C:\Users\MightyDubster\Documents\Projects\pygmyos.code\Gems\pygmy_port.o
                0x2000151c                globalIRQPins
                0x2000152c                globalIRQPR
                0x20001530                globalIRQHandlers
                0x20001570                globalPygmyPWM
                0x200015f0                globalPygmyPWMFreq
 COMMON         0x200015f4       0x24 C:\Users\MightyDubster\Documents\Projects\pygmyos.code\Gems\pygmy_rf.o
                0x200015f4                pygmyRFSPI
                0x20001610                globalRFSubNetMask
                0x20001614                globalRFConfig
 COMMON         0x20001618      0x364 C:\Users\MightyDubster\Documents\Projects\pygmyos.code\Gems\pygmy_sys.o
                0x20001618                pygmyGlobalMessages
                0x200017a8                pygmyGlobalData
                0x200017c8                pygmyGlobalTasks
                0x2000196c                pygmyGlobalQueues
 COMMON         0x2000197c       0x60 C:\Users\MightyDubster\Documents\Projects\pygmyos.code\Gems\main.o
                0x2000197c                fileFont
                0x200019a4                globalHumidity
                0x200019b8                fontOrbitron18
                0x200019c8                globalGasSensorDigipot
 COMMON         0x200019dc        0x4 C:\Users\MightyDubster\Documents\Projects\pygmyos.code\Gems\varitronix128x128_parallel.o
                0x200019dc                globalContrast
                0x200019dd                globalBPP
                0x200019de                globalPixel
 COMMON         0x200019e0        0xc C:\Users\MightyDubster\Documents\Projects\pygmyos.code\Gems\pygmy_socket.o
                0x200019e0                globalSockets
                0x200019e4                globalSocketCount
                0x200019e8                globalSocketID
 COMMON         0x200019ec        0x4 c:/program files (x86)/raisonance/ride/arm-gcc/bin/../lib/gcc/arm-none-eabi/4.5.1/../../../../arm-none-eabi/lib/thumb2\libc.a(lib_a-reent.o)
                0x200019ec                errno
                0x200019f0                . = ALIGN (0x4)
                0x200019f0                _ebss = .
                0x200019f0                PROVIDE (end, _ebss)
                0x200019f0                PROVIDE (_end, _ebss)

._usrstack      0x200019f0      0x100 load address 0x0800c708
                0x200019f0                . = ALIGN (0x4)
                0x200019f0                _susrstack = .
                0x20001af0                . = (. + _Minimum_Stack_Size)
 *fill*         0x200019f0      0x100 00
                0x20001af0                . = ALIGN (0x4)
                0x20001af0                _eusrstack = .

.b1text
 *(.b1text)
 *(.b1rodata)
 *(.b1rodata*)

.eb0text
 *(.eb0text)
 *(.eb0rodata)
 *(.eb0rodata*)

.eb1text
 *(.eb1text)
 *(.eb1rodata)
 *(.eb1rodata*)

.eb2text
 *(.eb2text)
 *(.eb2rodata)
 *(.eb2rodata*)

.eb3text
 *(.eb3text)
 *(.eb3rodata)
 *(.eb3rodata*)
                0x20001af0                __exidx_start = .
                0x20001af0                __exidx_end = .

/DISCARD/
 libc.a(*)
 libm.a(*)
 libgcc.a(*)

.stab
 *(.stab)

.stabstr
 *(.stabstr)

.stab.excl
 *(.stab.excl)

.stab.exclstr
 *(.stab.exclstr)

.stab.index
 *(.stab.index)

.stab.indexstr
 *(.stab.indexstr)

.ARM.attributes
                0x00000000       0x2d
 .ARM.attributes
                0x00000000       0x21 C:\Program Files (x86)\Raisonance\Ride\lib\ARM\startup_stm32f10x_hd.o
 .ARM.attributes
                0x00000021       0x31 C:\Users\MightyDubster\Documents\Projects\pygmyos.code\Gems\pygmy_adc.o
 .ARM.attributes
                0x00000052       0x31 C:\Users\MightyDubster\Documents\Projects\pygmyos.code\Gems\pygmy_audio.o
 .ARM.attributes
                0x00000083       0x31 C:\Users\MightyDubster\Documents\Projects\pygmyos.code\Gems\pygmy_cmd.o
 .ARM.attributes
                0x000000b4       0x31 C:\Users\MightyDubster\Documents\Projects\pygmyos.code\Gems\pygmy_com.o
 .ARM.attributes
                0x000000e5       0x31 C:\Users\MightyDubster\Documents\Projects\pygmyos.code\Gems\pygmy_debug.o
 .ARM.attributes
                0x00000116       0x31 C:\Users\MightyDubster\Documents\Projects\pygmyos.code\Gems\pygmy_file.o
 .ARM.attributes
                0x00000147       0x31 C:\Users\MightyDubster\Documents\Projects\pygmyos.code\Gems\pygmy_fpec.o
 .ARM.attributes
                0x00000178       0x31 C:\Users\MightyDubster\Documents\Projects\pygmyos.code\Gems\pygmy_gui.o
 .ARM.attributes
                0x000001a9       0x31 C:\Users\MightyDubster\Documents\Projects\pygmyos.code\Gems\pygmy_nvic.o
 .ARM.attributes
                0x000001da       0x31 C:\Users\MightyDubster\Documents\Projects\pygmyos.code\Gems\pygmy_port.o
 .ARM.attributes
                0x0000020b       0x31 C:\Users\MightyDubster\Documents\Projects\pygmyos.code\Gems\pygmy_rf.o
 .ARM.attributes
                0x0000023c       0x31 C:\Users\MightyDubster\Documents\Projects\pygmyos.code\Gems\pygmy_rtc.o
 .ARM.attributes
                0x0000026d       0x31 C:\Users\MightyDubster\Documents\Projects\pygmyos.code\Gems\pygmy_string.o
 .ARM.attributes
                0x0000029e       0x31 C:\Users\MightyDubster\Documents\Projects\pygmyos.code\Gems\pygmy_sys.o
 .ARM.attributes
                0x000002cf       0x31 C:\Users\MightyDubster\Documents\Projects\pygmyos.code\Gems\main.o
 .ARM.attributes
                0x00000300       0x31 C:\Users\MightyDubster\Documents\Projects\pygmyos.code\Gems\varitronix128x128_parallel.o
 .ARM.attributes
                0x00000331       0x31 C:\Users\MightyDubster\Documents\Projects\pygmyos.code\Gems\gems.o
 .ARM.attributes
                0x00000362       0x31 C:\Users\MightyDubster\Documents\Projects\pygmyos.code\Gems\pygmy_jpeg.o
 .ARM.attributes
                0x00000393       0x31 C:\Users\MightyDubster\Documents\Projects\pygmyos.code\Gems\mpl115a2.o
 .ARM.attributes
                0x000003c4       0x31 C:\Users\MightyDubster\Documents\Projects\pygmyos.code\Gems\hih5030.o
 .ARM.attributes
                0x000003f5       0x31 C:\Users\MightyDubster\Documents\Projects\pygmyos.code\Gems\at24hc02b.o
 .ARM.attributes
                0x00000426       0x31 C:\Users\MightyDubster\Documents\Projects\pygmyos.code\Gems\mcp443x.o
 .ARM.attributes
                0x00000457       0x31 C:\Users\MightyDubster\Documents\Projects\pygmyos.code\Gems\gasSensor.o
 .ARM.attributes
                0x00000488       0x31 C:\Users\MightyDubster\Documents\Projects\pygmyos.code\Gems\pygmy_socket.o
 .ARM.attributes
                0x000004b9       0x2e C:\Program Files (x86)\Raisonance\Ride\Lib\ARM\std_sbrk_thumb.lib(sbrk.o)
 .ARM.attributes
                0x000004e7       0x2e C:\Program Files (x86)\Raisonance\Ride\Lib\ARM\std_sbrk_thumb.lib(write.o)
 .ARM.attributes
                0x00000515       0x2e C:\Program Files (x86)\Raisonance\Ride\Lib\ARM\std_sbrk_thumb.lib(other_syscalls.o)

.comment        0x00000000       0xa8
 *(.comment)
 .comment       0x00000000       0x2a C:\Users\MightyDubster\Documents\Projects\pygmyos.code\Gems\pygmy_adc.o
                                 0x2b (size before relaxing)
 .comment       0x00000000       0x2b C:\Users\MightyDubster\Documents\Projects\pygmyos.code\Gems\pygmy_audio.o
 .comment       0x00000000       0x2b C:\Users\MightyDubster\Documents\Projects\pygmyos.code\Gems\pygmy_cmd.o
 .comment       0x00000000       0x2b C:\Users\MightyDubster\Documents\Projects\pygmyos.code\Gems\pygmy_com.o
 .comment       0x00000000       0x2b C:\Users\MightyDubster\Documents\Projects\pygmyos.code\Gems\pygmy_debug.o
 .comment       0x00000000       0x2b C:\Users\MightyDubster\Documents\Projects\pygmyos.code\Gems\pygmy_file.o
 .comment       0x00000000       0x2b C:\Users\MightyDubster\Documents\Projects\pygmyos.code\Gems\pygmy_fpec.o
 .comment       0x00000000       0x2b C:\Users\MightyDubster\Documents\Projects\pygmyos.code\Gems\pygmy_gui.o
 .comment       0x00000000       0x2b C:\Users\MightyDubster\Documents\Projects\pygmyos.code\Gems\pygmy_nvic.o
 .comment       0x00000000       0x2b C:\Users\MightyDubster\Documents\Projects\pygmyos.code\Gems\pygmy_port.o
 .comment       0x00000000       0x2b C:\Users\MightyDubster\Documents\Projects\pygmyos.code\Gems\pygmy_rf.o
 .comment       0x00000000       0x2b C:\Users\MightyDubster\Documents\Projects\pygmyos.code\Gems\pygmy_rtc.o
 .comment       0x00000000       0x2b C:\Users\MightyDubster\Documents\Projects\pygmyos.code\Gems\pygmy_string.o
 .comment       0x00000000       0x2b C:\Users\MightyDubster\Documents\Projects\pygmyos.code\Gems\pygmy_sys.o
 .comment       0x00000000       0x2b C:\Users\MightyDubster\Documents\Projects\pygmyos.code\Gems\main.o
 .comment       0x00000000       0x2b C:\Users\MightyDubster\Documents\Projects\pygmyos.code\Gems\varitronix128x128_parallel.o
 .comment       0x00000000       0x2b C:\Users\MightyDubster\Documents\Projects\pygmyos.code\Gems\gems.o
 .comment       0x00000000       0x2b C:\Users\MightyDubster\Documents\Projects\pygmyos.code\Gems\pygmy_jpeg.o