Archive member included because of file (symbol)

c:/program files (x86)/raisonance/ride/arm-gcc/bin/../lib/gcc/arm-none-eabi/4.5.1/../../../../arm-none-eabi/lib/thumb2\libc.a(lib_a-dprintf.o)
                              C:\Users\MightyDubster\Documents\Projects\pygmyos.code\Gems\pygmy_jpeg.o (dprintf)
c:/program files (x86)/raisonance/ride/arm-gcc/bin/../lib/gcc/arm-none-eabi/4.5.1/../../../../arm-none-eabi/lib/thumb2\libc.a(lib_a-findfp.o)
                              c:/program files (x86)/raisonance/ride/arm-gcc/bin/../lib/gcc/arm-none-eabi/4.5.1/../../../../arm-none-eabi/lib/thumb2\libc.a(lib_a-dprintf.o) (__sinit)
c:/program files (x86)/raisonance/ride/arm-gcc/bin/../lib/gcc/arm-none-eabi/4.5.1/../../../../arm-none-eabi/lib/thumb2\libc.a(lib_a-fwalk.o)
                              c:/program files (x86)/raisonance/ride/arm-gcc/bin/../lib/gcc/arm-none-eabi/4.5.1/../../../../arm-none-eabi/lib/thumb2\libc.a(lib_a-findfp.o) (_fwalk)
c:/program files (x86)/raisonance/ride/arm-gcc/bin/../lib/gcc/arm-none-eabi/4.5.1/../../../../arm-none-eabi/lib/thumb2\libc.a(lib_a-impure.o)
                              c:/program files (x86)/raisonance/ride/arm-gcc/bin/../lib/gcc/arm-none-eabi/4.5.1/../../../../arm-none-eabi/lib/thumb2\libc.a(lib_a-dprintf.o) (_impure_ptr)
c:/program files (x86)/raisonance/ride/arm-gcc/bin/../lib/gcc/arm-none-eabi/4.5.1/../../../../arm-none-eabi/lib/thumb2\libc.a(lib_a-malloc.o)
                              C:\Users\MightyDubster\Documents\Projects\pygmyos.code\Gems\pygmy_sys.o (malloc)
c:/program files (x86)/raisonance/ride/arm-gcc/bin/../lib/gcc/arm-none-eabi/4.5.1/../../../../arm-none-eabi/lib/thumb2\libc.a(lib_a-mallocr.o)
                              c:/program files (x86)/raisonance/ride/arm-gcc/bin/../lib/gcc/arm-none-eabi/4.5.1/../../../../arm-none-eabi/lib/thumb2\libc.a(lib_a-findfp.o) (_malloc_r)
c:/program files (x86)/raisonance/ride/arm-gcc/bin/../lib/gcc/arm-none-eabi/4.5.1/../../../../arm-none-eabi/lib/thumb2\libc.a(lib_a-memset.o)
                              C:\Users\MightyDubster\Documents\Projects\pygmyos.code\Gems\pygmy_jpeg.o (memset)
c:/program files (x86)/raisonance/ride/arm-gcc/bin/../lib/gcc/arm-none-eabi/4.5.1/../../../../arm-none-eabi/lib/thumb2\libc.a(lib_a-mlock.o)
                              c:/program files (x86)/raisonance/ride/arm-gcc/bin/../lib/gcc/arm-none-eabi/4.5.1/../../../../arm-none-eabi/lib/thumb2\libc.a(lib_a-mallocr.o) (__malloc_lock)
c:/program files (x86)/raisonance/ride/arm-gcc/bin/../lib/gcc/arm-none-eabi/4.5.1/../../../../arm-none-eabi/lib/thumb2\libc.a(lib_a-realloc.o)
                              C:\Users\MightyDubster\Documents\Projects\pygmyos.code\Gems\pygmy_sys.o (realloc)
c:/program files (x86)/raisonance/ride/arm-gcc/bin/../lib/gcc/arm-none-eabi/4.5.1/../../../../arm-none-eabi/lib/thumb2\libc.a(lib_a-reallocr.o)
                              c:/program files (x86)/raisonance/ride/arm-gcc/bin/../lib/gcc/arm-none-eabi/4.5.1/../../../../arm-none-eabi/lib/thumb2\libc.a(lib_a-realloc.o) (_realloc_r)
c:/program files (x86)/raisonance/ride/arm-gcc/bin/../lib/gcc/arm-none-eabi/4.5.1/../../../../arm-none-eabi/lib/thumb2\libc.a(lib_a-s_modf.o)
                              C:\Users\MightyDubster\Documents\Projects\pygmyos.code\Gems\pygmy_string.o (modf)
c:/program files (x86)/raisonance/ride/arm-gcc/bin/../lib/gcc/arm-none-eabi/4.5.1/../../../../arm-none-eabi/lib/thumb2\libc.a(lib_a-sbrkr.o)
                              c:/program files (x86)/raisonance/ride/arm-gcc/bin/../lib/gcc/arm-none-eabi/4.5.1/../../../../arm-none-eabi/lib/thumb2\libc.a(lib_a-mallocr.o) (_sbrk_r)
c:/program files (x86)/raisonance/ride/arm-gcc/bin/../lib/gcc/arm-none-eabi/4.5.1/../../../../arm-none-eabi/lib/thumb2\libc.a(lib_a-stdio.o)
                              c:/program files (x86)/raisonance/ride/arm-gcc/bin/../lib/gcc/arm-none-eabi/4.5.1/../../../../arm-none-eabi/lib/thumb2\libc.a(lib_a-findfp.o) (__sread)
c:/program files (x86)/raisonance/ride/arm-gcc/bin/../lib/gcc/arm-none-eabi/4.5.1/../../../../arm-none-eabi/lib/thumb2\libc.a(lib_a-vdprintf.o)
                              c:/program files (x86)/raisonance/ride/arm-gcc/bin/../lib/gcc/arm-none-eabi/4.5.1/../../../../arm-none-eabi/lib/thumb2\libc.a(lib_a-dprintf.o) (_vdprintf_r)
c:/program files (x86)/raisonance/ride/arm-gcc/bin/../lib/gcc/arm-none-eabi/4.5.1/../../../../arm-none-eabi/lib/thumb2\libc.a(lib_a-writer.o)
                              c:/program files (x86)/raisonance/ride/arm-gcc/bin/../lib/gcc/arm-none-eabi/4.5.1/../../../../arm-none-eabi/lib/thumb2\libc.a(lib_a-stdio.o) (_write_r)
c:/program files (x86)/raisonance/ride/arm-gcc/bin/../lib/gcc/arm-none-eabi/4.5.1/../../../../arm-none-eabi/lib/thumb2\libc.a(lib_a-closer.o)
                              c:/program files (x86)/raisonance/ride/arm-gcc/bin/../lib/gcc/arm-none-eabi/4.5.1/../../../../arm-none-eabi/lib/thumb2\libc.a(lib_a-stdio.o) (_close_r)
[...]
Memory Configuration

Name             Origin             Length             Attributes
RAM              0x20000000         0x00018000         xrw
FLASH            0x08002000         0x00100000         xr
HEAP             0x20002000         0x00014000         xrw
STARTFLASH       0x00000000         0x00000000         xr
CRPPATCH         0x00000000         0x00000000         r
FLASHPATCH       0x00000000         0x00000000         r
ENDFLASH         0x00000000         0x00000000         xr
FLASHB1          0x00000000         0x00000000         xr
EXTMEMB0         0x00000000         0x00000000         xr
EXTMEMB1         0x00000000         0x00000000         xr
EXTMEMB2         0x00000000         0x00000000         xr
EXTMEMB3         0x00000000         0x00000000         xr
*default*        0x00000000         0xffffffff

Linker script and memory map

LOAD C:\Program Files (x86)\Raisonance\Ride\lib\ARM\startup_stm32f10x_hd.o
LOAD C:\Users\MightyDubster\Documents\Projects\pygmyos.code\Gems\pygmy_adc.o
LOAD C:\Users\MightyDubster\Documents\Projects\pygmyos.code\Gems\pygmy_audio.o
LOAD C:\Users\MightyDubster\Documents\Projects\pygmyos.code\Gems\pygmy_cmd.o
LOAD C:\Users\MightyDubster\Documents\Projects\pygmyos.code\Gems\pygmy_com.o
LOAD C:\Users\MightyDubster\Documents\Projects\pygmyos.code\Gems\pygmy_debug.o
LOAD C:\Users\MightyDubster\Documents\Projects\pygmyos.code\Gems\pygmy_file.o
LOAD C:\Users\MightyDubster\Documents\Projects\pygmyos.code\Gems\pygmy_fpec.o
LOAD C:\Users\MightyDubster\Documents\Projects\pygmyos.code\Gems\pygmy_gui.o
LOAD C:\Users\MightyDubster\Documents\Projects\pygmyos.code\Gems\pygmy_nvic.o
LOAD C:\Users\MightyDubster\Documents\Projects\pygmyos.code\Gems\pygmy_port.o
LOAD C:\Users\MightyDubster\Documents\Projects\pygmyos.code\Gems\pygmy_rf.o
LOAD C:\Users\MightyDubster\Documents\Projects\pygmyos.code\Gems\pygmy_rtc.o
LOAD C:\Users\MightyDubster\Documents\Projects\pygmyos.code\Gems\pygmy_string.o
LOAD C:\Users\MightyDubster\Documents\Projects\pygmyos.code\Gems\pygmy_sys.o
LOAD C:\Users\MightyDubster\Documents\Projects\pygmyos.code\Gems\main.o
LOAD C:\Users\MightyDubster\Documents\Projects\pygmyos.code\Gems\varitronix128x128_parallel.o
LOAD C:\Users\MightyDubster\Documents\Projects\pygmyos.code\Gems\gems.o
LOAD C:\Users\MightyDubster\Documents\Projects\pygmyos.code\Gems\pygmy_jpeg.o
LOAD C:\Users\MightyDubster\Documents\Projects\pygmyos.code\Gems\mpl115a2.o
LOAD C:\Users\MightyDubster\Documents\Projects\pygmyos.code\Gems\hih5030.o
LOAD C:\Users\MightyDubster\Documents\Projects\pygmyos.code\Gems\at24hc02b.o
START GROUP
LOAD C:\Program Files (x86)\Raisonance\Ride\Lib\ARM\std_sbrk_thumb.lib
LOAD C:\Program Files (x86)\Raisonance\Ride\Lib\ARM\smallprintf_thumb.a
LOAD c:/program files (x86)/raisonance/ride/arm-gcc/bin/../lib/gcc/arm-none-eabi/4.5.1/../../../../arm-none-eabi/lib/thumb2\libc.a
LOAD c:/program files (x86)/raisonance/ride/arm-gcc/bin/../lib/gcc/arm-none-eabi/4.5.1/../../../../arm-none-eabi/lib/thumb2\libm.a
END GROUP
                0x00000400                __Stack_Size = 0x400
                0x00000400                PROVIDE (_Stack_Size, __Stack_Size)
                0x20017c00                __Stack_Init = (_estack - __Stack_Size)
                0x20017c00                PROVIDE (_Stack_Init, __Stack_Init)
                0x00000100                _Minimum_Stack_Size = 0x100
                0x00000000                PROVIDE (Undefined_Handler, 0x0)
                0x00000000                PROVIDE (SWI_Handler, 0x0)
                0x00000000                PROVIDE (IRQ_Handler, 0x0)
                0x00000000                PROVIDE (Prefetch_Handler, 0x0)
                0x00000000                PROVIDE (Abort_Handler, 0x0)
                0x00000000                PROVIDE (FIQ_Handler, 0x0)
                0x00000000                PROVIDE (NMIException, 0x0)
                0x00000000                PROVIDE (NMI_Handler, 0x0)
                0x00000000                PROVIDE (HardFaultException, 0x0)
                0x00000000                PROVIDE (HardFault_Handler, 0x0)
                0x00000000                PROVIDE (MemManageException, 0x0)
                0x00000000                PROVIDE (MemManage_Handler, 0x0)
                0x00000000                PROVIDE (BusFaultException, 0x0)
                0x00000000                PROVIDE (BusFault_Handler, 0x0)
                0x00000000                PROVIDE (UsageFaultException, 0x0)
                0x00000000                PROVIDE (UsageFault_Handler, 0x0)
                0x00000000                PROVIDE (SVCHandler, 0x0)
                0x00000000                PROVIDE (SVC_Handler, 0x0)
                0x00000000                PROVIDE (DebugMonitor, 0x0)
                0x00000000                PROVIDE (DebugMon_Handler, 0x0)
                0x00000000                PROVIDE (PendSVC, 0x0)
                0x00000000                PROVIDE (PendSV_Handler, 0x0)
                0x00000000                PROVIDE (SysTickHandler, 0x0)
                0x00000000                PROVIDE (SysTick_Handler, 0x0)
                0x00000000                PROVIDE (WWDG_IRQHandler, 0x0)
                0x00000000                PROVIDE (PVD_IRQHandler, 0x0)
                0x00000000                PROVIDE (TAMPER_IRQHandler, 0x0)
                0x00000000                PROVIDE (RTC_IRQHandler, 0x0)
                0x00000000                PROVIDE (FLASH_IRQHandler, 0x0)
                0x00000000                PROVIDE (RCC_IRQHandler, 0x0)
                0x00000000                PROVIDE (EXTI0_IRQHandler, 0x0)
                0x00000000                PROVIDE (EXTI1_IRQHandler, 0x0)
                0x00000000                PROVIDE (EXTI2_IRQHandler, 0x0)
                0x00000000                PROVIDE (EXTI3_IRQHandler, 0x0)
                0x00000000                PROVIDE (EXTI4_IRQHandler, 0x0)
                0x00000000                PROVIDE (DMAChannel1_IRQHandler, 0x0)
                0x00000000                PROVIDE (DMAChannel2_IRQHandler, 0x0)
                0x00000000                PROVIDE (DMAChannel3_IRQHandler, 0x0)
                0x00000000                PROVIDE (DMAChannel4_IRQHandler, 0x0)
                0x00000000                PROVIDE (DMAChannel5_IRQHandler, 0x0)
                0x00000000                PROVIDE (DMAChannel6_IRQHandler, 0x0)
                0x00000000                PROVIDE (DMAChannel7_IRQHandler, 0x0)
                0x00000000                PROVIDE (DMA1_Channel1_IRQHandler, 0x0)
                0x00000000                PROVIDE (DMA1_Channel2_IRQHandler, 0x0)
                0x00000000                PROVIDE (DMA1_Channel3_IRQHandler, 0x0)
                0x00000000                PROVIDE (DMA1_Channel4_IRQHandler, 0x0)
                0x00000000                PROVIDE (DMA1_Channel5_IRQHandler, 0x0)
                0x00000000                PROVIDE (DMA1_Channel6_IRQHandler, 0x0)
                0x00000000                PROVIDE (DMA1_Channel7_IRQHandler, 0x0)
                0x00000000                PROVIDE (ADC_IRQHandler, 0x0)
                0x00000000                PROVIDE (ADC1_2_IRQHandler, 0x0)
                0x00000000                PROVIDE (USB_HP_CAN_TX_IRQHandler, 0x0)
                0x00000000                PROVIDE (USB_HP_CAN1_TX_IRQHandler, 0x0)
                0x00000000                PROVIDE (USB_LP_CAN_RX0_IRQHandler, 0x0)
                0x00000000                PROVIDE (USB_LP_CAN1_RX0_IRQHandler, 0x0)
                0x00000000                PROVIDE (CAN_RX1_IRQHandler, 0x0)
                0x00000000                PROVIDE (CAN1_RX1_IRQHandler, 0x0)
                0x00000000                PROVIDE (CAN_SCE_IRQHandler, 0x0)
                0x00000000                PROVIDE (CAN1_SCE_IRQHandler, 0x0)
                0x00000000                PROVIDE (EXTI9_5_IRQHandler, 0x0)
                0x00000000                PROVIDE (TIM1_BRK_IRQHandler, 0x0)
                0x00000000                PROVIDE (TIM1_UP_IRQHandler, 0x0)
                0x00000000                PROVIDE (TIM1_TRG_COM_IRQHandler, 0x0)
                0x00000000                PROVIDE (TIM1_CC_IRQHandler, 0x0)
                0x00000000                PROVIDE (TIM2_IRQHandler, 0x0)
                0x00000000                PROVIDE (TIM3_IRQHandler, 0x0)
                0x00000000                PROVIDE (TIM4_IRQHandler, 0x0)
                0x00000000                PROVIDE (I2C1_EV_IRQHandler, 0x0)
                0x00000000                PROVIDE (I2C1_ER_IRQHandler, 0x0)
                0x00000000                PROVIDE (I2C2_EV_IRQHandler, 0x0)
                0x00000000                PROVIDE (I2C2_ER_IRQHandler, 0x0)
                0x00000000                PROVIDE (SPI1_IRQHandler, 0x0)
                0x00000000                PROVIDE (SPI2_IRQHandler, 0x0)
                0x00000000                PROVIDE (USART1_IRQHandler, 0x0)
                0x00000000                PROVIDE (USART2_IRQHandler, 0x0)
                0x00000000                PROVIDE (USART3_IRQHandler, 0x0)
                0x00000000                PROVIDE (EXTI15_10_IRQHandler, 0x0)
                0x00000000                PROVIDE (RTCAlarm_IRQHandler, 0x0)
                0x00000000                PROVIDE (USBWakeUp_IRQHandler, 0x0)
                0x00000000                PROVIDE (TIM8_BRK_IRQHandler, 0x0)
                0x00000000                PROVIDE (TIM8_UP_IRQHandler, 0x0)
                0x00000000                PROVIDE (TIM8_TRG_COM_IRQHandler, 0x0)
                0x00000000                PROVIDE (TIM8_CC_IRQHandler, 0x0)
                0x00000000                PROVIDE (ADC3_IRQHandler, 0x0)
                0x00000000                PROVIDE (FSMC_IRQHandler, 0x0)
                0x00000000                PROVIDE (SDIO_IRQHandler, 0x0)
                0x00000000                PROVIDE (TIM5_IRQHandler, 0x0)
                0x00000000                PROVIDE (SPI3_IRQHandler, 0x0)
                0x00000000                PROVIDE (UART4_IRQHandler, 0x0)
                0x00000000                PROVIDE (UART5_IRQHandler, 0x0)
                0x00000000                PROVIDE (TIM6_IRQHandler, 0x0)
                0x00000000                PROVIDE (TIM7_IRQHandler, 0x0)
                0x00000000                PROVIDE (DMA2_Channel1_IRQHandler, 0x0)
                0x00000000                PROVIDE (DMA2_Channel2_IRQHandler, 0x0)
                0x00000000                PROVIDE (DMA2_Channel3_IRQHandler, 0x0)
                0x00000000                PROVIDE (DMA2_Channel4_5_IRQHandler, 0x0)
                0x42000000                PERIPH_BB_BASE = 0x42000000
                0x22000000                SRAM_BB_BASE = 0x22000000
                0x20000000                SRAM_BASE = 0x20000000
                0x40000000                PERIPH_BASE = 0x40000000
                0x40022000                PROVIDE (FLASH_BASE, 0x40022000)
                0x1ffff800                PROVIDE (OB_BASE, 0x1ffff800)
                0x40000000                APB1PERIPH_BASE = PERIPH_BASE
                0x40010000                APB2PERIPH_BASE = (PERIPH_BASE + 0x10000)
                0x40020000                AHBPERIPH_BASE = (PERIPH_BASE + 0x20000)
                0x40000000                PROVIDE (TIM2, (APB1PERIPH_BASE + 0x0))
                0x40000400                PROVIDE (TIM3, (APB1PERIPH_BASE + 0x400))
                0x40000800                PROVIDE (TIM4, (APB1PERIPH_BASE + 0x800))
                0x40002800                PROVIDE (RTC, (APB1PERIPH_BASE + 0x2800))
                0x40002c00                PROVIDE (WWDG, (APB1PERIPH_BASE + 0x2c00))
                0x40003000                PROVIDE (IWDG, (APB1PERIPH_BASE + 0x3000))
                0x40003800                PROVIDE (SPI2, (APB1PERIPH_BASE + 0x3800))
                0x40004400                PROVIDE (USART2, (APB1PERIPH_BASE + 0x4400))
                0x40004800                PROVIDE (USART3, (APB1PERIPH_BASE + 0x4800))
                0x40005400                PROVIDE (I2C1, (APB1PERIPH_BASE + 0x5400))
                0x40005800                PROVIDE (I2C2, (APB1PERIPH_BASE + 0x5800))
                0x40006400                PROVIDE (CAN, (APB1PERIPH_BASE + 0x6400))
                0x40006c00                PROVIDE (BKP, (APB1PERIPH_BASE + 0x6c00))
                0x40007000                PROVIDE (PWR, (APB1PERIPH_BASE + 0x7000))
                0x40010000                PROVIDE (AFIO, (APB2PERIPH_BASE + 0x0))
                0x40010400                PROVIDE (EXTI, (APB2PERIPH_BASE + 0x400))
                0x40010800                PROVIDE (GPIOA, (APB2PERIPH_BASE + 0x800))
                0x40010c00                PROVIDE (GPIOB, (APB2PERIPH_BASE + 0xc00))
                0x40011000                PROVIDE (GPIOC, (APB2PERIPH_BASE + 0x1000))
                0x40011400                PROVIDE (GPIOD, (APB2PERIPH_BASE + 0x1400))
                0x40011800                PROVIDE (GPIOE, (APB2PERIPH_BASE + 0x1800))
                0x40012400                PROVIDE (ADC1, (APB2PERIPH_BASE + 0x2400))
                0x40012800                PROVIDE (ADC2, (APB2PERIPH_BASE + 0x2800))
                0x40012c00                PROVIDE (TIM1, (APB2PERIPH_BASE + 0x2c00))
                0x40013000                PROVIDE (SPI1, (APB2PERIPH_BASE + 0x3000))
                0x40013800                PROVIDE (USART1, (APB2PERIPH_BASE + 0x3800))
                0x40020000                PROVIDE (DMA, (AHBPERIPH_BASE + 0x0))
                0x40020008                PROVIDE (DMA_Channel1, (AHBPERIPH_BASE + 0x8))
                0x4002001c                PROVIDE (DMA_Channel2, (AHBPERIPH_BASE + 0x1c))
                0x40020030                PROVIDE (DMA_Channel3, (AHBPERIPH_BASE + 0x30))
                0x40020044                PROVIDE (DMA_Channel4, (AHBPERIPH_BASE + 0x44))
                0x40020058                PROVIDE (DMA_Channel5, (AHBPERIPH_BASE + 0x58))
                0x4002006c                PROVIDE (DMA_Channel6, (AHBPERIPH_BASE + 0x6c))
                0x40020080                PROVIDE (DMA_Channel7, (AHBPERIPH_BASE + 0x80))
                0x40021000                PROVIDE (RCC, (AHBPERIPH_BASE + 0x1000))
                0xe000e000                SCS_BASE = 0xe000e000
                0xe000e010                PROVIDE (SysTick, (SCS_BASE + 0x10))
                0xe000e100                PROVIDE (NVIC, (SCS_BASE + 0x100))
                0xe000ed00                PROVIDE (SCB, (SCS_BASE + 0xd00))
                0x20018000                _estack = 0x20018000

.isr_vector     0x08002000      0x1e4
                0x08002000                . = ALIGN (0x4)
 *(.isr_vector)
 .isr_vector    0x08002000      0x1e4 C:\Program Files (x86)\Raisonance\Ride\lib\ARM\startup_stm32f10x_hd.o
                0x08002000                g_pfnVectors
                0x080021e4                . = ALIGN (0x4)

.flash_start    0x00000000        0x0
                0x00000000                . = ALIGN (0x4)
 *(.flash_start)
 *(.flash_start.*)
                0x00000000                . = ALIGN (0x4)

.crp_patch      0x00000000        0x0
                0x00000000                . = ALIGN (0x4)
 *(.crp_patch)
                0x00000000                . = ALIGN (0x4)

.flashtext      0x080021e4        0x0
                0x080021e4                . = ALIGN (0x4)
 *(.flashtext)
                0x080021e4                . = ALIGN (0x4)

.text           0x080021e8     0xf58c
                0x080021e8                . = ALIGN (0x4)
 *(.text)
 .text          0x080021e8       0x20 c:/program files (x86)/raisonance/ride/arm-gcc/bin/../lib/gcc/arm-none-eabi/4.5.1/../../../../arm-none-eabi/lib/thumb2\libc.a(lib_a-malloc.o)
                0x080021e8                malloc
                0x080021f8                free
 .text          0x08002208      0x57c c:/program files (x86)/raisonance/ride/arm-gcc/bin/../lib/gcc/arm-none-eabi/4.5.1/../../../../arm-none-eabi/lib/thumb2\libc.a(lib_a-mallocr.o)
                0x08002208                _malloc_r
 .text          0x08002784        0x8 c:/program files (x86)/raisonance/ride/arm-gcc/bin/../lib/gcc/arm-none-eabi/4.5.1/../../../../arm-none-eabi/lib/thumb2\libc.a(lib_a-mlock.o)
                0x08002784                __malloc_lock
                0x08002788                __malloc_unlock
 .text          0x0800278c       0x14 c:/program files (x86)/raisonance/ride/arm-gcc/bin/../lib/gcc/arm-none-eabi/4.5.1/../../../../arm-none-eabi/lib/thumb2\libc.a(lib_a-realloc.o)
                0x0800278c                realloc
 .text          0x080027a0      0x41c c:/program files (x86)/raisonance/ride/arm-gcc/bin/../lib/gcc/arm-none-eabi/4.5.1/../../../../arm-none-eabi/lib/thumb2\libc.a(lib_a-reallocr.o)
                0x080027a0                _realloc_r
 .text          0x08002bbc       0xe0 c:/program files (x86)/raisonance/ride/arm-gcc/bin/../lib/gcc/arm-none-eabi/4.5.1/../../../../arm-none-eabi/lib/thumb2\libc.a(lib_a-s_modf.o)
                0x08002bbc                modf
 .text          0x08002c9c       0x28 c:/program files (x86)/raisonance/ride/arm-gcc/bin/../lib/gcc/arm-none-eabi/4.5.1/../../../../arm-none-eabi/lib/thumb2\libc.a(lib_a-sbrkr.o)
                0x08002c9c                _sbrk_r
 .text          0x08002cc4      0x240 c:/program files (x86)/raisonance/ride/arm-gcc/bin/../lib/gcc/arm-none-eabi/4.5.1/../../../../arm-none-eabi/lib/thumb2\libc.a(lib_a-freer.o)
                0x08002cc4                _malloc_trim_r
                0x08002d6c                _free_r
 .text          0x08002f04       0xa0 c:/program files (x86)/raisonance/ride/arm-gcc/bin/../lib/gcc/arm-none-eabi/4.5.1/../../../../arm-none-eabi/lib/thumb2\libc.a(lib_a-memmove.o)
                0x08002f04                memmove
 *fill*         0x08002fa4        0x4 00
 .text          0x08002fa8      0x278 c:/program files (x86)/raisonance/ride/arm-gcc/bin/../lib/gcc/arm-none-eabi/4.5.1/thumb2\libgcc.a(_udivsi3.o)
                0x08002fa8                __aeabi_uidiv
                0x08002fa8                __udivsi3
                0x08003204                __aeabi_uidivmod
 .text          0x08003220        0x4 c:/program files (x86)/raisonance/ride/arm-gcc/bin/../lib/gcc/arm-none-eabi/4.5.1/thumb2\libgcc.a(_dvmd_tls.o)
                0x08003220                __aeabi_idiv0
                0x08003220                __aeabi_ldiv0
 .text          0x08003224      0x370 c:/program files (x86)/raisonance/ride/arm-gcc/bin/../lib/gcc/arm-none-eabi/4.5.1/thumb2\libgcc.a(_arm_addsubdf3.o)
                0x08003224                __aeabi_drsub
                0x0800322c                __aeabi_dsub
                0x0800322c                __subdf3
                0x08003230                __aeabi_dadd
                0x08003230                __adddf3
                0x080034a8                __floatunsidf
                0x080034a8                __aeabi_ui2d
                0x080034c8                __floatsidf
                0x080034c8                __aeabi_i2d
                0x080034ec                __aeabi_f2d
                0x080034ec                __extendsfdf2
                0x08003528                __floatundidf
                0x08003528                __aeabi_ul2d
                0x08003538                __floatdidf
                0x08003538                __aeabi_l2d
 .text          0x08003594      0x424 c:/program files (x86)/raisonance/ride/arm-gcc/bin/../lib/gcc/arm-none-eabi/4.5.1/thumb2\libgcc.a(_arm_muldivdf3.o)
                0x08003594                __aeabi_dmul
                0x08003594                __muldf3
                0x080037e8                __divdf3
                0x080037e8                __aeabi_ddiv
 .text          0x080039b8      0x110 c:/program files (x86)/raisonance/ride/arm-gcc/bin/../lib/gcc/arm-none-eabi/4.5.1/thumb2\libgcc.a(_arm_cmpdf2.o)
                0x080039b8                __gtdf2
                0x080039b8                __gedf2
                0x080039c0                __ltdf2
                0x080039c0                __ledf2
                0x080039c8                __nedf2
                0x080039c8                __eqdf2
                0x080039c8                __cmpdf2
                0x08003a44                __aeabi_cdrcmple
                0x08003a54                __aeabi_cdcmpeq
                0x08003a54                __aeabi_cdcmple
                0x08003a64                __aeabi_dcmpeq
                0x08003a78                __aeabi_dcmplt
                0x08003a8c                __aeabi_dcmple
                0x08003aa0                __aeabi_dcmpge
                0x08003ab4                __aeabi_dcmpgt
 .text          0x08003ac8       0x50 c:/program files (x86)/raisonance/ride/arm-gcc/bin/../lib/gcc/arm-none-eabi/4.5.1/thumb2\libgcc.a(_arm_fixdfsi.o)
                0x08003ac8                __aeabi_d2iz
                0x08003ac8                __fixdfsi
 .text          0x08003b18       0x40 c:/program files (x86)/raisonance/ride/arm-gcc/bin/../lib/gcc/arm-none-eabi/4.5.1/thumb2\libgcc.a(_arm_fixunsdfsi.o)
                0x08003b18                __aeabi_d2uiz
                0x08003b18                __fixunsdfsi
 .text          0x08003b58       0x38 c:/program files (x86)/raisonance/ride/arm-gcc/bin/../lib/gcc/arm-none-eabi/4.5.1/thumb2\libgcc.a(_aeabi_ldivmod.o)
                0x08003b58                __aeabi_ldivmod
 .text          0x08003b90       0x60 c:/program files (x86)/raisonance/ride/arm-gcc/bin/../lib/gcc/arm-none-eabi/4.5.1/thumb2\libgcc.a(bpabi.o)
                0x08003b90                __gnu_ldivmod_helper
                0x08003bc0                __gnu_uldivmod_helper
 .text          0x08003bf0      0x364 c:/program files (x86)/raisonance/ride/arm-gcc/bin/../lib/gcc/arm-none-eabi/4.5.1/thumb2\libgcc.a(_divdi3.o)
                0x08003bf0                __divdi3
 .text          0x08003f54      0x314 c:/program files (x86)/raisonance/ride/arm-gcc/bin/../lib/gcc/arm-none-eabi/4.5.1/thumb2\libgcc.a(_udivdi3.o)
                0x08003f54                __udivdi3
 *(.text.*)
 .text.Reset_Handler
                0x08004268       0x50 C:\Program Files (x86)\Raisonance\Ride\lib\ARM\startup_stm32f10x_hd.o
                0x08004268                Reset_Handler
 .text.SystemInit_ExtMemCtl_Dummy
                0x080042b8        0x2 C:\Program Files (x86)\Raisonance\Ride\lib\ARM\startup_stm32f10x_hd.o
                0x080042b8                SystemInit_ExtMemCtl
                0x080042b8                SystemInit_ExtMemCtl_Dummy
 .text.Default_Handler
                0x080042ba        0x2 C:\Program Files (x86)\Raisonance\Ride\lib\ARM\startup_stm32f10x_hd.o
                0x080042ba                TIM8_TRG_COM_IRQHandler
                0x080042ba                TIM8_CC_IRQHandler
                0x080042ba                DebugMon_Handler
                0x080042ba                TIM1_CC_IRQHandler
                0x080042ba                HardFault_Handler
                0x080042ba                TIM6_IRQHandler
                0x080042ba                PVD_IRQHandler
                0x080042ba                SDIO_IRQHandler
                0x080042ba                PendSV_Handler
                0x080042ba                NMI_Handler
                0x080042ba                UsageFault_Handler
                0x080042ba                SPI1_IRQHandler
                0x080042ba                TAMPER_IRQHandler
                0x080042ba                TIM8_UP_IRQHandler
                0x080042ba                DMA2_Channel2_IRQHandler
                0x080042ba                DMA1_Channel4_IRQHandler
                0x080042ba                RTC_IRQHandler
                0x080042ba                DMA1_Channel7_IRQHandler
                0x080042ba                CAN1_RX1_IRQHandler
                0x080042ba                UART5_IRQHandler
                0x080042ba                ADC3_IRQHandler
                0x080042ba                TIM4_IRQHandler
                0x080042ba                DMA2_Channel1_IRQHandler
                0x080042ba                I2C1_EV_IRQHandler
                0x080042ba                DMA1_Channel6_IRQHandler
                0x080042ba                UART4_IRQHandler
                0x080042ba                TIM3_IRQHandler
                0x080042ba                RCC_IRQHandler
                0x080042ba                TIM1_TRG_COM_IRQHandler
                0x080042ba                DMA1_Channel1_IRQHandler
                0x080042ba                Default_Handler
                0x080042ba                TIM7_IRQHandler
                0x080042ba                TIM5_IRQHandler
                0x080042ba                SPI2_IRQHandler
                0x080042ba                MemManage_Handler
                0x080042ba                SVC_Handler
                0x080042ba                DMA1_Channel5_IRQHandler
                0x080042ba                USB_LP_CAN1_RX0_IRQHandler
                0x080042ba                USB_HP_CAN1_TX_IRQHandler
                0x080042ba                FSMC_IRQHandler
                0x080042ba                WWDG_IRQHandler
                0x080042ba                TIM2_IRQHandler
                0x080042ba                TIM1_BRK_IRQHandler
                0x080042ba                RTCAlarm_IRQHandler
                0x080042ba                DMA2_Channel4_5_IRQHandler
                0x080042ba                USART2_IRQHandler
                0x080042ba                DMA1_Channel2_IRQHandler
                0x080042ba                TIM8_BRK_IRQHandler
                0x080042ba                CAN1_SCE_IRQHandler
                0x080042ba                FLASH_IRQHandler
                0x080042ba                BusFault_Handler
                0x080042ba                USART1_IRQHandler
                0x080042ba                SPI3_IRQHandler
                0x080042ba                USBWakeUp_IRQHandler
                0x080042ba                DMA2_Channel3_IRQHandler
 .text.adcGetStatus
                0x080042bc        0xc C:\Users\MightyDubster\Documents\Projects\pygmyos.code\Gems\pygmy_adc.o
                0x080042bc                adcGetStatus
 .text.ADC1_2_IRQHandler
                0x080042c8       0x10 C:\Users\MightyDubster\Documents\Projects\pygmyos.code\Gems\pygmy_adc.o
                0x080042c8                ADC1_2_IRQHandler
 .text.adcSingleSampleInit
                0x080042d8       0x44 C:\Users\MightyDubster\Documents\Projects\pygmyos.code\Gems\pygmy_adc.o
                0x080042d8                adcSingleSampleInit
 .text.adcGetChannelFromPin
                0x0800431c       0x20 C:\Users\MightyDubster\Documents\Projects\pygmyos.code\Gems\pygmy_adc.o
                0x0800431c                adcGetChannelFromPin
 .text.adcSingleSample
                0x0800433c       0x2c C:\Users\MightyDubster\Documents\Projects\pygmyos.code\Gems\pygmy_adc.o
                0x0800433c                adcSingleSample
 .text.DMA1_Channel3_IRQHandler
                0x08004368       0x6c C:\Users\MightyDubster\Documents\Projects\pygmyos.code\Gems\pygmy_audio.o
                0x08004368                DMA1_Channel3_IRQHandler
 .text.cmdNull  0x080043d4        0x4 C:\Users\MightyDubster\Documents\Projects\pygmyos.code\Gems\pygmy_cmd.o
                0x080043d4                cmdNull
 .text.cmd_reset
                0x080043d8       0x14 C:\Users\MightyDubster\Documents\Projects\pygmyos.code\Gems\pygmy_cmd.o
                0x080043d8                cmd_reset
 .text.cmd_peek
                0x080043ec        0x4 C:\Users\MightyDubster\Documents\Projects\pygmyos.code\Gems\pygmy_cmd.o
                0x080043ec                cmd_peek
 .text.cmd_poke
                0x080043f0        0x4 C:\Users\MightyDubster\Documents\Projects\pygmyos.code\Gems\pygmy_cmd.o
                0x080043f0                cmd_poke
 .text.cmd_kill
                0x080043f4        0x4 C:\Users\MightyDubster\Documents\Projects\pygmyos.code\Gems\pygmy_cmd.o
                0x080043f4                cmd_kill
 .text.cmd_rfsend
                0x080043f8       0x44 C:\Users\MightyDubster\Documents\Projects\pygmyos.code\Gems\pygmy_cmd.o
                0x080043f8                cmd_rfsend
 .text.cmd_rfopen
                0x0800443c       0x18 C:\Users\MightyDubster\Documents\Projects\pygmyos.code\Gems\pygmy_cmd.o
                0x0800443c                cmd_rfopen
 .text.cmd_rfput
                0x08004454       0x26 C:\Users\MightyDubster\Documents\Projects\pygmyos.code\Gems\pygmy_cmd.o
                0x08004454                cmd_rfput
 .text.cmd_rfget
                0x0800447a       0x26 C:\Users\MightyDubster\Documents\Projects\pygmyos.code\Gems\pygmy_cmd.o
                0x0800447a                cmd_rfget
 .text.cmd_rfscan
                0x080044a0       0x2c C:\Users\MightyDubster\Documents\Projects\pygmyos.code\Gems\pygmy_cmd.o
                0x080044a0                cmd_rfscan
 .text.cmd_write
                0x080044cc        0xe C:\Users\MightyDubster\Documents\Projects\pygmyos.code\Gems\pygmy_cmd.o
                0x080044cc                cmd_write
 .text.cmd_rflist
                0x080044da        0xa C:\Users\MightyDubster\Documents\Projects\pygmyos.code\Gems\pygmy_cmd.o
                0x080044da                cmd_rflist
 .text.cmd_humidity
                0x080044e4       0x26 C:\Users\MightyDubster\Documents\Projects\pygmyos.code\Gems\pygmy_cmd.o
                0x080044e4                cmd_humidity
 .text.cmd_cp   0x0800450a       0x18 C:\Users\MightyDubster\Documents\Projects\pygmyos.code\Gems\pygmy_cmd.o
                0x0800450a                cmd_cp
 .text.cmd_mv   0x08004522       0x16 C:\Users\MightyDubster\Documents\Projects\pygmyos.code\Gems\pygmy_cmd.o
                0x08004522                cmd_mv
 .text.cmd_open
                0x08004538       0x64 C:\Users\MightyDubster\Documents\Projects\pygmyos.code\Gems\pygmy_cmd.o
                0x08004538                cmd_open
 .text.cmd_close
                0x0800459c        0xe C:\Users\MightyDubster\Documents\Projects\pygmyos.code\Gems\pygmy_cmd.o
                0x0800459c                cmd_close
 .text.cmd_rm   0x080045aa       0x10 C:\Users\MightyDubster\Documents\Projects\pygmyos.code\Gems\pygmy_cmd.o
                0x080045aa                cmd_rm
 .text.cmd_ls   0x080045ba        0xc C:\Users\MightyDubster\Documents\Projects\pygmyos.code\Gems\pygmy_cmd.o
                0x080045ba                cmd_ls
 *fill*         0x080045c6        0x2 00
 .text.cmd_read
                0x080045c8       0x8c C:\Users\MightyDubster\Documents\Projects\pygmyos.code\Gems\pygmy_cmd.o
                0x080045c8                cmd_read
 .text.cmd_format
                0x08004654       0x10 C:\Users\MightyDubster\Documents\Projects\pygmyos.code\Gems\pygmy_cmd.o
                0x08004654                cmd_format
 .text.cmd_mnt  0x08004664        0xa C:\Users\MightyDubster\Documents\Projects\pygmyos.code\Gems\pygmy_cmd.o
                0x08004664                cmd_mnt
 *fill*         0x0800466e        0x2 00
 .text.cmd_pinconfig
                0x08004670       0x78 C:\Users\MightyDubster\Documents\Projects\pygmyos.code\Gems\pygmy_cmd.o
                0x08004670                cmd_pinconfig
 .text.cmd_pinpwm
                0x080046e8       0x34 C:\Users\MightyDubster\Documents\Projects\pygmyos.code\Gems\pygmy_cmd.o
                0x080046e8                cmd_pinpwm
 .text.cmd_pinanalog
                0x0800471c       0x30 C:\Users\MightyDubster\Documents\Projects\pygmyos.code\Gems\pygmy_cmd.o
                0x0800471c                cmd_pinanalog
 .text.cmd_pinget
                0x0800474c       0x24 C:\Users\MightyDubster\Documents\Projects\pygmyos.code\Gems\pygmy_cmd.o
                0x0800474c                cmd_pinget
 .text.cmd_pinset
                0x08004770       0x7c C:\Users\MightyDubster\Documents\Projects\pygmyos.code\Gems\pygmy_cmd.o
                0x08004770                cmd_pinset
 .text.cmd_pinevent
                0x080047ec       0x48 C:\Users\MightyDubster\Documents\Projects\pygmyos.code\Gems\pygmy_cmd.o
                0x080047ec                cmd_pinevent
 .text.cmdPinEvent
                0x08004834       0x60 C:\Users\MightyDubster\Documents\Projects\pygmyos.code\Gems\pygmy_cmd.o
                0x08004834                cmdPinEvent
 .text.cmd_ps   0x08004894      0x12c C:\Users\MightyDubster\Documents\Projects\pygmyos.code\Gems\pygmy_cmd.o
                0x08004894                cmd_ps
 .text.cmdInit  0x080049c0       0x5c C:\Users\MightyDubster\Documents\Projects\pygmyos.code\Gems\pygmy_cmd.o
                0x080049c0                cmdInit
 .text.cmdExecute
                0x08004a1c       0x84 C:\Users\MightyDubster\Documents\Projects\pygmyos.code\Gems\pygmy_cmd.o
                0x08004a1c                cmdExecute
 .text.cmdGetsCOM3
                0x08004aa0       0x30 C:\Users\MightyDubster\Documents\Projects\pygmyos.code\Gems\pygmy_cmd.o
                0x08004aa0                cmdGetsCOM3
 .text.cmdOpenPort
                0x08004ad0       0xd4 C:\Users\MightyDubster\Documents\Projects\pygmyos.code\Gems\pygmy_cmd.o
                0x08004ad0                cmdOpenPort
 .text.cmdWritePort
                0x08004ba4       0x54 C:\Users\MightyDubster\Documents\Projects\pygmyos.code\Gems\pygmy_cmd.o
                0x08004ba4                cmdWritePort
 .text.cmdReadPort
                0x08004bf8       0x54 C:\Users\MightyDubster\Documents\Projects\pygmyos.code\Gems\pygmy_cmd.o
                0x08004bf8                cmdReadPort
 .text.cmd_port
                0x08004c4c      0x284 C:\Users\MightyDubster\Documents\Projects\pygmyos.code\Gems\pygmy_cmd.o
                0x08004c4c                cmd_port
 .text.spiWriteByte
                0x08004ed0       0x2c C:\Users\MightyDubster\Documents\Projects\pygmyos.code\Gems\pygmy_com.o
                0x08004ed0                spiWriteByte
 .text.spiWriteLong
                0x08004efc       0x2c C:\Users\MightyDubster\Documents\Projects\pygmyos.code\Gems\pygmy_com.o
                0x08004efc                spiWriteLong
 .text.spiReadByte
                0x08004f28       0x30 C:\Users\MightyDubster\Documents\Projects\pygmyos.code\Gems\pygmy_com.o
                0x08004f28                spiReadByte
 .text.spiReadBuffer
                0x08004f58       0x2c C:\Users\MightyDubster\Documents\Projects\pygmyos.code\Gems\pygmy_com.o
                0x08004f58                spiReadBuffer
 .text.spiWriteBuffer
                0x08004f84       0x2c C:\Users\MightyDubster\Documents\Projects\pygmyos.code\Gems\pygmy_com.o
                0x08004f84                spiWriteBuffer
 .text.spiConfig
                0x08004fb0       0xa8 C:\Users\MightyDubster\Documents\Projects\pygmyos.code\Gems\pygmy_com.o
                0x08004fb0                spiConfig
 .text.I2C1_ER_IRQHandler
                0x08005058        0x2 C:\Users\MightyDubster\Documents\Projects\pygmyos.code\Gems\pygmy_com.o
                0x08005058                I2C1_ER_IRQHandler
 .text.I2C2_EV_IRQHandler
                0x0800505a        0x2 C:\Users\MightyDubster\Documents\Projects\pygmyos.code\Gems\pygmy_com.o
                0x0800505a                I2C2_EV_IRQHandler
 .text.I2C2_ER_IRQHandler
                0x0800505c        0x2 C:\Users\MightyDubster\Documents\Projects\pygmyos.code\Gems\pygmy_com.o
                0x0800505c                I2C2_ER_IRQHandler
 *fill*         0x0800505e        0x2 00
 .text.i2cConfig
                0x08005060       0x68 C:\Users\MightyDubster\Documents\Projects\pygmyos.code\Gems\pygmy_com.o
                0x08005060                i2cConfig
 .text.i2cStart
                0x080050c8       0x58 C:\Users\MightyDubster\Documents\Projects\pygmyos.code\Gems\pygmy_com.o
                0x080050c8                i2cStart
 .text.i2cStop  0x08005120       0x44 C:\Users\MightyDubster\Documents\Projects\pygmyos.code\Gems\pygmy_com.o
                0x08005120                i2cStop
 .text.i2cWriteBit
                0x08005164       0x66 C:\Users\MightyDubster\Documents\Projects\pygmyos.code\Gems\pygmy_com.o
                0x08005164                i2cWriteBit
 .text.i2cReadBit
                0x080051ca       0x4c C:\Users\MightyDubster\Documents\Projects\pygmyos.code\Gems\pygmy_com.o
                0x080051ca                i2cReadBit
 .text.i2cWriteByte
                0x08005216       0x32 C:\Users\MightyDubster\Documents\Projects\pygmyos.code\Gems\pygmy_com.o
                0x08005216                i2cWriteByte
 .text.i2cWriteBuffer
                0x08005248       0x4c C:\Users\MightyDubster\Documents\Projects\pygmyos.code\Gems\pygmy_com.o
                0x08005248                i2cWriteBuffer
 .text.i2cReadByte
                0x08005294       0x28 C:\Users\MightyDubster\Documents\Projects\pygmyos.code\Gems\pygmy_com.o
                0x08005294                i2cReadByte
 .text.i2cReadBuffer
                0x080052bc       0x46 C:\Users\MightyDubster\Documents\Projects\pygmyos.code\Gems\pygmy_com.o
                0x080052bc                i2cReadBuffer
 *fill*         0x08005302        0x2 00
 .text.streamReset
                0x08005304       0x44 C:\Users\MightyDubster\Documents\Projects\pygmyos.code\Gems\pygmy_com.o
                0x08005304                streamReset
 .text.streamInit
                0x08005348       0x14 C:\Users\MightyDubster\Documents\Projects\pygmyos.code\Gems\pygmy_com.o
                0x08005348                streamInit
 .text.streamGetSTDIO
                0x0800535c        0xc C:\Users\MightyDubster\Documents\Projects\pygmyos.code\Gems\pygmy_com.o
                0x0800535c                streamGetSTDIO
 .text.streamSetSTDIO
                0x08005368       0x4c C:\Users\MightyDubster\Documents\Projects\pygmyos.code\Gems\pygmy_com.o
                0x08005368                streamSetSTDIO
 .text.streamEchoChar
                0x080053b4       0x24 C:\Users\MightyDubster\Documents\Projects\pygmyos.code\Gems\pygmy_com.o
                0x080053b4                streamEchoChar
 .text.streamGetChar
                0x080053d8       0x34 C:\Users\MightyDubster\Documents\Projects\pygmyos.code\Gems\pygmy_com.o
                0x080053d8                streamGetChar
 .text.streamFIFOToString
                0x0800540c       0x28 C:\Users\MightyDubster\Documents\Projects\pygmyos.code\Gems\pygmy_com.o
                0x0800540c                streamFIFOToString
 .text.streamPopChar
                0x08005434       0x38 C:\Users\MightyDubster\Documents\Projects\pygmyos.code\Gems\pygmy_com.o
                0x08005434                streamPopChar
 .text.streamPushChar
                0x0800546c       0x34 C:\Users\MightyDubster\Documents\Projects\pygmyos.code\Gems\pygmy_com.o
                0x0800546c                streamPushChar
 .text.streamSetPut
                0x080054a0       0x1c C:\Users\MightyDubster\Documents\Projects\pygmyos.code\Gems\pygmy_com.o
                0x080054a0                streamSetPut
 .text.streamSetGet
                0x080054bc       0x1c C:\Users\MightyDubster\Documents\Projects\pygmyos.code\Gems\pygmy_com.o
                0x080054bc                streamSetGet
 .text.streamSetRXBuffer
                0x080054d8       0x20 C:\Users\MightyDubster\Documents\Projects\pygmyos.code\Gems\pygmy_com.o
                0x080054d8                streamSetRXBuffer
 .text.streamEnableEcho
                0x080054f8       0x1c C:\Users\MightyDubster\Documents\Projects\pygmyos.code\Gems\pygmy_com.o
                0x080054f8                streamEnableEcho
 .text.streamEnableActionChars
                0x08005514       0x1c C:\Users\MightyDubster\Documents\Projects\pygmyos.code\Gems\pygmy_com.o
                0x08005514                streamEnableActionChars
 .text.streamEnableBackspace
                0x08005530       0x1c C:\Users\MightyDubster\Documents\Projects\pygmyos.code\Gems\pygmy_com.o
                0x08005530                streamEnableBackspace
 .text.streamHandler
                0x0800554c       0x78 C:\Users\MightyDubster\Documents\Projects\pygmyos.code\Gems\pygmy_com.o
                0x0800554c                streamHandler
 .text.USART3_IRQHandler
                0x080055c4       0x24 C:\Users\MightyDubster\Documents\Projects\pygmyos.code\Gems\pygmy_com.o
                0x080055c4                USART3_IRQHandler
 .text.putsUSART3
                0x080055e8       0x20 C:\Users\MightyDubster\Documents\Projects\pygmyos.code\Gems\pygmy_com.o
                0x080055e8                putsUSART3
 .text.fileOpenResource
                0x08005608       0x2e C:\Users\MightyDubster\Documents\Projects\pygmyos.code\Gems\pygmy_file.o
                0x08005608                fileOpenResource
 .text.fileCopyHandle
                0x08005636       0x24 C:\Users\MightyDubster\Documents\Projects\pygmyos.code\Gems\pygmy_file.o
                0x08005636                fileCopyHandle
 .text.fileSetPosition
                0x0800565a       0x3e C:\Users\MightyDubster\Documents\Projects\pygmyos.code\Gems\pygmy_file.o
                0x0800565a                fileSetPosition
 .text.fileIsEOF
                0x08005698        0x8 C:\Users\MightyDubster\Documents\Projects\pygmyos.code\Gems\pygmy_file.o
                0x08005698                fileIsEOF
 .text.fileIsValidName
                0x080056a0       0x4c C:\Users\MightyDubster\Documents\Projects\pygmyos.code\Gems\pygmy_file.o
                0x080056a0                fileIsValidName
 .text.flashReadWord
                0x080056ec       0x38 C:\Users\MightyDubster\Documents\Projects\pygmyos.code\Gems\pygmy_file.o
                0x080056ec                flashReadWord
 .text.fileGetFAT
                0x08005724       0x5c C:\Users\MightyDubster\Documents\Projects\pygmyos.code\Gems\pygmy_file.o
                0x08005724                fileGetFAT
 .text.fileGetChar
                0x08005780      0x128 C:\Users\MightyDubster\Documents\Projects\pygmyos.code\Gems\pygmy_file.o
                0x08005780                fileGetChar
 .text.fileGetLong
                0x080058a8       0x5a C:\Users\MightyDubster\Documents\Projects\pygmyos.code\Gems\pygmy_file.o
                0x080058a8                fileGetLong
 .text.fileGetWord
                0x08005902       0x32 C:\Users\MightyDubster\Documents\Projects\pygmyos.code\Gems\pygmy_file.o
                0x08005902                fileGetWord
 .text.fileGetBuffer
                0x08005934       0x2a C:\Users\MightyDubster\Documents\Projects\pygmyos.code\Gems\pygmy_file.o
                0x08005934                fileGetBuffer
 *fill*         0x0800595e        0x2 00
 .text.flashReadLong
                0x08005960       0x50 C:\Users\MightyDubster\Documents\Projects\pygmyos.code\Gems\pygmy_file.o
                0x08005960                flashReadLong
 .text.fileGetLength
                0x080059b0       0x40 C:\Users\MightyDubster\Documents\Projects\pygmyos.code\Gems\pygmy_file.o
                0x080059b0                fileGetLength
 .text.flashReadByte
                0x080059f0       0x28 C:\Users\MightyDubster\Documents\Projects\pygmyos.code\Gems\pygmy_file.o
                0x080059f0                flashReadByte
 .text.fileGetActiveFiles
                0x08005a18       0x30 C:\Users\MightyDubster\Documents\Projects\pygmyos.code\Gems\pygmy_file.o
                0x08005a18                fileGetActiveFiles
 .text.fileGetFreeSpace
                0x08005a48       0x34 C:\Users\MightyDubster\Documents\Projects\pygmyos.code\Gems\pygmy_file.o
                0x08005a48                fileGetFreeSpace
 .text.flashReadBuffer
                0x08005a7c       0x40 C:\Users\MightyDubster\Documents\Projects\pygmyos.code\Gems\pygmy_file.o
                0x08005a7c                flashReadBuffer
 .text.filePrintList
                0x08005abc       0x84 C:\Users\MightyDubster\Documents\Projects\pygmyos.code\Gems\pygmy_file.o
                0x08005abc                filePrintList
 .text.fileSeekName
                0x08005b40       0x3c C:\Users\MightyDubster\Documents\Projects\pygmyos.code\Gems\pygmy_file.o
                0x08005b40                fileSeekName
 .text.flashReadStatus
                0x08005b7c       0x24 C:\Users\MightyDubster\Documents\Projects\pygmyos.code\Gems\pygmy_file.o
                0x08005b7c                flashReadStatus
 .text.flashReadID
                0x08005ba0       0x30 C:\Users\MightyDubster\Documents\Projects\pygmyos.code\Gems\pygmy_file.o
                0x08005ba0                flashReadID
 .text.flashWaitForBusy
                0x08005bd0        0xe C:\Users\MightyDubster\Documents\Projects\pygmyos.code\Gems\pygmy_file.o
                0x08005bd0                flashWaitForBusy
 *fill*         0x08005bde        0x2 00
 .text.flashChipErase
                0x08005be0       0x30 C:\Users\MightyDubster\Documents\Projects\pygmyos.code\Gems\pygmy_file.o
                0x08005be0                flashChipErase
 .text.flashSectorErase
                0x08005c10       0x34 C:\Users\MightyDubster\Documents\Projects\pygmyos.code\Gems\pygmy_file.o
                0x08005c10                flashSectorErase
 .text.flashWriteByte
                0x08005c44       0x40 C:\Users\MightyDubster\Documents\Projects\pygmyos.code\Gems\pygmy_file.o
                0x08005c44                flashWriteByte
 .text.flashWriteBuffer
                0x08005c84       0x1c C:\Users\MightyDubster\Documents\Projects\pygmyos.code\Gems\pygmy_file.o
                0x08005c84                flashWriteBuffer
 .text.flashWriteString
                0x08005ca0       0x24 C:\Users\MightyDubster\Documents\Projects\pygmyos.code\Gems\pygmy_file.o
                0x08005ca0                flashWriteString
 .text.flashWriteLong
                0x08005cc4       0x20 C:\Users\MightyDubster\Documents\Projects\pygmyos.code\Gems\pygmy_file.o
                0x08005cc4                flashWriteLong
 .text.fileWriteLength
                0x08005ce4       0x54 C:\Users\MightyDubster\Documents\Projects\pygmyos.code\Gems\pygmy_file.o
                0x08005ce4                fileWriteLength
 .text.flashWriteWord
                0x08005d38       0x18 C:\Users\MightyDubster\Documents\Projects\pygmyos.code\Gems\pygmy_file.o
                0x08005d38                flashWriteWord
 .text.fileDeleteFATEntry
                0x08005d50       0x98 C:\Users\MightyDubster\Documents\Projects\pygmyos.code\Gems\pygmy_file.o
                0x08005d50                fileDeleteFATEntry
 .text.fileGetActiveFAT
                0x08005de8       0x4c C:\Users\MightyDubster\Documents\Projects\pygmyos.code\Gems\pygmy_file.o
                0x08005de8                fileGetActiveFAT
 .text.fileGetFreeFATEntry
                0x08005e34       0xbc C:\Users\MightyDubster\Documents\Projects\pygmyos.code\Gems\pygmy_file.o
                0x08005e34                fileGetFreeFATEntry
 .text.fileAllocateFAT
                0x08005ef0       0x64 C:\Users\MightyDubster\Documents\Projects\pygmyos.code\Gems\pygmy_file.o
                0x08005ef0                fileAllocateFAT
 .text.filePutChar
                0x08005f54       0x98 C:\Users\MightyDubster\Documents\Projects\pygmyos.code\Gems\pygmy_file.o
                0x08005f54                filePutChar
 .text.filePutString
                0x08005fec       0x1c C:\Users\MightyDubster\Documents\Projects\pygmyos.code\Gems\pygmy_file.o
                0x08005fec                filePutString
 .text.filePutBuffer
                0x08006008       0x22 C:\Users\MightyDubster\Documents\Projects\pygmyos.code\Gems\pygmy_file.o
                0x08006008                filePutBuffer
 *fill*         0x0800602a        0x2 00
 .text.fileClose
                0x0800602c       0xa0 C:\Users\MightyDubster\Documents\Projects\pygmyos.code\Gems\pygmy_file.o
                0x0800602c                fileClose
 .text.fileGetFreeFileEntry
                0x080060cc       0xf4 C:\Users\MightyDubster\Documents\Projects\pygmyos.code\Gems\pygmy_file.o
                0x080060cc                fileGetFreeFileEntry
 .text.fileRename
                0x080061c0       0x88 C:\Users\MightyDubster\Documents\Projects\pygmyos.code\Gems\pygmy_file.o
                0x080061c0                fileRename
 .text.flashWriteEnable
                0x08006248       0x44 C:\Users\MightyDubster\Documents\Projects\pygmyos.code\Gems\pygmy_file.o
                0x08006248                flashWriteEnable
 .text.fileFormat
                0x0800628c       0xec C:\Users\MightyDubster\Documents\Projects\pygmyos.code\Gems\pygmy_file.o
                0x0800628c                fileFormat
 .text.fileMountRoot
                0x08006378       0xb4 C:\Users\MightyDubster\Documents\Projects\pygmyos.code\Gems\pygmy_file.o
                0x08006378                fileMountRoot
 .text.fileDelete
                0x0800642c       0x3c C:\Users\MightyDubster\Documents\Projects\pygmyos.code\Gems\pygmy_file.o
                0x0800642c                fileDelete
 .text.fileOpen
                0x08006468      0x104 C:\Users\MightyDubster\Documents\Projects\pygmyos.code\Gems\pygmy_file.o
                0x08006468                fileOpen
 .text.fileCopy
                0x0800656c       0x4c C:\Users\MightyDubster\Documents\Projects\pygmyos.code\Gems\pygmy_file.o
                0x0800656c                fileCopy
 .text.guiSetStyle
                0x080065b8        0xc C:\Users\MightyDubster\Documents\Projects\pygmyos.code\Gems\pygmy_gui.o
                0x080065b8                guiSetStyle
 .text.guiSetRadius
                0x080065c4        0xc C:\Users\MightyDubster\Documents\Projects\pygmyos.code\Gems\pygmy_gui.o
                0x080065c4                guiSetRadius
 .text.guiSetCursor
                0x080065d0        0xc C:\Users\MightyDubster\Documents\Projects\pygmyos.code\Gems\pygmy_gui.o
                0x080065d0                guiSetCursor
 .text.colorSetRGB
                0x080065dc        0x8 C:\Users\MightyDubster\Documents\Projects\pygmyos.code\Gems\pygmy_gui.o
                0x080065dc                colorSetRGB
 .text.colorCopy
                0x080065e4        0xe C:\Users\MightyDubster\Documents\Projects\pygmyos.code\Gems\pygmy_gui.o
                0x080065e4                colorCopy
 .text.colorApply
                0x080065f2        0xc C:\Users\MightyDubster\Documents\Projects\pygmyos.code\Gems\pygmy_gui.o
                0x080065f2                colorApply
 *fill*         0x080065fe        0x2 00
 .text.colorGetRootColor
                0x08006600        0x8 C:\Users\MightyDubster\Documents\Projects\pygmyos.code\Gems\pygmy_gui.o
                0x08006600                colorGetRootColor
 .text.colorGetRootClearColor
                0x08006608        0x8 C:\Users\MightyDubster\Documents\Projects\pygmyos.code\Gems\pygmy_gui.o
                0x08006608                colorGetRootClearColor
 .text.colorGetRootFocusColor
                0x08006610        0x8 C:\Users\MightyDubster\Documents\Projects\pygmyos.code\Gems\pygmy_gui.o
                0x08006610                colorGetRootFocusColor
 .text.colorGetRootFocusBackColor
                0x08006618        0x8 C:\Users\MightyDubster\Documents\Projects\pygmyos.code\Gems\pygmy_gui.o
                0x08006618                colorGetRootFocusBackColor
 .text.colorGetRootBackColor
                0x08006620        0x8 C:\Users\MightyDubster\Documents\Projects\pygmyos.code\Gems\pygmy_gui.o
                0x08006620                colorGetRootBackColor
 .text.fontSetColor
                0x08006628       0x38 C:\Users\MightyDubster\Documents\Projects\pygmyos.code\Gems\pygmy_gui.o
                0x08006628                fontSetColor
 .text.fontSetBackColor
                0x08006660       0x38 C:\Users\MightyDubster\Documents\Projects\pygmyos.code\Gems\pygmy_gui.o
                0x08006660                fontSetBackColor
 .text.fontGetActive
                0x08006698        0xc C:\Users\MightyDubster\Documents\Projects\pygmyos.code\Gems\pygmy_gui.o
                0x08006698                fontGetActive
 .text.fontSetAll
                0x080066a4       0x10 C:\Users\MightyDubster\Documents\Projects\pygmyos.code\Gems\pygmy_gui.o
                0x080066a4                fontSetAll
 .text.guiClearArea
                0x080066b4       0x22 C:\Users\MightyDubster\Documents\Projects\pygmyos.code\Gems\pygmy_gui.o
                0x080066b4                guiClearArea
 .text.guiClearScreen
                0x080066d6        0xe C:\Users\MightyDubster\Documents\Projects\pygmyos.code\Gems\pygmy_gui.o
                0x080066d6                guiClearScreen
 .text.guiInitSprites
                0x080066e4       0x20 C:\Users\MightyDubster\Documents\Projects\pygmyos.code\Gems\pygmy_gui.o
                0x080066e4                guiInitSprites
 .text.guiGetSprite
                0x08006704       0x28 C:\Users\MightyDubster\Documents\Projects\pygmyos.code\Gems\pygmy_gui.o
                0x08006704                guiGetSprite
 .text.guiCreateSprite
                0x0800672c       0x7c C:\Users\MightyDubster\Documents\Projects\pygmyos.code\Gems\pygmy_gui.o
                0x0800672c                guiCreateSprite
 .text.guiDeleteSprite
                0x080067a8       0x2c C:\Users\MightyDubster\Documents\Projects\pygmyos.code\Gems\pygmy_gui.o
                0x080067a8                guiDeleteSprite
 .text.guiRemoveSpriteCoords
                0x080067d4       0x6c C:\Users\MightyDubster\Documents\Projects\pygmyos.code\Gems\pygmy_gui.o
                0x080067d4                guiRemoveSpriteCoords
 .text.guiGetHeader
                0x08006840       0x24 C:\Users\MightyDubster\Documents\Projects\pygmyos.code\Gems\pygmy_gui.o
                0x08006840                guiGetHeader
 .text.guiGetEntries
                0x08006864       0x26 C:\Users\MightyDubster\Documents\Projects\pygmyos.code\Gems\pygmy_gui.o
                0x08006864                guiGetEntries
 .text.guiGetImage
                0x0800688a       0x5c C:\Users\MightyDubster\Documents\Projects\pygmyos.code\Gems\pygmy_gui.o
                0x0800688a                guiGetImage
 *fill*         0x080068e6        0x2 00
 .text.fontLoad
                0x080068e8       0x74 C:\Users\MightyDubster\Documents\Projects\pygmyos.code\Gems\pygmy_gui.o
                0x080068e8                fontLoad
 .text.drawImage
                0x0800695c      0x28c C:\Users\MightyDubster\Documents\Projects\pygmyos.code\Gems\pygmy_gui.o
                0x0800695c                drawImage
 .text.drawSprite
                0x08006be8       0x48 C:\Users\MightyDubster\Documents\Projects\pygmyos.code\Gems\pygmy_gui.o
                0x08006be8                drawSprite
 .text.guiSpriteProcess
                0x08006c30       0x58 C:\Users\MightyDubster\Documents\Projects\pygmyos.code\Gems\pygmy_gui.o
                0x08006c30                guiSpriteProcess
 .text.drawString
                0x08006c88       0x30 C:\Users\MightyDubster\Documents\Projects\pygmyos.code\Gems\pygmy_gui.o
                0x08006c88                drawString
 .text.putsLCD  0x08006cb8        0xa C:\Users\MightyDubster\Documents\Projects\pygmyos.code\Gems\pygmy_gui.o
                0x08006cb8                putsLCD
 *fill*         0x08006cc2        0x2 00
 .text.formNew  0x08006cc4      0x14c C:\Users\MightyDubster\Documents\Projects\pygmyos.code\Gems\pygmy_gui.o
                0x08006cc4                formNew
 .text.widgetGetFocused
                0x08006e10       0x24 C:\Users\MightyDubster\Documents\Projects\pygmyos.code\Gems\pygmy_gui.o
                0x08006e10                widgetGetFocused
 .text.widgetGetCurrent
                0x08006e34       0x24 C:\Users\MightyDubster\Documents\Projects\pygmyos.code\Gems\pygmy_gui.o
                0x08006e34                widgetGetCurrent
 .text.widgetAddEventHandler
                0x08006e58       0x30 C:\Users\MightyDubster\Documents\Projects\pygmyos.code\Gems\pygmy_gui.o
                0x08006e58                widgetAddEventHandler
 .text.formGetWidgetCount
                0x08006e88       0x1c C:\Users\MightyDubster\Documents\Projects\pygmyos.code\Gems\pygmy_gui.o
                0x08006e88                formGetWidgetCount
 .text.formAddWidget
                0x08006ea4       0xfc C:\Users\MightyDubster\Documents\Projects\pygmyos.code\Gems\pygmy_gui.o
                0x08006ea4                formAddWidget
 .text.formFreeAll
                0x08006fa0       0x4c C:\Users\MightyDubster\Documents\Projects\pygmyos.code\Gems\pygmy_gui.o
                0x08006fa0                formFreeAll
 .text.drawLine
                0x08006fec       0xea C:\Users\MightyDubster\Documents\Projects\pygmyos.code\Gems\pygmy_gui.o
                0x08006fec                drawLine
 .text.drawRadius
                0x080070d6      0x210 C:\Users\MightyDubster\Documents\Projects\pygmyos.code\Gems\pygmy_gui.o
                0x080070d6                drawRadius
 .text.drawRect
                0x080072e6      0x23a C:\Users\MightyDubster\Documents\Projects\pygmyos.code\Gems\pygmy_gui.o
                0x080072e6                drawRect
 .text.drawWidget
                0x08007520      0x4d8 C:\Users\MightyDubster\Documents\Projects\pygmyos.code\Gems\pygmy_gui.o
                0x08007520                drawWidget
 .text.drawForms
                0x080079f8       0x68 C:\Users\MightyDubster\Documents\Projects\pygmyos.code\Gems\pygmy_gui.o
                0x080079f8                drawForms
 .text.formEventHandler
                0x08007a60      0x180 C:\Users\MightyDubster\Documents\Projects\pygmyos.code\Gems\pygmy_gui.o
                0x08007a60                formEventHandler
 .text.eventMouseClickRight
                0x08007be0       0x18 C:\Users\MightyDubster\Documents\Projects\pygmyos.code\Gems\pygmy_gui.o
                0x08007be0                eventMouseClickRight
 .text.eventMouseClickCenter
                0x08007bf8       0x18 C:\Users\MightyDubster\Documents\Projects\pygmyos.code\Gems\pygmy_gui.o
                0x08007bf8                eventMouseClickCenter
 .text.eventMouseClickLeft
                0x08007c10       0x18 C:\Users\MightyDubster\Documents\Projects\pygmyos.code\Gems\pygmy_gui.o
                0x08007c10                eventMouseClickLeft
 .text.eventMouseMoveRight
                0x08007c28       0x2c C:\Users\MightyDubster\Documents\Projects\pygmyos.code\Gems\pygmy_gui.o
                0x08007c28                eventMouseMoveRight
 .text.eventMouseMoveLeft
                0x08007c54       0x20 C:\Users\MightyDubster\Documents\Projects\pygmyos.code\Gems\pygmy_gui.o
                0x08007c54                eventMouseMoveLeft
 .text.eventMouseMoveDown
                0x08007c74       0x30 C:\Users\MightyDubster\Documents\Projects\pygmyos.code\Gems\pygmy_gui.o
                0x08007c74                eventMouseMoveDown
 .text.eventMouseMoveUp
                0x08007ca4       0x20 C:\Users\MightyDubster\Documents\Projects\pygmyos.code\Gems\pygmy_gui.o
                0x08007ca4                eventMouseMoveUp
 .text.formFocusPrevious
                0x08007cc4       0x74 C:\Users\MightyDubster\Documents\Projects\pygmyos.code\Gems\pygmy_gui.o
                0x08007cc4                formFocusPrevious
 .text.formFocusNext
                0x08007d38       0x78 C:\Users\MightyDubster\Documents\Projects\pygmyos.code\Gems\pygmy_gui.o
                0x08007d38                formFocusNext
 .text.formSetFocus
                0x08007db0       0x34 C:\Users\MightyDubster\Documents\Projects\pygmyos.code\Gems\pygmy_gui.o
                0x08007db0                formSetFocus
 .text.interruptGetTimerVector
                0x08007de4       0x20 C:\Users\MightyDubster\Documents\Projects\pygmyos.code\Gems\pygmy_nvic.o
                0x08007de4                interruptGetTimerVector
 .text.interruptEnable
                0x08007e04       0x2c C:\Users\MightyDubster\Documents\Projects\pygmyos.code\Gems\pygmy_nvic.o
                0x08007e04                interruptEnable
 .text.interruptSetPriority
                0x08007e30       0xbc C:\Users\MightyDubster\Documents\Projects\pygmyos.code\Gems\pygmy_nvic.o
                0x08007e30                interruptSetPriority
 .text.pinGetIRQPR
                0x08007eec        0xc C:\Users\MightyDubster\Documents\Projects\pygmyos.code\Gems\pygmy_port.o
                0x08007eec                pinGetIRQPR
 .text.pinGetIRQPin
                0x08007ef8        0xc C:\Users\MightyDubster\Documents\Projects\pygmyos.code\Gems\pygmy_port.o
                0x08007ef8                pinGetIRQPin
 .text.pinInterrupt
                0x08007f04       0xe8 C:\Users\MightyDubster\Documents\Projects\pygmyos.code\Gems\pygmy_port.o
                0x08007f04                pinInterrupt
 .text.pinEnablePortClock
                0x08007fec       0x5c C:\Users\MightyDubster\Documents\Projects\pygmyos.code\Gems\pygmy_port.o
                0x08007fec                pinEnablePortClock
 .text.pinGetPort
                0x08008048       0x40 C:\Users\MightyDubster\Documents\Projects\pygmyos.code\Gems\pygmy_port.o
                0x08008048                pinGetPort
 .text.pinSet   0x08008088       0x6c C:\Users\MightyDubster\Documents\Projects\pygmyos.code\Gems\pygmy_port.o
                0x08008088                pinSet
 .text.pinConfig
                0x080080f4       0x64 C:\Users\MightyDubster\Documents\Projects\pygmyos.code\Gems\pygmy_port.o
                0x080080f4                pinConfig
 .text.pinGet   0x08008158       0x54 C:\Users\MightyDubster\Documents\Projects\pygmyos.code\Gems\pygmy_port.o
                0x08008158                pinGet
 .text.pinGetTimer
                0x080081ac       0x5c C:\Users\MightyDubster\Documents\Projects\pygmyos.code\Gems\pygmy_port.o
                0x080081ac                pinGetTimer
 .text.pinGetChannel
                0x08008208       0x34 C:\Users\MightyDubster\Documents\Projects\pygmyos.code\Gems\pygmy_port.o
                0x08008208                pinGetChannel
 .text.pinInitSoftPWM
                0x0800823c       0x74 C:\Users\MightyDubster\Documents\Projects\pygmyos.code\Gems\pygmy_port.o
                0x0800823c                pinInitSoftPWM
 .text.pinAddSoftPWM
                0x080082b0       0xe8 C:\Users\MightyDubster\Documents\Projects\pygmyos.code\Gems\pygmy_port.o
                0x080082b0                pinAddSoftPWM
 .text.pinPWM   0x08008398      0x250 C:\Users\MightyDubster\Documents\Projects\pygmyos.code\Gems\pygmy_port.o
                0x08008398                pinPWM
 .text.pinProcessSoftPWM
                0x080085e8       0x4c C:\Users\MightyDubster\Documents\Projects\pygmyos.code\Gems\pygmy_port.o
                0x080085e8                pinProcessSoftPWM
 .text.TIM1_UP_IRQHandler
                0x08008634       0x10 C:\Users\MightyDubster\Documents\Projects\pygmyos.code\Gems\pygmy_port.o
                0x08008634                TIM1_UP_IRQHandler
 .text.EXTI0_IRQHandler
                0x08008644       0x34 C:\Users\MightyDubster\Documents\Projects\pygmyos.code\Gems\pygmy_port.o
                0x08008644                EXTI0_IRQHandler
 .text.EXTI1_IRQHandler
                0x08008678       0x34 C:\Users\MightyDubster\Documents\Projects\pygmyos.code\Gems\pygmy_port.o
                0x08008678                EXTI1_IRQHandler
 .text.EXTI2_IRQHandler
                0x080086ac       0x34 C:\Users\MightyDubster\Documents\Projects\pygmyos.code\Gems\pygmy_port.o
                0x080086ac                EXTI2_IRQHandler
 .text.EXTI3_IRQHandler
                0x080086e0       0x34 C:\Users\MightyDubster\Documents\Projects\pygmyos.code\Gems\pygmy_port.o
                0x080086e0                EXTI3_IRQHandler
 .text.EXTI4_IRQHandler
                0x08008714       0x34 C:\Users\MightyDubster\Documents\Projects\pygmyos.code\Gems\pygmy_port.o
                0x08008714                EXTI4_IRQHandler
 .text.EXTI9_5_IRQHandler
                0x08008748       0xe4 C:\Users\MightyDubster\Documents\Projects\pygmyos.code\Gems\pygmy_port.o
                0x08008748                EXTI9_5_IRQHandler
 .text.EXTI15_10_IRQHandler
                0x0800882c      0x110 C:\Users\MightyDubster\Documents\Projects\pygmyos.code\Gems\pygmy_port.o
                0x0800882c                EXTI15_10_IRQHandler
 .text.socketGetID
                0x0800893c        0xc C:\Users\MightyDubster\Documents\Projects\pygmyos.code\Gems\pygmy_rf.o
                0x0800893c                socketGetID
 .text.socketInit
                0x08008948       0x34 C:\Users\MightyDubster\Documents\Projects\pygmyos.code\Gems\pygmy_rf.o
                0x08008948                socketInit
 .text.socketList
                0x0800897c       0xe8 C:\Users\MightyDubster\Documents\Projects\pygmyos.code\Gems\pygmy_rf.o
                0x0800897c                socketList
 .text.socketGet
                0x08008a64       0x48 C:\Users\MightyDubster\Documents\Projects\pygmyos.code\Gems\pygmy_rf.o
                0x08008a64                socketGet
 .text.socketOpenFromPacket
                0x08008aac       0xc8 C:\Users\MightyDubster\Documents\Projects\pygmyos.code\Gems\pygmy_rf.o
                0x08008aac                socketOpenFromPacket
 .text.socketOpen
                0x08008b74       0x28 C:\Users\MightyDubster\Documents\Projects\pygmyos.code\Gems\pygmy_rf.o
                0x08008b74                socketOpen
 .text.socketCopy
                0x08008b9c       0x94 C:\Users\MightyDubster\Documents\Projects\pygmyos.code\Gems\pygmy_rf.o
                0x08008b9c                socketCopy
 .text.socketClose
                0x08008c30       0x80 C:\Users\MightyDubster\Documents\Projects\pygmyos.code\Gems\pygmy_rf.o
                0x08008c30                socketClose
 .text.socketSaveData
                0x08008cb0       0x20 C:\Users\MightyDubster\Documents\Projects\pygmyos.code\Gems\pygmy_rf.o
                0x08008cb0                socketSaveData
 .text.rfFlushTX
                0x08008cd0       0x20 C:\Users\MightyDubster\Documents\Projects\pygmyos.code\Gems\pygmy_rf.o
                0x08008cd0                rfFlushTX
 .text.rfFlushRX
                0x08008cf0       0x20 C:\Users\MightyDubster\Documents\Projects\pygmyos.code\Gems\pygmy_rf.o
                0x08008cf0                rfFlushRX
 .text.rfGetStatus
                0x08008d10       0x1c C:\Users\MightyDubster\Documents\Projects\pygmyos.code\Gems\pygmy_rf.o
                0x08008d10                rfGetStatus
 .text.rfGetRXPayloadLen
                0x08008d2c       0x24 C:\Users\MightyDubster\Documents\Projects\pygmyos.code\Gems\pygmy_rf.o
                0x08008d2c                rfGetRXPayloadLen
 .text.rfClearStatus
                0x08008d50       0x28 C:\Users\MightyDubster\Documents\Projects\pygmyos.code\Gems\pygmy_rf.o
                0x08008d50                rfClearStatus
 .text.rfSetRX  0x08008d78       0x40 C:\Users\MightyDubster\Documents\Projects\pygmyos.code\Gems\pygmy_rf.o
                0x08008d78                rfSetRX
 .text.rfSetTX  0x08008db8       0x40 C:\Users\MightyDubster\Documents\Projects\pygmyos.code\Gems\pygmy_rf.o
                0x08008db8                rfSetTX
 .text.rfPutTXBuffer
                0x08008df8       0x94 C:\Users\MightyDubster\Documents\Projects\pygmyos.code\Gems\pygmy_rf.o
                0x08008df8                rfPutTXBuffer
 .text.socketSendAck
                0x08008e8c       0x58 C:\Users\MightyDubster\Documents\Projects\pygmyos.code\Gems\pygmy_rf.o
                0x08008e8c                socketSendAck
 .text.socketSendClose
                0x08008ee4       0x64 C:\Users\MightyDubster\Documents\Projects\pygmyos.code\Gems\pygmy_rf.o
                0x08008ee4                socketSendClose
 .text.socketSendData
                0x08008f48       0x9c C:\Users\MightyDubster\Documents\Projects\pygmyos.code\Gems\pygmy_rf.o
                0x08008f48                socketSendData
 .text.socketSendDataFromString
                0x08008fe4       0xc0 C:\Users\MightyDubster\Documents\Projects\pygmyos.code\Gems\pygmy_rf.o
                0x08008fe4                socketSendDataFromString
 .text.socketControl
                0x080090a4       0xbc C:\Users\MightyDubster\Documents\Projects\pygmyos.code\Gems\pygmy_rf.o
                0x080090a4                socketControl
 .text.socketSendControl
                0x08009160       0x70 C:\Users\MightyDubster\Documents\Projects\pygmyos.code\Gems\pygmy_rf.o
                0x08009160                socketSendControl
 .text.socketCommandLine
                0x080091d0       0x8c C:\Users\MightyDubster\Documents\Projects\pygmyos.code\Gems\pygmy_rf.o
                0x080091d0                socketCommandLine
 .text.socketOpenCommandLine
                0x0800925c       0x74 C:\Users\MightyDubster\Documents\Projects\pygmyos.code\Gems\pygmy_rf.o
                0x0800925c                socketOpenCommandLine
 .text.socketFile
                0x080092d0       0xf8 C:\Users\MightyDubster\Documents\Projects\pygmyos.code\Gems\pygmy_rf.o
                0x080092d0                socketFile
 .text.socketRequestFile
                0x080093c8       0x78 C:\Users\MightyDubster\Documents\Projects\pygmyos.code\Gems\pygmy_rf.o
                0x080093c8                socketRequestFile
 .text.socketSendFile
                0x08009440       0x44 C:\Users\MightyDubster\Documents\Projects\pygmyos.code\Gems\pygmy_rf.o
                0x08009440                socketSendFile
 .text.socketResend
                0x08009484       0x20 C:\Users\MightyDubster\Documents\Projects\pygmyos.code\Gems\pygmy_rf.o
                0x08009484                socketResend
 .text.socketHandler
                0x080094a4      0x378 C:\Users\MightyDubster\Documents\Projects\pygmyos.code\Gems\pygmy_rf.o
                0x080094a4                socketHandler
 .text.threadSocketMonitor
                0x0800981c       0xac C:\Users\MightyDubster\Documents\Projects\pygmyos.code\Gems\pygmy_rf.o
                0x0800981c                threadSocketMonitor
 .text.rfRX     0x080098c8       0x84 C:\Users\MightyDubster\Documents\Projects\pygmyos.code\Gems\pygmy_rf.o
                0x080098c8                rfRX
 .text.rfWriteAddress
                0x0800994c       0x38 C:\Users\MightyDubster\Documents\Projects\pygmyos.code\Gems\pygmy_rf.o
                0x0800994c                rfWriteAddress
 .text.rfInit   0x08009984      0x100 C:\Users\MightyDubster\Documents\Projects\pygmyos.code\Gems\pygmy_rf.o
                0x08009984                rfInit
 .text.timeInit
                0x08009a84       0xa4 C:\Users\MightyDubster\Documents\Projects\pygmyos.code\Gems\pygmy_rtc.o
                0x08009a84                timeInit
 .text.timeGet  0x08009b28       0x14 C:\Users\MightyDubster\Documents\Projects\pygmyos.code\Gems\pygmy_rtc.o
                0x08009b28                timeGet
 .text.convertSecondsToSystemTime
                0x08009b3c       0xd0 C:\Users\MightyDubster\Documents\Projects\pygmyos.code\Gems\pygmy_rtc.o
                0x08009b3c                convertSecondsToSystemTime
 .text.convertPinToString
                0x08009c0c       0x24 C:\Users\MightyDubster\Documents\Projects\pygmyos.code\Gems\pygmy_string.o
                0x08009c0c                convertPinToString
 .text.convertU16ToBuffer
                0x08009c30       0x12 C:\Users\MightyDubster\Documents\Projects\pygmyos.code\Gems\pygmy_string.o
                0x08009c30                convertU16ToBuffer
 .text.convertU32ToBuffer
                0x08009c42       0x26 C:\Users\MightyDubster\Documents\Projects\pygmyos.code\Gems\pygmy_string.o
                0x08009c42                convertU32ToBuffer
 .text.convertBufferToU16
                0x08009c68        0xa C:\Users\MightyDubster\Documents\Projects\pygmyos.code\Gems\pygmy_string.o
                0x08009c68                convertBufferToU16
 .text.convertBufferToU32
                0x08009c72       0x18 C:\Users\MightyDubster\Documents\Projects\pygmyos.code\Gems\pygmy_string.o
                0x08009c72                convertBufferToU32
 .text.isCharInString
                0x08009c8a       0x16 C:\Users\MightyDubster\Documents\Projects\pygmyos.code\Gems\pygmy_string.o
                0x08009c8a                isCharInString
 .text.isAlpha  0x08009ca0       0x1c C:\Users\MightyDubster\Documents\Projects\pygmyos.code\Gems\pygmy_string.o
                0x08009ca0                isAlpha
 .text.isNumeric
                0x08009cbc        0xe C:\Users\MightyDubster\Documents\Projects\pygmyos.code\Gems\pygmy_string.o
                0x08009cbc                isNumeric
 .text.isAlphaOrNumeric
                0x08009cca       0x2a C:\Users\MightyDubster\Documents\Projects\pygmyos.code\Gems\pygmy_string.o
                0x08009cca                isAlphaOrNumeric
 .text.isNewline
                0x08009cf4       0x1c C:\Users\MightyDubster\Documents\Projects\pygmyos.code\Gems\pygmy_string.o
                0x08009cf4                isNewline
 .text.isWhitespace
                0x08009d10        0xe C:\Users\MightyDubster\Documents\Projects\pygmyos.code\Gems\pygmy_string.o
                0x08009d10                isWhitespace
 .text.isQuote  0x08009d1e       0x14 C:\Users\MightyDubster\Documents\Projects\pygmyos.code\Gems\pygmy_string.o
                0x08009d1e                isQuote
 *fill*         0x08009d32        0x2 00
 .text.isSeparator
                0x08009d34       0x14 C:\Users\MightyDubster\Documents\Projects\pygmyos.code\Gems\pygmy_string.o
                0x08009d34                isSeparator
 .text.isPunctuation
                0x08009d48       0x14 C:\Users\MightyDubster\Documents\Projects\pygmyos.code\Gems\pygmy_string.o
                0x08009d48                isPunctuation
 .text.len      0x08009d5c       0x20 C:\Users\MightyDubster\Documents\Projects\pygmyos.code\Gems\pygmy_string.o
                0x08009d5c                len
 .text.convertCharToUpper
                0x08009d7c       0x10 C:\Users\MightyDubster\Documents\Projects\pygmyos.code\Gems\pygmy_string.o
                0x08009d7c                convertCharToUpper
 .text.isCharSameIgnoreCase
                0x08009d8c       0x1a C:\Users\MightyDubster\Documents\Projects\pygmyos.code\Gems\pygmy_string.o
                0x08009d8c                isCharSameIgnoreCase
 .text.isStringSameIgnoreCase
                0x08009da6       0x32 C:\Users\MightyDubster\Documents\Projects\pygmyos.code\Gems\pygmy_string.o
                0x08009da6                isStringSameIgnoreCase
 .text.isStringSame
                0x08009dd8       0x34 C:\Users\MightyDubster\Documents\Projects\pygmyos.code\Gems\pygmy_string.o
                0x08009dd8                isStringSame
 .text.getNextSubString
                0x08009e0c       0xf0 C:\Users\MightyDubster\Documents\Projects\pygmyos.code\Gems\pygmy_string.o
                0x08009e0c                getNextSubString
 .text.getAllSubStrings
                0x08009efc       0x42 C:\Users\MightyDubster\Documents\Projects\pygmyos.code\Gems\pygmy_string.o
                0x08009efc                getAllSubStrings
 .text.replaceChars
                0x08009f3e       0x2c C:\Users\MightyDubster\Documents\Projects\pygmyos.code\Gems\pygmy_string.o
                0x08009f3e                replaceChars
 .text.convertCharToInt
                0x08009f6a       0x30 C:\Users\MightyDubster\Documents\Projects\pygmyos.code\Gems\pygmy_string.o
                0x08009f6a                convertCharToInt
 .text.appendString
                0x08009f9a       0x1c C:\Users\MightyDubster\Documents\Projects\pygmyos.code\Gems\pygmy_string.o
                0x08009f9a                appendString
 .text.copyString
                0x08009fb6       0x12 C:\Users\MightyDubster\Documents\Projects\pygmyos.code\Gems\pygmy_string.o
                0x08009fb6                copyString
 .text.convertStringToInt
                0x08009fc8       0xb4 C:\Users\MightyDubster\Documents\Projects\pygmyos.code\Gems\pygmy_string.o
                0x08009fc8                convertStringToInt
 .text.convertIntToString
                0x0800a07c      0x1a8 C:\Users\MightyDubster\Documents\Projects\pygmyos.code\Gems\pygmy_string.o
                0x0800a07c                convertIntToString
 *fill*         0x0800a224        0x4 00
 .text.convertFloatToString
                0x0800a228      0x148 C:\Users\MightyDubster\Documents\Projects\pygmyos.code\Gems\pygmy_string.o
                0x0800a228                convertFloatToString
 .text.convertStringToPin
                0x0800a370       0xcc C:\Users\MightyDubster\Documents\Projects\pygmyos.code\Gems\pygmy_string.o
                0x0800a370                convertStringToPin
 .text.TaskException_Handler
                0x0800a43c        0x2 C:\Users\MightyDubster\Documents\Projects\pygmyos.code\Gems\pygmy_sys.o
                0x0800a43c                TaskException_Handler
 *fill*         0x0800a43e        0x2 00
 .text.putsFILE
                0x0800a440       0x10 C:\Users\MightyDubster\Documents\Projects\pygmyos.code\Gems\pygmy_sys.o
                0x0800a440                putsFILE
 .text.sysAllocate
                0x0800a450        0x4 C:\Users\MightyDubster\Documents\Projects\pygmyos.code\Gems\pygmy_sys.o
                0x0800a450                sysAllocate
 .text.sysReallocate
                0x0800a454        0x4 C:\Users\MightyDubster\Documents\Projects\pygmyos.code\Gems\pygmy_sys.o
                0x0800a454                sysReallocate
 .text.sysFree  0x0800a458        0x4 C:\Users\MightyDubster\Documents\Projects\pygmyos.code\Gems\pygmy_sys.o
                0x0800a458                sysFree
 .text.sysRandom
                0x0800a45c       0x84 C:\Users\MightyDubster\Documents\Projects\pygmyos.code\Gems\pygmy_sys.o
                0x0800a45c                sysRandom
 .text.sysEnableTimerClock
                0x0800a4e0       0xf8 C:\Users\MightyDubster\Documents\Projects\pygmyos.code\Gems\pygmy_sys.o
                0x0800a4e0                sysEnableTimerClock
 .text.sysEnableTimerInterrupt
                0x0800a5d8       0x12 C:\Users\MightyDubster\Documents\Projects\pygmyos.code\Gems\pygmy_sys.o
                0x0800a5d8                sysEnableTimerInterrupt
 *fill*         0x0800a5ea        0x2 00
 .text.sysGetDelayTimer
                0x0800a5ec        0xc C:\Users\MightyDubster\Documents\Projects\pygmyos.code\Gems\pygmy_sys.o
                0x0800a5ec                sysGetDelayTimer
 .text.sysGetPWMTimer
                0x0800a5f8        0xc C:\Users\MightyDubster\Documents\Projects\pygmyos.code\Gems\pygmy_sys.o
                0x0800a5f8                sysGetPWMTimer
 .text.sysGetMainClock
                0x0800a604        0xc C:\Users\MightyDubster\Documents\Projects\pygmyos.code\Gems\pygmy_sys.o
                0x0800a604                sysGetMainClock
 .text.cmdListQueue
                0x0800a610        0xc C:\Users\MightyDubster\Documents\Projects\pygmyos.code\Gems\pygmy_sys.o
                0x0800a610                cmdListQueue
 .text.sysCRC16
                0x0800a61c       0x1e C:\Users\MightyDubster\Documents\Projects\pygmyos.code\Gems\pygmy_sys.o
                0x0800a61c                sysCRC16
 *fill*         0x0800a63a        0x2 00
 .text.pdiaEncode
                0x0800a63c       0x78 C:\Users\MightyDubster\Documents\Projects\pygmyos.code\Gems\pygmy_sys.o
                0x0800a63c                pdiaEncode
 .text.taskInit
                0x0800a6b4       0x44 C:\Users\MightyDubster\Documents\Projects\pygmyos.code\Gems\pygmy_sys.o
                0x0800a6b4                taskInit
 .text.taskNew  0x0800a6f8       0x9c C:\Users\MightyDubster\Documents\Projects\pygmyos.code\Gems\pygmy_sys.o
                0x0800a6f8                taskNew
 .text.taskNewSimple
                0x0800a794       0x12 C:\Users\MightyDubster\Documents\Projects\pygmyos.code\Gems\pygmy_sys.o
                0x0800a794                taskNewSimple
 *fill*         0x0800a7a6        0x2 00
 .text.taskIsRunning
                0x0800a7a8       0x34 C:\Users\MightyDubster\Documents\Projects\pygmyos.code\Gems\pygmy_sys.o
                0x0800a7a8                taskIsRunning
 .text.taskDelete
                0x0800a7dc       0x54 C:\Users\MightyDubster\Documents\Projects\pygmyos.code\Gems\pygmy_sys.o
                0x0800a7dc                taskDelete
 .text.taskProcess
                0x0800a830       0x64 C:\Users\MightyDubster\Documents\Projects\pygmyos.code\Gems\pygmy_sys.o
                0x0800a830                taskProcess
 .text.taskList
                0x0800a894       0x2c C:\Users\MightyDubster\Documents\Projects\pygmyos.code\Gems\pygmy_sys.o
                0x0800a894                taskList
 .text.msgInit  0x0800a8c0       0x38 C:\Users\MightyDubster\Documents\Projects\pygmyos.code\Gems\pygmy_sys.o
                0x0800a8c0                msgInit
 .text.sysInit  0x0800a8f8       0xb4 C:\Users\MightyDubster\Documents\Projects\pygmyos.code\Gems\pygmy_sys.o
                0x0800a8f8                sysInit
 .text.msgGetIndex
                0x0800a9ac       0x3c C:\Users\MightyDubster\Documents\Projects\pygmyos.code\Gems\pygmy_sys.o
                0x0800a9ac                msgGetIndex
 .text.msgDelete
                0x0800a9e8       0x30 C:\Users\MightyDubster\Documents\Projects\pygmyos.code\Gems\pygmy_sys.o
                0x0800a9e8                msgDelete
 .text.msgSend  0x0800aa18       0x44 C:\Users\MightyDubster\Documents\Projects\pygmyos.code\Gems\pygmy_sys.o
                0x0800aa18                msgSend
 .text.msgProcess
                0x0800aa5c       0x94 C:\Users\MightyDubster\Documents\Projects\pygmyos.code\Gems\pygmy_sys.o
                0x0800aa5c                msgProcess
 .text.msgList  0x0800aaf0       0x24 C:\Users\MightyDubster\Documents\Projects\pygmyos.code\Gems\pygmy_sys.o
                0x0800aaf0                msgList
 .text.sysGetID
                0x0800ab14        0x8 C:\Users\MightyDubster\Documents\Projects\pygmyos.code\Gems\pygmy_sys.o
                0x0800ab14                sysGetID
 .text.sysGetFile
                0x0800ab1c        0x8 C:\Users\MightyDubster\Documents\Projects\pygmyos.code\Gems\pygmy_sys.o
                0x0800ab1c                sysGetFile
 .text.descriptorGetID
                0x0800ab24       0x18 C:\Users\MightyDubster\Documents\Projects\pygmyos.code\Gems\pygmy_sys.o
                0x0800ab24                descriptorGetID
 .text.print    0x0800ab3c      0x208 C:\Users\MightyDubster\Documents\Projects\pygmyos.code\Gems\pygmy_sys.o
                0x0800ab3c                print
 .text.println  0x0800ad44       0x20 C:\Users\MightyDubster\Documents\Projects\pygmyos.code\Gems\pygmy_sys.o
                0x0800ad44                println
 .text.sysGetTimer
                0x0800ad64       0x18 C:\Users\MightyDubster\Documents\Projects\pygmyos.code\Gems\pygmy_sys.o
                0x0800ad64                sysGetTimer
 .text.delay    0x0800ad7c       0xcc C:\Users\MightyDubster\Documents\Projects\pygmyos.code\Gems\pygmy_sys.o
                0x0800ad7c                delay
 .text.SysTick_Handler
                0x0800ae48       0x3c C:\Users\MightyDubster\Documents\Projects\pygmyos.code\Gems\pygmy_sys.o
                0x0800ae48                SysTick_Handler
 .text.drawRFTest
                0x0800ae84      0x11c C:\Users\MightyDubster\Documents\Projects\pygmyos.code\Gems\main.o
                0x0800ae84                drawRFTest
 .text.drawMainMenu
                0x0800afa0      0x160 C:\Users\MightyDubster\Documents\Projects\pygmyos.code\Gems\main.o
                0x0800afa0                drawMainMenu
 .text.eventRFBack
                0x0800b100       0x18 C:\Users\MightyDubster\Documents\Projects\pygmyos.code\Gems\main.o
                0x0800b100                eventRFBack
 .text.main     0x0800b118      0x15c C:\Users\MightyDubster\Documents\Projects\pygmyos.code\Gems\main.o
                0x0800b118                main
 .text.lcdWriteCommand
                0x0800b274       0x30 C:\Users\MightyDubster\Documents\Projects\pygmyos.code\Gems\varitronix128x128_parallel.o
                0x0800b274                lcdWriteCommand
 .text.lcdWriteData
                0x0800b2a4       0x30 C:\Users\MightyDubster\Documents\Projects\pygmyos.code\Gems\varitronix128x128_parallel.o
                0x0800b2a4                lcdWriteData
 .text.lcdGetWidth
                0x0800b2d4        0x4 C:\Users\MightyDubster\Documents\Projects\pygmyos.code\Gems\varitronix128x128_parallel.o
                0x0800b2d4                lcdGetWidth
 .text.lcdGetHeight
                0x0800b2d8        0x4 C:\Users\MightyDubster\Documents\Projects\pygmyos.code\Gems\varitronix128x128_parallel.o
                0x0800b2d8                lcdGetHeight
 .text.lcdSetContrast
                0x0800b2dc       0x1c C:\Users\MightyDubster\Documents\Projects\pygmyos.code\Gems\varitronix128x128_parallel.o
                0x0800b2dc                lcdSetContrast
 .text.lcdDrawPixel
                0x0800b2f8       0xc8 C:\Users\MightyDubster\Documents\Projects\pygmyos.code\Gems\varitronix128x128_parallel.o
                0x0800b2f8                lcdDrawPixel
 .text.lcdSetBPP
                0x0800b3c0        0xc C:\Users\MightyDubster\Documents\Projects\pygmyos.code\Gems\varitronix128x128_parallel.o
                0x0800b3c0                lcdSetBPP
 .text.lcdGetBPP
                0x0800b3cc        0xc C:\Users\MightyDubster\Documents\Projects\pygmyos.code\Gems\varitronix128x128_parallel.o
                0x0800b3cc                lcdGetBPP
 .text.lcdSetColor
                0x0800b3d8       0x48 C:\Users\MightyDubster\Documents\Projects\pygmyos.code\Gems\varitronix128x128_parallel.o
                0x0800b3d8                lcdSetColor
 .text.lcdClearArea
                0x0800b420       0xb8 C:\Users\MightyDubster\Documents\Projects\pygmyos.code\Gems\varitronix128x128_parallel.o
                0x0800b420                lcdClearArea
 .text.lcdClear
                0x0800b4d8        0xc C:\Users\MightyDubster\Documents\Projects\pygmyos.code\Gems\varitronix128x128_parallel.o
                0x0800b4d8                lcdClear
 .text.lcdInit  0x0800b4e4      0x244 C:\Users\MightyDubster\Documents\Projects\pygmyos.code\Gems\varitronix128x128_parallel.o
                0x0800b4e4                lcdInit
 .text.gemJoyUp
                0x0800b728        0x2 C:\Users\MightyDubster\Documents\Projects\pygmyos.code\Gems\gems.o
                0x0800b728                gemJoyUp
 .text.gemJoyDown
                0x0800b72a        0x2 C:\Users\MightyDubster\Documents\Projects\pygmyos.code\Gems\gems.o
                0x0800b72a                gemJoyDown
 .text.gemDrawEndMenu
                0x0800b72c      0x15c C:\Users\MightyDubster\Documents\Projects\pygmyos.code\Gems\gems.o
                0x0800b72c                gemDrawEndMenu
 .text.gemDrawGameOver
                0x0800b888       0x68 C:\Users\MightyDubster\Documents\Projects\pygmyos.code\Gems\gems.o
                0x0800b888                gemDrawGameOver
 .text.gemResetCursor
                0x0800b8f0       0x3c C:\Users\MightyDubster\Documents\Projects\pygmyos.code\Gems\gems.o
                0x0800b8f0                gemResetCursor
 .text.gemInit  0x0800b92c      0x1f4 C:\Users\MightyDubster\Documents\Projects\pygmyos.code\Gems\gems.o
                0x0800b92c                gemInit
 .text.gemCollision
                0x0800bb20       0x24 C:\Users\MightyDubster\Documents\Projects\pygmyos.code\Gems\gems.o
                0x0800bb20                gemCollision
 .text.gemJoyRight
                0x0800bb44       0x50 C:\Users\MightyDubster\Documents\Projects\pygmyos.code\Gems\gems.o
                0x0800bb44                gemJoyRight
 .text.gemJoyLeft
                0x0800bb94       0x54 C:\Users\MightyDubster\Documents\Projects\pygmyos.code\Gems\gems.o
                0x0800bb94                gemJoyLeft
 .text.gemAdd   0x0800bbe8       0x50 C:\Users\MightyDubster\Documents\Projects\pygmyos.code\Gems\gems.o
                0x0800bbe8                gemAdd
 .text.gemDetectRowsY
                0x0800bc38       0xa8 C:\Users\MightyDubster\Documents\Projects\pygmyos.code\Gems\gems.o
                0x0800bc38                gemDetectRowsY
 .text.gemDetectRowsX
                0x0800bce0      0x120 C:\Users\MightyDubster\Documents\Projects\pygmyos.code\Gems\gems.o
                0x0800bce0                gemDetectRowsX
 .text.gemGravity
                0x0800be00       0x70 C:\Users\MightyDubster\Documents\Projects\pygmyos.code\Gems\gems.o
                0x0800be00                gemGravity
 .text.humidityInit
                0x0800be70       0x40 C:\Users\MightyDubster\Documents\Projects\pygmyos.code\Gems\hih5030.o
                0x0800be70                humidityInit
 .text.eepromOpen
                0x0800beb0       0x3c C:\Users\MightyDubster\Documents\Projects\pygmyos.code\Gems\at24hc02b.o
                0x0800beb0                eepromOpen
 .text.eepromPutChar
                0x0800beec       0x3c C:\Users\MightyDubster\Documents\Projects\pygmyos.code\Gems\at24hc02b.o
                0x0800beec                eepromPutChar
 .text.eepromGetChar
                0x0800bf28       0x4c C:\Users\MightyDubster\Documents\Projects\pygmyos.code\Gems\at24hc02b.o
                0x0800bf28                eepromGetChar
 .text._sbrk    0x0800bf74       0x30 C:\Program Files (x86)\Raisonance\Ride\Lib\ARM\std_sbrk_thumb.lib(sbrk.o)
                0x0800bf74                _sbrk
 *(.rodata)
 .rodata        0x0800bfa4       0x12 C:\Users\MightyDubster\Documents\Projects\pygmyos.code\Gems\pygmy_adc.o
                0x0800bfa4                PYGMY_ADC_CHANNELS
 *fill*         0x0800bfb6        0x2 00
 .rodata        0x0800bfb8       0xf0 C:\Users\MightyDubster\Documents\Projects\pygmyos.code\Gems\pygmy_cmd.o
                0x0800bfb8                PYGMYSTDCOMMANDS
 .rodata        0x0800c0a8       0x24 C:\Users\MightyDubster\Documents\Projects\pygmyos.code\Gems\pygmy_nvic.o
                0x0800c0a8                PYGMY_TIMERVECTORS_L15X
                0x0800c0ba                PYGMY_TIMERVECTORS
 .rodata        0x0800c0cc       0x10 C:\Users\MightyDubster\Documents\Projects\pygmyos.code\Gems\pygmy_port.o
                0x0800c0cc                PYGMY_TIMERPINS
 .rodata        0x0800c0dc        0x5 C:\Users\MightyDubster\Documents\Projects\pygmyos.code\Gems\pygmy_rf.o
                0x0800c0dc                ucAddrP0
 *fill*         0x0800c0e1        0x3 00
 .rodata        0x0800c0e4      0x134 C:\Users\MightyDubster\Documents\Projects\pygmyos.code\Gems\pygmy_string.o
                0x0800c0e4                PYGMYNEBULAPINS
                0x0800c1c4                PYGMYHEXCHARS
                0x0800c1d4                PYGMYBASE64CHARS
 .rodata        0x0800c218      0x168 C:\Users\MightyDubster\Documents\Projects\pygmyos.code\Gems\pygmy_sys.o
                0x0800c26c                PYGSYS_INVBITS
                0x0800c274                PYGMY_DAYSINMONTH
                0x0800c280                PYGMY_BITMASKS
                0x0800c300                PYGMY_INVBITMASKS
 .rodata        0x0800c380      0x808 C:\Users\MightyDubster\Documents\Projects\pygmyos.code\Gems\main.o
                0x0800c380                PYGMY_orbitron18
 .rodata        0x0800cb88     0x3df0 C:\Users\MightyDubster\Documents\Projects\pygmyos.code\Gems\gems.o
                0x0800cb88                PYGMY_ruby
                0x0800d67f                PYGMY_emerald
                0x0800e224                PYGMY_topaz
                0x0800ec6d                PYGMY_ytopaz
                0x0800f7fd                PYGMY_dollar
 .rodata        0x08010978       0x60 c:/program files (x86)/raisonance/ride/arm-gcc/bin/../lib/gcc/arm-none-eabi/4.5.1/../../../../arm-none-eabi/lib/thumb2\libc.a(lib_a-findfp.o)
                0x08010978                __sf_fake_stdin
                0x08010998                __sf_fake_stdout
                0x080109b8                __sf_fake_stderr
 *(.rodata*)
 .rodata.str1.1
                0x080109d8      0x2b5 C:\Users\MightyDubster\Documents\Projects\pygmyos.code\Gems\pygmy_cmd.o
                                0x2d9 (size before relaxing)
 .rodata.str1.1
                0x00000000        0x2 C:\Users\MightyDubster\Documents\Projects\pygmyos.code\Gems\pygmy_com.o
 .rodata.str1.1
                0x08010c8d      0x14e C:\Users\MightyDubster\Documents\Projects\pygmyos.code\Gems\pygmy_file.o
                                0x14f (size before relaxing)
 .rodata.str1.1
                0x08010ddb      0x361 C:\Users\MightyDubster\Documents\Projects\pygmyos.code\Gems\pygmy_gui.o
                                0x364 (size before relaxing)
 .rodata.str1.1
                0x0801113c       0x19 C:\Users\MightyDubster\Documents\Projects\pygmyos.code\Gems\pygmy_port.o
 .rodata.str1.1
                0x08011155      0x32b C:\Users\MightyDubster\Documents\Projects\pygmyos.code\Gems\pygmy_rf.o
                                0x354 (size before relaxing)
 .rodata.str1.1
                0x08011480       0xa2 C:\Users\MightyDubster\Documents\Projects\pygmyos.code\Gems\pygmy_string.o
                                 0xb8 (size before relaxing)
 .rodata.str1.1
                0x08011522       0x3c C:\Users\MightyDubster\Documents\Projects\pygmyos.code\Gems\pygmy_sys.o
                                 0x3f (size before relaxing)
 .rodata.str1.1
                0x0801155e      0x1cd C:\Users\MightyDubster\Documents\Projects\pygmyos.code\Gems\main.o
                                0x1f8 (size before relaxing)
 .rodata.str1.1
                0x0801172b       0x44 C:\Users\MightyDubster\Documents\Projects\pygmyos.code\Gems\gems.o
 *fill*         0x0801176f        0x1 00
 .rodata.str1.4
                0x08011770        0x4 c:/program files (x86)/raisonance/ride/arm-gcc/bin/../lib/gcc/arm-none-eabi/4.5.1/../../../../arm-none-eabi/lib/thumb2\libc.a(lib_a-impure.o)
 *(.glue_7)
 .glue_7        0x00000000        0x0 linker stubs
 *(.glue_7t)
 .glue_7t       0x00000000        0x0 linker stubs
                0x08011774                . = ALIGN (0x4)
                0x08011774                _etext = .
                0x08011774                _sidata = _etext

.vfp11_veneer   0x08011774        0x0
 .vfp11_veneer  0x00000000        0x0 linker stubs

.v4_bx          0x08011774        0x0
 .v4_bx         0x00000000        0x0 linker stubs

.flashpatch     0x00000000        0x0
                0x00000000                . = ALIGN (0x4)
 *(.flashpatch)