Archive member included because of file (symbol)

c:/program files (x86)/raisonance/ride/arm-gcc/bin/../lib/gcc/arm-none-eabi/4.5.1/../../../../arm-none-eabi/lib/thumb2\libc.a(lib_a-dprintf.o)
                              C:\Users\MightyDubster\Documents\Projects\pygmyos.code\Gems\pygmy_jpeg.o (dprintf)
c:/program files (x86)/raisonance/ride/arm-gcc/bin/../lib/gcc/arm-none-eabi/4.5.1/../../../../arm-none-eabi/lib/thumb2\libc.a(lib_a-findfp.o)
                              c:/program files (x86)/raisonance/ride/arm-gcc/bin/../lib/gcc/arm-none-eabi/4.5.1/../../../../arm-none-eabi/lib/thumb2\libc.a(lib_a-dprintf.o) (__sinit)
c:/program files (x86)/raisonance/ride/arm-gcc/bin/../lib/gcc/arm-none-eabi/4.5.1/../../../../arm-none-eabi/lib/thumb2\libc.a(lib_a-fwalk.o)
                              c:/program files (x86)/raisonance/ride/arm-gcc/bin/../lib/gcc/arm-none-eabi/4.5.1/../../../../arm-none-eabi/lib/thumb2\libc.a(lib_a-findfp.o) (_fwalk)
c:/program files (x86)/raisonance/ride/arm-gcc/bin/../lib/gcc/arm-none-eabi/4.5.1/../../../../arm-none-eabi/lib/thumb2\libc.a(lib_a-impure.o)
                              c:/program files (x86)/raisonance/ride/arm-gcc/bin/../lib/gcc/arm-none-eabi/4.5.1/../../../../arm-none-eabi/lib/thumb2\libc.a(lib_a-dprintf.o) (_impure_ptr)
c:/program files (x86)/raisonance/ride/arm-gcc/bin/../lib/gcc/arm-none-eabi/4.5.1/../../../../arm-none-eabi/lib/thumb2\libc.a(lib_a-malloc.o)
                              C:\Users\MightyDubster\Documents\Projects\pygmyos.code\Gems\pygmy_sys.o (malloc)
c:/program files (x86)/raisonance/ride/arm-gcc/bin/../lib/gcc/arm-none-eabi/4.5.1/../../../../arm-none-eabi/lib/thumb2\libc.a(lib_a-mallocr.o)
                              c:/program files (x86)/raisonance/ride/arm-gcc/bin/../lib/gcc/arm-none-eabi/4.5.1/../../../../arm-none-eabi/lib/thumb2\libc.a(lib_a-findfp.o) (_malloc_r)
c:/program files (x86)/raisonance/ride/arm-gcc/bin/../lib/gcc/arm-none-eabi/4.5.1/../../../../arm-none-eabi/lib/thumb2\libc.a(lib_a-memset.o)
                              C:\Users\MightyDubster\Documents\Projects\pygmyos.code\Gems\pygmy_jpeg.o (memset)
c:/program files (x86)/raisonance/ride/arm-gcc/bin/../lib/gcc/arm-none-eabi/4.5.1/../../../../arm-none-eabi/lib/thumb2\libc.a(lib_a-mlock.o)
                              c:/program files (x86)/raisonance/ride/arm-gcc/bin/../lib/gcc/arm-none-eabi/4.5.1/../../../../arm-none-eabi/lib/thumb2\libc.a(lib_a-mallocr.o) (__malloc_lock)
c:/program files (x86)/raisonance/ride/arm-gcc/bin/../lib/gcc/arm-none-eabi/4.5.1/../../../../arm-none-eabi/lib/thumb2\libc.a(lib_a-realloc.o)
                              C:\Users\MightyDubster\Documents\Projects\pygmyos.code\Gems\pygmy_sys.o (realloc)
c:/program files (x86)/raisonance/ride/arm-gcc/bin/../lib/gcc/arm-none-eabi/4.5.1/../../../../arm-none-eabi/lib/thumb2\libc.a(lib_a-reallocr.o)
                              c:/program files (x86)/raisonance/ride/arm-gcc/bin/../lib/gcc/arm-none-eabi/4.5.1/../../../../arm-none-eabi/lib/thumb2\libc.a(lib_a-realloc.o) (_realloc_r)
c:/program files (x86)/raisonance/ride/arm-gcc/bin/../lib/gcc/arm-none-eabi/4.5.1/../../../../arm-none-eabi/lib/thumb2\libc.a(lib_a-s_modf.o)
                              C:\Users\MightyDubster\Documents\Projects\pygmyos.code\Gems\pygmy_string.o (modf)
c:/program files (x86)/raisonance/ride/arm-gcc/bin/../lib/gcc/arm-none-eabi/4.5.1/../../../../arm-none-eabi/lib/thumb2\libc.a(lib_a-sbrkr.o)
                              c:/program files (x86)/raisonance/ride/arm-gcc/bin/../lib/gcc/arm-none-eabi/4.5.1/../../../../arm-none-eabi/lib/thumb2\libc.a(lib_a-mallocr.o) (_sbrk_r)
c:/program files (x86)/raisonance/ride/arm-gcc/bin/../lib/gcc/arm-none-eabi/4.5.1/../../../../arm-none-eabi/lib/thumb2\libc.a(lib_a-stdio.o)
                              c:/program files (x86)/raisonance/ride/arm-gcc/bin/../lib/gcc/arm-none-eabi/4.5.1/../../../../arm-none-eabi/lib/thumb2\libc.a(lib_a-findfp.o) (__sread)
c:/program files (x86)/raisonance/ride/arm-gcc/bin/../lib/gcc/arm-none-eabi/4.5.1/../../../../arm-none-eabi/lib/thumb2\libc.a(lib_a-vdprintf.o)
                              c:/program files (x86)/raisonance/ride/arm-gcc/bin/../lib/gcc/arm-none-eabi/4.5.1/../../../../arm-none-eabi/lib/thumb2\libc.a(lib_a-dprintf.o) (_vdprintf_r)
c:/program files (x86)/raisonance/ride/arm-gcc/bin/../lib/gcc/arm-none-eabi/4.5.1/../../../../arm-none-eabi/lib/thumb2\libc.a(lib_a-writer.o)
                              c:/program files (x86)/raisonance/ride/arm-gcc/bin/../lib/gcc/arm-none-eabi/4.5.1/../../../../arm-none-eabi/lib/thumb2\libc.a(lib_a-stdio.o) (_write_r)
c:/program files (x86)/raisonance/ride/arm-gcc/bin/../lib/gcc/arm-none-eabi/4.5.1/../../../../arm-none-eabi/lib/thumb2\libc.a(lib_a-closer.o)
                              c:/program files (x86)/raisonance/ride/arm-gcc/bin/../lib/gcc/arm-none-eabi/4.5.1/../../../../arm-none-eabi/lib/thumb2\libc.a(lib_a-stdio.o) (_close_r)
[...]
Memory Configuration

Name             Origin             Length             Attributes
RAM              0x20000000         0x00018000         xrw
FLASH            0x08002000         0x00100000         xr
HEAP             0x20002000         0x00014000         xrw
STARTFLASH       0x00000000         0x00000000         xr
CRPPATCH         0x00000000         0x00000000         r
FLASHPATCH       0x00000000         0x00000000         r
ENDFLASH         0x00000000         0x00000000         xr
FLASHB1          0x00000000         0x00000000         xr
EXTMEMB0         0x00000000         0x00000000         xr
EXTMEMB1         0x00000000         0x00000000         xr
EXTMEMB2         0x00000000         0x00000000         xr
EXTMEMB3         0x00000000         0x00000000         xr
*default*        0x00000000         0xffffffff

Linker script and memory map

LOAD C:\Program Files (x86)\Raisonance\Ride\lib\ARM\startup_stm32f10x_hd.o
LOAD C:\Users\MightyDubster\Documents\Projects\pygmyos.code\Gems\pygmy_adc.o
LOAD C:\Users\MightyDubster\Documents\Projects\pygmyos.code\Gems\pygmy_audio.o
LOAD C:\Users\MightyDubster\Documents\Projects\pygmyos.code\Gems\pygmy_cmd.o
LOAD C:\Users\MightyDubster\Documents\Projects\pygmyos.code\Gems\pygmy_com.o
LOAD C:\Users\MightyDubster\Documents\Projects\pygmyos.code\Gems\pygmy_debug.o
LOAD C:\Users\MightyDubster\Documents\Projects\pygmyos.code\Gems\pygmy_file.o
LOAD C:\Users\MightyDubster\Documents\Projects\pygmyos.code\Gems\pygmy_fpec.o
LOAD C:\Users\MightyDubster\Documents\Projects\pygmyos.code\Gems\pygmy_gui.o
LOAD C:\Users\MightyDubster\Documents\Projects\pygmyos.code\Gems\pygmy_nvic.o
LOAD C:\Users\MightyDubster\Documents\Projects\pygmyos.code\Gems\pygmy_port.o
LOAD C:\Users\MightyDubster\Documents\Projects\pygmyos.code\Gems\pygmy_rf.o
LOAD C:\Users\MightyDubster\Documents\Projects\pygmyos.code\Gems\pygmy_rtc.o
LOAD C:\Users\MightyDubster\Documents\Projects\pygmyos.code\Gems\pygmy_string.o
LOAD C:\Users\MightyDubster\Documents\Projects\pygmyos.code\Gems\pygmy_sys.o
LOAD C:\Users\MightyDubster\Documents\Projects\pygmyos.code\Gems\main.o
LOAD C:\Users\MightyDubster\Documents\Projects\pygmyos.code\Gems\varitronix128x128_parallel.o
LOAD C:\Users\MightyDubster\Documents\Projects\pygmyos.code\Gems\gems.o
LOAD C:\Users\MightyDubster\Documents\Projects\pygmyos.code\Gems\pygmy_jpeg.o
LOAD C:\Users\MightyDubster\Documents\Projects\pygmyos.code\Gems\mpl115a2.o
LOAD C:\Users\MightyDubster\Documents\Projects\pygmyos.code\Gems\hih5030.o
LOAD C:\Users\MightyDubster\Documents\Projects\pygmyos.code\Gems\at24hc02b.o
START GROUP
LOAD C:\Program Files (x86)\Raisonance\Ride\Lib\ARM\std_sbrk_thumb.lib
LOAD C:\Program Files (x86)\Raisonance\Ride\Lib\ARM\smallprintf_thumb.a
LOAD c:/program files (x86)/raisonance/ride/arm-gcc/bin/../lib/gcc/arm-none-eabi/4.5.1/../../../../arm-none-eabi/lib/thumb2\libc.a
LOAD c:/program files (x86)/raisonance/ride/arm-gcc/bin/../lib/gcc/arm-none-eabi/4.5.1/../../../../arm-none-eabi/lib/thumb2\libm.a
END GROUP
                0x00000400                __Stack_Size = 0x400
                0x00000400                PROVIDE (_Stack_Size, __Stack_Size)
                0x20017c00                __Stack_Init = (_estack - __Stack_Size)
                0x20017c00                PROVIDE (_Stack_Init, __Stack_Init)
                0x00000100                _Minimum_Stack_Size = 0x100
                0x00000000                PROVIDE (Undefined_Handler, 0x0)
                0x00000000                PROVIDE (SWI_Handler, 0x0)
                0x00000000                PROVIDE (IRQ_Handler, 0x0)
                0x00000000                PROVIDE (Prefetch_Handler, 0x0)
                0x00000000                PROVIDE (Abort_Handler, 0x0)
                0x00000000                PROVIDE (FIQ_Handler, 0x0)
                0x00000000                PROVIDE (NMIException, 0x0)
                0x00000000                PROVIDE (NMI_Handler, 0x0)
                0x00000000                PROVIDE (HardFaultException, 0x0)
                0x00000000                PROVIDE (HardFault_Handler, 0x0)
                0x00000000                PROVIDE (MemManageException, 0x0)
                0x00000000                PROVIDE (MemManage_Handler, 0x0)
                0x00000000                PROVIDE (BusFaultException, 0x0)
                0x00000000                PROVIDE (BusFault_Handler, 0x0)
                0x00000000                PROVIDE (UsageFaultException, 0x0)
                0x00000000                PROVIDE (UsageFault_Handler, 0x0)
                0x00000000                PROVIDE (SVCHandler, 0x0)
                0x00000000                PROVIDE (SVC_Handler, 0x0)
                0x00000000                PROVIDE (DebugMonitor, 0x0)
                0x00000000                PROVIDE (DebugMon_Handler, 0x0)
                0x00000000                PROVIDE (PendSVC, 0x0)
                0x00000000                PROVIDE (PendSV_Handler, 0x0)
                0x00000000                PROVIDE (SysTickHandler, 0x0)
                0x00000000                PROVIDE (SysTick_Handler, 0x0)
                0x00000000                PROVIDE (WWDG_IRQHandler, 0x0)
                0x00000000                PROVIDE (PVD_IRQHandler, 0x0)
                0x00000000                PROVIDE (TAMPER_IRQHandler, 0x0)
                0x00000000                PROVIDE (RTC_IRQHandler, 0x0)
                0x00000000                PROVIDE (FLASH_IRQHandler, 0x0)
                0x00000000                PROVIDE (RCC_IRQHandler, 0x0)
                0x00000000                PROVIDE (EXTI0_IRQHandler, 0x0)
                0x00000000                PROVIDE (EXTI1_IRQHandler, 0x0)
                0x00000000                PROVIDE (EXTI2_IRQHandler, 0x0)
                0x00000000                PROVIDE (EXTI3_IRQHandler, 0x0)
                0x00000000                PROVIDE (EXTI4_IRQHandler, 0x0)
                0x00000000                PROVIDE (DMAChannel1_IRQHandler, 0x0)
                0x00000000                PROVIDE (DMAChannel2_IRQHandler, 0x0)
                0x00000000                PROVIDE (DMAChannel3_IRQHandler, 0x0)
                0x00000000                PROVIDE (DMAChannel4_IRQHandler, 0x0)
                0x00000000                PROVIDE (DMAChannel5_IRQHandler, 0x0)
                0x00000000                PROVIDE (DMAChannel6_IRQHandler, 0x0)
                0x00000000                PROVIDE (DMAChannel7_IRQHandler, 0x0)
                0x00000000                PROVIDE (DMA1_Channel1_IRQHandler, 0x0)
                0x00000000                PROVIDE (DMA1_Channel2_IRQHandler, 0x0)
                0x00000000                PROVIDE (DMA1_Channel3_IRQHandler, 0x0)
                0x00000000                PROVIDE (DMA1_Channel4_IRQHandler, 0x0)
                0x00000000                PROVIDE (DMA1_Channel5_IRQHandler, 0x0)
                0x00000000                PROVIDE (DMA1_Channel6_IRQHandler, 0x0)
                0x00000000                PROVIDE (DMA1_Channel7_IRQHandler, 0x0)
                0x00000000                PROVIDE (ADC_IRQHandler, 0x0)
                0x00000000                PROVIDE (ADC1_2_IRQHandler, 0x0)
                0x00000000                PROVIDE (USB_HP_CAN_TX_IRQHandler, 0x0)
                0x00000000                PROVIDE (USB_HP_CAN1_TX_IRQHandler, 0x0)
                0x00000000                PROVIDE (USB_LP_CAN_RX0_IRQHandler, 0x0)
                0x00000000                PROVIDE (USB_LP_CAN1_RX0_IRQHandler, 0x0)
                0x00000000                PROVIDE (CAN_RX1_IRQHandler, 0x0)
                0x00000000                PROVIDE (CAN1_RX1_IRQHandler, 0x0)
                0x00000000                PROVIDE (CAN_SCE_IRQHandler, 0x0)
                0x00000000                PROVIDE (CAN1_SCE_IRQHandler, 0x0)
                0x00000000                PROVIDE (EXTI9_5_IRQHandler, 0x0)
                0x00000000                PROVIDE (TIM1_BRK_IRQHandler, 0x0)
                0x00000000                PROVIDE (TIM1_UP_IRQHandler, 0x0)
                0x00000000                PROVIDE (TIM1_TRG_COM_IRQHandler, 0x0)
                0x00000000                PROVIDE (TIM1_CC_IRQHandler, 0x0)
                0x00000000                PROVIDE (TIM2_IRQHandler, 0x0)
                0x00000000                PROVIDE (TIM3_IRQHandler, 0x0)
                0x00000000                PROVIDE (TIM4_IRQHandler, 0x0)
                0x00000000                PROVIDE (I2C1_EV_IRQHandler, 0x0)
                0x00000000                PROVIDE (I2C1_ER_IRQHandler, 0x0)
                0x00000000                PROVIDE (I2C2_EV_IRQHandler, 0x0)
                0x00000000                PROVIDE (I2C2_ER_IRQHandler, 0x0)
                0x00000000                PROVIDE (SPI1_IRQHandler, 0x0)
                0x00000000                PROVIDE (SPI2_IRQHandler, 0x0)
                0x00000000                PROVIDE (USART1_IRQHandler, 0x0)
                0x00000000                PROVIDE (USART2_IRQHandler, 0x0)
                0x00000000                PROVIDE (USART3_IRQHandler, 0x0)
                0x00000000                PROVIDE (EXTI15_10_IRQHandler, 0x0)
                0x00000000                PROVIDE (RTCAlarm_IRQHandler, 0x0)
                0x00000000                PROVIDE (USBWakeUp_IRQHandler, 0x0)
                0x00000000                PROVIDE (TIM8_BRK_IRQHandler, 0x0)
                0x00000000                PROVIDE (TIM8_UP_IRQHandler, 0x0)
                0x00000000                PROVIDE (TIM8_TRG_COM_IRQHandler, 0x0)
                0x00000000                PROVIDE (TIM8_CC_IRQHandler, 0x0)
                0x00000000                PROVIDE (ADC3_IRQHandler, 0x0)
                0x00000000                PROVIDE (FSMC_IRQHandler, 0x0)
                0x00000000                PROVIDE (SDIO_IRQHandler, 0x0)
                0x00000000                PROVIDE (TIM5_IRQHandler, 0x0)
                0x00000000                PROVIDE (SPI3_IRQHandler, 0x0)
                0x00000000                PROVIDE (UART4_IRQHandler, 0x0)
                0x00000000                PROVIDE (UART5_IRQHandler, 0x0)
                0x00000000                PROVIDE (TIM6_IRQHandler, 0x0)
                0x00000000                PROVIDE (TIM7_IRQHandler, 0x0)
                0x00000000                PROVIDE (DMA2_Channel1_IRQHandler, 0x0)
                0x00000000                PROVIDE (DMA2_Channel2_IRQHandler, 0x0)
                0x00000000                PROVIDE (DMA2_Channel3_IRQHandler, 0x0)
                0x00000000                PROVIDE (DMA2_Channel4_5_IRQHandler, 0x0)
                0x42000000                PERIPH_BB_BASE = 0x42000000
                0x22000000                SRAM_BB_BASE = 0x22000000
                0x20000000                SRAM_BASE = 0x20000000
                0x40000000                PERIPH_BASE = 0x40000000
                0x40022000                PROVIDE (FLASH_BASE, 0x40022000)
                0x1ffff800                PROVIDE (OB_BASE, 0x1ffff800)
                0x40000000                APB1PERIPH_BASE = PERIPH_BASE
                0x40010000                APB2PERIPH_BASE = (PERIPH_BASE + 0x10000)
                0x40020000                AHBPERIPH_BASE = (PERIPH_BASE + 0x20000)
                0x40000000                PROVIDE (TIM2, (APB1PERIPH_BASE + 0x0))
                0x40000400                PROVIDE (TIM3, (APB1PERIPH_BASE + 0x400))
                0x40000800                PROVIDE (TIM4, (APB1PERIPH_BASE + 0x800))
                0x40002800                PROVIDE (RTC, (APB1PERIPH_BASE + 0x2800))
                0x40002c00                PROVIDE (WWDG, (APB1PERIPH_BASE + 0x2c00))
                0x40003000                PROVIDE (IWDG, (APB1PERIPH_BASE + 0x3000))
                0x40003800                PROVIDE (SPI2, (APB1PERIPH_BASE + 0x3800))
                0x40004400                PROVIDE (USART2, (APB1PERIPH_BASE + 0x4400))
                0x40004800                PROVIDE (USART3, (APB1PERIPH_BASE + 0x4800))
                0x40005400                PROVIDE (I2C1, (APB1PERIPH_BASE + 0x5400))
                0x40005800                PROVIDE (I2C2, (APB1PERIPH_BASE + 0x5800))
                0x40006400                PROVIDE (CAN, (APB1PERIPH_BASE + 0x6400))
                0x40006c00                PROVIDE (BKP, (APB1PERIPH_BASE + 0x6c00))
                0x40007000                PROVIDE (PWR, (APB1PERIPH_BASE + 0x7000))
                0x40010000                PROVIDE (AFIO, (APB2PERIPH_BASE + 0x0))
                0x40010400                PROVIDE (EXTI, (APB2PERIPH_BASE + 0x400))
                0x40010800                PROVIDE (GPIOA, (APB2PERIPH_BASE + 0x800))
                0x40010c00                PROVIDE (GPIOB, (APB2PERIPH_BASE + 0xc00))
                0x40011000                PROVIDE (GPIOC, (APB2PERIPH_BASE + 0x1000))
                0x40011400                PROVIDE (GPIOD, (APB2PERIPH_BASE + 0x1400))
                0x40011800                PROVIDE (GPIOE, (APB2PERIPH_BASE + 0x1800))
                0x40012400                PROVIDE (ADC1, (APB2PERIPH_BASE + 0x2400))
                0x40012800                PROVIDE (ADC2, (APB2PERIPH_BASE + 0x2800))
                0x40012c00                PROVIDE (TIM1, (APB2PERIPH_BASE + 0x2c00))
                0x40013000                PROVIDE (SPI1, (APB2PERIPH_BASE + 0x3000))
                0x40013800                PROVIDE (USART1, (APB2PERIPH_BASE + 0x3800))
                0x40020000                PROVIDE (DMA, (AHBPERIPH_BASE + 0x0))
                0x40020008                PROVIDE (DMA_Channel1, (AHBPERIPH_BASE + 0x8))
                0x4002001c                PROVIDE (DMA_Channel2, (AHBPERIPH_BASE + 0x1c))
                0x40020030                PROVIDE (DMA_Channel3, (AHBPERIPH_BASE + 0x30))
                0x40020044                PROVIDE (DMA_Channel4, (AHBPERIPH_BASE + 0x44))
                0x40020058                PROVIDE (DMA_Channel5, (AHBPERIPH_BASE + 0x58))
                0x4002006c                PROVIDE (DMA_Channel6, (AHBPERIPH_BASE + 0x6c))
                0x40020080                PROVIDE (DMA_Channel7, (AHBPERIPH_BASE + 0x80))
                0x40021000                PROVIDE (RCC, (AHBPERIPH_BASE + 0x1000))
                0xe000e000                SCS_BASE = 0xe000e000
                0xe000e010                PROVIDE (SysTick, (SCS_BASE + 0x10))
                0xe000e100                PROVIDE (NVIC, (SCS_BASE + 0x100))
                0xe000ed00                PROVIDE (SCB, (SCS_BASE + 0xd00))
                0x20018000                _estack = 0x20018000

.isr_vector     0x08002000      0x1e4
                0x08002000                . = ALIGN (0x4)
 *(.isr_vector)
 .isr_vector    0x08002000      0x1e4 C:\Program Files (x86)\Raisonance\Ride\lib\ARM\startup_stm32f10x_hd.o
                0x08002000                g_pfnVectors
                0x080021e4                . = ALIGN (0x4)

.flash_start    0x00000000        0x0
                0x00000000                . = ALIGN (0x4)
 *(.flash_start)
 *(.flash_start.*)
                0x00000000                . = ALIGN (0x4)

.crp_patch      0x00000000        0x0
                0x00000000                . = ALIGN (0x4)
 *(.crp_patch)
                0x00000000                . = ALIGN (0x4)

.flashtext      0x080021e4        0x0
                0x080021e4                . = ALIGN (0x4)
 *(.flashtext)
                0x080021e4                . = ALIGN (0x4)

.text           0x080021e8     0xfd38
                0x080021e8                . = ALIGN (0x4)
 *(.text)
 .text          0x080021e8       0x20 c:/program files (x86)/raisonance/ride/arm-gcc/bin/../lib/gcc/arm-none-eabi/4.5.1/../../../../arm-none-eabi/lib/thumb2\libc.a(lib_a-malloc.o)
                0x080021e8                malloc
                0x080021f8                free
 .text          0x08002208      0x57c c:/program files (x86)/raisonance/ride/arm-gcc/bin/../lib/gcc/arm-none-eabi/4.5.1/../../../../arm-none-eabi/lib/thumb2\libc.a(lib_a-mallocr.o)
                0x08002208                _malloc_r
 .text          0x08002784        0x8 c:/program files (x86)/raisonance/ride/arm-gcc/bin/../lib/gcc/arm-none-eabi/4.5.1/../../../../arm-none-eabi/lib/thumb2\libc.a(lib_a-mlock.o)
                0x08002784                __malloc_lock
                0x08002788                __malloc_unlock
 .text          0x0800278c       0x14 c:/program files (x86)/raisonance/ride/arm-gcc/bin/../lib/gcc/arm-none-eabi/4.5.1/../../../../arm-none-eabi/lib/thumb2\libc.a(lib_a-realloc.o)
                0x0800278c                realloc
 .text          0x080027a0      0x41c c:/program files (x86)/raisonance/ride/arm-gcc/bin/../lib/gcc/arm-none-eabi/4.5.1/../../../../arm-none-eabi/lib/thumb2\libc.a(lib_a-reallocr.o)
                0x080027a0                _realloc_r
 .text          0x08002bbc       0xe0 c:/program files (x86)/raisonance/ride/arm-gcc/bin/../lib/gcc/arm-none-eabi/4.5.1/../../../../arm-none-eabi/lib/thumb2\libc.a(lib_a-s_modf.o)
                0x08002bbc                modf
 .text          0x08002c9c       0x28 c:/program files (x86)/raisonance/ride/arm-gcc/bin/../lib/gcc/arm-none-eabi/4.5.1/../../../../arm-none-eabi/lib/thumb2\libc.a(lib_a-sbrkr.o)
                0x08002c9c                _sbrk_r
 .text          0x08002cc4      0x240 c:/program files (x86)/raisonance/ride/arm-gcc/bin/../lib/gcc/arm-none-eabi/4.5.1/../../../../arm-none-eabi/lib/thumb2\libc.a(lib_a-freer.o)
                0x08002cc4                _malloc_trim_r
                0x08002d6c                _free_r
 .text          0x08002f04       0xa0 c:/program files (x86)/raisonance/ride/arm-gcc/bin/../lib/gcc/arm-none-eabi/4.5.1/../../../../arm-none-eabi/lib/thumb2\libc.a(lib_a-memmove.o)
                0x08002f04                memmove
 *fill*         0x08002fa4        0x4 00
 .text          0x08002fa8      0x278 c:/program files (x86)/raisonance/ride/arm-gcc/bin/../lib/gcc/arm-none-eabi/4.5.1/thumb2\libgcc.a(_udivsi3.o)
                0x08002fa8                __aeabi_uidiv
                0x08002fa8                __udivsi3
                0x08003204                __aeabi_uidivmod
 .text          0x08003220        0x4 c:/program files (x86)/raisonance/ride/arm-gcc/bin/../lib/gcc/arm-none-eabi/4.5.1/thumb2\libgcc.a(_dvmd_tls.o)
                0x08003220                __aeabi_idiv0
                0x08003220                __aeabi_ldiv0
 .text          0x08003224      0x370 c:/program files (x86)/raisonance/ride/arm-gcc/bin/../lib/gcc/arm-none-eabi/4.5.1/thumb2\libgcc.a(_arm_addsubdf3.o)
                0x08003224                __aeabi_drsub
                0x0800322c                __aeabi_dsub
                0x0800322c                __subdf3
                0x08003230                __aeabi_dadd
                0x08003230                __adddf3
                0x080034a8                __floatunsidf
                0x080034a8                __aeabi_ui2d
                0x080034c8                __floatsidf
                0x080034c8                __aeabi_i2d
                0x080034ec                __aeabi_f2d
                0x080034ec                __extendsfdf2
                0x08003528                __floatundidf
                0x08003528                __aeabi_ul2d
                0x08003538                __floatdidf
                0x08003538                __aeabi_l2d
 .text          0x08003594      0x424 c:/program files (x86)/raisonance/ride/arm-gcc/bin/../lib/gcc/arm-none-eabi/4.5.1/thumb2\libgcc.a(_arm_muldivdf3.o)
                0x08003594                __aeabi_dmul
                0x08003594                __muldf3
                0x080037e8                __divdf3
                0x080037e8                __aeabi_ddiv
 .text          0x080039b8      0x110 c:/program files (x86)/raisonance/ride/arm-gcc/bin/../lib/gcc/arm-none-eabi/4.5.1/thumb2\libgcc.a(_arm_cmpdf2.o)
                0x080039b8                __gtdf2
                0x080039b8                __gedf2
                0x080039c0                __ltdf2
                0x080039c0                __ledf2
                0x080039c8                __nedf2
                0x080039c8                __eqdf2
                0x080039c8                __cmpdf2
                0x08003a44                __aeabi_cdrcmple
                0x08003a54                __aeabi_cdcmpeq
                0x08003a54                __aeabi_cdcmple
                0x08003a64                __aeabi_dcmpeq
                0x08003a78                __aeabi_dcmplt
                0x08003a8c                __aeabi_dcmple
                0x08003aa0                __aeabi_dcmpge
                0x08003ab4                __aeabi_dcmpgt
 .text          0x08003ac8       0x50 c:/program files (x86)/raisonance/ride/arm-gcc/bin/../lib/gcc/arm-none-eabi/4.5.1/thumb2\libgcc.a(_arm_fixdfsi.o)
                0x08003ac8                __aeabi_d2iz
                0x08003ac8                __fixdfsi
 .text          0x08003b18       0x40 c:/program files (x86)/raisonance/ride/arm-gcc/bin/../lib/gcc/arm-none-eabi/4.5.1/thumb2\libgcc.a(_arm_fixunsdfsi.o)
                0x08003b18                __aeabi_d2uiz
                0x08003b18                __fixunsdfsi
 .text          0x08003b58       0xa0 c:/program files (x86)/raisonance/ride/arm-gcc/bin/../lib/gcc/arm-none-eabi/4.5.1/thumb2\libgcc.a(_arm_truncdfsf2.o)
                0x08003b58                __truncdfsf2
                0x08003b58                __aeabi_d2f
 .text          0x08003bf8      0x21c c:/program files (x86)/raisonance/ride/arm-gcc/bin/../lib/gcc/arm-none-eabi/4.5.1/thumb2\libgcc.a(_arm_addsubsf3.o)
                0x08003bf8                __aeabi_frsub
                0x08003c00                __subsf3
                0x08003c00                __aeabi_fsub
                0x08003c04                __aeabi_fadd
                0x08003c04                __addsf3
                0x08003d64                __aeabi_ui2f
                0x08003d64                __floatunsisf
                0x08003d6c                __aeabi_i2f
                0x08003d6c                __floatsisf
                0x08003d88                __aeabi_ul2f
                0x08003d88                __floatundisf
                0x08003d98                __aeabi_l2f
                0x08003d98                __floatdisf
 .text          0x08003e14       0x38 c:/program files (x86)/raisonance/ride/arm-gcc/bin/../lib/gcc/arm-none-eabi/4.5.1/thumb2\libgcc.a(_aeabi_ldivmod.o)
                0x08003e14                __aeabi_ldivmod
 .text          0x08003e4c       0x60 c:/program files (x86)/raisonance/ride/arm-gcc/bin/../lib/gcc/arm-none-eabi/4.5.1/thumb2\libgcc.a(bpabi.o)
                0x08003e4c                __gnu_ldivmod_helper
                0x08003e7c                __gnu_uldivmod_helper
 .text          0x08003eac      0x364 c:/program files (x86)/raisonance/ride/arm-gcc/bin/../lib/gcc/arm-none-eabi/4.5.1/thumb2\libgcc.a(_divdi3.o)
                0x08003eac                __divdi3
 .text          0x08004210      0x314 c:/program files (x86)/raisonance/ride/arm-gcc/bin/../lib/gcc/arm-none-eabi/4.5.1/thumb2\libgcc.a(_udivdi3.o)
                0x08004210                __udivdi3
 *(.text.*)
 .text.Reset_Handler
                0x08004524       0x50 C:\Program Files (x86)\Raisonance\Ride\lib\ARM\startup_stm32f10x_hd.o
                0x08004524                Reset_Handler
 .text.SystemInit_ExtMemCtl_Dummy
                0x08004574        0x2 C:\Program Files (x86)\Raisonance\Ride\lib\ARM\startup_stm32f10x_hd.o
                0x08004574                SystemInit_ExtMemCtl
                0x08004574                SystemInit_ExtMemCtl_Dummy
 .text.Default_Handler
                0x08004576        0x2 C:\Program Files (x86)\Raisonance\Ride\lib\ARM\startup_stm32f10x_hd.o
                0x08004576                TIM8_TRG_COM_IRQHandler
                0x08004576                TIM8_CC_IRQHandler
                0x08004576                DebugMon_Handler
                0x08004576                TIM1_CC_IRQHandler
                0x08004576                HardFault_Handler
                0x08004576                TIM6_IRQHandler
                0x08004576                PVD_IRQHandler
                0x08004576                SDIO_IRQHandler
                0x08004576                PendSV_Handler
                0x08004576                NMI_Handler
                0x08004576                UsageFault_Handler
                0x08004576                SPI1_IRQHandler
                0x08004576                TAMPER_IRQHandler
                0x08004576                TIM8_UP_IRQHandler
                0x08004576                DMA2_Channel2_IRQHandler
                0x08004576                DMA1_Channel4_IRQHandler
                0x08004576                RTC_IRQHandler
                0x08004576                DMA1_Channel7_IRQHandler
                0x08004576                CAN1_RX1_IRQHandler
                0x08004576                UART5_IRQHandler
                0x08004576                ADC3_IRQHandler
                0x08004576                TIM4_IRQHandler
                0x08004576                DMA2_Channel1_IRQHandler
                0x08004576                I2C1_EV_IRQHandler
                0x08004576                DMA1_Channel6_IRQHandler
                0x08004576                UART4_IRQHandler
                0x08004576                TIM3_IRQHandler
                0x08004576                RCC_IRQHandler
                0x08004576                TIM1_TRG_COM_IRQHandler
                0x08004576                DMA1_Channel1_IRQHandler
                0x08004576                Default_Handler
                0x08004576                TIM7_IRQHandler
                0x08004576                TIM5_IRQHandler
                0x08004576                SPI2_IRQHandler
                0x08004576                MemManage_Handler
                0x08004576                SVC_Handler
                0x08004576                DMA1_Channel5_IRQHandler
                0x08004576                USB_LP_CAN1_RX0_IRQHandler
                0x08004576                USB_HP_CAN1_TX_IRQHandler
                0x08004576                FSMC_IRQHandler
                0x08004576                WWDG_IRQHandler
                0x08004576                TIM2_IRQHandler
                0x08004576                TIM1_BRK_IRQHandler
                0x08004576                RTCAlarm_IRQHandler
                0x08004576                DMA2_Channel4_5_IRQHandler
                0x08004576                USART2_IRQHandler
                0x08004576                DMA1_Channel2_IRQHandler
                0x08004576                TIM8_BRK_IRQHandler
                0x08004576                CAN1_SCE_IRQHandler
                0x08004576                FLASH_IRQHandler
                0x08004576                BusFault_Handler
                0x08004576                USART1_IRQHandler
                0x08004576                SPI3_IRQHandler
                0x08004576                USBWakeUp_IRQHandler
                0x08004576                DMA2_Channel3_IRQHandler
 .text.adcGetStatus
                0x08004578        0xc C:\Users\MightyDubster\Documents\Projects\pygmyos.code\Gems\pygmy_adc.o
                0x08004578                adcGetStatus
 .text.ADC1_2_IRQHandler
                0x08004584       0x10 C:\Users\MightyDubster\Documents\Projects\pygmyos.code\Gems\pygmy_adc.o
                0x08004584                ADC1_2_IRQHandler
 .text.adcSingleSampleInit
                0x08004594       0x44 C:\Users\MightyDubster\Documents\Projects\pygmyos.code\Gems\pygmy_adc.o
                0x08004594                adcSingleSampleInit
 .text.adcGetChannelFromPin
                0x080045d8       0x20 C:\Users\MightyDubster\Documents\Projects\pygmyos.code\Gems\pygmy_adc.o
                0x080045d8                adcGetChannelFromPin
 .text.adcSingleSample
                0x080045f8       0x2c C:\Users\MightyDubster\Documents\Projects\pygmyos.code\Gems\pygmy_adc.o
                0x080045f8                adcSingleSample
 .text.DMA1_Channel3_IRQHandler
                0x08004624       0x6c C:\Users\MightyDubster\Documents\Projects\pygmyos.code\Gems\pygmy_audio.o
                0x08004624                DMA1_Channel3_IRQHandler
 .text.cmdNull  0x08004690        0x4 C:\Users\MightyDubster\Documents\Projects\pygmyos.code\Gems\pygmy_cmd.o
                0x08004690                cmdNull
 .text.cmd_reset
                0x08004694       0x14 C:\Users\MightyDubster\Documents\Projects\pygmyos.code\Gems\pygmy_cmd.o
                0x08004694                cmd_reset
 .text.cmd_peek
                0x080046a8        0x4 C:\Users\MightyDubster\Documents\Projects\pygmyos.code\Gems\pygmy_cmd.o
                0x080046a8                cmd_peek
 .text.cmd_poke
                0x080046ac        0x4 C:\Users\MightyDubster\Documents\Projects\pygmyos.code\Gems\pygmy_cmd.o
                0x080046ac                cmd_poke
 .text.cmd_kill
                0x080046b0        0x4 C:\Users\MightyDubster\Documents\Projects\pygmyos.code\Gems\pygmy_cmd.o
                0x080046b0                cmd_kill
 .text.cmd_write
                0x080046b4        0xe C:\Users\MightyDubster\Documents\Projects\pygmyos.code\Gems\pygmy_cmd.o
                0x080046b4                cmd_write
 *fill*         0x080046c2        0x2 00
 .text.cmd_eeprom
                0x080046c4      0x1a0 C:\Users\MightyDubster\Documents\Projects\pygmyos.code\Gems\pygmy_cmd.o
                0x080046c4                cmd_eeprom
 .text.cmd_rfsend
                0x08004864       0x44 C:\Users\MightyDubster\Documents\Projects\pygmyos.code\Gems\pygmy_cmd.o
                0x08004864                cmd_rfsend
 .text.cmd_rfopen
                0x080048a8       0x18 C:\Users\MightyDubster\Documents\Projects\pygmyos.code\Gems\pygmy_cmd.o
                0x080048a8                cmd_rfopen
 .text.cmd_rfput
                0x080048c0       0x26 C:\Users\MightyDubster\Documents\Projects\pygmyos.code\Gems\pygmy_cmd.o
                0x080048c0                cmd_rfput
 .text.cmd_rfget
                0x080048e6       0x26 C:\Users\MightyDubster\Documents\Projects\pygmyos.code\Gems\pygmy_cmd.o
                0x080048e6                cmd_rfget
 .text.cmd_rfscan
                0x0800490c       0x2c C:\Users\MightyDubster\Documents\Projects\pygmyos.code\Gems\pygmy_cmd.o
                0x0800490c                cmd_rfscan
 .text.cmd_rflist
                0x08004938        0xa C:\Users\MightyDubster\Documents\Projects\pygmyos.code\Gems\pygmy_cmd.o
                0x08004938                cmd_rflist
 .text.cmd_humidity
                0x08004942       0x26 C:\Users\MightyDubster\Documents\Projects\pygmyos.code\Gems\pygmy_cmd.o
                0x08004942                cmd_humidity
 .text.cmd_cp   0x08004968       0x18 C:\Users\MightyDubster\Documents\Projects\pygmyos.code\Gems\pygmy_cmd.o
                0x08004968                cmd_cp
 .text.cmd_mv   0x08004980       0x16 C:\Users\MightyDubster\Documents\Projects\pygmyos.code\Gems\pygmy_cmd.o
                0x08004980                cmd_mv
 *fill*         0x08004996        0x2 00
 .text.cmd_open
                0x08004998       0x64 C:\Users\MightyDubster\Documents\Projects\pygmyos.code\Gems\pygmy_cmd.o
                0x08004998                cmd_open
 .text.cmd_close
                0x080049fc        0xe C:\Users\MightyDubster\Documents\Projects\pygmyos.code\Gems\pygmy_cmd.o
                0x080049fc                cmd_close
 .text.cmd_rm   0x08004a0a       0x10 C:\Users\MightyDubster\Documents\Projects\pygmyos.code\Gems\pygmy_cmd.o
                0x08004a0a                cmd_rm
 .text.cmd_ls   0x08004a1a        0xc C:\Users\MightyDubster\Documents\Projects\pygmyos.code\Gems\pygmy_cmd.o
                0x08004a1a                cmd_ls
 *fill*         0x08004a26        0x2 00
 .text.cmd_read
                0x08004a28       0x8c C:\Users\MightyDubster\Documents\Projects\pygmyos.code\Gems\pygmy_cmd.o
                0x08004a28                cmd_read
 .text.cmd_format
                0x08004ab4       0x10 C:\Users\MightyDubster\Documents\Projects\pygmyos.code\Gems\pygmy_cmd.o
                0x08004ab4                cmd_format
 .text.cmd_mnt  0x08004ac4        0xa C:\Users\MightyDubster\Documents\Projects\pygmyos.code\Gems\pygmy_cmd.o
                0x08004ac4                cmd_mnt
 *fill*         0x08004ace        0x2 00
 .text.cmd_pinconfig
                0x08004ad0       0x78 C:\Users\MightyDubster\Documents\Projects\pygmyos.code\Gems\pygmy_cmd.o
                0x08004ad0                cmd_pinconfig
 .text.cmd_pinpwm
                0x08004b48       0x34 C:\Users\MightyDubster\Documents\Projects\pygmyos.code\Gems\pygmy_cmd.o
                0x08004b48                cmd_pinpwm
 .text.cmd_pinanalog
                0x08004b7c       0x30 C:\Users\MightyDubster\Documents\Projects\pygmyos.code\Gems\pygmy_cmd.o
                0x08004b7c                cmd_pinanalog
 .text.cmd_pinget
                0x08004bac       0x24 C:\Users\MightyDubster\Documents\Projects\pygmyos.code\Gems\pygmy_cmd.o
                0x08004bac                cmd_pinget
 .text.cmd_pinset
                0x08004bd0       0x7c C:\Users\MightyDubster\Documents\Projects\pygmyos.code\Gems\pygmy_cmd.o
                0x08004bd0                cmd_pinset
 .text.cmd_pinevent
                0x08004c4c       0x48 C:\Users\MightyDubster\Documents\Projects\pygmyos.code\Gems\pygmy_cmd.o
                0x08004c4c                cmd_pinevent
 .text.cmdPinEvent
                0x08004c94       0x60 C:\Users\MightyDubster\Documents\Projects\pygmyos.code\Gems\pygmy_cmd.o
                0x08004c94                cmdPinEvent
 .text.cmd_ps   0x08004cf4      0x12c C:\Users\MightyDubster\Documents\Projects\pygmyos.code\Gems\pygmy_cmd.o
                0x08004cf4                cmd_ps
 .text.cmdInit  0x08004e20       0x5c C:\Users\MightyDubster\Documents\Projects\pygmyos.code\Gems\pygmy_cmd.o
                0x08004e20                cmdInit
 .text.cmdExecute
                0x08004e7c       0x84 C:\Users\MightyDubster\Documents\Projects\pygmyos.code\Gems\pygmy_cmd.o
                0x08004e7c                cmdExecute
 .text.cmdGetsCOM3
                0x08004f00       0x30 C:\Users\MightyDubster\Documents\Projects\pygmyos.code\Gems\pygmy_cmd.o
                0x08004f00                cmdGetsCOM3
 .text.cmdOpenPort
                0x08004f30       0xd4 C:\Users\MightyDubster\Documents\Projects\pygmyos.code\Gems\pygmy_cmd.o
                0x08004f30                cmdOpenPort
 .text.cmdWritePort
                0x08005004       0x54 C:\Users\MightyDubster\Documents\Projects\pygmyos.code\Gems\pygmy_cmd.o
                0x08005004                cmdWritePort
 .text.cmdReadPort
                0x08005058       0x54 C:\Users\MightyDubster\Documents\Projects\pygmyos.code\Gems\pygmy_cmd.o
                0x08005058                cmdReadPort
 .text.cmd_port
                0x080050ac      0x284 C:\Users\MightyDubster\Documents\Projects\pygmyos.code\Gems\pygmy_cmd.o
                0x080050ac                cmd_port
 .text.spiWriteByte
                0x08005330       0x2c C:\Users\MightyDubster\Documents\Projects\pygmyos.code\Gems\pygmy_com.o
                0x08005330                spiWriteByte
 .text.spiWriteLong
                0x0800535c       0x2c C:\Users\MightyDubster\Documents\Projects\pygmyos.code\Gems\pygmy_com.o
                0x0800535c                spiWriteLong
 .text.spiReadByte
                0x08005388       0x30 C:\Users\MightyDubster\Documents\Projects\pygmyos.code\Gems\pygmy_com.o
                0x08005388                spiReadByte
 .text.spiReadBuffer
                0x080053b8       0x2c C:\Users\MightyDubster\Documents\Projects\pygmyos.code\Gems\pygmy_com.o
                0x080053b8                spiReadBuffer
 .text.spiWriteBuffer
                0x080053e4       0x2c C:\Users\MightyDubster\Documents\Projects\pygmyos.code\Gems\pygmy_com.o
                0x080053e4                spiWriteBuffer
 .text.spiConfig
                0x08005410       0xa8 C:\Users\MightyDubster\Documents\Projects\pygmyos.code\Gems\pygmy_com.o
                0x08005410                spiConfig
 .text.I2C1_ER_IRQHandler
                0x080054b8        0x2 C:\Users\MightyDubster\Documents\Projects\pygmyos.code\Gems\pygmy_com.o
                0x080054b8                I2C1_ER_IRQHandler
 .text.I2C2_EV_IRQHandler
                0x080054ba        0x2 C:\Users\MightyDubster\Documents\Projects\pygmyos.code\Gems\pygmy_com.o
                0x080054ba                I2C2_EV_IRQHandler
 .text.I2C2_ER_IRQHandler
                0x080054bc        0x2 C:\Users\MightyDubster\Documents\Projects\pygmyos.code\Gems\pygmy_com.o
                0x080054bc                I2C2_ER_IRQHandler
 *fill*         0x080054be        0x2 00
 .text.i2cConfig
                0x080054c0       0xb8 C:\Users\MightyDubster\Documents\Projects\pygmyos.code\Gems\pygmy_com.o
                0x080054c0                i2cConfig
 .text.i2cDelay
                0x08005578       0x12 C:\Users\MightyDubster\Documents\Projects\pygmyos.code\Gems\pygmy_com.o
                0x08005578                i2cDelay
 .text.i2cStart
                0x0800558a       0x4e C:\Users\MightyDubster\Documents\Projects\pygmyos.code\Gems\pygmy_com.o
                0x0800558a                i2cStart
 .text.i2cStop  0x080055d8       0x4c C:\Users\MightyDubster\Documents\Projects\pygmyos.code\Gems\pygmy_com.o
                0x080055d8                i2cStop
 .text.i2cWriteBit
                0x08005624       0x5c C:\Users\MightyDubster\Documents\Projects\pygmyos.code\Gems\pygmy_com.o
                0x08005624                i2cWriteBit
 .text.i2cReadBit
                0x08005680       0x46 C:\Users\MightyDubster\Documents\Projects\pygmyos.code\Gems\pygmy_com.o
                0x08005680                i2cReadBit
 .text.i2cWriteByte
                0x080056c6       0x32 C:\Users\MightyDubster\Documents\Projects\pygmyos.code\Gems\pygmy_com.o
                0x080056c6                i2cWriteByte
 .text.i2cWriteBuffer
                0x080056f8       0x4c C:\Users\MightyDubster\Documents\Projects\pygmyos.code\Gems\pygmy_com.o
                0x080056f8                i2cWriteBuffer
 .text.i2cReadByte
                0x08005744       0x28 C:\Users\MightyDubster\Documents\Projects\pygmyos.code\Gems\pygmy_com.o
                0x08005744                i2cReadByte
 .text.i2cReadBuffer
                0x0800576c       0x46 C:\Users\MightyDubster\Documents\Projects\pygmyos.code\Gems\pygmy_com.o
                0x0800576c                i2cReadBuffer
 *fill*         0x080057b2        0x2 00
 .text.streamReset
                0x080057b4       0x44 C:\Users\MightyDubster\Documents\Projects\pygmyos.code\Gems\pygmy_com.o
                0x080057b4                streamReset
 .text.streamInit
                0x080057f8       0x14 C:\Users\MightyDubster\Documents\Projects\pygmyos.code\Gems\pygmy_com.o
                0x080057f8                streamInit
 .text.streamGetSTDIO
                0x0800580c        0xc C:\Users\MightyDubster\Documents\Projects\pygmyos.code\Gems\pygmy_com.o
                0x0800580c                streamGetSTDIO
 .text.streamSetSTDIO
                0x08005818       0x4c C:\Users\MightyDubster\Documents\Projects\pygmyos.code\Gems\pygmy_com.o
                0x08005818                streamSetSTDIO
 .text.streamEchoChar
                0x08005864       0x24 C:\Users\MightyDubster\Documents\Projects\pygmyos.code\Gems\pygmy_com.o
                0x08005864                streamEchoChar
 .text.streamGetChar
                0x08005888       0x34 C:\Users\MightyDubster\Documents\Projects\pygmyos.code\Gems\pygmy_com.o
                0x08005888                streamGetChar
 .text.streamFIFOToString
                0x080058bc       0x28 C:\Users\MightyDubster\Documents\Projects\pygmyos.code\Gems\pygmy_com.o
                0x080058bc                streamFIFOToString
 .text.streamPopChar
                0x080058e4       0x38 C:\Users\MightyDubster\Documents\Projects\pygmyos.code\Gems\pygmy_com.o
                0x080058e4                streamPopChar
 .text.streamPushChar
                0x0800591c       0x34 C:\Users\MightyDubster\Documents\Projects\pygmyos.code\Gems\pygmy_com.o
                0x0800591c                streamPushChar
 .text.streamSetPut
                0x08005950       0x1c C:\Users\MightyDubster\Documents\Projects\pygmyos.code\Gems\pygmy_com.o
                0x08005950                streamSetPut
 .text.streamSetGet
                0x0800596c       0x1c C:\Users\MightyDubster\Documents\Projects\pygmyos.code\Gems\pygmy_com.o
                0x0800596c                streamSetGet
 .text.streamSetRXBuffer
                0x08005988       0x20 C:\Users\MightyDubster\Documents\Projects\pygmyos.code\Gems\pygmy_com.o
                0x08005988                streamSetRXBuffer
 .text.streamEnableEcho
                0x080059a8       0x1c C:\Users\MightyDubster\Documents\Projects\pygmyos.code\Gems\pygmy_com.o
                0x080059a8                streamEnableEcho
 .text.streamEnableActionChars
                0x080059c4       0x1c C:\Users\MightyDubster\Documents\Projects\pygmyos.code\Gems\pygmy_com.o
                0x080059c4                streamEnableActionChars
 .text.streamEnableBackspace
                0x080059e0       0x1c C:\Users\MightyDubster\Documents\Projects\pygmyos.code\Gems\pygmy_com.o
                0x080059e0                streamEnableBackspace
 .text.streamHandler
                0x080059fc       0x78 C:\Users\MightyDubster\Documents\Projects\pygmyos.code\Gems\pygmy_com.o
                0x080059fc                streamHandler
 .text.USART3_IRQHandler
                0x08005a74       0x24 C:\Users\MightyDubster\Documents\Projects\pygmyos.code\Gems\pygmy_com.o
                0x08005a74                USART3_IRQHandler
 .text.putsUSART3
                0x08005a98       0x20 C:\Users\MightyDubster\Documents\Projects\pygmyos.code\Gems\pygmy_com.o
                0x08005a98                putsUSART3
 .text.fileOpenResource
                0x08005ab8       0x2e C:\Users\MightyDubster\Documents\Projects\pygmyos.code\Gems\pygmy_file.o
                0x08005ab8                fileOpenResource
 .text.fileCopyHandle
                0x08005ae6       0x24 C:\Users\MightyDubster\Documents\Projects\pygmyos.code\Gems\pygmy_file.o
                0x08005ae6                fileCopyHandle
 .text.fileSetPosition
                0x08005b0a       0x3e C:\Users\MightyDubster\Documents\Projects\pygmyos.code\Gems\pygmy_file.o
                0x08005b0a                fileSetPosition
 .text.fileIsEOF
                0x08005b48        0x8 C:\Users\MightyDubster\Documents\Projects\pygmyos.code\Gems\pygmy_file.o
                0x08005b48                fileIsEOF
 .text.fileIsValidName
                0x08005b50       0x4c C:\Users\MightyDubster\Documents\Projects\pygmyos.code\Gems\pygmy_file.o
                0x08005b50                fileIsValidName
 .text.flashReadWord
                0x08005b9c       0x38 C:\Users\MightyDubster\Documents\Projects\pygmyos.code\Gems\pygmy_file.o
                0x08005b9c                flashReadWord
 .text.fileGetFAT
                0x08005bd4       0x5c C:\Users\MightyDubster\Documents\Projects\pygmyos.code\Gems\pygmy_file.o
                0x08005bd4                fileGetFAT
 .text.fileGetChar
                0x08005c30      0x128 C:\Users\MightyDubster\Documents\Projects\pygmyos.code\Gems\pygmy_file.o
                0x08005c30                fileGetChar
 .text.fileGetLong
                0x08005d58       0x5a C:\Users\MightyDubster\Documents\Projects\pygmyos.code\Gems\pygmy_file.o
                0x08005d58                fileGetLong
 .text.fileGetWord
                0x08005db2       0x32 C:\Users\MightyDubster\Documents\Projects\pygmyos.code\Gems\pygmy_file.o
                0x08005db2                fileGetWord
 .text.fileGetBuffer
                0x08005de4       0x2a C:\Users\MightyDubster\Documents\Projects\pygmyos.code\Gems\pygmy_file.o
                0x08005de4                fileGetBuffer
 *fill*         0x08005e0e        0x2 00
 .text.flashReadLong
                0x08005e10       0x50 C:\Users\MightyDubster\Documents\Projects\pygmyos.code\Gems\pygmy_file.o
                0x08005e10                flashReadLong
 .text.fileGetLength
                0x08005e60       0x40 C:\Users\MightyDubster\Documents\Projects\pygmyos.code\Gems\pygmy_file.o
                0x08005e60                fileGetLength
 .text.flashReadByte
                0x08005ea0       0x28 C:\Users\MightyDubster\Documents\Projects\pygmyos.code\Gems\pygmy_file.o
                0x08005ea0                flashReadByte
 .text.fileGetActiveFiles
                0x08005ec8       0x30 C:\Users\MightyDubster\Documents\Projects\pygmyos.code\Gems\pygmy_file.o
                0x08005ec8                fileGetActiveFiles
 .text.fileGetFreeSpace
                0x08005ef8       0x34 C:\Users\MightyDubster\Documents\Projects\pygmyos.code\Gems\pygmy_file.o
                0x08005ef8                fileGetFreeSpace
 .text.flashReadBuffer
                0x08005f2c       0x40 C:\Users\MightyDubster\Documents\Projects\pygmyos.code\Gems\pygmy_file.o
                0x08005f2c                flashReadBuffer
 .text.filePrintList
                0x08005f6c       0x84 C:\Users\MightyDubster\Documents\Projects\pygmyos.code\Gems\pygmy_file.o
                0x08005f6c                filePrintList
 .text.fileSeekName
                0x08005ff0       0x3c C:\Users\MightyDubster\Documents\Projects\pygmyos.code\Gems\pygmy_file.o
                0x08005ff0                fileSeekName
 .text.flashReadStatus
                0x0800602c       0x24 C:\Users\MightyDubster\Documents\Projects\pygmyos.code\Gems\pygmy_file.o
                0x0800602c                flashReadStatus
 .text.flashReadID
                0x08006050       0x30 C:\Users\MightyDubster\Documents\Projects\pygmyos.code\Gems\pygmy_file.o
                0x08006050                flashReadID
 .text.flashWaitForBusy
                0x08006080        0xe C:\Users\MightyDubster\Documents\Projects\pygmyos.code\Gems\pygmy_file.o
                0x08006080                flashWaitForBusy
 *fill*         0x0800608e        0x2 00
 .text.flashChipErase
                0x08006090       0x30 C:\Users\MightyDubster\Documents\Projects\pygmyos.code\Gems\pygmy_file.o
                0x08006090                flashChipErase
 .text.flashSectorErase
                0x080060c0       0x34 C:\Users\MightyDubster\Documents\Projects\pygmyos.code\Gems\pygmy_file.o
                0x080060c0                flashSectorErase
 .text.flashWriteByte
                0x080060f4       0x40 C:\Users\MightyDubster\Documents\Projects\pygmyos.code\Gems\pygmy_file.o
                0x080060f4                flashWriteByte
 .text.flashWriteBuffer
                0x08006134       0x1c C:\Users\MightyDubster\Documents\Projects\pygmyos.code\Gems\pygmy_file.o
                0x08006134                flashWriteBuffer
 .text.flashWriteString
                0x08006150       0x24 C:\Users\MightyDubster\Documents\Projects\pygmyos.code\Gems\pygmy_file.o
                0x08006150                flashWriteString
 .text.flashWriteLong
                0x08006174       0x20 C:\Users\MightyDubster\Documents\Projects\pygmyos.code\Gems\pygmy_file.o
                0x08006174                flashWriteLong
 .text.fileWriteLength
                0x08006194       0x54 C:\Users\MightyDubster\Documents\Projects\pygmyos.code\Gems\pygmy_file.o
                0x08006194                fileWriteLength
 .text.flashWriteWord
                0x080061e8       0x18 C:\Users\MightyDubster\Documents\Projects\pygmyos.code\Gems\pygmy_file.o
                0x080061e8                flashWriteWord
 .text.fileDeleteFATEntry
                0x08006200       0x98 C:\Users\MightyDubster\Documents\Projects\pygmyos.code\Gems\pygmy_file.o
                0x08006200                fileDeleteFATEntry
 .text.fileGetActiveFAT
                0x08006298       0x4c C:\Users\MightyDubster\Documents\Projects\pygmyos.code\Gems\pygmy_file.o
                0x08006298                fileGetActiveFAT
 .text.fileGetFreeFATEntry
                0x080062e4       0xbc C:\Users\MightyDubster\Documents\Projects\pygmyos.code\Gems\pygmy_file.o
                0x080062e4                fileGetFreeFATEntry
 .text.fileAllocateFAT
                0x080063a0       0x64 C:\Users\MightyDubster\Documents\Projects\pygmyos.code\Gems\pygmy_file.o
                0x080063a0                fileAllocateFAT
 .text.filePutChar
                0x08006404       0x98 C:\Users\MightyDubster\Documents\Projects\pygmyos.code\Gems\pygmy_file.o
                0x08006404                filePutChar
 .text.filePutString
                0x0800649c       0x1c C:\Users\MightyDubster\Documents\Projects\pygmyos.code\Gems\pygmy_file.o
                0x0800649c                filePutString
 .text.filePutBuffer
                0x080064b8       0x22 C:\Users\MightyDubster\Documents\Projects\pygmyos.code\Gems\pygmy_file.o
                0x080064b8                filePutBuffer
 *fill*         0x080064da        0x2 00
 .text.fileClose
                0x080064dc       0xa0 C:\Users\MightyDubster\Documents\Projects\pygmyos.code\Gems\pygmy_file.o
                0x080064dc                fileClose
 .text.fileGetFreeFileEntry
                0x0800657c       0xf4 C:\Users\MightyDubster\Documents\Projects\pygmyos.code\Gems\pygmy_file.o
                0x0800657c                fileGetFreeFileEntry
 .text.fileRename
                0x08006670       0x88 C:\Users\MightyDubster\Documents\Projects\pygmyos.code\Gems\pygmy_file.o
                0x08006670                fileRename
 .text.flashWriteEnable
                0x080066f8       0x44 C:\Users\MightyDubster\Documents\Projects\pygmyos.code\Gems\pygmy_file.o
                0x080066f8                flashWriteEnable
 .text.fileFormat
                0x0800673c       0xec C:\Users\MightyDubster\Documents\Projects\pygmyos.code\Gems\pygmy_file.o
                0x0800673c                fileFormat
 .text.fileMountRoot
                0x08006828       0xb4 C:\Users\MightyDubster\Documents\Projects\pygmyos.code\Gems\pygmy_file.o
                0x08006828                fileMountRoot
 .text.fileDelete
                0x080068dc       0x3c C:\Users\MightyDubster\Documents\Projects\pygmyos.code\Gems\pygmy_file.o
                0x080068dc                fileDelete
 .text.fileOpen
                0x08006918      0x104 C:\Users\MightyDubster\Documents\Projects\pygmyos.code\Gems\pygmy_file.o
                0x08006918                fileOpen
 .text.fileCopy
                0x08006a1c       0x4c C:\Users\MightyDubster\Documents\Projects\pygmyos.code\Gems\pygmy_file.o
                0x08006a1c                fileCopy
 .text.guiSetStyle
                0x08006a68        0xc C:\Users\MightyDubster\Documents\Projects\pygmyos.code\Gems\pygmy_gui.o
                0x08006a68                guiSetStyle
 .text.guiSetRadius
                0x08006a74        0xc C:\Users\MightyDubster\Documents\Projects\pygmyos.code\Gems\pygmy_gui.o
                0x08006a74                guiSetRadius
 .text.guiSetCursor
                0x08006a80        0xc C:\Users\MightyDubster\Documents\Projects\pygmyos.code\Gems\pygmy_gui.o
                0x08006a80                guiSetCursor
 .text.colorSetRGB
                0x08006a8c        0x8 C:\Users\MightyDubster\Documents\Projects\pygmyos.code\Gems\pygmy_gui.o
                0x08006a8c                colorSetRGB
 .text.colorCopy
                0x08006a94        0xe C:\Users\MightyDubster\Documents\Projects\pygmyos.code\Gems\pygmy_gui.o
                0x08006a94                colorCopy
 .text.colorApply
                0x08006aa2        0xc C:\Users\MightyDubster\Documents\Projects\pygmyos.code\Gems\pygmy_gui.o
                0x08006aa2                colorApply
 *fill*         0x08006aae        0x2 00
 .text.colorGetRootColor
                0x08006ab0        0x8 C:\Users\MightyDubster\Documents\Projects\pygmyos.code\Gems\pygmy_gui.o
                0x08006ab0                colorGetRootColor
 .text.colorGetRootClearColor
                0x08006ab8        0x8 C:\Users\MightyDubster\Documents\Projects\pygmyos.code\Gems\pygmy_gui.o
                0x08006ab8                colorGetRootClearColor
 .text.colorGetRootFocusColor
                0x08006ac0        0x8 C:\Users\MightyDubster\Documents\Projects\pygmyos.code\Gems\pygmy_gui.o
                0x08006ac0                colorGetRootFocusColor
 .text.colorGetRootFocusBackColor
                0x08006ac8        0x8 C:\Users\MightyDubster\Documents\Projects\pygmyos.code\Gems\pygmy_gui.o
                0x08006ac8                colorGetRootFocusBackColor
 .text.colorGetRootBackColor
                0x08006ad0        0x8 C:\Users\MightyDubster\Documents\Projects\pygmyos.code\Gems\pygmy_gui.o
                0x08006ad0                colorGetRootBackColor
 .text.fontSetColor
                0x08006ad8       0x38 C:\Users\MightyDubster\Documents\Projects\pygmyos.code\Gems\pygmy_gui.o
                0x08006ad8                fontSetColor
 .text.fontSetBackColor
                0x08006b10       0x38 C:\Users\MightyDubster\Documents\Projects\pygmyos.code\Gems\pygmy_gui.o
                0x08006b10                fontSetBackColor
 .text.fontGetActive
                0x08006b48        0xc C:\Users\MightyDubster\Documents\Projects\pygmyos.code\Gems\pygmy_gui.o
                0x08006b48                fontGetActive
 .text.fontSetAll
                0x08006b54       0x10 C:\Users\MightyDubster\Documents\Projects\pygmyos.code\Gems\pygmy_gui.o
                0x08006b54                fontSetAll
 .text.guiClearArea
                0x08006b64       0x22 C:\Users\MightyDubster\Documents\Projects\pygmyos.code\Gems\pygmy_gui.o
                0x08006b64                guiClearArea
 .text.guiClearScreen
                0x08006b86        0xe C:\Users\MightyDubster\Documents\Projects\pygmyos.code\Gems\pygmy_gui.o
                0x08006b86                guiClearScreen
 .text.guiInitSprites
                0x08006b94       0x20 C:\Users\MightyDubster\Documents\Projects\pygmyos.code\Gems\pygmy_gui.o
                0x08006b94                guiInitSprites
 .text.guiGetSprite
                0x08006bb4       0x28 C:\Users\MightyDubster\Documents\Projects\pygmyos.code\Gems\pygmy_gui.o
                0x08006bb4                guiGetSprite
 .text.guiCreateSprite
                0x08006bdc       0x7c C:\Users\MightyDubster\Documents\Projects\pygmyos.code\Gems\pygmy_gui.o
                0x08006bdc                guiCreateSprite
 .text.guiDeleteSprite
                0x08006c58       0x2c C:\Users\MightyDubster\Documents\Projects\pygmyos.code\Gems\pygmy_gui.o
                0x08006c58                guiDeleteSprite
 .text.guiRemoveSpriteCoords
                0x08006c84       0x6c C:\Users\MightyDubster\Documents\Projects\pygmyos.code\Gems\pygmy_gui.o
                0x08006c84                guiRemoveSpriteCoords
 .text.guiGetHeader
                0x08006cf0       0x24 C:\Users\MightyDubster\Documents\Projects\pygmyos.code\Gems\pygmy_gui.o
                0x08006cf0                guiGetHeader
 .text.guiGetEntries
                0x08006d14       0x26 C:\Users\MightyDubster\Documents\Projects\pygmyos.code\Gems\pygmy_gui.o
                0x08006d14                guiGetEntries
 .text.guiGetImage
                0x08006d3a       0x5c C:\Users\MightyDubster\Documents\Projects\pygmyos.code\Gems\pygmy_gui.o
                0x08006d3a                guiGetImage
 *fill*         0x08006d96        0x2 00
 .text.fontLoad
                0x08006d98       0x74 C:\Users\MightyDubster\Documents\Projects\pygmyos.code\Gems\pygmy_gui.o
                0x08006d98                fontLoad
 .text.drawImage
                0x08006e0c      0x28c C:\Users\MightyDubster\Documents\Projects\pygmyos.code\Gems\pygmy_gui.o
                0x08006e0c                drawImage
 .text.drawSprite
                0x08007098       0x48 C:\Users\MightyDubster\Documents\Projects\pygmyos.code\Gems\pygmy_gui.o
                0x08007098                drawSprite
 .text.guiSpriteProcess
                0x080070e0       0x58 C:\Users\MightyDubster\Documents\Projects\pygmyos.code\Gems\pygmy_gui.o
                0x080070e0                guiSpriteProcess
 .text.drawString
                0x08007138       0x30 C:\Users\MightyDubster\Documents\Projects\pygmyos.code\Gems\pygmy_gui.o
                0x08007138                drawString
 .text.putsLCD  0x08007168        0xa C:\Users\MightyDubster\Documents\Projects\pygmyos.code\Gems\pygmy_gui.o
                0x08007168                putsLCD
 *fill*         0x08007172        0x2 00
 .text.formNew  0x08007174      0x14c C:\Users\MightyDubster\Documents\Projects\pygmyos.code\Gems\pygmy_gui.o
                0x08007174                formNew
 .text.widgetGetFocused
                0x080072c0       0x24 C:\Users\MightyDubster\Documents\Projects\pygmyos.code\Gems\pygmy_gui.o
                0x080072c0                widgetGetFocused
 .text.widgetGetCurrent
                0x080072e4       0x24 C:\Users\MightyDubster\Documents\Projects\pygmyos.code\Gems\pygmy_gui.o
                0x080072e4                widgetGetCurrent
 .text.widgetAddEventHandler
                0x08007308       0x30 C:\Users\MightyDubster\Documents\Projects\pygmyos.code\Gems\pygmy_gui.o
                0x08007308                widgetAddEventHandler
 .text.formGetWidgetCount
                0x08007338       0x1c C:\Users\MightyDubster\Documents\Projects\pygmyos.code\Gems\pygmy_gui.o
                0x08007338                formGetWidgetCount
 .text.formAddWidget
                0x08007354       0xfc C:\Users\MightyDubster\Documents\Projects\pygmyos.code\Gems\pygmy_gui.o
                0x08007354                formAddWidget
 .text.formFreeAll
                0x08007450       0x4c C:\Users\MightyDubster\Documents\Projects\pygmyos.code\Gems\pygmy_gui.o
                0x08007450                formFreeAll
 .text.drawLine
                0x0800749c       0xea C:\Users\MightyDubster\Documents\Projects\pygmyos.code\Gems\pygmy_gui.o
                0x0800749c                drawLine
 .text.drawRadius
                0x08007586      0x210 C:\Users\MightyDubster\Documents\Projects\pygmyos.code\Gems\pygmy_gui.o
                0x08007586                drawRadius
 .text.drawRect
                0x08007796      0x23a C:\Users\MightyDubster\Documents\Projects\pygmyos.code\Gems\pygmy_gui.o
                0x08007796                drawRect
 .text.drawWidget
                0x080079d0      0x4d8 C:\Users\MightyDubster\Documents\Projects\pygmyos.code\Gems\pygmy_gui.o
                0x080079d0                drawWidget
 .text.drawForms
                0x08007ea8       0x68 C:\Users\MightyDubster\Documents\Projects\pygmyos.code\Gems\pygmy_gui.o
                0x08007ea8                drawForms
 .text.formEventHandler
                0x08007f10      0x180 C:\Users\MightyDubster\Documents\Projects\pygmyos.code\Gems\pygmy_gui.o
                0x08007f10                formEventHandler
 .text.eventMouseClickRight
                0x08008090       0x18 C:\Users\MightyDubster\Documents\Projects\pygmyos.code\Gems\pygmy_gui.o
                0x08008090                eventMouseClickRight
 .text.eventMouseClickCenter
                0x080080a8       0x18 C:\Users\MightyDubster\Documents\Projects\pygmyos.code\Gems\pygmy_gui.o
                0x080080a8                eventMouseClickCenter
 .text.eventMouseClickLeft
                0x080080c0       0x18 C:\Users\MightyDubster\Documents\Projects\pygmyos.code\Gems\pygmy_gui.o
                0x080080c0                eventMouseClickLeft
 .text.eventMouseMoveRight
                0x080080d8       0x2c C:\Users\MightyDubster\Documents\Projects\pygmyos.code\Gems\pygmy_gui.o
                0x080080d8                eventMouseMoveRight
 .text.eventMouseMoveLeft
                0x08008104       0x20 C:\Users\MightyDubster\Documents\Projects\pygmyos.code\Gems\pygmy_gui.o
                0x08008104                eventMouseMoveLeft
 .text.eventMouseMoveDown
                0x08008124       0x30 C:\Users\MightyDubster\Documents\Projects\pygmyos.code\Gems\pygmy_gui.o
                0x08008124                eventMouseMoveDown
 .text.eventMouseMoveUp
                0x08008154       0x20 C:\Users\MightyDubster\Documents\Projects\pygmyos.code\Gems\pygmy_gui.o
                0x08008154                eventMouseMoveUp
 .text.formFocusPrevious
                0x08008174       0x74 C:\Users\MightyDubster\Documents\Projects\pygmyos.code\Gems\pygmy_gui.o
                0x08008174                formFocusPrevious
 .text.formFocusNext
                0x080081e8       0x78 C:\Users\MightyDubster\Documents\Projects\pygmyos.code\Gems\pygmy_gui.o
                0x080081e8                formFocusNext
 .text.formSetFocus
                0x08008260       0x34 C:\Users\MightyDubster\Documents\Projects\pygmyos.code\Gems\pygmy_gui.o
                0x08008260                formSetFocus
 .text.interruptGetTimerVector
                0x08008294       0x20 C:\Users\MightyDubster\Documents\Projects\pygmyos.code\Gems\pygmy_nvic.o
                0x08008294                interruptGetTimerVector
 .text.interruptEnable
                0x080082b4       0x2c C:\Users\MightyDubster\Documents\Projects\pygmyos.code\Gems\pygmy_nvic.o
                0x080082b4                interruptEnable
 .text.interruptSetPriority
                0x080082e0       0xbc C:\Users\MightyDubster\Documents\Projects\pygmyos.code\Gems\pygmy_nvic.o
                0x080082e0                interruptSetPriority
 .text.pinGetIRQPR
                0x0800839c        0xc C:\Users\MightyDubster\Documents\Projects\pygmyos.code\Gems\pygmy_port.o
                0x0800839c                pinGetIRQPR
 .text.pinGetIRQPin
                0x080083a8        0xc C:\Users\MightyDubster\Documents\Projects\pygmyos.code\Gems\pygmy_port.o
                0x080083a8                pinGetIRQPin
 .text.pinInterrupt
                0x080083b4       0xe8 C:\Users\MightyDubster\Documents\Projects\pygmyos.code\Gems\pygmy_port.o
                0x080083b4                pinInterrupt
 .text.pinEnablePortClock
                0x0800849c       0x5c C:\Users\MightyDubster\Documents\Projects\pygmyos.code\Gems\pygmy_port.o
                0x0800849c                pinEnablePortClock
 .text.pinGetPort
                0x080084f8       0x40 C:\Users\MightyDubster\Documents\Projects\pygmyos.code\Gems\pygmy_port.o
                0x080084f8                pinGetPort
 .text.pinSet   0x08008538       0x6c C:\Users\MightyDubster\Documents\Projects\pygmyos.code\Gems\pygmy_port.o
                0x08008538                pinSet
 .text.pinConfig
                0x080085a4       0x64 C:\Users\MightyDubster\Documents\Projects\pygmyos.code\Gems\pygmy_port.o
                0x080085a4                pinConfig
 .text.pinGet   0x08008608       0x54 C:\Users\MightyDubster\Documents\Projects\pygmyos.code\Gems\pygmy_port.o
                0x08008608                pinGet
 .text.pinGetTimer
                0x0800865c       0x5c C:\Users\MightyDubster\Documents\Projects\pygmyos.code\Gems\pygmy_port.o
                0x0800865c                pinGetTimer
 .text.pinGetChannel
                0x080086b8       0x34 C:\Users\MightyDubster\Documents\Projects\pygmyos.code\Gems\pygmy_port.o
                0x080086b8                pinGetChannel
 .text.pinInitSoftPWM
                0x080086ec       0x74 C:\Users\MightyDubster\Documents\Projects\pygmyos.code\Gems\pygmy_port.o
                0x080086ec                pinInitSoftPWM
 .text.pinAddSoftPWM
                0x08008760       0xe8 C:\Users\MightyDubster\Documents\Projects\pygmyos.code\Gems\pygmy_port.o
                0x08008760                pinAddSoftPWM
 .text.pinPWM   0x08008848      0x250 C:\Users\MightyDubster\Documents\Projects\pygmyos.code\Gems\pygmy_port.o
                0x08008848                pinPWM
 .text.pinProcessSoftPWM
                0x08008a98       0x4c C:\Users\MightyDubster\Documents\Projects\pygmyos.code\Gems\pygmy_port.o
                0x08008a98                pinProcessSoftPWM
 .text.TIM1_UP_IRQHandler
                0x08008ae4       0x10 C:\Users\MightyDubster\Documents\Projects\pygmyos.code\Gems\pygmy_port.o
                0x08008ae4                TIM1_UP_IRQHandler
 .text.EXTI0_IRQHandler
                0x08008af4       0x34 C:\Users\MightyDubster\Documents\Projects\pygmyos.code\Gems\pygmy_port.o
                0x08008af4                EXTI0_IRQHandler
 .text.EXTI1_IRQHandler
                0x08008b28       0x34 C:\Users\MightyDubster\Documents\Projects\pygmyos.code\Gems\pygmy_port.o
                0x08008b28                EXTI1_IRQHandler
 .text.EXTI2_IRQHandler
                0x08008b5c       0x34 C:\Users\MightyDubster\Documents\Projects\pygmyos.code\Gems\pygmy_port.o
                0x08008b5c                EXTI2_IRQHandler
 .text.EXTI3_IRQHandler
                0x08008b90       0x34 C:\Users\MightyDubster\Documents\Projects\pygmyos.code\Gems\pygmy_port.o
                0x08008b90                EXTI3_IRQHandler
 .text.EXTI4_IRQHandler
                0x08008bc4       0x34 C:\Users\MightyDubster\Documents\Projects\pygmyos.code\Gems\pygmy_port.o
                0x08008bc4                EXTI4_IRQHandler
 .text.EXTI9_5_IRQHandler
                0x08008bf8       0xe4 C:\Users\MightyDubster\Documents\Projects\pygmyos.code\Gems\pygmy_port.o
                0x08008bf8                EXTI9_5_IRQHandler
 .text.EXTI15_10_IRQHandler
                0x08008cdc      0x110 C:\Users\MightyDubster\Documents\Projects\pygmyos.code\Gems\pygmy_port.o
                0x08008cdc                EXTI15_10_IRQHandler
 .text.socketGetID
                0x08008dec        0xc C:\Users\MightyDubster\Documents\Projects\pygmyos.code\Gems\pygmy_rf.o
                0x08008dec                socketGetID
 .text.socketInit
                0x08008df8       0x34 C:\Users\MightyDubster\Documents\Projects\pygmyos.code\Gems\pygmy_rf.o
                0x08008df8                socketInit
 .text.socketList
                0x08008e2c       0xe8 C:\Users\MightyDubster\Documents\Projects\pygmyos.code\Gems\pygmy_rf.o
                0x08008e2c                socketList
 .text.socketGet
                0x08008f14       0x48 C:\Users\MightyDubster\Documents\Projects\pygmyos.code\Gems\pygmy_rf.o
                0x08008f14                socketGet
 .text.socketOpenFromPacket
                0x08008f5c       0xc8 C:\Users\MightyDubster\Documents\Projects\pygmyos.code\Gems\pygmy_rf.o
                0x08008f5c                socketOpenFromPacket
 .text.socketOpen
                0x08009024       0x28 C:\Users\MightyDubster\Documents\Projects\pygmyos.code\Gems\pygmy_rf.o
                0x08009024                socketOpen
 .text.socketCopy
                0x0800904c       0x94 C:\Users\MightyDubster\Documents\Projects\pygmyos.code\Gems\pygmy_rf.o
                0x0800904c                socketCopy
 .text.socketClose
                0x080090e0       0x80 C:\Users\MightyDubster\Documents\Projects\pygmyos.code\Gems\pygmy_rf.o
                0x080090e0                socketClose
 .text.socketSaveData
                0x08009160       0x20 C:\Users\MightyDubster\Documents\Projects\pygmyos.code\Gems\pygmy_rf.o
                0x08009160                socketSaveData
 .text.rfFlushTX
                0x08009180       0x20 C:\Users\MightyDubster\Documents\Projects\pygmyos.code\Gems\pygmy_rf.o
                0x08009180                rfFlushTX
 .text.rfFlushRX
                0x080091a0       0x20 C:\Users\MightyDubster\Documents\Projects\pygmyos.code\Gems\pygmy_rf.o
                0x080091a0                rfFlushRX
 .text.rfGetStatus
                0x080091c0       0x1c C:\Users\MightyDubster\Documents\Projects\pygmyos.code\Gems\pygmy_rf.o
                0x080091c0                rfGetStatus
 .text.rfGetRXPayloadLen
                0x080091dc       0x24 C:\Users\MightyDubster\Documents\Projects\pygmyos.code\Gems\pygmy_rf.o
                0x080091dc                rfGetRXPayloadLen
 .text.rfClearStatus
                0x08009200       0x28 C:\Users\MightyDubster\Documents\Projects\pygmyos.code\Gems\pygmy_rf.o
                0x08009200                rfClearStatus
 .text.rfSetRX  0x08009228       0x40 C:\Users\MightyDubster\Documents\Projects\pygmyos.code\Gems\pygmy_rf.o
                0x08009228                rfSetRX
 .text.rfSetTX  0x08009268       0x40 C:\Users\MightyDubster\Documents\Projects\pygmyos.code\Gems\pygmy_rf.o
                0x08009268                rfSetTX
 .text.rfPutTXBuffer
                0x080092a8       0x94 C:\Users\MightyDubster\Documents\Projects\pygmyos.code\Gems\pygmy_rf.o
                0x080092a8                rfPutTXBuffer
 .text.socketSendAck
                0x0800933c       0x58 C:\Users\MightyDubster\Documents\Projects\pygmyos.code\Gems\pygmy_rf.o
                0x0800933c                socketSendAck
 .text.socketSendClose
                0x08009394       0x64 C:\Users\MightyDubster\Documents\Projects\pygmyos.code\Gems\pygmy_rf.o
                0x08009394                socketSendClose
 .text.socketSendData
                0x080093f8       0x9c C:\Users\MightyDubster\Documents\Projects\pygmyos.code\Gems\pygmy_rf.o
                0x080093f8                socketSendData
 .text.socketSendDataFromString
                0x08009494       0xc0 C:\Users\MightyDubster\Documents\Projects\pygmyos.code\Gems\pygmy_rf.o
                0x08009494                socketSendDataFromString
 .text.socketControl
                0x08009554       0xbc C:\Users\MightyDubster\Documents\Projects\pygmyos.code\Gems\pygmy_rf.o
                0x08009554                socketControl
 .text.socketSendControl
                0x08009610       0x70 C:\Users\MightyDubster\Documents\Projects\pygmyos.code\Gems\pygmy_rf.o
                0x08009610                socketSendControl
 .text.socketCommandLine
                0x08009680       0x8c C:\Users\MightyDubster\Documents\Projects\pygmyos.code\Gems\pygmy_rf.o
                0x08009680                socketCommandLine
 .text.socketOpenCommandLine
                0x0800970c       0x74 C:\Users\MightyDubster\Documents\Projects\pygmyos.code\Gems\pygmy_rf.o
                0x0800970c                socketOpenCommandLine
 .text.socketFile
                0x08009780       0xf8 C:\Users\MightyDubster\Documents\Projects\pygmyos.code\Gems\pygmy_rf.o
                0x08009780                socketFile
 .text.socketRequestFile
                0x08009878       0x78 C:\Users\MightyDubster\Documents\Projects\pygmyos.code\Gems\pygmy_rf.o
                0x08009878                socketRequestFile
 .text.socketSendFile
                0x080098f0       0x44 C:\Users\MightyDubster\Documents\Projects\pygmyos.code\Gems\pygmy_rf.o
                0x080098f0                socketSendFile
 .text.socketResend
                0x08009934       0x20 C:\Users\MightyDubster\Documents\Projects\pygmyos.code\Gems\pygmy_rf.o
                0x08009934                socketResend
 .text.socketHandler
                0x08009954      0x378 C:\Users\MightyDubster\Documents\Projects\pygmyos.code\Gems\pygmy_rf.o
                0x08009954                socketHandler
 .text.threadSocketMonitor
                0x08009ccc       0xac C:\Users\MightyDubster\Documents\Projects\pygmyos.code\Gems\pygmy_rf.o
                0x08009ccc                threadSocketMonitor
 .text.rfRX     0x08009d78       0x84 C:\Users\MightyDubster\Documents\Projects\pygmyos.code\Gems\pygmy_rf.o
                0x08009d78                rfRX
 .text.rfWriteAddress
                0x08009dfc       0x38 C:\Users\MightyDubster\Documents\Projects\pygmyos.code\Gems\pygmy_rf.o
                0x08009dfc                rfWriteAddress
 .text.rfInit   0x08009e34      0x100 C:\Users\MightyDubster\Documents\Projects\pygmyos.code\Gems\pygmy_rf.o
                0x08009e34                rfInit
 .text.timeInit
                0x08009f34       0xa4 C:\Users\MightyDubster\Documents\Projects\pygmyos.code\Gems\pygmy_rtc.o
                0x08009f34                timeInit
 .text.timeGet  0x08009fd8       0x14 C:\Users\MightyDubster\Documents\Projects\pygmyos.code\Gems\pygmy_rtc.o
                0x08009fd8                timeGet
 .text.convertSecondsToSystemTime
                0x08009fec       0xd0 C:\Users\MightyDubster\Documents\Projects\pygmyos.code\Gems\pygmy_rtc.o
                0x08009fec                convertSecondsToSystemTime
 .text.convertPinToString
                0x0800a0bc       0x24 C:\Users\MightyDubster\Documents\Projects\pygmyos.code\Gems\pygmy_string.o
                0x0800a0bc                convertPinToString
 .text.convertU16ToBuffer
                0x0800a0e0       0x12 C:\Users\MightyDubster\Documents\Projects\pygmyos.code\Gems\pygmy_string.o
                0x0800a0e0                convertU16ToBuffer
 .text.convertU32ToBuffer
                0x0800a0f2       0x26 C:\Users\MightyDubster\Documents\Projects\pygmyos.code\Gems\pygmy_string.o
                0x0800a0f2                convertU32ToBuffer
 .text.convertBufferToU16
                0x0800a118        0xa C:\Users\MightyDubster\Documents\Projects\pygmyos.code\Gems\pygmy_string.o
                0x0800a118                convertBufferToU16
 .text.convertBufferToU32
                0x0800a122       0x18 C:\Users\MightyDubster\Documents\Projects\pygmyos.code\Gems\pygmy_string.o
                0x0800a122                convertBufferToU32
 .text.isPrintable
                0x0800a13a        0xe C:\Users\MightyDubster\Documents\Projects\pygmyos.code\Gems\pygmy_string.o
                0x0800a13a                isPrintable
 .text.isCharInString
                0x0800a148       0x16 C:\Users\MightyDubster\Documents\Projects\pygmyos.code\Gems\pygmy_string.o
                0x0800a148                isCharInString
 .text.isAlpha  0x0800a15e       0x1c C:\Users\MightyDubster\Documents\Projects\pygmyos.code\Gems\pygmy_string.o
                0x0800a15e                isAlpha
 .text.isNumeric
                0x0800a17a        0xe C:\Users\MightyDubster\Documents\Projects\pygmyos.code\Gems\pygmy_string.o
                0x0800a17a                isNumeric
 .text.isAlphaOrNumeric
                0x0800a188       0x2a C:\Users\MightyDubster\Documents\Projects\pygmyos.code\Gems\pygmy_string.o
                0x0800a188                isAlphaOrNumeric
 .text.isNewline
                0x0800a1b2       0x1c C:\Users\MightyDubster\Documents\Projects\pygmyos.code\Gems\pygmy_string.o
                0x0800a1b2                isNewline
 .text.isWhitespace
                0x0800a1ce        0xe C:\Users\MightyDubster\Documents\Projects\pygmyos.code\Gems\pygmy_string.o
                0x0800a1ce                isWhitespace
 .text.isQuote  0x0800a1dc       0x14 C:\Users\MightyDubster\Documents\Projects\pygmyos.code\Gems\pygmy_string.o
                0x0800a1dc                isQuote
 .text.isSeparator
                0x0800a1f0       0x14 C:\Users\MightyDubster\Documents\Projects\pygmyos.code\Gems\pygmy_string.o
                0x0800a1f0                isSeparator
 .text.isPunctuation
                0x0800a204       0x14 C:\Users\MightyDubster\Documents\Projects\pygmyos.code\Gems\pygmy_string.o
                0x0800a204                isPunctuation
 .text.len      0x0800a218       0x20 C:\Users\MightyDubster\Documents\Projects\pygmyos.code\Gems\pygmy_string.o
                0x0800a218                len
 .text.convertCharToUpper
                0x0800a238       0x10 C:\Users\MightyDubster\Documents\Projects\pygmyos.code\Gems\pygmy_string.o
                0x0800a238                convertCharToUpper
 .text.isCharSameIgnoreCase
                0x0800a248       0x1a C:\Users\MightyDubster\Documents\Projects\pygmyos.code\Gems\pygmy_string.o
                0x0800a248                isCharSameIgnoreCase
 .text.isStringSameIgnoreCase
                0x0800a262       0x32 C:\Users\MightyDubster\Documents\Projects\pygmyos.code\Gems\pygmy_string.o
                0x0800a262                isStringSameIgnoreCase
 .text.isStringSame
                0x0800a294       0x34 C:\Users\MightyDubster\Documents\Projects\pygmyos.code\Gems\pygmy_string.o
                0x0800a294                isStringSame
 .text.getNextSubString
                0x0800a2c8       0xf0 C:\Users\MightyDubster\Documents\Projects\pygmyos.code\Gems\pygmy_string.o
                0x0800a2c8                getNextSubString
 .text.getAllSubStrings
                0x0800a3b8       0x42 C:\Users\MightyDubster\Documents\Projects\pygmyos.code\Gems\pygmy_string.o
                0x0800a3b8                getAllSubStrings
 .text.replaceChars
                0x0800a3fa       0x2c C:\Users\MightyDubster\Documents\Projects\pygmyos.code\Gems\pygmy_string.o
                0x0800a3fa                replaceChars
 .text.convertCharToInt
                0x0800a426       0x30 C:\Users\MightyDubster\Documents\Projects\pygmyos.code\Gems\pygmy_string.o
                0x0800a426                convertCharToInt
 .text.appendString
                0x0800a456       0x1c C:\Users\MightyDubster\Documents\Projects\pygmyos.code\Gems\pygmy_string.o
                0x0800a456                appendString
 .text.copyString
                0x0800a472       0x12 C:\Users\MightyDubster\Documents\Projects\pygmyos.code\Gems\pygmy_string.o
                0x0800a472                copyString
 .text.convertStringToInt
                0x0800a484       0xb4 C:\Users\MightyDubster\Documents\Projects\pygmyos.code\Gems\pygmy_string.o
                0x0800a484                convertStringToInt
 .text.convertIntToString
                0x0800a538      0x1a8 C:\Users\MightyDubster\Documents\Projects\pygmyos.code\Gems\pygmy_string.o
                0x0800a538                convertIntToString
 .text.convertFloatToString
                0x0800a6e0      0x148 C:\Users\MightyDubster\Documents\Projects\pygmyos.code\Gems\pygmy_string.o
                0x0800a6e0                convertFloatToString
 .text.convertStringToPin
                0x0800a828       0xcc C:\Users\MightyDubster\Documents\Projects\pygmyos.code\Gems\pygmy_string.o
                0x0800a828                convertStringToPin
 .text.TaskException_Handler
                0x0800a8f4        0x2 C:\Users\MightyDubster\Documents\Projects\pygmyos.code\Gems\pygmy_sys.o
                0x0800a8f4                TaskException_Handler
 *fill*         0x0800a8f6        0x2 00
 .text.putsFILE
                0x0800a8f8       0x10 C:\Users\MightyDubster\Documents\Projects\pygmyos.code\Gems\pygmy_sys.o
                0x0800a8f8                putsFILE
 .text.sysAllocate
                0x0800a908        0x4 C:\Users\MightyDubster\Documents\Projects\pygmyos.code\Gems\pygmy_sys.o
                0x0800a908                sysAllocate
 .text.sysReallocate
                0x0800a90c        0x4 C:\Users\MightyDubster\Documents\Projects\pygmyos.code\Gems\pygmy_sys.o
                0x0800a90c                sysReallocate
 .text.sysFree  0x0800a910        0x4 C:\Users\MightyDubster\Documents\Projects\pygmyos.code\Gems\pygmy_sys.o
                0x0800a910                sysFree
 .text.sysRandom
                0x0800a914       0x84 C:\Users\MightyDubster\Documents\Projects\pygmyos.code\Gems\pygmy_sys.o
                0x0800a914                sysRandom
 .text.sysEnableTimerClock
                0x0800a998       0xf8 C:\Users\MightyDubster\Documents\Projects\pygmyos.code\Gems\pygmy_sys.o
                0x0800a998                sysEnableTimerClock
 .text.sysEnableTimerInterrupt
                0x0800aa90       0x12 C:\Users\MightyDubster\Documents\Projects\pygmyos.code\Gems\pygmy_sys.o
                0x0800aa90                sysEnableTimerInterrupt
 *fill*         0x0800aaa2        0x2 00
 .text.sysGetDelayTimer
                0x0800aaa4        0xc C:\Users\MightyDubster\Documents\Projects\pygmyos.code\Gems\pygmy_sys.o
                0x0800aaa4                sysGetDelayTimer
 .text.sysGetPWMTimer
                0x0800aab0        0xc C:\Users\MightyDubster\Documents\Projects\pygmyos.code\Gems\pygmy_sys.o
                0x0800aab0                sysGetPWMTimer
 .text.sysGetMainClock
                0x0800aabc        0xc C:\Users\MightyDubster\Documents\Projects\pygmyos.code\Gems\pygmy_sys.o
                0x0800aabc                sysGetMainClock
 .text.cmdListQueue
                0x0800aac8        0xc C:\Users\MightyDubster\Documents\Projects\pygmyos.code\Gems\pygmy_sys.o
                0x0800aac8                cmdListQueue
 .text.sysCRC16
                0x0800aad4       0x1e C:\Users\MightyDubster\Documents\Projects\pygmyos.code\Gems\pygmy_sys.o
                0x0800aad4                sysCRC16
 *fill*         0x0800aaf2        0x2 00
 .text.pdiaEncode
                0x0800aaf4       0x78 C:\Users\MightyDubster\Documents\Projects\pygmyos.code\Gems\pygmy_sys.o
                0x0800aaf4                pdiaEncode
 .text.taskInit
                0x0800ab6c       0x44 C:\Users\MightyDubster\Documents\Projects\pygmyos.code\Gems\pygmy_sys.o
                0x0800ab6c                taskInit
 .text.taskNew  0x0800abb0       0x9c C:\Users\MightyDubster\Documents\Projects\pygmyos.code\Gems\pygmy_sys.o
                0x0800abb0                taskNew
 .text.taskNewSimple
                0x0800ac4c       0x12 C:\Users\MightyDubster\Documents\Projects\pygmyos.code\Gems\pygmy_sys.o
                0x0800ac4c                taskNewSimple
 *fill*         0x0800ac5e        0x2 00
 .text.taskIsRunning
                0x0800ac60       0x34 C:\Users\MightyDubster\Documents\Projects\pygmyos.code\Gems\pygmy_sys.o
                0x0800ac60                taskIsRunning
 .text.taskDelete
                0x0800ac94       0x54 C:\Users\MightyDubster\Documents\Projects\pygmyos.code\Gems\pygmy_sys.o
                0x0800ac94                taskDelete
 .text.taskProcess
                0x0800ace8       0x64 C:\Users\MightyDubster\Documents\Projects\pygmyos.code\Gems\pygmy_sys.o
                0x0800ace8                taskProcess
 .text.taskList
                0x0800ad4c       0x2c C:\Users\MightyDubster\Documents\Projects\pygmyos.code\Gems\pygmy_sys.o
                0x0800ad4c                taskList
 .text.msgInit  0x0800ad78       0x38 C:\Users\MightyDubster\Documents\Projects\pygmyos.code\Gems\pygmy_sys.o
                0x0800ad78                msgInit
 .text.sysInit  0x0800adb0       0xb4 C:\Users\MightyDubster\Documents\Projects\pygmyos.code\Gems\pygmy_sys.o
                0x0800adb0                sysInit
 .text.msgGetIndex
                0x0800ae64       0x3c C:\Users\MightyDubster\Documents\Projects\pygmyos.code\Gems\pygmy_sys.o
                0x0800ae64                msgGetIndex
 .text.msgDelete
                0x0800aea0       0x30 C:\Users\MightyDubster\Documents\Projects\pygmyos.code\Gems\pygmy_sys.o
                0x0800aea0                msgDelete
 .text.msgSend  0x0800aed0       0x44 C:\Users\MightyDubster\Documents\Projects\pygmyos.code\Gems\pygmy_sys.o
                0x0800aed0                msgSend
 .text.msgProcess
                0x0800af14       0x94 C:\Users\MightyDubster\Documents\Projects\pygmyos.code\Gems\pygmy_sys.o
                0x0800af14                msgProcess
 .text.msgList  0x0800afa8       0x24 C:\Users\MightyDubster\Documents\Projects\pygmyos.code\Gems\pygmy_sys.o
                0x0800afa8                msgList
 .text.sysGetID
                0x0800afcc        0x8 C:\Users\MightyDubster\Documents\Projects\pygmyos.code\Gems\pygmy_sys.o
                0x0800afcc                sysGetID
 .text.sysGetFile
                0x0800afd4        0x8 C:\Users\MightyDubster\Documents\Projects\pygmyos.code\Gems\pygmy_sys.o
                0x0800afd4                sysGetFile
 .text.descriptorGetID
                0x0800afdc       0x18 C:\Users\MightyDubster\Documents\Projects\pygmyos.code\Gems\pygmy_sys.o
                0x0800afdc                descriptorGetID
 .text.print    0x0800aff4      0x208 C:\Users\MightyDubster\Documents\Projects\pygmyos.code\Gems\pygmy_sys.o
                0x0800aff4                print
 .text.println  0x0800b1fc       0x20 C:\Users\MightyDubster\Documents\Projects\pygmyos.code\Gems\pygmy_sys.o
                0x0800b1fc                println
 .text.sysGetTimer
                0x0800b21c       0x18 C:\Users\MightyDubster\Documents\Projects\pygmyos.code\Gems\pygmy_sys.o
                0x0800b21c                sysGetTimer
 .text.delay    0x0800b234       0xc0 C:\Users\MightyDubster\Documents\Projects\pygmyos.code\Gems\pygmy_sys.o
                0x0800b234                delay
 .text.delayms  0x0800b2f4        0xa C:\Users\MightyDubster\Documents\Projects\pygmyos.code\Gems\pygmy_sys.o
                0x0800b2f4                delayms
 *fill*         0x0800b2fe        0x2 00
 .text.SysTick_Handler
                0x0800b300       0x3c C:\Users\MightyDubster\Documents\Projects\pygmyos.code\Gems\pygmy_sys.o
                0x0800b300                SysTick_Handler
 .text.drawRFTest
                0x0800b33c      0x11c C:\Users\MightyDubster\Documents\Projects\pygmyos.code\Gems\main.o
                0x0800b33c                drawRFTest
 .text.drawMainMenu
                0x0800b458      0x160 C:\Users\MightyDubster\Documents\Projects\pygmyos.code\Gems\main.o
                0x0800b458                drawMainMenu
 .text.eventRFBack
                0x0800b5b8       0x18 C:\Users\MightyDubster\Documents\Projects\pygmyos.code\Gems\main.o
                0x0800b5b8                eventRFBack
 .text.main     0x0800b5d0       0xf4 C:\Users\MightyDubster\Documents\Projects\pygmyos.code\Gems\main.o
                0x0800b5d0                main
 .text.lcdWriteCommand
                0x0800b6c4       0x30 C:\Users\MightyDubster\Documents\Projects\pygmyos.code\Gems\varitronix128x128_parallel.o
                0x0800b6c4                lcdWriteCommand
 .text.lcdWriteData
                0x0800b6f4       0x30 C:\Users\MightyDubster\Documents\Projects\pygmyos.code\Gems\varitronix128x128_parallel.o
                0x0800b6f4                lcdWriteData
 .text.lcdGetWidth
                0x0800b724        0x4 C:\Users\MightyDubster\Documents\Projects\pygmyos.code\Gems\varitronix128x128_parallel.o
                0x0800b724                lcdGetWidth
 .text.lcdGetHeight
                0x0800b728        0x4 C:\Users\MightyDubster\Documents\Projects\pygmyos.code\Gems\varitronix128x128_parallel.o
                0x0800b728                lcdGetHeight
 .text.lcdSetContrast
                0x0800b72c       0x1c C:\Users\MightyDubster\Documents\Projects\pygmyos.code\Gems\varitronix128x128_parallel.o
                0x0800b72c                lcdSetContrast
 .text.lcdDrawPixel
                0x0800b748       0xc8 C:\Users\MightyDubster\Documents\Projects\pygmyos.code\Gems\varitronix128x128_parallel.o
                0x0800b748                lcdDrawPixel
 .text.lcdSetBPP
                0x0800b810        0xc C:\Users\MightyDubster\Documents\Projects\pygmyos.code\Gems\varitronix128x128_parallel.o
                0x0800b810                lcdSetBPP
 .text.lcdGetBPP
                0x0800b81c        0xc C:\Users\MightyDubster\Documents\Projects\pygmyos.code\Gems\varitronix128x128_parallel.o
                0x0800b81c                lcdGetBPP
 .text.lcdSetColor
                0x0800b828       0x48 C:\Users\MightyDubster\Documents\Projects\pygmyos.code\Gems\varitronix128x128_parallel.o
                0x0800b828                lcdSetColor
 .text.lcdClearArea
                0x0800b870       0xb8 C:\Users\MightyDubster\Documents\Projects\pygmyos.code\Gems\varitronix128x128_parallel.o
                0x0800b870                lcdClearArea
 .text.lcdClear
                0x0800b928        0xc C:\Users\MightyDubster\Documents\Projects\pygmyos.code\Gems\varitronix128x128_parallel.o
                0x0800b928                lcdClear
 .text.lcdInit  0x0800b934      0x244 C:\Users\MightyDubster\Documents\Projects\pygmyos.code\Gems\varitronix128x128_parallel.o
                0x0800b934                lcdInit
 .text.gemJoyUp
                0x0800bb78        0x2 C:\Users\MightyDubster\Documents\Projects\pygmyos.code\Gems\gems.o
                0x0800bb78                gemJoyUp
 .text.gemJoyDown
                0x0800bb7a        0x2 C:\Users\MightyDubster\Documents\Projects\pygmyos.code\Gems\gems.o
                0x0800bb7a                gemJoyDown
 .text.gemDrawEndMenu
                0x0800bb7c      0x15c C:\Users\MightyDubster\Documents\Projects\pygmyos.code\Gems\gems.o
                0x0800bb7c                gemDrawEndMenu
 .text.gemDrawGameOver
                0x0800bcd8       0x68 C:\Users\MightyDubster\Documents\Projects\pygmyos.code\Gems\gems.o
                0x0800bcd8                gemDrawGameOver
 .text.gemResetCursor
                0x0800bd40       0x3c C:\Users\MightyDubster\Documents\Projects\pygmyos.code\Gems\gems.o
                0x0800bd40                gemResetCursor
 .text.gemInit  0x0800bd7c      0x1f4 C:\Users\MightyDubster\Documents\Projects\pygmyos.code\Gems\gems.o
                0x0800bd7c                gemInit
 .text.gemCollision
                0x0800bf70       0x24 C:\Users\MightyDubster\Documents\Projects\pygmyos.code\Gems\gems.o
                0x0800bf70                gemCollision
 .text.gemJoyRight
                0x0800bf94       0x50 C:\Users\MightyDubster\Documents\Projects\pygmyos.code\Gems\gems.o
                0x0800bf94                gemJoyRight
 .text.gemJoyLeft
                0x0800bfe4       0x54 C:\Users\MightyDubster\Documents\Projects\pygmyos.code\Gems\gems.o
                0x0800bfe4                gemJoyLeft
 .text.gemAdd   0x0800c038       0x50 C:\Users\MightyDubster\Documents\Projects\pygmyos.code\Gems\gems.o
                0x0800c038                gemAdd
 .text.gemDetectRowsY
                0x0800c088       0xa8 C:\Users\MightyDubster\Documents\Projects\pygmyos.code\Gems\gems.o
                0x0800c088                gemDetectRowsY
 .text.gemDetectRowsX
                0x0800c130      0x120 C:\Users\MightyDubster\Documents\Projects\pygmyos.code\Gems\gems.o
                0x0800c130                gemDetectRowsX
 .text.gemGravity
                0x0800c250       0x70 C:\Users\MightyDubster\Documents\Projects\pygmyos.code\Gems\gems.o
                0x0800c250                gemGravity
 .text.mpl115a2IsEnabled
                0x0800c2c0       0x18 C:\Users\MightyDubster\Documents\Projects\pygmyos.code\Gems\mpl115a2.o
                0x0800c2c0                mpl115a2IsEnabled
 .text.mpl115a2Enable
                0x0800c2d8       0x24 C:\Users\MightyDubster\Documents\Projects\pygmyos.code\Gems\mpl115a2.o
                0x0800c2d8                mpl115a2Enable
 .text.mpl115a2Reset
                0x0800c2fc       0x2c C:\Users\MightyDubster\Documents\Projects\pygmyos.code\Gems\mpl115a2.o
                0x0800c2fc                mpl115a2Reset
 .text.mpl115a2Init
                0x0800c328       0x44 C:\Users\MightyDubster\Documents\Projects\pygmyos.code\Gems\mpl115a2.o
                0x0800c328                mpl115a2Init
 .text.mpl115a2GetChar
                0x0800c36c       0x68 C:\Users\MightyDubster\Documents\Projects\pygmyos.code\Gems\mpl115a2.o
                0x0800c36c                mpl115a2GetChar
 .text.mpl115a2PutChar
                0x0800c3d4       0x40 C:\Users\MightyDubster\Documents\Projects\pygmyos.code\Gems\mpl115a2.o
                0x0800c3d4                mpl115a2PutChar
 *fill*         0x0800c414        0x4 00
 .text.mpl115a2ReadTemp
                0x0800c418       0x78 C:\Users\MightyDubster\Documents\Projects\pygmyos.code\Gems\mpl115a2.o
                0x0800c418                mpl115a2ReadTemp
 .text.mpl115a2ReadkPa
                0x0800c490      0x100 C:\Users\MightyDubster\Documents\Projects\pygmyos.code\Gems\mpl115a2.o
                0x0800c490                mpl115a2ReadkPa
 .text.hih5030Init
                0x0800c590       0x40 C:\Users\MightyDubster\Documents\Projects\pygmyos.code\Gems\hih5030.o
                0x0800c590                hih5030Init
 .text.eepromOpen
                0x0800c5d0       0x64 C:\Users\MightyDubster\Documents\Projects\pygmyos.code\Gems\at24hc02b.o
                0x0800c5d0                eepromOpen
 .text.eepromQueryBus
                0x0800c634       0x48 C:\Users\MightyDubster\Documents\Projects\pygmyos.code\Gems\at24hc02b.o
                0x0800c634                eepromQueryBus
 .text.eepromPollAck
                0x0800c67c       0x34 C:\Users\MightyDubster\Documents\Projects\pygmyos.code\Gems\at24hc02b.o
                0x0800c67c                eepromPollAck
 .text.eepromPutChar
                0x0800c6b0       0x44 C:\Users\MightyDubster\Documents\Projects\pygmyos.code\Gems\at24hc02b.o
                0x0800c6b0                eepromPutChar
 .text.eepromErase
                0x0800c6f4       0x28 C:\Users\MightyDubster\Documents\Projects\pygmyos.code\Gems\at24hc02b.o
                0x0800c6f4                eepromErase
 .text.eepromPutString
                0x0800c71c       0x20 C:\Users\MightyDubster\Documents\Projects\pygmyos.code\Gems\at24hc02b.o
                0x0800c71c                eepromPutString
 .text.eepromGetChar
                0x0800c73c       0x58 C:\Users\MightyDubster\Documents\Projects\pygmyos.code\Gems\at24hc02b.o
                0x0800c73c                eepromGetChar
 .text._sbrk    0x0800c794       0x30 C:\Program Files (x86)\Raisonance\Ride\Lib\ARM\std_sbrk_thumb.lib(sbrk.o)
                0x0800c794                _sbrk
 *(.rodata)
 .rodata        0x0800c7c4       0x12 C:\Users\MightyDubster\Documents\Projects\pygmyos.code\Gems\pygmy_adc.o
                0x0800c7c4                PYGMY_ADC_CHANNELS
 *fill*         0x0800c7d6        0x2 00
 .rodata        0x0800c7d8       0xf8 C:\Users\MightyDubster\Documents\Projects\pygmyos.code\Gems\pygmy_cmd.o
                0x0800c7d8                PYGMYSTDCOMMANDS
 .rodata        0x0800c8d0       0x24 C:\Users\MightyDubster\Documents\Projects\pygmyos.code\Gems\pygmy_nvic.o
                0x0800c8d0                PYGMY_TIMERVECTORS_L15X
                0x0800c8e2                PYGMY_TIMERVECTORS
 .rodata        0x0800c8f4       0x10 C:\Users\MightyDubster\Documents\Projects\pygmyos.code\Gems\pygmy_port.o
                0x0800c8f4                PYGMY_TIMERPINS
 .rodata        0x0800c904        0x5 C:\Users\MightyDubster\Documents\Projects\pygmyos.code\Gems\pygmy_rf.o