Archive member included because of file (symbol)

c:/program files (x86)/raisonance/ride/arm-gcc/bin/../lib/gcc/arm-none-eabi/4.5.1/../../../../arm-none-eabi/lib/thumb2\libc.a(lib_a-dprintf.o)
                              C:\Users\MightyDubster\Documents\Projects\pygmyos.code\Gems\pygmy_jpeg.o (dprintf)
c:/program files (x86)/raisonance/ride/arm-gcc/bin/../lib/gcc/arm-none-eabi/4.5.1/../../../../arm-none-eabi/lib/thumb2\libc.a(lib_a-findfp.o)
                              c:/program files (x86)/raisonance/ride/arm-gcc/bin/../lib/gcc/arm-none-eabi/4.5.1/../../../../arm-none-eabi/lib/thumb2\libc.a(lib_a-dprintf.o) (__sinit)
c:/program files (x86)/raisonance/ride/arm-gcc/bin/../lib/gcc/arm-none-eabi/4.5.1/../../../../arm-none-eabi/lib/thumb2\libc.a(lib_a-fwalk.o)
                              c:/program files (x86)/raisonance/ride/arm-gcc/bin/../lib/gcc/arm-none-eabi/4.5.1/../../../../arm-none-eabi/lib/thumb2\libc.a(lib_a-findfp.o) (_fwalk)
c:/program files (x86)/raisonance/ride/arm-gcc/bin/../lib/gcc/arm-none-eabi/4.5.1/../../../../arm-none-eabi/lib/thumb2\libc.a(lib_a-impure.o)
                              c:/program files (x86)/raisonance/ride/arm-gcc/bin/../lib/gcc/arm-none-eabi/4.5.1/../../../../arm-none-eabi/lib/thumb2\libc.a(lib_a-dprintf.o) (_impure_ptr)
c:/program files (x86)/raisonance/ride/arm-gcc/bin/../lib/gcc/arm-none-eabi/4.5.1/../../../../arm-none-eabi/lib/thumb2\libc.a(lib_a-malloc.o)
                              C:\Users\MightyDubster\Documents\Projects\pygmyos.code\Gems\pygmy_sys.o (malloc)
c:/program files (x86)/raisonance/ride/arm-gcc/bin/../lib/gcc/arm-none-eabi/4.5.1/../../../../arm-none-eabi/lib/thumb2\libc.a(lib_a-mallocr.o)
                              c:/program files (x86)/raisonance/ride/arm-gcc/bin/../lib/gcc/arm-none-eabi/4.5.1/../../../../arm-none-eabi/lib/thumb2\libc.a(lib_a-findfp.o) (_malloc_r)
c:/program files (x86)/raisonance/ride/arm-gcc/bin/../lib/gcc/arm-none-eabi/4.5.1/../../../../arm-none-eabi/lib/thumb2\libc.a(lib_a-memset.o)
                              C:\Users\MightyDubster\Documents\Projects\pygmyos.code\Gems\pygmy_jpeg.o (memset)
c:/program files (x86)/raisonance/ride/arm-gcc/bin/../lib/gcc/arm-none-eabi/4.5.1/../../../../arm-none-eabi/lib/thumb2\libc.a(lib_a-mlock.o)
                              c:/program files (x86)/raisonance/ride/arm-gcc/bin/../lib/gcc/arm-none-eabi/4.5.1/../../../../arm-none-eabi/lib/thumb2\libc.a(lib_a-mallocr.o) (__malloc_lock)
c:/program files (x86)/raisonance/ride/arm-gcc/bin/../lib/gcc/arm-none-eabi/4.5.1/../../../../arm-none-eabi/lib/thumb2\libc.a(lib_a-realloc.o)
                              C:\Users\MightyDubster\Documents\Projects\pygmyos.code\Gems\pygmy_sys.o (realloc)
c:/program files (x86)/raisonance/ride/arm-gcc/bin/../lib/gcc/arm-none-eabi/4.5.1/../../../../arm-none-eabi/lib/thumb2\libc.a(lib_a-reallocr.o)
                              c:/program files (x86)/raisonance/ride/arm-gcc/bin/../lib/gcc/arm-none-eabi/4.5.1/../../../../arm-none-eabi/lib/thumb2\libc.a(lib_a-realloc.o) (_realloc_r)
c:/program files (x86)/raisonance/ride/arm-gcc/bin/../lib/gcc/arm-none-eabi/4.5.1/../../../../arm-none-eabi/lib/thumb2\libc.a(lib_a-s_modf.o)
                              C:\Users\MightyDubster\Documents\Projects\pygmyos.code\Gems\pygmy_string.o (modf)
c:/program files (x86)/raisonance/ride/arm-gcc/bin/../lib/gcc/arm-none-eabi/4.5.1/../../../../arm-none-eabi/lib/thumb2\libc.a(lib_a-sbrkr.o)
                              c:/program files (x86)/raisonance/ride/arm-gcc/bin/../lib/gcc/arm-none-eabi/4.5.1/../../../../arm-none-eabi/lib/thumb2\libc.a(lib_a-mallocr.o) (_sbrk_r)
c:/program files (x86)/raisonance/ride/arm-gcc/bin/../lib/gcc/arm-none-eabi/4.5.1/../../../../arm-none-eabi/lib/thumb2\libc.a(lib_a-stdio.o)
                              c:/program files (x86)/raisonance/ride/arm-gcc/bin/../lib/gcc/arm-none-eabi/4.5.1/../../../../arm-none-eabi/lib/thumb2\libc.a(lib_a-findfp.o) (__sread)
c:/program files (x86)/raisonance/ride/arm-gcc/bin/../lib/gcc/arm-none-eabi/4.5.1/../../../../arm-none-eabi/lib/thumb2\libc.a(lib_a-vdprintf.o)
                              c:/program files (x86)/raisonance/ride/arm-gcc/bin/../lib/gcc/arm-none-eabi/4.5.1/../../../../arm-none-eabi/lib/thumb2\libc.a(lib_a-dprintf.o) (_vdprintf_r)
c:/program files (x86)/raisonance/ride/arm-gcc/bin/../lib/gcc/arm-none-eabi/4.5.1/../../../../arm-none-eabi/lib/thumb2\libc.a(lib_a-writer.o)
                              c:/program files (x86)/raisonance/ride/arm-gcc/bin/../lib/gcc/arm-none-eabi/4.5.1/../../../../arm-none-eabi/lib/thumb2\libc.a(lib_a-stdio.o) (_write_r)
c:/program files (x86)/raisonance/ride/arm-gcc/bin/../lib/gcc/arm-none-eabi/4.5.1/../../../../arm-none-eabi/lib/thumb2\libc.a(lib_a-closer.o)
                              c:/program files (x86)/raisonance/ride/arm-gcc/bin/../lib/gcc/arm-none-eabi/4.5.1/../../../../arm-none-eabi/lib/thumb2\libc.a(lib_a-stdio.o) (_close_r)
[...]
Memory Configuration

Name             Origin             Length             Attributes
RAM              0x20000000         0x00018000         xrw
FLASH            0x08002000         0x00100000         xr
HEAP             0x20002000         0x00014000         xrw
STARTFLASH       0x00000000         0x00000000         xr
CRPPATCH         0x00000000         0x00000000         r
FLASHPATCH       0x00000000         0x00000000         r
ENDFLASH         0x00000000         0x00000000         xr
FLASHB1          0x00000000         0x00000000         xr
EXTMEMB0         0x00000000         0x00000000         xr
EXTMEMB1         0x00000000         0x00000000         xr
EXTMEMB2         0x00000000         0x00000000         xr
EXTMEMB3         0x00000000         0x00000000         xr
*default*        0x00000000         0xffffffff

Linker script and memory map

LOAD C:\Program Files (x86)\Raisonance\Ride\lib\ARM\startup_stm32f10x_hd.o
LOAD C:\Users\MightyDubster\Documents\Projects\pygmyos.code\Gems\pygmy_adc.o
LOAD C:\Users\MightyDubster\Documents\Projects\pygmyos.code\Gems\pygmy_audio.o
LOAD C:\Users\MightyDubster\Documents\Projects\pygmyos.code\Gems\pygmy_cmd.o
LOAD C:\Users\MightyDubster\Documents\Projects\pygmyos.code\Gems\pygmy_com.o
LOAD C:\Users\MightyDubster\Documents\Projects\pygmyos.code\Gems\pygmy_debug.o
LOAD C:\Users\MightyDubster\Documents\Projects\pygmyos.code\Gems\pygmy_file.o
LOAD C:\Users\MightyDubster\Documents\Projects\pygmyos.code\Gems\pygmy_fpec.o
LOAD C:\Users\MightyDubster\Documents\Projects\pygmyos.code\Gems\pygmy_gui.o
LOAD C:\Users\MightyDubster\Documents\Projects\pygmyos.code\Gems\pygmy_nvic.o
LOAD C:\Users\MightyDubster\Documents\Projects\pygmyos.code\Gems\pygmy_port.o
LOAD C:\Users\MightyDubster\Documents\Projects\pygmyos.code\Gems\pygmy_rf.o
LOAD C:\Users\MightyDubster\Documents\Projects\pygmyos.code\Gems\pygmy_rtc.o
LOAD C:\Users\MightyDubster\Documents\Projects\pygmyos.code\Gems\pygmy_string.o
LOAD C:\Users\MightyDubster\Documents\Projects\pygmyos.code\Gems\pygmy_sys.o
LOAD C:\Users\MightyDubster\Documents\Projects\pygmyos.code\Gems\main.o
LOAD C:\Users\MightyDubster\Documents\Projects\pygmyos.code\Gems\varitronix128x128_parallel.o
LOAD C:\Users\MightyDubster\Documents\Projects\pygmyos.code\Gems\gems.o
LOAD C:\Users\MightyDubster\Documents\Projects\pygmyos.code\Gems\pygmy_jpeg.o
LOAD C:\Users\MightyDubster\Documents\Projects\pygmyos.code\Gems\mpl115a2.o
LOAD C:\Users\MightyDubster\Documents\Projects\pygmyos.code\Gems\hih5030.o
LOAD C:\Users\MightyDubster\Documents\Projects\pygmyos.code\Gems\at24hc02b.o
LOAD C:\Users\MightyDubster\Documents\Projects\pygmyos.code\Gems\mcp443x.o
LOAD C:\Users\MightyDubster\Documents\Projects\pygmyos.code\Gems\gasSensor.o
START GROUP
LOAD C:\Program Files (x86)\Raisonance\Ride\Lib\ARM\std_sbrk_thumb.lib
LOAD C:\Program Files (x86)\Raisonance\Ride\Lib\ARM\smallprintf_thumb.a
LOAD c:/program files (x86)/raisonance/ride/arm-gcc/bin/../lib/gcc/arm-none-eabi/4.5.1/../../../../arm-none-eabi/lib/thumb2\libc.a
LOAD c:/program files (x86)/raisonance/ride/arm-gcc/bin/../lib/gcc/arm-none-eabi/4.5.1/../../../../arm-none-eabi/lib/thumb2\libm.a
END GROUP
                0x00000400                __Stack_Size = 0x400
                0x00000400                PROVIDE (_Stack_Size, __Stack_Size)
                0x20017c00                __Stack_Init = (_estack - __Stack_Size)
                0x20017c00                PROVIDE (_Stack_Init, __Stack_Init)
                0x00000100                _Minimum_Stack_Size = 0x100
                0x00000000                PROVIDE (Undefined_Handler, 0x0)
                0x00000000                PROVIDE (SWI_Handler, 0x0)
                0x00000000                PROVIDE (IRQ_Handler, 0x0)
                0x00000000                PROVIDE (Prefetch_Handler, 0x0)
                0x00000000                PROVIDE (Abort_Handler, 0x0)
                0x00000000                PROVIDE (FIQ_Handler, 0x0)
                0x00000000                PROVIDE (NMIException, 0x0)
                0x00000000                PROVIDE (NMI_Handler, 0x0)
                0x00000000                PROVIDE (HardFaultException, 0x0)
                0x00000000                PROVIDE (HardFault_Handler, 0x0)
                0x00000000                PROVIDE (MemManageException, 0x0)
                0x00000000                PROVIDE (MemManage_Handler, 0x0)
                0x00000000                PROVIDE (BusFaultException, 0x0)
                0x00000000                PROVIDE (BusFault_Handler, 0x0)
                0x00000000                PROVIDE (UsageFaultException, 0x0)
                0x00000000                PROVIDE (UsageFault_Handler, 0x0)
                0x00000000                PROVIDE (SVCHandler, 0x0)
                0x00000000                PROVIDE (SVC_Handler, 0x0)
                0x00000000                PROVIDE (DebugMonitor, 0x0)
                0x00000000                PROVIDE (DebugMon_Handler, 0x0)
                0x00000000                PROVIDE (PendSVC, 0x0)
                0x00000000                PROVIDE (PendSV_Handler, 0x0)
                0x00000000                PROVIDE (SysTickHandler, 0x0)
                0x00000000                PROVIDE (SysTick_Handler, 0x0)
                0x00000000                PROVIDE (WWDG_IRQHandler, 0x0)
                0x00000000                PROVIDE (PVD_IRQHandler, 0x0)
                0x00000000                PROVIDE (TAMPER_IRQHandler, 0x0)
                0x00000000                PROVIDE (RTC_IRQHandler, 0x0)
                0x00000000                PROVIDE (FLASH_IRQHandler, 0x0)
                0x00000000                PROVIDE (RCC_IRQHandler, 0x0)
                0x00000000                PROVIDE (EXTI0_IRQHandler, 0x0)
                0x00000000                PROVIDE (EXTI1_IRQHandler, 0x0)
                0x00000000                PROVIDE (EXTI2_IRQHandler, 0x0)
                0x00000000                PROVIDE (EXTI3_IRQHandler, 0x0)
                0x00000000                PROVIDE (EXTI4_IRQHandler, 0x0)
                0x00000000                PROVIDE (DMAChannel1_IRQHandler, 0x0)
                0x00000000                PROVIDE (DMAChannel2_IRQHandler, 0x0)
                0x00000000                PROVIDE (DMAChannel3_IRQHandler, 0x0)
                0x00000000                PROVIDE (DMAChannel4_IRQHandler, 0x0)
                0x00000000                PROVIDE (DMAChannel5_IRQHandler, 0x0)
                0x00000000                PROVIDE (DMAChannel6_IRQHandler, 0x0)
                0x00000000                PROVIDE (DMAChannel7_IRQHandler, 0x0)
                0x00000000                PROVIDE (DMA1_Channel1_IRQHandler, 0x0)
                0x00000000                PROVIDE (DMA1_Channel2_IRQHandler, 0x0)
                0x00000000                PROVIDE (DMA1_Channel3_IRQHandler, 0x0)
                0x00000000                PROVIDE (DMA1_Channel4_IRQHandler, 0x0)
                0x00000000                PROVIDE (DMA1_Channel5_IRQHandler, 0x0)
                0x00000000                PROVIDE (DMA1_Channel6_IRQHandler, 0x0)
                0x00000000                PROVIDE (DMA1_Channel7_IRQHandler, 0x0)
                0x00000000                PROVIDE (ADC_IRQHandler, 0x0)
                0x00000000                PROVIDE (ADC1_2_IRQHandler, 0x0)
                0x00000000                PROVIDE (USB_HP_CAN_TX_IRQHandler, 0x0)
                0x00000000                PROVIDE (USB_HP_CAN1_TX_IRQHandler, 0x0)
                0x00000000                PROVIDE (USB_LP_CAN_RX0_IRQHandler, 0x0)
                0x00000000                PROVIDE (USB_LP_CAN1_RX0_IRQHandler, 0x0)
                0x00000000                PROVIDE (CAN_RX1_IRQHandler, 0x0)
                0x00000000                PROVIDE (CAN1_RX1_IRQHandler, 0x0)
                0x00000000                PROVIDE (CAN_SCE_IRQHandler, 0x0)
                0x00000000                PROVIDE (CAN1_SCE_IRQHandler, 0x0)
                0x00000000                PROVIDE (EXTI9_5_IRQHandler, 0x0)
                0x00000000                PROVIDE (TIM1_BRK_IRQHandler, 0x0)
                0x00000000                PROVIDE (TIM1_UP_IRQHandler, 0x0)
                0x00000000                PROVIDE (TIM1_TRG_COM_IRQHandler, 0x0)
                0x00000000                PROVIDE (TIM1_CC_IRQHandler, 0x0)
                0x00000000                PROVIDE (TIM2_IRQHandler, 0x0)
                0x00000000                PROVIDE (TIM3_IRQHandler, 0x0)
                0x00000000                PROVIDE (TIM4_IRQHandler, 0x0)
                0x00000000                PROVIDE (I2C1_EV_IRQHandler, 0x0)
                0x00000000                PROVIDE (I2C1_ER_IRQHandler, 0x0)
                0x00000000                PROVIDE (I2C2_EV_IRQHandler, 0x0)
                0x00000000                PROVIDE (I2C2_ER_IRQHandler, 0x0)
                0x00000000                PROVIDE (SPI1_IRQHandler, 0x0)
                0x00000000                PROVIDE (SPI2_IRQHandler, 0x0)
                0x00000000                PROVIDE (USART1_IRQHandler, 0x0)
                0x00000000                PROVIDE (USART2_IRQHandler, 0x0)
                0x00000000                PROVIDE (USART3_IRQHandler, 0x0)
                0x00000000                PROVIDE (EXTI15_10_IRQHandler, 0x0)
                0x00000000                PROVIDE (RTCAlarm_IRQHandler, 0x0)
                0x00000000                PROVIDE (USBWakeUp_IRQHandler, 0x0)
                0x00000000                PROVIDE (TIM8_BRK_IRQHandler, 0x0)
                0x00000000                PROVIDE (TIM8_UP_IRQHandler, 0x0)
                0x00000000                PROVIDE (TIM8_TRG_COM_IRQHandler, 0x0)
                0x00000000                PROVIDE (TIM8_CC_IRQHandler, 0x0)
                0x00000000                PROVIDE (ADC3_IRQHandler, 0x0)
                0x00000000                PROVIDE (FSMC_IRQHandler, 0x0)
                0x00000000                PROVIDE (SDIO_IRQHandler, 0x0)
                0x00000000                PROVIDE (TIM5_IRQHandler, 0x0)
                0x00000000                PROVIDE (SPI3_IRQHandler, 0x0)
                0x00000000                PROVIDE (UART4_IRQHandler, 0x0)
                0x00000000                PROVIDE (UART5_IRQHandler, 0x0)
                0x00000000                PROVIDE (TIM6_IRQHandler, 0x0)
                0x00000000                PROVIDE (TIM7_IRQHandler, 0x0)
                0x00000000                PROVIDE (DMA2_Channel1_IRQHandler, 0x0)
                0x00000000                PROVIDE (DMA2_Channel2_IRQHandler, 0x0)
                0x00000000                PROVIDE (DMA2_Channel3_IRQHandler, 0x0)
                0x00000000                PROVIDE (DMA2_Channel4_5_IRQHandler, 0x0)
                0x42000000                PERIPH_BB_BASE = 0x42000000
                0x22000000                SRAM_BB_BASE = 0x22000000
                0x20000000                SRAM_BASE = 0x20000000
                0x40000000                PERIPH_BASE = 0x40000000
                0x40022000                PROVIDE (FLASH_BASE, 0x40022000)
                0x1ffff800                PROVIDE (OB_BASE, 0x1ffff800)
                0x40000000                APB1PERIPH_BASE = PERIPH_BASE
                0x40010000                APB2PERIPH_BASE = (PERIPH_BASE + 0x10000)
                0x40020000                AHBPERIPH_BASE = (PERIPH_BASE + 0x20000)
                0x40000000                PROVIDE (TIM2, (APB1PERIPH_BASE + 0x0))
                0x40000400                PROVIDE (TIM3, (APB1PERIPH_BASE + 0x400))
                0x40000800                PROVIDE (TIM4, (APB1PERIPH_BASE + 0x800))
                0x40002800                PROVIDE (RTC, (APB1PERIPH_BASE + 0x2800))
                0x40002c00                PROVIDE (WWDG, (APB1PERIPH_BASE + 0x2c00))
                0x40003000                PROVIDE (IWDG, (APB1PERIPH_BASE + 0x3000))
                0x40003800                PROVIDE (SPI2, (APB1PERIPH_BASE + 0x3800))
                0x40004400                PROVIDE (USART2, (APB1PERIPH_BASE + 0x4400))
                0x40004800                PROVIDE (USART3, (APB1PERIPH_BASE + 0x4800))
                0x40005400                PROVIDE (I2C1, (APB1PERIPH_BASE + 0x5400))
                0x40005800                PROVIDE (I2C2, (APB1PERIPH_BASE + 0x5800))
                0x40006400                PROVIDE (CAN, (APB1PERIPH_BASE + 0x6400))
                0x40006c00                PROVIDE (BKP, (APB1PERIPH_BASE + 0x6c00))
                0x40007000                PROVIDE (PWR, (APB1PERIPH_BASE + 0x7000))
                0x40010000                PROVIDE (AFIO, (APB2PERIPH_BASE + 0x0))
                0x40010400                PROVIDE (EXTI, (APB2PERIPH_BASE + 0x400))
                0x40010800                PROVIDE (GPIOA, (APB2PERIPH_BASE + 0x800))
                0x40010c00                PROVIDE (GPIOB, (APB2PERIPH_BASE + 0xc00))
                0x40011000                PROVIDE (GPIOC, (APB2PERIPH_BASE + 0x1000))
                0x40011400                PROVIDE (GPIOD, (APB2PERIPH_BASE + 0x1400))
                0x40011800                PROVIDE (GPIOE, (APB2PERIPH_BASE + 0x1800))
                0x40012400                PROVIDE (ADC1, (APB2PERIPH_BASE + 0x2400))
                0x40012800                PROVIDE (ADC2, (APB2PERIPH_BASE + 0x2800))
                0x40012c00                PROVIDE (TIM1, (APB2PERIPH_BASE + 0x2c00))
                0x40013000                PROVIDE (SPI1, (APB2PERIPH_BASE + 0x3000))
                0x40013800                PROVIDE (USART1, (APB2PERIPH_BASE + 0x3800))
                0x40020000                PROVIDE (DMA, (AHBPERIPH_BASE + 0x0))
                0x40020008                PROVIDE (DMA_Channel1, (AHBPERIPH_BASE + 0x8))
                0x4002001c                PROVIDE (DMA_Channel2, (AHBPERIPH_BASE + 0x1c))
                0x40020030                PROVIDE (DMA_Channel3, (AHBPERIPH_BASE + 0x30))
                0x40020044                PROVIDE (DMA_Channel4, (AHBPERIPH_BASE + 0x44))
                0x40020058                PROVIDE (DMA_Channel5, (AHBPERIPH_BASE + 0x58))
                0x4002006c                PROVIDE (DMA_Channel6, (AHBPERIPH_BASE + 0x6c))
                0x40020080                PROVIDE (DMA_Channel7, (AHBPERIPH_BASE + 0x80))
                0x40021000                PROVIDE (RCC, (AHBPERIPH_BASE + 0x1000))
                0xe000e000                SCS_BASE = 0xe000e000
                0xe000e010                PROVIDE (SysTick, (SCS_BASE + 0x10))
                0xe000e100                PROVIDE (NVIC, (SCS_BASE + 0x100))
                0xe000ed00                PROVIDE (SCB, (SCS_BASE + 0xd00))
                0x20018000                _estack = 0x20018000

.isr_vector     0x08002000      0x1e4
                0x08002000                . = ALIGN (0x4)
 *(.isr_vector)
 .isr_vector    0x08002000      0x1e4 C:\Program Files (x86)\Raisonance\Ride\lib\ARM\startup_stm32f10x_hd.o
                0x08002000                g_pfnVectors
                0x080021e4                . = ALIGN (0x4)

.flash_start    0x00000000        0x0
                0x00000000                . = ALIGN (0x4)
 *(.flash_start)
 *(.flash_start.*)
                0x00000000                . = ALIGN (0x4)

.crp_patch      0x00000000        0x0
                0x00000000                . = ALIGN (0x4)
 *(.crp_patch)
                0x00000000                . = ALIGN (0x4)

.flashtext      0x080021e4        0x0
                0x080021e4                . = ALIGN (0x4)
 *(.flashtext)
                0x080021e4                . = ALIGN (0x4)

.text           0x080021e8     0xa76c
                0x080021e8                . = ALIGN (0x4)
 *(.text)
 .text          0x080021e8       0x20 c:/program files (x86)/raisonance/ride/arm-gcc/bin/../lib/gcc/arm-none-eabi/4.5.1/../../../../arm-none-eabi/lib/thumb2\libc.a(lib_a-malloc.o)
                0x080021e8                malloc
                0x080021f8                free
 .text          0x08002208      0x57c c:/program files (x86)/raisonance/ride/arm-gcc/bin/../lib/gcc/arm-none-eabi/4.5.1/../../../../arm-none-eabi/lib/thumb2\libc.a(lib_a-mallocr.o)
                0x08002208                _malloc_r
 .text          0x08002784        0x8 c:/program files (x86)/raisonance/ride/arm-gcc/bin/../lib/gcc/arm-none-eabi/4.5.1/../../../../arm-none-eabi/lib/thumb2\libc.a(lib_a-mlock.o)
                0x08002784                __malloc_lock
                0x08002788                __malloc_unlock
 .text          0x0800278c       0x14 c:/program files (x86)/raisonance/ride/arm-gcc/bin/../lib/gcc/arm-none-eabi/4.5.1/../../../../arm-none-eabi/lib/thumb2\libc.a(lib_a-realloc.o)
                0x0800278c                realloc
 .text          0x080027a0      0x41c c:/program files (x86)/raisonance/ride/arm-gcc/bin/../lib/gcc/arm-none-eabi/4.5.1/../../../../arm-none-eabi/lib/thumb2\libc.a(lib_a-reallocr.o)
                0x080027a0                _realloc_r
 .text          0x08002bbc       0xe0 c:/program files (x86)/raisonance/ride/arm-gcc/bin/../lib/gcc/arm-none-eabi/4.5.1/../../../../arm-none-eabi/lib/thumb2\libc.a(lib_a-s_modf.o)
                0x08002bbc                modf
 .text          0x08002c9c       0x28 c:/program files (x86)/raisonance/ride/arm-gcc/bin/../lib/gcc/arm-none-eabi/4.5.1/../../../../arm-none-eabi/lib/thumb2\libc.a(lib_a-sbrkr.o)
                0x08002c9c                _sbrk_r
 .text          0x08002cc4      0x240 c:/program files (x86)/raisonance/ride/arm-gcc/bin/../lib/gcc/arm-none-eabi/4.5.1/../../../../arm-none-eabi/lib/thumb2\libc.a(lib_a-freer.o)
                0x08002cc4                _malloc_trim_r
                0x08002d6c                _free_r
 .text          0x08002f04       0xa0 c:/program files (x86)/raisonance/ride/arm-gcc/bin/../lib/gcc/arm-none-eabi/4.5.1/../../../../arm-none-eabi/lib/thumb2\libc.a(lib_a-memmove.o)
                0x08002f04                memmove
 *fill*         0x08002fa4        0x4 00
 .text          0x08002fa8      0x278 c:/program files (x86)/raisonance/ride/arm-gcc/bin/../lib/gcc/arm-none-eabi/4.5.1/thumb2\libgcc.a(_udivsi3.o)
                0x08002fa8                __aeabi_uidiv
                0x08002fa8                __udivsi3
                0x08003204                __aeabi_uidivmod
 .text          0x08003220        0x4 c:/program files (x86)/raisonance/ride/arm-gcc/bin/../lib/gcc/arm-none-eabi/4.5.1/thumb2\libgcc.a(_dvmd_tls.o)
                0x08003220                __aeabi_idiv0
                0x08003220                __aeabi_ldiv0
 .text          0x08003224      0x370 c:/program files (x86)/raisonance/ride/arm-gcc/bin/../lib/gcc/arm-none-eabi/4.5.1/thumb2\libgcc.a(_arm_addsubdf3.o)
                0x08003224                __aeabi_drsub
                0x0800322c                __aeabi_dsub
                0x0800322c                __subdf3
                0x08003230                __aeabi_dadd
                0x08003230                __adddf3
                0x080034a8                __floatunsidf
                0x080034a8                __aeabi_ui2d
                0x080034c8                __floatsidf
                0x080034c8                __aeabi_i2d
                0x080034ec                __aeabi_f2d
                0x080034ec                __extendsfdf2
                0x08003528                __floatundidf
                0x08003528                __aeabi_ul2d
                0x08003538                __floatdidf
                0x08003538                __aeabi_l2d
 .text          0x08003594      0x424 c:/program files (x86)/raisonance/ride/arm-gcc/bin/../lib/gcc/arm-none-eabi/4.5.1/thumb2\libgcc.a(_arm_muldivdf3.o)
                0x08003594                __aeabi_dmul
                0x08003594                __muldf3
                0x080037e8                __divdf3
                0x080037e8                __aeabi_ddiv
 .text          0x080039b8      0x110 c:/program files (x86)/raisonance/ride/arm-gcc/bin/../lib/gcc/arm-none-eabi/4.5.1/thumb2\libgcc.a(_arm_cmpdf2.o)
                0x080039b8                __gtdf2
                0x080039b8                __gedf2
                0x080039c0                __ltdf2
                0x080039c0                __ledf2
                0x080039c8                __nedf2
                0x080039c8                __eqdf2
                0x080039c8                __cmpdf2
                0x08003a44                __aeabi_cdrcmple
                0x08003a54                __aeabi_cdcmpeq
                0x08003a54                __aeabi_cdcmple
                0x08003a64                __aeabi_dcmpeq
                0x08003a78                __aeabi_dcmplt
                0x08003a8c                __aeabi_dcmple
                0x08003aa0                __aeabi_dcmpge
                0x08003ab4                __aeabi_dcmpgt
 .text          0x08003ac8       0x50 c:/program files (x86)/raisonance/ride/arm-gcc/bin/../lib/gcc/arm-none-eabi/4.5.1/thumb2\libgcc.a(_arm_fixdfsi.o)
                0x08003ac8                __aeabi_d2iz
                0x08003ac8                __fixdfsi
 .text          0x08003b18       0x40 c:/program files (x86)/raisonance/ride/arm-gcc/bin/../lib/gcc/arm-none-eabi/4.5.1/thumb2\libgcc.a(_arm_fixunsdfsi.o)
                0x08003b18                __aeabi_d2uiz
                0x08003b18                __fixunsdfsi
 .text          0x08003b58      0x21c c:/program files (x86)/raisonance/ride/arm-gcc/bin/../lib/gcc/arm-none-eabi/4.5.1/thumb2\libgcc.a(_arm_addsubsf3.o)
                0x08003b58                __aeabi_frsub
                0x08003b60                __subsf3
                0x08003b60                __aeabi_fsub
                0x08003b64                __aeabi_fadd
                0x08003b64                __addsf3
                0x08003cc4                __aeabi_ui2f
                0x08003cc4                __floatunsisf
                0x08003ccc                __aeabi_i2f
                0x08003ccc                __floatsisf
                0x08003ce8                __aeabi_ul2f
                0x08003ce8                __floatundisf
                0x08003cf8                __aeabi_l2f
                0x08003cf8                __floatdisf
 .text          0x08003d74      0x2a0 c:/program files (x86)/raisonance/ride/arm-gcc/bin/../lib/gcc/arm-none-eabi/4.5.1/thumb2\libgcc.a(_arm_muldivsf3.o)
                0x08003d74                __mulsf3
                0x08003d74                __aeabi_fmul
                0x08003edc                __aeabi_fdiv
                0x08003edc                __divsf3
 .text          0x08004014       0x38 c:/program files (x86)/raisonance/ride/arm-gcc/bin/../lib/gcc/arm-none-eabi/4.5.1/thumb2\libgcc.a(_aeabi_ldivmod.o)
                0x08004014                __aeabi_ldivmod
 .text          0x0800404c       0x60 c:/program files (x86)/raisonance/ride/arm-gcc/bin/../lib/gcc/arm-none-eabi/4.5.1/thumb2\libgcc.a(bpabi.o)
                0x0800404c                __gnu_ldivmod_helper
                0x0800407c                __gnu_uldivmod_helper
 .text          0x080040ac      0x364 c:/program files (x86)/raisonance/ride/arm-gcc/bin/../lib/gcc/arm-none-eabi/4.5.1/thumb2\libgcc.a(_divdi3.o)
                0x080040ac                __divdi3
 .text          0x08004410      0x314 c:/program files (x86)/raisonance/ride/arm-gcc/bin/../lib/gcc/arm-none-eabi/4.5.1/thumb2\libgcc.a(_udivdi3.o)
                0x08004410                __udivdi3
 *(.text.*)
 .text.Reset_Handler
                0x08004724       0x50 C:\Program Files (x86)\Raisonance\Ride\lib\ARM\startup_stm32f10x_hd.o
                0x08004724                Reset_Handler
 .text.SystemInit_ExtMemCtl_Dummy
                0x08004774        0x2 C:\Program Files (x86)\Raisonance\Ride\lib\ARM\startup_stm32f10x_hd.o
                0x08004774                SystemInit_ExtMemCtl
                0x08004774                SystemInit_ExtMemCtl_Dummy
 .text.Default_Handler
                0x08004776        0x2 C:\Program Files (x86)\Raisonance\Ride\lib\ARM\startup_stm32f10x_hd.o
                0x08004776                TIM8_TRG_COM_IRQHandler
                0x08004776                TIM8_CC_IRQHandler
                0x08004776                DebugMon_Handler
                0x08004776                TIM1_CC_IRQHandler
                0x08004776                HardFault_Handler
                0x08004776                TIM6_IRQHandler
                0x08004776                PVD_IRQHandler
                0x08004776                SDIO_IRQHandler
                0x08004776                PendSV_Handler
                0x08004776                NMI_Handler
                0x08004776                UsageFault_Handler
                0x08004776                SPI1_IRQHandler
                0x08004776                TAMPER_IRQHandler
                0x08004776                TIM8_UP_IRQHandler
                0x08004776                DMA2_Channel2_IRQHandler
                0x08004776                DMA1_Channel4_IRQHandler
                0x08004776                RTC_IRQHandler
                0x08004776                DMA1_Channel7_IRQHandler
                0x08004776                CAN1_RX1_IRQHandler
                0x08004776                UART5_IRQHandler
                0x08004776                ADC3_IRQHandler
                0x08004776                TIM4_IRQHandler
                0x08004776                DMA2_Channel1_IRQHandler
                0x08004776                I2C1_EV_IRQHandler
                0x08004776                DMA1_Channel6_IRQHandler
                0x08004776                UART4_IRQHandler
                0x08004776                TIM3_IRQHandler
                0x08004776                RCC_IRQHandler
                0x08004776                TIM1_TRG_COM_IRQHandler
                0x08004776                DMA1_Channel1_IRQHandler
                0x08004776                Default_Handler
                0x08004776                TIM7_IRQHandler
                0x08004776                TIM5_IRQHandler
                0x08004776                SPI2_IRQHandler
                0x08004776                MemManage_Handler
                0x08004776                SVC_Handler
                0x08004776                DMA1_Channel5_IRQHandler
                0x08004776                USB_LP_CAN1_RX0_IRQHandler
                0x08004776                USB_HP_CAN1_TX_IRQHandler
                0x08004776                FSMC_IRQHandler
                0x08004776                WWDG_IRQHandler
                0x08004776                TIM2_IRQHandler
                0x08004776                TIM1_BRK_IRQHandler
                0x08004776                RTCAlarm_IRQHandler
                0x08004776                DMA2_Channel4_5_IRQHandler
                0x08004776                USART2_IRQHandler
                0x08004776                DMA1_Channel2_IRQHandler
                0x08004776                TIM8_BRK_IRQHandler
                0x08004776                CAN1_SCE_IRQHandler
                0x08004776                FLASH_IRQHandler
                0x08004776                BusFault_Handler
                0x08004776                USART1_IRQHandler
                0x08004776                SPI3_IRQHandler
                0x08004776                USBWakeUp_IRQHandler
                0x08004776                DMA2_Channel3_IRQHandler
 .text.adcGetStatus
                0x08004778        0xc C:\Users\MightyDubster\Documents\Projects\pygmyos.code\Gems\pygmy_adc.o
                0x08004778                adcGetStatus
 .text.ADC1_2_IRQHandler
                0x08004784       0x10 C:\Users\MightyDubster\Documents\Projects\pygmyos.code\Gems\pygmy_adc.o
                0x08004784                ADC1_2_IRQHandler
 .text.adcSingleSampleInit
                0x08004794       0x44 C:\Users\MightyDubster\Documents\Projects\pygmyos.code\Gems\pygmy_adc.o
                0x08004794                adcSingleSampleInit
 .text.adcGetChannelFromPin
                0x080047d8       0x20 C:\Users\MightyDubster\Documents\Projects\pygmyos.code\Gems\pygmy_adc.o
                0x080047d8                adcGetChannelFromPin
 .text.adcSingleSample
                0x080047f8       0x2c C:\Users\MightyDubster\Documents\Projects\pygmyos.code\Gems\pygmy_adc.o
                0x080047f8                adcSingleSample
 .text.DMA1_Channel3_IRQHandler
                0x08004824       0x6c C:\Users\MightyDubster\Documents\Projects\pygmyos.code\Gems\pygmy_audio.o
                0x08004824                DMA1_Channel3_IRQHandler
 .text.cmdNull  0x08004890        0x4 C:\Users\MightyDubster\Documents\Projects\pygmyos.code\Gems\pygmy_cmd.o
                0x08004890                cmdNull
 .text.cmd_reset
                0x08004894       0x14 C:\Users\MightyDubster\Documents\Projects\pygmyos.code\Gems\pygmy_cmd.o
                0x08004894                cmd_reset
 .text.cmd_peek
                0x080048a8        0x4 C:\Users\MightyDubster\Documents\Projects\pygmyos.code\Gems\pygmy_cmd.o
                0x080048a8                cmd_peek
 .text.cmd_poke
                0x080048ac        0x4 C:\Users\MightyDubster\Documents\Projects\pygmyos.code\Gems\pygmy_cmd.o
                0x080048ac                cmd_poke
 .text.cmd_kill
                0x080048b0        0x4 C:\Users\MightyDubster\Documents\Projects\pygmyos.code\Gems\pygmy_cmd.o
                0x080048b0                cmd_kill
 .text.cmd_set  0x080048b4       0x14 C:\Users\MightyDubster\Documents\Projects\pygmyos.code\Gems\pygmy_cmd.o
                0x080048b4                cmd_set
 .text.cmd_write
                0x080048c8        0xe C:\Users\MightyDubster\Documents\Projects\pygmyos.code\Gems\pygmy_cmd.o
                0x080048c8                cmd_write
 *fill*         0x080048d6        0x2 00
 .text.cmd_gassensor
                0x080048d8      0x100 C:\Users\MightyDubster\Documents\Projects\pygmyos.code\Gems\pygmy_cmd.o
                0x080048d8                cmd_gassensor
 .text.cmd_eeprom
                0x080049d8      0x1a4 C:\Users\MightyDubster\Documents\Projects\pygmyos.code\Gems\pygmy_cmd.o
                0x080049d8                cmd_eeprom
 .text.cmd_rfsend
                0x08004b7c       0x44 C:\Users\MightyDubster\Documents\Projects\pygmyos.code\Gems\pygmy_cmd.o
                0x08004b7c                cmd_rfsend
 .text.cmd_rfopen
                0x08004bc0       0x18 C:\Users\MightyDubster\Documents\Projects\pygmyos.code\Gems\pygmy_cmd.o
                0x08004bc0                cmd_rfopen
 .text.cmd_rfput
                0x08004bd8       0x26 C:\Users\MightyDubster\Documents\Projects\pygmyos.code\Gems\pygmy_cmd.o
                0x08004bd8                cmd_rfput
 .text.cmd_rfget
                0x08004bfe       0x26 C:\Users\MightyDubster\Documents\Projects\pygmyos.code\Gems\pygmy_cmd.o
                0x08004bfe                cmd_rfget
 .text.cmd_rfscan
                0x08004c24       0x2c C:\Users\MightyDubster\Documents\Projects\pygmyos.code\Gems\pygmy_cmd.o
                0x08004c24                cmd_rfscan
 .text.cmd_rflist
                0x08004c50        0xa C:\Users\MightyDubster\Documents\Projects\pygmyos.code\Gems\pygmy_cmd.o
                0x08004c50                cmd_rflist
 .text.cmd_humidity
                0x08004c5a       0x26 C:\Users\MightyDubster\Documents\Projects\pygmyos.code\Gems\pygmy_cmd.o
                0x08004c5a                cmd_humidity
 .text.cmd_cp   0x08004c80       0x18 C:\Users\MightyDubster\Documents\Projects\pygmyos.code\Gems\pygmy_cmd.o
                0x08004c80                cmd_cp
 .text.cmd_mv   0x08004c98       0x16 C:\Users\MightyDubster\Documents\Projects\pygmyos.code\Gems\pygmy_cmd.o
                0x08004c98                cmd_mv
 *fill*         0x08004cae        0x2 00
 .text.cmd_open
                0x08004cb0       0x64 C:\Users\MightyDubster\Documents\Projects\pygmyos.code\Gems\pygmy_cmd.o
                0x08004cb0                cmd_open
 .text.cmd_close
                0x08004d14        0xe C:\Users\MightyDubster\Documents\Projects\pygmyos.code\Gems\pygmy_cmd.o
                0x08004d14                cmd_close
 .text.cmd_rm   0x08004d22       0x10 C:\Users\MightyDubster\Documents\Projects\pygmyos.code\Gems\pygmy_cmd.o
                0x08004d22                cmd_rm
 .text.cmd_ls   0x08004d32        0xc C:\Users\MightyDubster\Documents\Projects\pygmyos.code\Gems\pygmy_cmd.o
                0x08004d32                cmd_ls
 *fill*         0x08004d3e        0x2 00
 .text.cmd_read
                0x08004d40       0x8c C:\Users\MightyDubster\Documents\Projects\pygmyos.code\Gems\pygmy_cmd.o
                0x08004d40                cmd_read
 .text.cmd_format
                0x08004dcc       0x10 C:\Users\MightyDubster\Documents\Projects\pygmyos.code\Gems\pygmy_cmd.o
                0x08004dcc                cmd_format
 .text.cmd_mnt  0x08004ddc        0xa C:\Users\MightyDubster\Documents\Projects\pygmyos.code\Gems\pygmy_cmd.o
                0x08004ddc                cmd_mnt
 *fill*         0x08004de6        0x2 00
 .text.cmd_pinconfig
                0x08004de8       0x78 C:\Users\MightyDubster\Documents\Projects\pygmyos.code\Gems\pygmy_cmd.o
                0x08004de8                cmd_pinconfig
 .text.cmd_pinpwm
                0x08004e60       0x34 C:\Users\MightyDubster\Documents\Projects\pygmyos.code\Gems\pygmy_cmd.o
                0x08004e60                cmd_pinpwm
 .text.cmd_pinanalog
                0x08004e94       0x30 C:\Users\MightyDubster\Documents\Projects\pygmyos.code\Gems\pygmy_cmd.o
                0x08004e94                cmd_pinanalog
 .text.cmd_pinget
                0x08004ec4       0x24 C:\Users\MightyDubster\Documents\Projects\pygmyos.code\Gems\pygmy_cmd.o
                0x08004ec4                cmd_pinget
 .text.cmd_pinset
                0x08004ee8       0x7c C:\Users\MightyDubster\Documents\Projects\pygmyos.code\Gems\pygmy_cmd.o
                0x08004ee8                cmd_pinset
 .text.cmd_pinevent
                0x08004f64       0x48 C:\Users\MightyDubster\Documents\Projects\pygmyos.code\Gems\pygmy_cmd.o
                0x08004f64                cmd_pinevent
 .text.cmdPinEvent
                0x08004fac       0x60 C:\Users\MightyDubster\Documents\Projects\pygmyos.code\Gems\pygmy_cmd.o
                0x08004fac                cmdPinEvent
 .text.cmd_ps   0x0800500c      0x12c C:\Users\MightyDubster\Documents\Projects\pygmyos.code\Gems\pygmy_cmd.o
                0x0800500c                cmd_ps
 .text.cmdInit  0x08005138       0x5c C:\Users\MightyDubster\Documents\Projects\pygmyos.code\Gems\pygmy_cmd.o
                0x08005138                cmdInit
 .text.cmdExecute
                0x08005194       0x84 C:\Users\MightyDubster\Documents\Projects\pygmyos.code\Gems\pygmy_cmd.o
                0x08005194                cmdExecute
 .text.cmdGetsCOM3
                0x08005218       0x30 C:\Users\MightyDubster\Documents\Projects\pygmyos.code\Gems\pygmy_cmd.o
                0x08005218                cmdGetsCOM3
 .text.cmdOpenPort
                0x08005248       0xd4 C:\Users\MightyDubster\Documents\Projects\pygmyos.code\Gems\pygmy_cmd.o
                0x08005248                cmdOpenPort
 .text.cmdWritePort
                0x0800531c       0x54 C:\Users\MightyDubster\Documents\Projects\pygmyos.code\Gems\pygmy_cmd.o
                0x0800531c                cmdWritePort
 .text.cmdReadPort
                0x08005370       0x54 C:\Users\MightyDubster\Documents\Projects\pygmyos.code\Gems\pygmy_cmd.o
                0x08005370                cmdReadPort
 .text.cmd_port
                0x080053c4      0x284 C:\Users\MightyDubster\Documents\Projects\pygmyos.code\Gems\pygmy_cmd.o
                0x080053c4                cmd_port
 .text.spiWriteByte
                0x08005648       0x2c C:\Users\MightyDubster\Documents\Projects\pygmyos.code\Gems\pygmy_com.o
                0x08005648                spiWriteByte
 .text.spiWriteLong
                0x08005674       0x2c C:\Users\MightyDubster\Documents\Projects\pygmyos.code\Gems\pygmy_com.o
                0x08005674                spiWriteLong
 .text.spiReadByte
                0x080056a0       0x30 C:\Users\MightyDubster\Documents\Projects\pygmyos.code\Gems\pygmy_com.o
                0x080056a0                spiReadByte
 .text.spiReadBuffer
                0x080056d0       0x2c C:\Users\MightyDubster\Documents\Projects\pygmyos.code\Gems\pygmy_com.o
                0x080056d0                spiReadBuffer
 .text.spiWriteBuffer
                0x080056fc       0x2c C:\Users\MightyDubster\Documents\Projects\pygmyos.code\Gems\pygmy_com.o
                0x080056fc                spiWriteBuffer
 .text.spiConfig
                0x08005728       0xa8 C:\Users\MightyDubster\Documents\Projects\pygmyos.code\Gems\pygmy_com.o
                0x08005728                spiConfig
 .text.I2C1_ER_IRQHandler
                0x080057d0        0x2 C:\Users\MightyDubster\Documents\Projects\pygmyos.code\Gems\pygmy_com.o
                0x080057d0                I2C1_ER_IRQHandler
 .text.I2C2_EV_IRQHandler
                0x080057d2        0x2 C:\Users\MightyDubster\Documents\Projects\pygmyos.code\Gems\pygmy_com.o
                0x080057d2                I2C2_EV_IRQHandler
 .text.I2C2_ER_IRQHandler
                0x080057d4        0x2 C:\Users\MightyDubster\Documents\Projects\pygmyos.code\Gems\pygmy_com.o
                0x080057d4                I2C2_ER_IRQHandler
 *fill*         0x080057d6        0x2 00
 .text.i2cConfig
                0x080057d8       0xb8 C:\Users\MightyDubster\Documents\Projects\pygmyos.code\Gems\pygmy_com.o
                0x080057d8                i2cConfig
 .text.i2cDelay
                0x08005890       0x12 C:\Users\MightyDubster\Documents\Projects\pygmyos.code\Gems\pygmy_com.o
                0x08005890                i2cDelay
 *fill*         0x080058a2        0x2 00
 .text.i2cWriteBit
                0x080058a4       0x70 C:\Users\MightyDubster\Documents\Projects\pygmyos.code\Gems\pygmy_com.o
                0x080058a4                i2cWriteBit
 .text.i2cReadBit
                0x08005914       0x46 C:\Users\MightyDubster\Documents\Projects\pygmyos.code\Gems\pygmy_com.o
                0x08005914                i2cReadBit
 .text.i2cWriteByte
                0x0800595a       0x32 C:\Users\MightyDubster\Documents\Projects\pygmyos.code\Gems\pygmy_com.o
                0x0800595a                i2cWriteByte
 .text.i2cReadByte
                0x0800598c       0x20 C:\Users\MightyDubster\Documents\Projects\pygmyos.code\Gems\pygmy_com.o
                0x0800598c                i2cReadByte
 .text.i2cResetBus
                0x080059ac       0x8c C:\Users\MightyDubster\Documents\Projects\pygmyos.code\Gems\pygmy_com.o
                0x080059ac                i2cResetBus
 .text.i2cStop  0x08005a38       0x58 C:\Users\MightyDubster\Documents\Projects\pygmyos.code\Gems\pygmy_com.o
                0x08005a38                i2cStop
 .text.i2cStart
                0x08005a90       0x68 C:\Users\MightyDubster\Documents\Projects\pygmyos.code\Gems\pygmy_com.o
                0x08005a90                i2cStart
 .text.i2cReadBuffer
                0x08005af8       0x84 C:\Users\MightyDubster\Documents\Projects\pygmyos.code\Gems\pygmy_com.o
                0x08005af8                i2cReadBuffer
 .text.i2cWriteBuffer
                0x08005b7c       0x4c C:\Users\MightyDubster\Documents\Projects\pygmyos.code\Gems\pygmy_com.o
                0x08005b7c                i2cWriteBuffer
 .text.i2cGetChar
                0x08005bc8       0x64 C:\Users\MightyDubster\Documents\Projects\pygmyos.code\Gems\pygmy_com.o
                0x08005bc8                i2cGetChar
 .text.i2cGetBuffer
                0x08005c2c       0x28 C:\Users\MightyDubster\Documents\Projects\pygmyos.code\Gems\pygmy_com.o
                0x08005c2c                i2cGetBuffer
 .text.i2cPollAck
                0x08005c54       0x30 C:\Users\MightyDubster\Documents\Projects\pygmyos.code\Gems\pygmy_com.o
                0x08005c54                i2cPollAck
 .text.i2cPutChar
                0x08005c84       0x78 C:\Users\MightyDubster\Documents\Projects\pygmyos.code\Gems\pygmy_com.o
                0x08005c84                i2cPutChar
 .text.i2cPutString
                0x08005cfc       0x24 C:\Users\MightyDubster\Documents\Projects\pygmyos.code\Gems\pygmy_com.o
                0x08005cfc                i2cPutString
 .text.streamReset
                0x08005d20       0x44 C:\Users\MightyDubster\Documents\Projects\pygmyos.code\Gems\pygmy_com.o
                0x08005d20                streamReset
 .text.streamInit
                0x08005d64       0x14 C:\Users\MightyDubster\Documents\Projects\pygmyos.code\Gems\pygmy_com.o
                0x08005d64                streamInit
 .text.streamGetSTDIO
                0x08005d78        0xc C:\Users\MightyDubster\Documents\Projects\pygmyos.code\Gems\pygmy_com.o
                0x08005d78                streamGetSTDIO
 .text.streamSetSTDIO
                0x08005d84       0x4c C:\Users\MightyDubster\Documents\Projects\pygmyos.code\Gems\pygmy_com.o
                0x08005d84                streamSetSTDIO
 .text.streamEchoChar
                0x08005dd0       0x24 C:\Users\MightyDubster\Documents\Projects\pygmyos.code\Gems\pygmy_com.o
                0x08005dd0                streamEchoChar
 .text.streamGetChar
                0x08005df4       0x34 C:\Users\MightyDubster\Documents\Projects\pygmyos.code\Gems\pygmy_com.o
                0x08005df4                streamGetChar
 .text.streamFIFOToString
                0x08005e28       0x28 C:\Users\MightyDubster\Documents\Projects\pygmyos.code\Gems\pygmy_com.o
                0x08005e28                streamFIFOToString
 .text.streamPopChar
                0x08005e50       0x38 C:\Users\MightyDubster\Documents\Projects\pygmyos.code\Gems\pygmy_com.o
                0x08005e50                streamPopChar
 .text.streamPushChar
                0x08005e88       0x34 C:\Users\MightyDubster\Documents\Projects\pygmyos.code\Gems\pygmy_com.o
                0x08005e88                streamPushChar
 .text.streamSetPut
                0x08005ebc       0x1c C:\Users\MightyDubster\Documents\Projects\pygmyos.code\Gems\pygmy_com.o
                0x08005ebc                streamSetPut
 .text.streamSetGet
                0x08005ed8       0x1c C:\Users\MightyDubster\Documents\Projects\pygmyos.code\Gems\pygmy_com.o
                0x08005ed8                streamSetGet
 .text.streamSetRXBuffer
                0x08005ef4       0x20 C:\Users\MightyDubster\Documents\Projects\pygmyos.code\Gems\pygmy_com.o
                0x08005ef4                streamSetRXBuffer
 .text.streamEnableEcho
                0x08005f14       0x1c C:\Users\MightyDubster\Documents\Projects\pygmyos.code\Gems\pygmy_com.o
                0x08005f14                streamEnableEcho
 .text.streamEnableActionChars
                0x08005f30       0x1c C:\Users\MightyDubster\Documents\Projects\pygmyos.code\Gems\pygmy_com.o
                0x08005f30                streamEnableActionChars
 .text.streamEnableBackspace
                0x08005f4c       0x1c C:\Users\MightyDubster\Documents\Projects\pygmyos.code\Gems\pygmy_com.o
                0x08005f4c                streamEnableBackspace
 .text.streamHandler
                0x08005f68       0x78 C:\Users\MightyDubster\Documents\Projects\pygmyos.code\Gems\pygmy_com.o
                0x08005f68                streamHandler
 .text.USART3_IRQHandler
                0x08005fe0       0x24 C:\Users\MightyDubster\Documents\Projects\pygmyos.code\Gems\pygmy_com.o
                0x08005fe0                USART3_IRQHandler
 .text.putsUSART3
                0x08006004       0x20 C:\Users\MightyDubster\Documents\Projects\pygmyos.code\Gems\pygmy_com.o
                0x08006004                putsUSART3
 .text.fileCopyHandle
                0x08006024       0x24 C:\Users\MightyDubster\Documents\Projects\pygmyos.code\Gems\pygmy_file.o
                0x08006024                fileCopyHandle
 .text.fileSetPosition
                0x08006048       0x3e C:\Users\MightyDubster\Documents\Projects\pygmyos.code\Gems\pygmy_file.o
                0x08006048                fileSetPosition
 .text.fileIsEOF
                0x08006086        0x8 C:\Users\MightyDubster\Documents\Projects\pygmyos.code\Gems\pygmy_file.o
                0x08006086                fileIsEOF
 .text.fileIsValidName
                0x0800608e       0x4c C:\Users\MightyDubster\Documents\Projects\pygmyos.code\Gems\pygmy_file.o
                0x0800608e                fileIsValidName
 *fill*         0x080060da        0x2 00
 .text.flashReadWord
                0x080060dc       0x38 C:\Users\MightyDubster\Documents\Projects\pygmyos.code\Gems\pygmy_file.o
                0x080060dc                flashReadWord
 .text.fileGetFAT
                0x08006114       0x5c C:\Users\MightyDubster\Documents\Projects\pygmyos.code\Gems\pygmy_file.o
                0x08006114                fileGetFAT
 .text.fileGetChar
                0x08006170      0x128 C:\Users\MightyDubster\Documents\Projects\pygmyos.code\Gems\pygmy_file.o
                0x08006170                fileGetChar
 .text.fileGetLong
                0x08006298       0x5a C:\Users\MightyDubster\Documents\Projects\pygmyos.code\Gems\pygmy_file.o
                0x08006298                fileGetLong
 .text.fileGetWord
                0x080062f2       0x32 C:\Users\MightyDubster\Documents\Projects\pygmyos.code\Gems\pygmy_file.o
                0x080062f2                fileGetWord
 .text.fileGetBuffer
                0x08006324       0x2a C:\Users\MightyDubster\Documents\Projects\pygmyos.code\Gems\pygmy_file.o
                0x08006324                fileGetBuffer
 *fill*         0x0800634e        0x2 00
 .text.flashReadLong
                0x08006350       0x50 C:\Users\MightyDubster\Documents\Projects\pygmyos.code\Gems\pygmy_file.o
                0x08006350                flashReadLong
 .text.fileGetLength
                0x080063a0       0x40 C:\Users\MightyDubster\Documents\Projects\pygmyos.code\Gems\pygmy_file.o
                0x080063a0                fileGetLength
 .text.flashReadByte
                0x080063e0       0x28 C:\Users\MightyDubster\Documents\Projects\pygmyos.code\Gems\pygmy_file.o
                0x080063e0                flashReadByte
 .text.fileGetActiveFiles
                0x08006408       0x30 C:\Users\MightyDubster\Documents\Projects\pygmyos.code\Gems\pygmy_file.o
                0x08006408                fileGetActiveFiles
 .text.fileGetFreeSpace
                0x08006438       0x34 C:\Users\MightyDubster\Documents\Projects\pygmyos.code\Gems\pygmy_file.o
                0x08006438                fileGetFreeSpace
 .text.flashReadBuffer
                0x0800646c       0x40 C:\Users\MightyDubster\Documents\Projects\pygmyos.code\Gems\pygmy_file.o
                0x0800646c                flashReadBuffer
 .text.filePrintList
                0x080064ac       0x84 C:\Users\MightyDubster\Documents\Projects\pygmyos.code\Gems\pygmy_file.o
                0x080064ac                filePrintList
 .text.fileSeekName
                0x08006530       0x3c C:\Users\MightyDubster\Documents\Projects\pygmyos.code\Gems\pygmy_file.o
                0x08006530                fileSeekName
 .text.flashReadStatus
                0x0800656c       0x24 C:\Users\MightyDubster\Documents\Projects\pygmyos.code\Gems\pygmy_file.o
                0x0800656c                flashReadStatus
 .text.flashReadID
                0x08006590       0x30 C:\Users\MightyDubster\Documents\Projects\pygmyos.code\Gems\pygmy_file.o
                0x08006590                flashReadID
 .text.flashWaitForBusy
                0x080065c0        0xe C:\Users\MightyDubster\Documents\Projects\pygmyos.code\Gems\pygmy_file.o
                0x080065c0                flashWaitForBusy
 *fill*         0x080065ce        0x2 00
 .text.flashChipErase
                0x080065d0       0x30 C:\Users\MightyDubster\Documents\Projects\pygmyos.code\Gems\pygmy_file.o
                0x080065d0                flashChipErase
 .text.flashSectorErase
                0x08006600       0x34 C:\Users\MightyDubster\Documents\Projects\pygmyos.code\Gems\pygmy_file.o
                0x08006600                flashSectorErase
 .text.flashWriteByte
                0x08006634       0x40 C:\Users\MightyDubster\Documents\Projects\pygmyos.code\Gems\pygmy_file.o
                0x08006634                flashWriteByte
 .text.flashWriteBuffer
                0x08006674       0x1c C:\Users\MightyDubster\Documents\Projects\pygmyos.code\Gems\pygmy_file.o
                0x08006674                flashWriteBuffer
 .text.flashWriteString
                0x08006690       0x24 C:\Users\MightyDubster\Documents\Projects\pygmyos.code\Gems\pygmy_file.o
                0x08006690                flashWriteString
 .text.flashWriteLong
                0x080066b4       0x20 C:\Users\MightyDubster\Documents\Projects\pygmyos.code\Gems\pygmy_file.o
                0x080066b4                flashWriteLong
 .text.fileWriteLength
                0x080066d4       0x54 C:\Users\MightyDubster\Documents\Projects\pygmyos.code\Gems\pygmy_file.o
                0x080066d4                fileWriteLength
 .text.flashWriteWord
                0x08006728       0x18 C:\Users\MightyDubster\Documents\Projects\pygmyos.code\Gems\pygmy_file.o
                0x08006728                flashWriteWord
 .text.fileDeleteFATEntry
                0x08006740       0x98 C:\Users\MightyDubster\Documents\Projects\pygmyos.code\Gems\pygmy_file.o
                0x08006740                fileDeleteFATEntry
 .text.fileGetActiveFAT
                0x080067d8       0x4c C:\Users\MightyDubster\Documents\Projects\pygmyos.code\Gems\pygmy_file.o
                0x080067d8                fileGetActiveFAT
 .text.fileGetFreeFATEntry
                0x08006824       0xbc C:\Users\MightyDubster\Documents\Projects\pygmyos.code\Gems\pygmy_file.o
                0x08006824                fileGetFreeFATEntry
 .text.fileAllocateFAT
                0x080068e0       0x64 C:\Users\MightyDubster\Documents\Projects\pygmyos.code\Gems\pygmy_file.o
                0x080068e0                fileAllocateFAT
 .text.filePutChar
                0x08006944       0x98 C:\Users\MightyDubster\Documents\Projects\pygmyos.code\Gems\pygmy_file.o
                0x08006944                filePutChar
 .text.filePutString
                0x080069dc       0x1c C:\Users\MightyDubster\Documents\Projects\pygmyos.code\Gems\pygmy_file.o
                0x080069dc                filePutString
 .text.filePutBuffer
                0x080069f8       0x22 C:\Users\MightyDubster\Documents\Projects\pygmyos.code\Gems\pygmy_file.o
                0x080069f8                filePutBuffer
 *fill*         0x08006a1a        0x2 00
 .text.fileClose
                0x08006a1c       0xa0 C:\Users\MightyDubster\Documents\Projects\pygmyos.code\Gems\pygmy_file.o
                0x08006a1c                fileClose
 .text.fileGetFreeFileEntry
                0x08006abc       0xf4 C:\Users\MightyDubster\Documents\Projects\pygmyos.code\Gems\pygmy_file.o
                0x08006abc                fileGetFreeFileEntry
 .text.fileRename
                0x08006bb0       0x88 C:\Users\MightyDubster\Documents\Projects\pygmyos.code\Gems\pygmy_file.o
                0x08006bb0                fileRename
 .text.flashWriteEnable
                0x08006c38       0x44 C:\Users\MightyDubster\Documents\Projects\pygmyos.code\Gems\pygmy_file.o
                0x08006c38                flashWriteEnable
 .text.fileFormat
                0x08006c7c       0xec C:\Users\MightyDubster\Documents\Projects\pygmyos.code\Gems\pygmy_file.o
                0x08006c7c                fileFormat
 .text.fileMountRoot
                0x08006d68       0xb4 C:\Users\MightyDubster\Documents\Projects\pygmyos.code\Gems\pygmy_file.o
                0x08006d68                fileMountRoot
 .text.fileDelete
                0x08006e1c       0x3c C:\Users\MightyDubster\Documents\Projects\pygmyos.code\Gems\pygmy_file.o
                0x08006e1c                fileDelete
 .text.fileOpen
                0x08006e58      0x104 C:\Users\MightyDubster\Documents\Projects\pygmyos.code\Gems\pygmy_file.o
                0x08006e58                fileOpen
 .text.fileCopy
                0x08006f5c       0x4c C:\Users\MightyDubster\Documents\Projects\pygmyos.code\Gems\pygmy_file.o
                0x08006f5c                fileCopy
 .text.guiSetCursor
                0x08006fa8        0xc C:\Users\MightyDubster\Documents\Projects\pygmyos.code\Gems\pygmy_gui.o
                0x08006fa8                guiSetCursor
 .text.colorCopy
                0x08006fb4        0xe C:\Users\MightyDubster\Documents\Projects\pygmyos.code\Gems\pygmy_gui.o
                0x08006fb4                colorCopy
 .text.colorApply
                0x08006fc2        0xc C:\Users\MightyDubster\Documents\Projects\pygmyos.code\Gems\pygmy_gui.o
                0x08006fc2                colorApply
 *fill*         0x08006fce        0x2 00
 .text.fontSetColor
                0x08006fd0       0x38 C:\Users\MightyDubster\Documents\Projects\pygmyos.code\Gems\pygmy_gui.o
                0x08006fd0                fontSetColor
 .text.fontSetBackColor
                0x08007008       0x38 C:\Users\MightyDubster\Documents\Projects\pygmyos.code\Gems\pygmy_gui.o
                0x08007008                fontSetBackColor
 .text.fontGetActive
                0x08007040        0xc C:\Users\MightyDubster\Documents\Projects\pygmyos.code\Gems\pygmy_gui.o
                0x08007040                fontGetActive
 .text.guiClearArea
                0x0800704c       0x22 C:\Users\MightyDubster\Documents\Projects\pygmyos.code\Gems\pygmy_gui.o
                0x0800704c                guiClearArea
 *fill*         0x0800706e        0x2 00
 .text.guiDeleteSprite
                0x08007070       0x2c C:\Users\MightyDubster\Documents\Projects\pygmyos.code\Gems\pygmy_gui.o
                0x08007070                guiDeleteSprite
 .text.guiGetHeader
                0x0800709c       0x24 C:\Users\MightyDubster\Documents\Projects\pygmyos.code\Gems\pygmy_gui.o
                0x0800709c                guiGetHeader
 .text.guiGetEntries
                0x080070c0       0x26 C:\Users\MightyDubster\Documents\Projects\pygmyos.code\Gems\pygmy_gui.o
                0x080070c0                guiGetEntries
 .text.guiGetImage
                0x080070e6       0x5c C:\Users\MightyDubster\Documents\Projects\pygmyos.code\Gems\pygmy_gui.o
                0x080070e6                guiGetImage
 *fill*         0x08007142        0x2 00
 .text.drawImage
                0x08007144      0x28c C:\Users\MightyDubster\Documents\Projects\pygmyos.code\Gems\pygmy_gui.o
                0x08007144                drawImage
 .text.drawSprite
                0x080073d0       0x48 C:\Users\MightyDubster\Documents\Projects\pygmyos.code\Gems\pygmy_gui.o
                0x080073d0                drawSprite
 .text.guiSpriteProcess
                0x08007418       0x58 C:\Users\MightyDubster\Documents\Projects\pygmyos.code\Gems\pygmy_gui.o
                0x08007418                guiSpriteProcess
 .text.drawString
                0x08007470       0x30 C:\Users\MightyDubster\Documents\Projects\pygmyos.code\Gems\pygmy_gui.o
                0x08007470                drawString
 .text.putsLCD  0x080074a0        0xa C:\Users\MightyDubster\Documents\Projects\pygmyos.code\Gems\pygmy_gui.o
                0x080074a0                putsLCD
 .text.drawLine
                0x080074aa       0xea C:\Users\MightyDubster\Documents\Projects\pygmyos.code\Gems\pygmy_gui.o
                0x080074aa                drawLine
 .text.drawRadius
                0x08007594      0x210 C:\Users\MightyDubster\Documents\Projects\pygmyos.code\Gems\pygmy_gui.o
                0x08007594                drawRadius
 .text.drawRect
                0x080077a4      0x23a C:\Users\MightyDubster\Documents\Projects\pygmyos.code\Gems\pygmy_gui.o
                0x080077a4                drawRect
 *fill*         0x080079de        0x2 00
 .text.drawWidget
                0x080079e0      0x4d8 C:\Users\MightyDubster\Documents\Projects\pygmyos.code\Gems\pygmy_gui.o
                0x080079e0                drawWidget
 .text.drawForms
                0x08007eb8       0x68 C:\Users\MightyDubster\Documents\Projects\pygmyos.code\Gems\pygmy_gui.o
                0x08007eb8                drawForms
 .text.interruptGetTimerVector
                0x08007f20       0x20 C:\Users\MightyDubster\Documents\Projects\pygmyos.code\Gems\pygmy_nvic.o
                0x08007f20                interruptGetTimerVector
 .text.interruptEnable
                0x08007f40       0x2c C:\Users\MightyDubster\Documents\Projects\pygmyos.code\Gems\pygmy_nvic.o
                0x08007f40                interruptEnable
 .text.interruptSetPriority
                0x08007f6c       0xbc C:\Users\MightyDubster\Documents\Projects\pygmyos.code\Gems\pygmy_nvic.o
                0x08007f6c                interruptSetPriority
 .text.pinGetIRQPR
                0x08008028        0xc C:\Users\MightyDubster\Documents\Projects\pygmyos.code\Gems\pygmy_port.o
                0x08008028                pinGetIRQPR
 .text.pinGetIRQPin
                0x08008034        0xc C:\Users\MightyDubster\Documents\Projects\pygmyos.code\Gems\pygmy_port.o
                0x08008034                pinGetIRQPin
 .text.pinAnalog
                0x08008040       0x18 C:\Users\MightyDubster\Documents\Projects\pygmyos.code\Gems\pygmy_port.o
                0x08008040                pinAnalog
 .text.pinInterrupt
                0x08008058       0xe8 C:\Users\MightyDubster\Documents\Projects\pygmyos.code\Gems\pygmy_port.o
                0x08008058                pinInterrupt
 .text.pinEnablePortClock
                0x08008140       0x5c C:\Users\MightyDubster\Documents\Projects\pygmyos.code\Gems\pygmy_port.o
                0x08008140                pinEnablePortClock
 .text.pinGetPort
                0x0800819c       0x40 C:\Users\MightyDubster\Documents\Projects\pygmyos.code\Gems\pygmy_port.o
                0x0800819c                pinGetPort
 .text.pinSet   0x080081dc       0x6c C:\Users\MightyDubster\Documents\Projects\pygmyos.code\Gems\pygmy_port.o
                0x080081dc                pinSet
 .text.pinConfig
                0x08008248       0x64 C:\Users\MightyDubster\Documents\Projects\pygmyos.code\Gems\pygmy_port.o
                0x08008248                pinConfig
 .text.pinGet   0x080082ac       0x54 C:\Users\MightyDubster\Documents\Projects\pygmyos.code\Gems\pygmy_port.o
                0x080082ac                pinGet
 .text.pinGetTimer
                0x08008300       0x5c C:\Users\MightyDubster\Documents\Projects\pygmyos.code\Gems\pygmy_port.o
                0x08008300                pinGetTimer
 .text.pinGetChannel
                0x0800835c       0x34 C:\Users\MightyDubster\Documents\Projects\pygmyos.code\Gems\pygmy_port.o
                0x0800835c                pinGetChannel
 .text.pinInitSoftPWM
                0x08008390       0x74 C:\Users\MightyDubster\Documents\Projects\pygmyos.code\Gems\pygmy_port.o
                0x08008390                pinInitSoftPWM
 .text.pinAddSoftPWM
                0x08008404       0xe8 C:\Users\MightyDubster\Documents\Projects\pygmyos.code\Gems\pygmy_port.o
                0x08008404                pinAddSoftPWM
 .text.pinPWM   0x080084ec      0x250 C:\Users\MightyDubster\Documents\Projects\pygmyos.code\Gems\pygmy_port.o
                0x080084ec                pinPWM
 .text.pinProcessSoftPWM
                0x0800873c       0x4c C:\Users\MightyDubster\Documents\Projects\pygmyos.code\Gems\pygmy_port.o
                0x0800873c                pinProcessSoftPWM
 .text.TIM1_UP_IRQHandler
                0x08008788       0x10 C:\Users\MightyDubster\Documents\Projects\pygmyos.code\Gems\pygmy_port.o
                0x08008788                TIM1_UP_IRQHandler
 .text.EXTI0_IRQHandler
                0x08008798       0x34 C:\Users\MightyDubster\Documents\Projects\pygmyos.code\Gems\pygmy_port.o
                0x08008798                EXTI0_IRQHandler
 .text.EXTI1_IRQHandler
                0x080087cc       0x34 C:\Users\MightyDubster\Documents\Projects\pygmyos.code\Gems\pygmy_port.o
                0x080087cc                EXTI1_IRQHandler
 .text.EXTI2_IRQHandler
                0x08008800       0x34 C:\Users\MightyDubster\Documents\Projects\pygmyos.code\Gems\pygmy_port.o
                0x08008800                EXTI2_IRQHandler
 .text.EXTI3_IRQHandler
                0x08008834       0x34 C:\Users\MightyDubster\Documents\Projects\pygmyos.code\Gems\pygmy_port.o
                0x08008834                EXTI3_IRQHandler
 .text.EXTI4_IRQHandler
                0x08008868       0x34 C:\Users\MightyDubster\Documents\Projects\pygmyos.code\Gems\pygmy_port.o
                0x08008868                EXTI4_IRQHandler
 .text.EXTI9_5_IRQHandler
                0x0800889c       0xe4 C:\Users\MightyDubster\Documents\Projects\pygmyos.code\Gems\pygmy_port.o
                0x0800889c                EXTI9_5_IRQHandler
 .text.EXTI15_10_IRQHandler
                0x08008980      0x110 C:\Users\MightyDubster\Documents\Projects\pygmyos.code\Gems\pygmy_port.o
                0x08008980                EXTI15_10_IRQHandler
 .text.socketGetID
                0x08008a90        0xc C:\Users\MightyDubster\Documents\Projects\pygmyos.code\Gems\pygmy_rf.o
                0x08008a90                socketGetID
 .text.socketInit
                0x08008a9c       0x34 C:\Users\MightyDubster\Documents\Projects\pygmyos.code\Gems\pygmy_rf.o
                0x08008a9c                socketInit
 .text.socketList
                0x08008ad0       0xe8 C:\Users\MightyDubster\Documents\Projects\pygmyos.code\Gems\pygmy_rf.o
                0x08008ad0                socketList
 .text.socketGet
                0x08008bb8       0x48 C:\Users\MightyDubster\Documents\Projects\pygmyos.code\Gems\pygmy_rf.o
                0x08008bb8                socketGet
 .text.socketOpenFromPacket
                0x08008c00       0xc8 C:\Users\MightyDubster\Documents\Projects\pygmyos.code\Gems\pygmy_rf.o
                0x08008c00                socketOpenFromPacket
 .text.socketOpen
                0x08008cc8       0x28 C:\Users\MightyDubster\Documents\Projects\pygmyos.code\Gems\pygmy_rf.o
                0x08008cc8                socketOpen
 .text.socketCopy
                0x08008cf0       0x94 C:\Users\MightyDubster\Documents\Projects\pygmyos.code\Gems\pygmy_rf.o
                0x08008cf0                socketCopy
 .text.socketClose
                0x08008d84       0x80 C:\Users\MightyDubster\Documents\Projects\pygmyos.code\Gems\pygmy_rf.o
                0x08008d84                socketClose
 .text.socketSaveData
                0x08008e04       0x20 C:\Users\MightyDubster\Documents\Projects\pygmyos.code\Gems\pygmy_rf.o
                0x08008e04                socketSaveData
 .text.rfFlushTX
                0x08008e24       0x20 C:\Users\MightyDubster\Documents\Projects\pygmyos.code\Gems\pygmy_rf.o
                0x08008e24                rfFlushTX
 .text.rfFlushRX
                0x08008e44       0x20 C:\Users\MightyDubster\Documents\Projects\pygmyos.code\Gems\pygmy_rf.o
                0x08008e44                rfFlushRX
 .text.rfGetStatus
                0x08008e64       0x1c C:\Users\MightyDubster\Documents\Projects\pygmyos.code\Gems\pygmy_rf.o
                0x08008e64                rfGetStatus
 .text.rfGetRXPayloadLen
                0x08008e80       0x24 C:\Users\MightyDubster\Documents\Projects\pygmyos.code\Gems\pygmy_rf.o
                0x08008e80                rfGetRXPayloadLen
 .text.rfClearStatus
                0x08008ea4       0x28 C:\Users\MightyDubster\Documents\Projects\pygmyos.code\Gems\pygmy_rf.o
                0x08008ea4                rfClearStatus
 .text.rfSetRX  0x08008ecc       0x40 C:\Users\MightyDubster\Documents\Projects\pygmyos.code\Gems\pygmy_rf.o
                0x08008ecc                rfSetRX
 .text.rfSetTX  0x08008f0c       0x40 C:\Users\MightyDubster\Documents\Projects\pygmyos.code\Gems\pygmy_rf.o
                0x08008f0c                rfSetTX
 .text.rfPutTXBuffer
                0x08008f4c       0x94 C:\Users\MightyDubster\Documents\Projects\pygmyos.code\Gems\pygmy_rf.o
                0x08008f4c                rfPutTXBuffer
 .text.socketSendAck
                0x08008fe0       0x58 C:\Users\MightyDubster\Documents\Projects\pygmyos.code\Gems\pygmy_rf.o
                0x08008fe0                socketSendAck
 .text.socketSendClose
                0x08009038       0x64 C:\Users\MightyDubster\Documents\Projects\pygmyos.code\Gems\pygmy_rf.o
                0x08009038                socketSendClose
 .text.socketSendData
                0x0800909c       0x9c C:\Users\MightyDubster\Documents\Projects\pygmyos.code\Gems\pygmy_rf.o
                0x0800909c                socketSendData
 .text.socketSendDataFromString
                0x08009138       0xc0 C:\Users\MightyDubster\Documents\Projects\pygmyos.code\Gems\pygmy_rf.o
                0x08009138                socketSendDataFromString
 .text.socketControl
                0x080091f8       0xbc C:\Users\MightyDubster\Documents\Projects\pygmyos.code\Gems\pygmy_rf.o
                0x080091f8                socketControl
 .text.socketSendControl
                0x080092b4       0x70 C:\Users\MightyDubster\Documents\Projects\pygmyos.code\Gems\pygmy_rf.o
                0x080092b4                socketSendControl
 .text.socketCommandLine
                0x08009324       0x8c C:\Users\MightyDubster\Documents\Projects\pygmyos.code\Gems\pygmy_rf.o
                0x08009324                socketCommandLine
 .text.socketOpenCommandLine
                0x080093b0       0x74 C:\Users\MightyDubster\Documents\Projects\pygmyos.code\Gems\pygmy_rf.o
                0x080093b0                socketOpenCommandLine
 .text.socketFile
                0x08009424       0xf8 C:\Users\MightyDubster\Documents\Projects\pygmyos.code\Gems\pygmy_rf.o
                0x08009424                socketFile
 .text.socketRequestFile
                0x0800951c       0x78 C:\Users\MightyDubster\Documents\Projects\pygmyos.code\Gems\pygmy_rf.o
                0x0800951c                socketRequestFile
 .text.socketSendFile
                0x08009594       0x44 C:\Users\MightyDubster\Documents\Projects\pygmyos.code\Gems\pygmy_rf.o
                0x08009594                socketSendFile
 .text.socketResend
                0x080095d8       0x20 C:\Users\MightyDubster\Documents\Projects\pygmyos.code\Gems\pygmy_rf.o
                0x080095d8                socketResend
 .text.socketHandler
                0x080095f8      0x378 C:\Users\MightyDubster\Documents\Projects\pygmyos.code\Gems\pygmy_rf.o
                0x080095f8                socketHandler
 .text.threadSocketMonitor
                0x08009970       0xac C:\Users\MightyDubster\Documents\Projects\pygmyos.code\Gems\pygmy_rf.o
                0x08009970                threadSocketMonitor
 .text.rfRX     0x08009a1c       0x84 C:\Users\MightyDubster\Documents\Projects\pygmyos.code\Gems\pygmy_rf.o
                0x08009a1c                rfRX
 .text.rfWriteAddress
                0x08009aa0       0x38 C:\Users\MightyDubster\Documents\Projects\pygmyos.code\Gems\pygmy_rf.o
                0x08009aa0                rfWriteAddress
 .text.rfInit   0x08009ad8      0x100 C:\Users\MightyDubster\Documents\Projects\pygmyos.code\Gems\pygmy_rf.o
                0x08009ad8                rfInit
 .text.timeInit
                0x08009bd8       0xa4 C:\Users\MightyDubster\Documents\Projects\pygmyos.code\Gems\pygmy_rtc.o
                0x08009bd8                timeInit
 .text.timeGet  0x08009c7c       0x14 C:\Users\MightyDubster\Documents\Projects\pygmyos.code\Gems\pygmy_rtc.o
                0x08009c7c                timeGet
 .text.convertSecondsToSystemTime
                0x08009c90       0xd0 C:\Users\MightyDubster\Documents\Projects\pygmyos.code\Gems\pygmy_rtc.o
                0x08009c90                convertSecondsToSystemTime
 .text.convertPinToString
                0x08009d60       0x24 C:\Users\MightyDubster\Documents\Projects\pygmyos.code\Gems\pygmy_string.o
                0x08009d60                convertPinToString
 .text.convertU16ToBuffer
                0x08009d84       0x12 C:\Users\MightyDubster\Documents\Projects\pygmyos.code\Gems\pygmy_string.o
                0x08009d84                convertU16ToBuffer
 .text.convertU32ToBuffer
                0x08009d96       0x26 C:\Users\MightyDubster\Documents\Projects\pygmyos.code\Gems\pygmy_string.o
                0x08009d96                convertU32ToBuffer
 .text.convertBufferToU16
                0x08009dbc        0xa C:\Users\MightyDubster\Documents\Projects\pygmyos.code\Gems\pygmy_string.o
                0x08009dbc                convertBufferToU16
 .text.convertBufferToU32
                0x08009dc6       0x18 C:\Users\MightyDubster\Documents\Projects\pygmyos.code\Gems\pygmy_string.o
                0x08009dc6                convertBufferToU32
 .text.isPrintable
                0x08009dde        0xe C:\Users\MightyDubster\Documents\Projects\pygmyos.code\Gems\pygmy_string.o
                0x08009dde                isPrintable
 .text.isCharInString
                0x08009dec       0x16 C:\Users\MightyDubster\Documents\Projects\pygmyos.code\Gems\pygmy_string.o
                0x08009dec                isCharInString
 .text.isAlpha  0x08009e02       0x1c C:\Users\MightyDubster\Documents\Projects\pygmyos.code\Gems\pygmy_string.o
                0x08009e02                isAlpha
 .text.isNumeric
                0x08009e1e        0xe C:\Users\MightyDubster\Documents\Projects\pygmyos.code\Gems\pygmy_string.o
                0x08009e1e                isNumeric
 .text.isAlphaOrNumeric
                0x08009e2c       0x2a C:\Users\MightyDubster\Documents\Projects\pygmyos.code\Gems\pygmy_string.o
                0x08009e2c                isAlphaOrNumeric
 .text.isNewline
                0x08009e56       0x1c C:\Users\MightyDubster\Documents\Projects\pygmyos.code\Gems\pygmy_string.o
                0x08009e56                isNewline
 .text.isWhitespace
                0x08009e72        0xe C:\Users\MightyDubster\Documents\Projects\pygmyos.code\Gems\pygmy_string.o
                0x08009e72                isWhitespace
 .text.isQuote  0x08009e80       0x14 C:\Users\MightyDubster\Documents\Projects\pygmyos.code\Gems\pygmy_string.o
                0x08009e80                isQuote
 .text.isSeparator
                0x08009e94       0x14 C:\Users\MightyDubster\Documents\Projects\pygmyos.code\Gems\pygmy_string.o
                0x08009e94                isSeparator
 .text.isPunctuation
                0x08009ea8       0x14 C:\Users\MightyDubster\Documents\Projects\pygmyos.code\Gems\pygmy_string.o
                0x08009ea8                isPunctuation
 .text.len      0x08009ebc       0x20 C:\Users\MightyDubster\Documents\Projects\pygmyos.code\Gems\pygmy_string.o
                0x08009ebc                len
 .text.convertCharToUpper
                0x08009edc       0x10 C:\Users\MightyDubster\Documents\Projects\pygmyos.code\Gems\pygmy_string.o
                0x08009edc                convertCharToUpper
 .text.isCharSameIgnoreCase
                0x08009eec       0x1a C:\Users\MightyDubster\Documents\Projects\pygmyos.code\Gems\pygmy_string.o
                0x08009eec                isCharSameIgnoreCase
 .text.isStringSameIgnoreCase
                0x08009f06       0x32 C:\Users\MightyDubster\Documents\Projects\pygmyos.code\Gems\pygmy_string.o
                0x08009f06                isStringSameIgnoreCase
 .text.isStringSame
                0x08009f38       0x34 C:\Users\MightyDubster\Documents\Projects\pygmyos.code\Gems\pygmy_string.o
                0x08009f38                isStringSame
 .text.getNextSubString
                0x08009f6c       0xf0 C:\Users\MightyDubster\Documents\Projects\pygmyos.code\Gems\pygmy_string.o
                0x08009f6c                getNextSubString
 .text.getAllSubStrings
                0x0800a05c       0x42 C:\Users\MightyDubster\Documents\Projects\pygmyos.code\Gems\pygmy_string.o
                0x0800a05c                getAllSubStrings
 .text.replaceChars
                0x0800a09e       0x2c C:\Users\MightyDubster\Documents\Projects\pygmyos.code\Gems\pygmy_string.o
                0x0800a09e                replaceChars
 .text.convertCharToInt
                0x0800a0ca       0x30 C:\Users\MightyDubster\Documents\Projects\pygmyos.code\Gems\pygmy_string.o
                0x0800a0ca                convertCharToInt
 .text.appendString
                0x0800a0fa       0x1c C:\Users\MightyDubster\Documents\Projects\pygmyos.code\Gems\pygmy_string.o
                0x0800a0fa                appendString
 .text.copyString
                0x0800a116       0x12 C:\Users\MightyDubster\Documents\Projects\pygmyos.code\Gems\pygmy_string.o
                0x0800a116                copyString
 .text.convertStringToInt
                0x0800a128       0xb4 C:\Users\MightyDubster\Documents\Projects\pygmyos.code\Gems\pygmy_string.o
                0x0800a128                convertStringToInt
 .text.convertIntToString
                0x0800a1dc      0x1a8 C:\Users\MightyDubster\Documents\Projects\pygmyos.code\Gems\pygmy_string.o
                0x0800a1dc                convertIntToString
 *fill*         0x0800a384        0x4 00
 .text.convertFloatToString
                0x0800a388      0x148 C:\Users\MightyDubster\Documents\Projects\pygmyos.code\Gems\pygmy_string.o
                0x0800a388                convertFloatToString
 .text.convertStringToPin
                0x0800a4d0       0xcc C:\Users\MightyDubster\Documents\Projects\pygmyos.code\Gems\pygmy_string.o
                0x0800a4d0                convertStringToPin
 .text.TaskException_Handler
                0x0800a59c        0x2 C:\Users\MightyDubster\Documents\Projects\pygmyos.code\Gems\pygmy_sys.o
                0x0800a59c                TaskException_Handler
 *fill*         0x0800a59e        0x2 00
 .text.putsFILE
                0x0800a5a0       0x10 C:\Users\MightyDubster\Documents\Projects\pygmyos.code\Gems\pygmy_sys.o
                0x0800a5a0                putsFILE
 .text.sysAllocate
                0x0800a5b0        0x4 C:\Users\MightyDubster\Documents\Projects\pygmyos.code\Gems\pygmy_sys.o
                0x0800a5b0                sysAllocate
 .text.sysReallocate
                0x0800a5b4        0x4 C:\Users\MightyDubster\Documents\Projects\pygmyos.code\Gems\pygmy_sys.o
                0x0800a5b4                sysReallocate
 .text.sysFree  0x0800a5b8        0x4 C:\Users\MightyDubster\Documents\Projects\pygmyos.code\Gems\pygmy_sys.o
                0x0800a5b8                sysFree
 .text.sysGetADCVoltage
                0x0800a5bc        0x8 C:\Users\MightyDubster\Documents\Projects\pygmyos.code\Gems\pygmy_sys.o
                0x0800a5bc                sysGetADCVoltage
 .text.sysEnableTimerClock
                0x0800a5c4       0xf8 C:\Users\MightyDubster\Documents\Projects\pygmyos.code\Gems\pygmy_sys.o
                0x0800a5c4                sysEnableTimerClock
 .text.sysEnableTimerInterrupt
                0x0800a6bc       0x12 C:\Users\MightyDubster\Documents\Projects\pygmyos.code\Gems\pygmy_sys.o
                0x0800a6bc                sysEnableTimerInterrupt
 *fill*         0x0800a6ce        0x2 00
 .text.sysGetDelayTimer
                0x0800a6d0        0xc C:\Users\MightyDubster\Documents\Projects\pygmyos.code\Gems\pygmy_sys.o
                0x0800a6d0                sysGetDelayTimer
 .text.sysGetPWMTimer
                0x0800a6dc        0xc C:\Users\MightyDubster\Documents\Projects\pygmyos.code\Gems\pygmy_sys.o
                0x0800a6dc                sysGetPWMTimer
 .text.sysGetMainClock
                0x0800a6e8        0xc C:\Users\MightyDubster\Documents\Projects\pygmyos.code\Gems\pygmy_sys.o
                0x0800a6e8                sysGetMainClock
 .text.cmdListQueue
                0x0800a6f4        0xc C:\Users\MightyDubster\Documents\Projects\pygmyos.code\Gems\pygmy_sys.o
                0x0800a6f4                cmdListQueue
 .text.sysCRC16
                0x0800a700       0x1e C:\Users\MightyDubster\Documents\Projects\pygmyos.code\Gems\pygmy_sys.o
                0x0800a700                sysCRC16
 *fill*         0x0800a71e        0x2 00
 .text.pdiaEncode
                0x0800a720       0x78 C:\Users\MightyDubster\Documents\Projects\pygmyos.code\Gems\pygmy_sys.o
                0x0800a720                pdiaEncode
 .text.taskInit
                0x0800a798       0x44 C:\Users\MightyDubster\Documents\Projects\pygmyos.code\Gems\pygmy_sys.o
                0x0800a798                taskInit
 .text.taskNew  0x0800a7dc       0x9c C:\Users\MightyDubster\Documents\Projects\pygmyos.code\Gems\pygmy_sys.o
                0x0800a7dc                taskNew
 .text.taskNewSimple
                0x0800a878       0x12 C:\Users\MightyDubster\Documents\Projects\pygmyos.code\Gems\pygmy_sys.o
                0x0800a878                taskNewSimple
 *fill*         0x0800a88a        0x2 00
 .text.taskIsRunning
                0x0800a88c       0x34 C:\Users\MightyDubster\Documents\Projects\pygmyos.code\Gems\pygmy_sys.o
                0x0800a88c                taskIsRunning
 .text.taskDelete
                0x0800a8c0       0x54 C:\Users\MightyDubster\Documents\Projects\pygmyos.code\Gems\pygmy_sys.o
                0x0800a8c0                taskDelete
 .text.taskProcess
                0x0800a914       0x64 C:\Users\MightyDubster\Documents\Projects\pygmyos.code\Gems\pygmy_sys.o
                0x0800a914                taskProcess
 .text.taskList
                0x0800a978       0x2c C:\Users\MightyDubster\Documents\Projects\pygmyos.code\Gems\pygmy_sys.o
                0x0800a978                taskList
 .text.msgInit  0x0800a9a4       0x38 C:\Users\MightyDubster\Documents\Projects\pygmyos.code\Gems\pygmy_sys.o
                0x0800a9a4                msgInit
 .text.sysInit  0x0800a9dc       0xb4 C:\Users\MightyDubster\Documents\Projects\pygmyos.code\Gems\pygmy_sys.o
                0x0800a9dc                sysInit
 .text.msgGetIndex
                0x0800aa90       0x3c C:\Users\MightyDubster\Documents\Projects\pygmyos.code\Gems\pygmy_sys.o
                0x0800aa90                msgGetIndex
 .text.msgDelete
                0x0800aacc       0x30 C:\Users\MightyDubster\Documents\Projects\pygmyos.code\Gems\pygmy_sys.o
                0x0800aacc                msgDelete
 .text.msgSend  0x0800aafc       0x44 C:\Users\MightyDubster\Documents\Projects\pygmyos.code\Gems\pygmy_sys.o
                0x0800aafc                msgSend
 .text.msgProcess
                0x0800ab40       0x94 C:\Users\MightyDubster\Documents\Projects\pygmyos.code\Gems\pygmy_sys.o
                0x0800ab40                msgProcess
 .text.msgList  0x0800abd4       0x24 C:\Users\MightyDubster\Documents\Projects\pygmyos.code\Gems\pygmy_sys.o
                0x0800abd4                msgList
 .text.sysGetID
                0x0800abf8        0x8 C:\Users\MightyDubster\Documents\Projects\pygmyos.code\Gems\pygmy_sys.o
                0x0800abf8                sysGetID
 .text.sysGetFile
                0x0800ac00        0x8 C:\Users\MightyDubster\Documents\Projects\pygmyos.code\Gems\pygmy_sys.o
                0x0800ac00                sysGetFile
 .text.descriptorGetID
                0x0800ac08       0x18 C:\Users\MightyDubster\Documents\Projects\pygmyos.code\Gems\pygmy_sys.o
                0x0800ac08                descriptorGetID
 .text.print    0x0800ac20      0x208 C:\Users\MightyDubster\Documents\Projects\pygmyos.code\Gems\pygmy_sys.o
                0x0800ac20                print
 .text.println  0x0800ae28       0x20 C:\Users\MightyDubster\Documents\Projects\pygmyos.code\Gems\pygmy_sys.o
                0x0800ae28                println
 .text.sysGetTimer
                0x0800ae48       0x18 C:\Users\MightyDubster\Documents\Projects\pygmyos.code\Gems\pygmy_sys.o
                0x0800ae48                sysGetTimer
 .text.delay    0x0800ae60       0xc0 C:\Users\MightyDubster\Documents\Projects\pygmyos.code\Gems\pygmy_sys.o
                0x0800ae60                delay
 .text.SysTick_Handler
                0x0800af20       0x3c C:\Users\MightyDubster\Documents\Projects\pygmyos.code\Gems\pygmy_sys.o
                0x0800af20                SysTick_Handler
 .text.main     0x0800af5c       0x38 C:\Users\MightyDubster\Documents\Projects\pygmyos.code\Gems\main.o
                0x0800af5c                main
 .text.lcdWriteCommand
                0x0800af94       0x30 C:\Users\MightyDubster\Documents\Projects\pygmyos.code\Gems\varitronix128x128_parallel.o
                0x0800af94                lcdWriteCommand
 .text.lcdWriteData
                0x0800afc4       0x30 C:\Users\MightyDubster\Documents\Projects\pygmyos.code\Gems\varitronix128x128_parallel.o
                0x0800afc4                lcdWriteData
 .text.lcdSetContrast
                0x0800aff4       0x1c C:\Users\MightyDubster\Documents\Projects\pygmyos.code\Gems\varitronix128x128_parallel.o
                0x0800aff4                lcdSetContrast
 .text.lcdDrawPixel
                0x0800b010       0xc8 C:\Users\MightyDubster\Documents\Projects\pygmyos.code\Gems\varitronix128x128_parallel.o
                0x0800b010                lcdDrawPixel
 .text.lcdSetBPP
                0x0800b0d8        0xc C:\Users\MightyDubster\Documents\Projects\pygmyos.code\Gems\varitronix128x128_parallel.o
                0x0800b0d8                lcdSetBPP
 .text.lcdGetBPP
                0x0800b0e4        0xc C:\Users\MightyDubster\Documents\Projects\pygmyos.code\Gems\varitronix128x128_parallel.o
                0x0800b0e4                lcdGetBPP
 .text.lcdSetColor
                0x0800b0f0       0x48 C:\Users\MightyDubster\Documents\Projects\pygmyos.code\Gems\varitronix128x128_parallel.o
                0x0800b0f0                lcdSetColor
 .text.lcdClearArea
                0x0800b138       0xb8 C:\Users\MightyDubster\Documents\Projects\pygmyos.code\Gems\varitronix128x128_parallel.o
                0x0800b138                lcdClearArea
 .text.lcdClear
                0x0800b1f0        0xc C:\Users\MightyDubster\Documents\Projects\pygmyos.code\Gems\varitronix128x128_parallel.o
                0x0800b1f0                lcdClear
 .text.lcdInit  0x0800b1fc      0x244 C:\Users\MightyDubster\Documents\Projects\pygmyos.code\Gems\varitronix128x128_parallel.o
                0x0800b1fc                lcdInit
 .text.eepromOpen
                0x0800b440       0x3c C:\Users\MightyDubster\Documents\Projects\pygmyos.code\Gems\at24hc02b.o
                0x0800b440                eepromOpen
 .text.eepromQueryBus
                0x0800b47c       0x48 C:\Users\MightyDubster\Documents\Projects\pygmyos.code\Gems\at24hc02b.o
                0x0800b47c                eepromQueryBus
 .text.eepromPutChar
                0x0800b4c4       0x10 C:\Users\MightyDubster\Documents\Projects\pygmyos.code\Gems\at24hc02b.o
                0x0800b4c4                eepromPutChar
 .text.eepromErase
                0x0800b4d4       0x18 C:\Users\MightyDubster\Documents\Projects\pygmyos.code\Gems\at24hc02b.o
                0x0800b4d4                eepromErase
 .text.eepromPutString
                0x0800b4ec       0x10 C:\Users\MightyDubster\Documents\Projects\pygmyos.code\Gems\at24hc02b.o
                0x0800b4ec                eepromPutString
 .text.eepromGetChar
                0x0800b4fc        0xc C:\Users\MightyDubster\Documents\Projects\pygmyos.code\Gems\at24hc02b.o
                0x0800b4fc                eepromGetChar
 .text.eepromGetBuffer
                0x0800b508       0x1c C:\Users\MightyDubster\Documents\Projects\pygmyos.code\Gems\at24hc02b.o
                0x0800b508                eepromGetBuffer
 .text.digipotSetWiper
                0x0800b524       0x40 C:\Users\MightyDubster\Documents\Projects\pygmyos.code\Gems\mcp443x.o
                0x0800b524                digipotSetWiper
 .text.digipotGetWiper
                0x0800b564       0x44 C:\Users\MightyDubster\Documents\Projects\pygmyos.code\Gems\mcp443x.o
                0x0800b564                digipotGetWiper
 .text.gasSensorInit
                0x0800b5a8       0xb0 C:\Users\MightyDubster\Documents\Projects\pygmyos.code\Gems\gasSensor.o
                0x0800b5a8                gasSensorInit
 .text.gasSensorSetHeaterPWM
                0x0800b658       0x40 C:\Users\MightyDubster\Documents\Projects\pygmyos.code\Gems\gasSensor.o
                0x0800b658                gasSensorSetHeaterPWM
 .text.gasSensorBoostDisable
                0x0800b698        0x8 C:\Users\MightyDubster\Documents\Projects\pygmyos.code\Gems\gasSensor.o
                0x0800b698                gasSensorBoostDisable
 .text.gasSensorBoostEnable
                0x0800b6a0        0x8 C:\Users\MightyDubster\Documents\Projects\pygmyos.code\Gems\gasSensor.o
                0x0800b6a0                gasSensorBoostEnable
 .text.gasSensorGetGain
                0x0800b6a8       0x14 C:\Users\MightyDubster\Documents\Projects\pygmyos.code\Gems\gasSensor.o
                0x0800b6a8                gasSensorGetGain
 .text.gasSensorSetGain
                0x0800b6bc       0x10 C:\Users\MightyDubster\Documents\Projects\pygmyos.code\Gems\gasSensor.o
                0x0800b6bc                gasSensorSetGain
 .text.gasSensorSetLoad
                0x0800b6cc       0x10 C:\Users\MightyDubster\Documents\Projects\pygmyos.code\Gems\gasSensor.o
                0x0800b6cc                gasSensorSetLoad
 .text.gasSensorRead
                0x0800b6dc       0x38 C:\Users\MightyDubster\Documents\Projects\pygmyos.code\Gems\gasSensor.o
                0x0800b6dc                gasSensorRead
 .text._sbrk    0x0800b714       0x30 C:\Program Files (x86)\Raisonance\Ride\Lib\ARM\std_sbrk_thumb.lib(sbrk.o)
                0x0800b714                _sbrk
 *(.rodata)
 .rodata        0x0800b744       0x12 C:\Users\MightyDubster\Documents\Projects\pygmyos.code\Gems\pygmy_adc.o
                0x0800b744                PYGMY_ADC_CHANNELS
 *fill*         0x0800b756        0x2 00
 .rodata        0x0800b758      0x110 C:\Users\MightyDubster\Documents\Projects\pygmyos.code\Gems\pygmy_cmd.o
                0x0800b758                PYGMYSTDCOMMANDS
                0x0800b858                PYGMYCORECOMMANDS
 .rodata        0x0800b868       0x24 C:\Users\MightyDubster\Documents\Projects\pygmyos.code\Gems\pygmy_nvic.o
                0x0800b868                PYGMY_TIMERVECTORS_L15X
                0x0800b87a                PYGMY_TIMERVECTORS
 .rodata        0x0800b88c       0x10 C:\Users\MightyDubster\Documents\Projects\pygmyos.code\Gems\pygmy_port.o
                0x0800b88c                PYGMY_TIMERPINS
 .rodata        0x0800b89c        0x5 C:\Users\MightyDubster\Documents\Projects\pygmyos.code\Gems\pygmy_rf.o
                0x0800b89c                ucAddrP0
 *fill*         0x0800b8a1        0x3 00
 .rodata        0x0800b8a4      0x134 C:\Users\MightyDubster\Documents\Projects\pygmyos.code\Gems\pygmy_string.o
                0x0800b8a4                PYGMYNEBULAPINS
                0x0800b984                PYGMYHEXCHARS
                0x0800b994                PYGMYBASE64CHARS
 .rodata        0x0800b9d8      0x168 C:\Users\MightyDubster\Documents\Projects\pygmyos.code\Gems\pygmy_sys.o
                0x0800ba2c                PYGSYS_INVBITS
                0x0800ba34                PYGMY_DAYSINMONTH
                0x0800ba40                PYGMY_BITMASKS
                0x0800bac0                PYGMY_INVBITMASKS
 .rodata        0x0800bb40        0x4 C:\Users\MightyDubster\Documents\Projects\pygmyos.code\Gems\mcp443x.o
                0x0800bb40                PYGMYDIGIPOTWIPERS
 .rodata        0x0800bb44       0x60 c:/program files (x86)/raisonance/ride/arm-gcc/bin/../lib/gcc/arm-none-eabi/4.5.1/../../../../arm-none-eabi/lib/thumb2\libc.a(lib_a-findfp.o)
                0x0800bb44                __sf_fake_stdin
                0x0800bb64                __sf_fake_stdout
                0x0800bb84                __sf_fake_stderr
 *(.rodata*)
 .rodata.str1.1
                0x0800bba4      0x32f C:\Users\MightyDubster\Documents\Projects\pygmyos.code\Gems\pygmy_cmd.o
                                0x36a (size before relaxing)
 .rodata.str1.1
                0x0800bed3       0x6b C:\Users\MightyDubster\Documents\Projects\pygmyos.code\Gems\pygmy_com.o
                                 0x6d (size before relaxing)
 .rodata.str1.1
                0x0800bf3e      0x14e C:\Users\MightyDubster\Documents\Projects\pygmyos.code\Gems\pygmy_file.o
                                0x14f (size before relaxing)
 .rodata.str1.1
                0x0800c08c      0x361 C:\Users\MightyDubster\Documents\Projects\pygmyos.code\Gems\pygmy_gui.o
                                0x364 (size before relaxing)
 .rodata.str1.1
                0x0800c3ed       0x19 C:\Users\MightyDubster\Documents\Projects\pygmyos.code\Gems\pygmy_port.o
 .rodata.str1.1
                0x0800c406      0x32b C:\Users\MightyDubster\Documents\Projects\pygmyos.code\Gems\pygmy_rf.o
                                0x354 (size before relaxing)
 .rodata.str1.1
                0x0800c731       0xa2 C:\Users\MightyDubster\Documents\Projects\pygmyos.code\Gems\pygmy_string.o
                                 0xb8 (size before relaxing)
 .rodata.str1.1
                0x0800c7d3       0x3c C:\Users\MightyDubster\Documents\Projects\pygmyos.code\Gems\pygmy_sys.o
                                 0x3f (size before relaxing)
 .rodata.str1.1
                0x0800c80f       0xec C:\Users\MightyDubster\Documents\Projects\pygmyos.code\Gems\main.o
                                0x10f (size before relaxing)
 .rodata.str1.1
                0x0800c8fb       0x29 C:\Users\MightyDubster\Documents\Projects\pygmyos.code\Gems\mcp443x.o
 .rodata.str1.1
                0x0800c924       0x2b C:\Users\MightyDubster\Documents\Projects\pygmyos.code\Gems\gasSensor.o
 *fill*         0x0800c94f        0x1 00
 .rodata.str1.4
                0x0800c950        0x4 c:/program files (x86)/raisonance/ride/arm-gcc/bin/../lib/gcc/arm-none-eabi/4.5.1/../../../../arm-none-eabi/lib/thumb2\libc.a(lib_a-impure.o)
 *(.glue_7)
 .glue_7        0x00000000        0x0 linker stubs
 *(.glue_7t)
 .glue_7t       0x00000000        0x0 linker stubs
                0x0800c954                . = ALIGN (0x4)
                0x0800c954                _etext = .
                0x0800c954                _sidata = _etext

.vfp11_veneer   0x0800c954        0x0
 .vfp11_veneer  0x00000000        0x0 linker stubs

.v4_bx          0x0800c954        0x0
 .v4_bx         0x00000000        0x0 linker stubs

.flashpatch     0x00000000        0x0
                0x00000000                . = ALIGN (0x4)
 *(.flashpatch)
                0x00000000                . = ALIGN (0x4)

.endflash       0x00000000        0x0
                0x00000000                . = ALIGN (0x4)
 *(.endflash)
                0x00000000                . = ALIGN (0x4)
                0x00000000                _e_endflash = .

.data           0x20000000      0x504 load address 0x0800c954
                0x20000000                . = ALIGN (0x4)
                0x20000000                _sdata = .
                0x20000000                _data = .
 *(.data)
 .data          0x20000000       0xf4 c:/program files (x86)/raisonance/ride/arm-gcc/bin/../lib/gcc/arm-none-eabi/4.5.1/../../../../arm-none-eabi/lib/thumb2\libc.a(lib_a-impure.o)
                0x20000000                _impure_ptr
 .data          0x200000f4      0x410 c:/program files (x86)/raisonance/ride/arm-gcc/bin/../lib/gcc/arm-none-eabi/4.5.1/../../../../arm-none-eabi/lib/thumb2\libc.a(lib_a-mallocr.o)
                0x200000f4                __malloc_av_
                0x200004fc                __malloc_sbrk_base
                0x20000500                __malloc_trim_threshold
 *(.data.*)
 *(.RAMtext)
                0x20000504                . = ALIGN (0x4)
                0x20000504                _edata = .
                0x0800ce58                _eidata = ((_sidata + _edata) - _sdata)
                0x08102000                _lastdataromaddress = 0x8102000
                0x00000000                toobig = (_eidata > _lastdataromaddress)?!!!!!!!!! FLASH IS FULL !!!!!!!!!:0x0

.bss            0x20000504     0x1530 load address 0x0800ce58
                0x20000504                . = ALIGN (0x4)
                0x20000504                _sbss = .
                0x20000504                _bss = .
 *(.bss)
 .bss           0x20000504        0x2 C:\Users\MightyDubster\Documents\Projects\pygmyos.code\Gems\pygmy_adc.o
                0x20000504                globalADCStatus
 .bss           0x20000506        0x1 C:\Users\MightyDubster\Documents\Projects\pygmyos.code\Gems\pygmy_com.o
                0x20000506                globalSTDIO
 *fill*         0x20000507        0x1 00
 .bss           0x20000508       0x8c C:\Users\MightyDubster\Documents\Projects\pygmyos.code\Gems\pygmy_file.o
 .bss           0x20000594        0x8 C:\Users\MightyDubster\Documents\Projects\pygmyos.code\Gems\pygmy_gui.o
                0x20000594                globalSpriteStatus
                0x20000598                globalFormsStatus
                0x20000599                globalFormsLen
 .bss           0x2000059c        0x4 C:\Users\MightyDubster\Documents\Projects\pygmyos.code\Gems\pygmy_port.o
                0x2000059c                globalPygmyPWMCR
 .bss           0x200005a0        0x4 C:\Users\MightyDubster\Documents\Projects\pygmyos.code\Gems\pygmy_string.o
 .bss           0x200005a4       0x28 C:\Users\MightyDubster\Documents\Projects\pygmyos.code\Gems\pygmy_sys.o
 .bss           0x200005cc        0x9 C:\Users\MightyDubster\Documents\Projects\pygmyos.code\Gems\at24hc02b.o
                0x200005cc                globalEEPROMWP
 *fill*         0x200005d5        0x1 00
 .bss           0x200005d6        0x2 C:\Users\MightyDubster\Documents\Projects\pygmyos.code\Gems\gasSensor.o
                0x200005d6                globalGasSensorCR
 .bss           0x200005d8       0x34 c:/program files (x86)/raisonance/ride/arm-gcc/bin/../lib/gcc/arm-none-eabi/4.5.1/../../../../arm-none-eabi/lib/thumb2\libc.a(lib_a-mallocr.o)
                0x200005d8                __malloc_top_pad
                0x200005dc                __malloc_current_mallinfo
                0x20000604                __malloc_max_sbrked_mem
                0x20000608                __malloc_max_total_mem