Archive member included because of file (symbol)

c:/program files (x86)/raisonance/ride/arm-gcc/bin/../lib/gcc/arm-none-eabi/4.5.1/../../../../arm-none-eabi/lib/thumb2\libc.a(lib_a-dprintf.o)
                              C:\Users\MightyDubster\Documents\Projects\pygmyos.code\Gems\pygmy_jpeg.o (dprintf)
c:/program files (x86)/raisonance/ride/arm-gcc/bin/../lib/gcc/arm-none-eabi/4.5.1/../../../../arm-none-eabi/lib/thumb2\libc.a(lib_a-findfp.o)
                              c:/program files (x86)/raisonance/ride/arm-gcc/bin/../lib/gcc/arm-none-eabi/4.5.1/../../../../arm-none-eabi/lib/thumb2\libc.a(lib_a-dprintf.o) (__sinit)
c:/program files (x86)/raisonance/ride/arm-gcc/bin/../lib/gcc/arm-none-eabi/4.5.1/../../../../arm-none-eabi/lib/thumb2\libc.a(lib_a-fwalk.o)
                              c:/program files (x86)/raisonance/ride/arm-gcc/bin/../lib/gcc/arm-none-eabi/4.5.1/../../../../arm-none-eabi/lib/thumb2\libc.a(lib_a-findfp.o) (_fwalk)
c:/program files (x86)/raisonance/ride/arm-gcc/bin/../lib/gcc/arm-none-eabi/4.5.1/../../../../arm-none-eabi/lib/thumb2\libc.a(lib_a-impure.o)
                              c:/program files (x86)/raisonance/ride/arm-gcc/bin/../lib/gcc/arm-none-eabi/4.5.1/../../../../arm-none-eabi/lib/thumb2\libc.a(lib_a-dprintf.o) (_impure_ptr)
c:/program files (x86)/raisonance/ride/arm-gcc/bin/../lib/gcc/arm-none-eabi/4.5.1/../../../../arm-none-eabi/lib/thumb2\libc.a(lib_a-malloc.o)
                              C:\Users\MightyDubster\Documents\Projects\pygmyos.code\Gems\pygmy_sys.o (malloc)
c:/program files (x86)/raisonance/ride/arm-gcc/bin/../lib/gcc/arm-none-eabi/4.5.1/../../../../arm-none-eabi/lib/thumb2\libc.a(lib_a-mallocr.o)
                              c:/program files (x86)/raisonance/ride/arm-gcc/bin/../lib/gcc/arm-none-eabi/4.5.1/../../../../arm-none-eabi/lib/thumb2\libc.a(lib_a-findfp.o) (_malloc_r)
c:/program files (x86)/raisonance/ride/arm-gcc/bin/../lib/gcc/arm-none-eabi/4.5.1/../../../../arm-none-eabi/lib/thumb2\libc.a(lib_a-memset.o)
                              C:\Users\MightyDubster\Documents\Projects\pygmyos.code\Gems\pygmy_jpeg.o (memset)
c:/program files (x86)/raisonance/ride/arm-gcc/bin/../lib/gcc/arm-none-eabi/4.5.1/../../../../arm-none-eabi/lib/thumb2\libc.a(lib_a-mlock.o)
                              c:/program files (x86)/raisonance/ride/arm-gcc/bin/../lib/gcc/arm-none-eabi/4.5.1/../../../../arm-none-eabi/lib/thumb2\libc.a(lib_a-mallocr.o) (__malloc_lock)
c:/program files (x86)/raisonance/ride/arm-gcc/bin/../lib/gcc/arm-none-eabi/4.5.1/../../../../arm-none-eabi/lib/thumb2\libc.a(lib_a-realloc.o)
                              C:\Users\MightyDubster\Documents\Projects\pygmyos.code\Gems\pygmy_sys.o (realloc)
c:/program files (x86)/raisonance/ride/arm-gcc/bin/../lib/gcc/arm-none-eabi/4.5.1/../../../../arm-none-eabi/lib/thumb2\libc.a(lib_a-reallocr.o)
                              c:/program files (x86)/raisonance/ride/arm-gcc/bin/../lib/gcc/arm-none-eabi/4.5.1/../../../../arm-none-eabi/lib/thumb2\libc.a(lib_a-realloc.o) (_realloc_r)
c:/program files (x86)/raisonance/ride/arm-gcc/bin/../lib/gcc/arm-none-eabi/4.5.1/../../../../arm-none-eabi/lib/thumb2\libc.a(lib_a-sbrkr.o)
                              c:/program files (x86)/raisonance/ride/arm-gcc/bin/../lib/gcc/arm-none-eabi/4.5.1/../../../../arm-none-eabi/lib/thumb2\libc.a(lib_a-mallocr.o) (_sbrk_r)
c:/program files (x86)/raisonance/ride/arm-gcc/bin/../lib/gcc/arm-none-eabi/4.5.1/../../../../arm-none-eabi/lib/thumb2\libc.a(lib_a-stdio.o)
                              c:/program files (x86)/raisonance/ride/arm-gcc/bin/../lib/gcc/arm-none-eabi/4.5.1/../../../../arm-none-eabi/lib/thumb2\libc.a(lib_a-findfp.o) (__sread)
c:/program files (x86)/raisonance/ride/arm-gcc/bin/../lib/gcc/arm-none-eabi/4.5.1/../../../../arm-none-eabi/lib/thumb2\libc.a(lib_a-vdprintf.o)
                              c:/program files (x86)/raisonance/ride/arm-gcc/bin/../lib/gcc/arm-none-eabi/4.5.1/../../../../arm-none-eabi/lib/thumb2\libc.a(lib_a-dprintf.o) (_vdprintf_r)
c:/program files (x86)/raisonance/ride/arm-gcc/bin/../lib/gcc/arm-none-eabi/4.5.1/../../../../arm-none-eabi/lib/thumb2\libc.a(lib_a-writer.o)
                              c:/program files (x86)/raisonance/ride/arm-gcc/bin/../lib/gcc/arm-none-eabi/4.5.1/../../../../arm-none-eabi/lib/thumb2\libc.a(lib_a-stdio.o) (_write_r)
c:/program files (x86)/raisonance/ride/arm-gcc/bin/../lib/gcc/arm-none-eabi/4.5.1/../../../../arm-none-eabi/lib/thumb2\libc.a(lib_a-closer.o)
                              c:/program files (x86)/raisonance/ride/arm-gcc/bin/../lib/gcc/arm-none-eabi/4.5.1/../../../../arm-none-eabi/lib/thumb2\libc.a(lib_a-stdio.o) (_close_r)
c:/program files (x86)/raisonance/ride/arm-gcc/bin/../lib/gcc/arm-none-eabi/4.5.1/../../../../arm-none-eabi/lib/thumb2\libc.a(lib_a-fclose.o)
                              c:/program files (x86)/raisonance/ride/arm-gcc/bin/../lib/gcc/arm-none-eabi/4.5.1/../../../../arm-none-eabi/lib/thumb2\libc.a(lib_a-findfp.o) (fclose)
[...]
Memory Configuration

Name             Origin             Length             Attributes
RAM              0x20000000         0x00018000         xrw
FLASH            0x08002000         0x00100000         xr
HEAP             0x20002000         0x00014000         xrw
STARTFLASH       0x00000000         0x00000000         xr
CRPPATCH         0x00000000         0x00000000         r
FLASHPATCH       0x00000000         0x00000000         r
ENDFLASH         0x00000000         0x00000000         xr
FLASHB1          0x00000000         0x00000000         xr
EXTMEMB0         0x00000000         0x00000000         xr
EXTMEMB1         0x00000000         0x00000000         xr
EXTMEMB2         0x00000000         0x00000000         xr
EXTMEMB3         0x00000000         0x00000000         xr
*default*        0x00000000         0xffffffff

Linker script and memory map

LOAD C:\Program Files (x86)\Raisonance\Ride\lib\ARM\startup_stm32f10x_hd.o
LOAD C:\Users\MightyDubster\Documents\Projects\pygmyos.code\Gems\pygmy_adc.o
LOAD C:\Users\MightyDubster\Documents\Projects\pygmyos.code\Gems\pygmy_audio.o
LOAD C:\Users\MightyDubster\Documents\Projects\pygmyos.code\Gems\pygmy_cmd.o
LOAD C:\Users\MightyDubster\Documents\Projects\pygmyos.code\Gems\pygmy_com.o
LOAD C:\Users\MightyDubster\Documents\Projects\pygmyos.code\Gems\pygmy_debug.o
LOAD C:\Users\MightyDubster\Documents\Projects\pygmyos.code\Gems\pygmy_file.o
LOAD C:\Users\MightyDubster\Documents\Projects\pygmyos.code\Gems\pygmy_fpec.o
LOAD C:\Users\MightyDubster\Documents\Projects\pygmyos.code\Gems\pygmy_gui.o
LOAD C:\Users\MightyDubster\Documents\Projects\pygmyos.code\Gems\pygmy_nvic.o
LOAD C:\Users\MightyDubster\Documents\Projects\pygmyos.code\Gems\pygmy_port.o
LOAD C:\Users\MightyDubster\Documents\Projects\pygmyos.code\Gems\pygmy_rf.o
LOAD C:\Users\MightyDubster\Documents\Projects\pygmyos.code\Gems\pygmy_rtc.o
LOAD C:\Users\MightyDubster\Documents\Projects\pygmyos.code\Gems\pygmy_string.o
LOAD C:\Users\MightyDubster\Documents\Projects\pygmyos.code\Gems\pygmy_sys.o
LOAD C:\Users\MightyDubster\Documents\Projects\pygmyos.code\Gems\main.o
LOAD C:\Users\MightyDubster\Documents\Projects\pygmyos.code\Gems\varitronix128x128_parallel.o
LOAD C:\Users\MightyDubster\Documents\Projects\pygmyos.code\Gems\pygmy_jpeg.o
START GROUP
LOAD C:\Program Files (x86)\Raisonance\Ride\Lib\ARM\std_sbrk_thumb.lib
LOAD C:\Program Files (x86)\Raisonance\Ride\Lib\ARM\smallprintf_thumb.a
LOAD c:/program files (x86)/raisonance/ride/arm-gcc/bin/../lib/gcc/arm-none-eabi/4.5.1/../../../../arm-none-eabi/lib/thumb2\libc.a
LOAD c:/program files (x86)/raisonance/ride/arm-gcc/bin/../lib/gcc/arm-none-eabi/4.5.1/../../../../arm-none-eabi/lib/thumb2\libm.a
END GROUP
                0x00000400                __Stack_Size = 0x400
                0x00000400                PROVIDE (_Stack_Size, __Stack_Size)
                0x20017c00                __Stack_Init = (_estack - __Stack_Size)
                0x20017c00                PROVIDE (_Stack_Init, __Stack_Init)
                0x00000100                _Minimum_Stack_Size = 0x100
                0x00000000                PROVIDE (Undefined_Handler, 0x0)
                0x00000000                PROVIDE (SWI_Handler, 0x0)
                0x00000000                PROVIDE (IRQ_Handler, 0x0)
                0x00000000                PROVIDE (Prefetch_Handler, 0x0)
                0x00000000                PROVIDE (Abort_Handler, 0x0)
                0x00000000                PROVIDE (FIQ_Handler, 0x0)
                0x00000000                PROVIDE (NMIException, 0x0)
                0x00000000                PROVIDE (NMI_Handler, 0x0)
                0x00000000                PROVIDE (HardFaultException, 0x0)
                0x00000000                PROVIDE (HardFault_Handler, 0x0)
                0x00000000                PROVIDE (MemManageException, 0x0)
                0x00000000                PROVIDE (MemManage_Handler, 0x0)
                0x00000000                PROVIDE (BusFaultException, 0x0)
                0x00000000                PROVIDE (BusFault_Handler, 0x0)
                0x00000000                PROVIDE (UsageFaultException, 0x0)
                0x00000000                PROVIDE (UsageFault_Handler, 0x0)
                0x00000000                PROVIDE (SVCHandler, 0x0)
                0x00000000                PROVIDE (SVC_Handler, 0x0)
                0x00000000                PROVIDE (DebugMonitor, 0x0)
                0x00000000                PROVIDE (DebugMon_Handler, 0x0)
                0x00000000                PROVIDE (PendSVC, 0x0)
                0x00000000                PROVIDE (PendSV_Handler, 0x0)
                0x00000000                PROVIDE (SysTickHandler, 0x0)
                0x00000000                PROVIDE (SysTick_Handler, 0x0)
                0x00000000                PROVIDE (WWDG_IRQHandler, 0x0)
                0x00000000                PROVIDE (PVD_IRQHandler, 0x0)
                0x00000000                PROVIDE (TAMPER_IRQHandler, 0x0)
                0x00000000                PROVIDE (RTC_IRQHandler, 0x0)
                0x00000000                PROVIDE (FLASH_IRQHandler, 0x0)
                0x00000000                PROVIDE (RCC_IRQHandler, 0x0)
                0x00000000                PROVIDE (EXTI0_IRQHandler, 0x0)
                0x00000000                PROVIDE (EXTI1_IRQHandler, 0x0)
                0x00000000                PROVIDE (EXTI2_IRQHandler, 0x0)
                0x00000000                PROVIDE (EXTI3_IRQHandler, 0x0)
                0x00000000                PROVIDE (EXTI4_IRQHandler, 0x0)
                0x00000000                PROVIDE (DMAChannel1_IRQHandler, 0x0)
                0x00000000                PROVIDE (DMAChannel2_IRQHandler, 0x0)
                0x00000000                PROVIDE (DMAChannel3_IRQHandler, 0x0)
                0x00000000                PROVIDE (DMAChannel4_IRQHandler, 0x0)
                0x00000000                PROVIDE (DMAChannel5_IRQHandler, 0x0)
                0x00000000                PROVIDE (DMAChannel6_IRQHandler, 0x0)
                0x00000000                PROVIDE (DMAChannel7_IRQHandler, 0x0)
                0x00000000                PROVIDE (DMA1_Channel1_IRQHandler, 0x0)
                0x00000000                PROVIDE (DMA1_Channel2_IRQHandler, 0x0)
                0x00000000                PROVIDE (DMA1_Channel3_IRQHandler, 0x0)
                0x00000000                PROVIDE (DMA1_Channel4_IRQHandler, 0x0)
                0x00000000                PROVIDE (DMA1_Channel5_IRQHandler, 0x0)
                0x00000000                PROVIDE (DMA1_Channel6_IRQHandler, 0x0)
                0x00000000                PROVIDE (DMA1_Channel7_IRQHandler, 0x0)
                0x00000000                PROVIDE (ADC_IRQHandler, 0x0)
                0x00000000                PROVIDE (ADC1_2_IRQHandler, 0x0)
                0x00000000                PROVIDE (USB_HP_CAN_TX_IRQHandler, 0x0)
                0x00000000                PROVIDE (USB_HP_CAN1_TX_IRQHandler, 0x0)
                0x00000000                PROVIDE (USB_LP_CAN_RX0_IRQHandler, 0x0)
                0x00000000                PROVIDE (USB_LP_CAN1_RX0_IRQHandler, 0x0)
                0x00000000                PROVIDE (CAN_RX1_IRQHandler, 0x0)
                0x00000000                PROVIDE (CAN1_RX1_IRQHandler, 0x0)
                0x00000000                PROVIDE (CAN_SCE_IRQHandler, 0x0)
                0x00000000                PROVIDE (CAN1_SCE_IRQHandler, 0x0)
                0x00000000                PROVIDE (EXTI9_5_IRQHandler, 0x0)
                0x00000000                PROVIDE (TIM1_BRK_IRQHandler, 0x0)
                0x00000000                PROVIDE (TIM1_UP_IRQHandler, 0x0)
                0x00000000                PROVIDE (TIM1_TRG_COM_IRQHandler, 0x0)
                0x00000000                PROVIDE (TIM1_CC_IRQHandler, 0x0)
                0x00000000                PROVIDE (TIM2_IRQHandler, 0x0)
                0x00000000                PROVIDE (TIM3_IRQHandler, 0x0)
                0x00000000                PROVIDE (TIM4_IRQHandler, 0x0)
                0x00000000                PROVIDE (I2C1_EV_IRQHandler, 0x0)
                0x00000000                PROVIDE (I2C1_ER_IRQHandler, 0x0)
                0x00000000                PROVIDE (I2C2_EV_IRQHandler, 0x0)
                0x00000000                PROVIDE (I2C2_ER_IRQHandler, 0x0)
                0x00000000                PROVIDE (SPI1_IRQHandler, 0x0)
                0x00000000                PROVIDE (SPI2_IRQHandler, 0x0)
                0x00000000                PROVIDE (USART1_IRQHandler, 0x0)
                0x00000000                PROVIDE (USART2_IRQHandler, 0x0)
                0x00000000                PROVIDE (USART3_IRQHandler, 0x0)
                0x00000000                PROVIDE (EXTI15_10_IRQHandler, 0x0)
                0x00000000                PROVIDE (RTCAlarm_IRQHandler, 0x0)
                0x00000000                PROVIDE (USBWakeUp_IRQHandler, 0x0)
                0x00000000                PROVIDE (TIM8_BRK_IRQHandler, 0x0)
                0x00000000                PROVIDE (TIM8_UP_IRQHandler, 0x0)
                0x00000000                PROVIDE (TIM8_TRG_COM_IRQHandler, 0x0)
                0x00000000                PROVIDE (TIM8_CC_IRQHandler, 0x0)
                0x00000000                PROVIDE (ADC3_IRQHandler, 0x0)
                0x00000000                PROVIDE (FSMC_IRQHandler, 0x0)
                0x00000000                PROVIDE (SDIO_IRQHandler, 0x0)
                0x00000000                PROVIDE (TIM5_IRQHandler, 0x0)
                0x00000000                PROVIDE (SPI3_IRQHandler, 0x0)
                0x00000000                PROVIDE (UART4_IRQHandler, 0x0)
                0x00000000                PROVIDE (UART5_IRQHandler, 0x0)
                0x00000000                PROVIDE (TIM6_IRQHandler, 0x0)
                0x00000000                PROVIDE (TIM7_IRQHandler, 0x0)
                0x00000000                PROVIDE (DMA2_Channel1_IRQHandler, 0x0)
                0x00000000                PROVIDE (DMA2_Channel2_IRQHandler, 0x0)
                0x00000000                PROVIDE (DMA2_Channel3_IRQHandler, 0x0)
                0x00000000                PROVIDE (DMA2_Channel4_5_IRQHandler, 0x0)
                0x42000000                PERIPH_BB_BASE = 0x42000000
                0x22000000                SRAM_BB_BASE = 0x22000000
                0x20000000                SRAM_BASE = 0x20000000
                0x40000000                PERIPH_BASE = 0x40000000
                0x40022000                PROVIDE (FLASH_BASE, 0x40022000)
                0x1ffff800                PROVIDE (OB_BASE, 0x1ffff800)
                0x40000000                APB1PERIPH_BASE = PERIPH_BASE
                0x40010000                APB2PERIPH_BASE = (PERIPH_BASE + 0x10000)
                0x40020000                AHBPERIPH_BASE = (PERIPH_BASE + 0x20000)
                0x40000000                PROVIDE (TIM2, (APB1PERIPH_BASE + 0x0))
                0x40000400                PROVIDE (TIM3, (APB1PERIPH_BASE + 0x400))
                0x40000800                PROVIDE (TIM4, (APB1PERIPH_BASE + 0x800))
                0x40002800                PROVIDE (RTC, (APB1PERIPH_BASE + 0x2800))
                0x40002c00                PROVIDE (WWDG, (APB1PERIPH_BASE + 0x2c00))
                0x40003000                PROVIDE (IWDG, (APB1PERIPH_BASE + 0x3000))
                0x40003800                PROVIDE (SPI2, (APB1PERIPH_BASE + 0x3800))
                0x40004400                PROVIDE (USART2, (APB1PERIPH_BASE + 0x4400))
                0x40004800                PROVIDE (USART3, (APB1PERIPH_BASE + 0x4800))
                0x40005400                PROVIDE (I2C1, (APB1PERIPH_BASE + 0x5400))
                0x40005800                PROVIDE (I2C2, (APB1PERIPH_BASE + 0x5800))
                0x40006400                PROVIDE (CAN, (APB1PERIPH_BASE + 0x6400))
                0x40006c00                PROVIDE (BKP, (APB1PERIPH_BASE + 0x6c00))
                0x40007000                PROVIDE (PWR, (APB1PERIPH_BASE + 0x7000))
                0x40010000                PROVIDE (AFIO, (APB2PERIPH_BASE + 0x0))
                0x40010400                PROVIDE (EXTI, (APB2PERIPH_BASE + 0x400))
                0x40010800                PROVIDE (GPIOA, (APB2PERIPH_BASE + 0x800))
                0x40010c00                PROVIDE (GPIOB, (APB2PERIPH_BASE + 0xc00))
                0x40011000                PROVIDE (GPIOC, (APB2PERIPH_BASE + 0x1000))
                0x40011400                PROVIDE (GPIOD, (APB2PERIPH_BASE + 0x1400))
                0x40011800                PROVIDE (GPIOE, (APB2PERIPH_BASE + 0x1800))
                0x40012400                PROVIDE (ADC1, (APB2PERIPH_BASE + 0x2400))
                0x40012800                PROVIDE (ADC2, (APB2PERIPH_BASE + 0x2800))
                0x40012c00                PROVIDE (TIM1, (APB2PERIPH_BASE + 0x2c00))
                0x40013000                PROVIDE (SPI1, (APB2PERIPH_BASE + 0x3000))
                0x40013800                PROVIDE (USART1, (APB2PERIPH_BASE + 0x3800))
                0x40020000                PROVIDE (DMA, (AHBPERIPH_BASE + 0x0))
                0x40020008                PROVIDE (DMA_Channel1, (AHBPERIPH_BASE + 0x8))
                0x4002001c                PROVIDE (DMA_Channel2, (AHBPERIPH_BASE + 0x1c))
                0x40020030                PROVIDE (DMA_Channel3, (AHBPERIPH_BASE + 0x30))
                0x40020044                PROVIDE (DMA_Channel4, (AHBPERIPH_BASE + 0x44))
                0x40020058                PROVIDE (DMA_Channel5, (AHBPERIPH_BASE + 0x58))
                0x4002006c                PROVIDE (DMA_Channel6, (AHBPERIPH_BASE + 0x6c))
                0x40020080                PROVIDE (DMA_Channel7, (AHBPERIPH_BASE + 0x80))
                0x40021000                PROVIDE (RCC, (AHBPERIPH_BASE + 0x1000))
                0xe000e000                SCS_BASE = 0xe000e000
                0xe000e010                PROVIDE (SysTick, (SCS_BASE + 0x10))
                0xe000e100                PROVIDE (NVIC, (SCS_BASE + 0x100))
                0xe000ed00                PROVIDE (SCB, (SCS_BASE + 0xd00))
                0x20018000                _estack = 0x20018000

.isr_vector     0x08002000      0x1e4
                0x08002000                . = ALIGN (0x4)
 *(.isr_vector)
 .isr_vector    0x08002000      0x1e4 C:\Program Files (x86)\Raisonance\Ride\lib\ARM\startup_stm32f10x_hd.o
                0x08002000                g_pfnVectors
                0x080021e4                . = ALIGN (0x4)

.flash_start    0x00000000        0x0
                0x00000000                . = ALIGN (0x4)
 *(.flash_start)
 *(.flash_start.*)
                0x00000000                . = ALIGN (0x4)

.crp_patch      0x00000000        0x0
                0x00000000                . = ALIGN (0x4)
 *(.crp_patch)
                0x00000000                . = ALIGN (0x4)

.flashtext      0x080021e4        0x0
                0x080021e4                . = ALIGN (0x4)
 *(.flashtext)
                0x080021e4                . = ALIGN (0x4)

.text           0x080021e8     0x58c4
                0x080021e8                . = ALIGN (0x4)
 *(.text)
 .text          0x080021e8      0x278 c:/program files (x86)/raisonance/ride/arm-gcc/bin/../lib/gcc/arm-none-eabi/4.5.1/thumb2\libgcc.a(_udivsi3.o)
                0x080021e8                __aeabi_uidiv
                0x080021e8                __udivsi3
                0x08002444                __aeabi_uidivmod
 .text          0x08002460        0x4 c:/program files (x86)/raisonance/ride/arm-gcc/bin/../lib/gcc/arm-none-eabi/4.5.1/thumb2\libgcc.a(_dvmd_tls.o)
                0x08002460                __aeabi_idiv0
                0x08002460                __aeabi_ldiv0
 .text          0x08002464       0x38 c:/program files (x86)/raisonance/ride/arm-gcc/bin/../lib/gcc/arm-none-eabi/4.5.1/thumb2\libgcc.a(_aeabi_ldivmod.o)
                0x08002464                __aeabi_ldivmod
 .text          0x0800249c       0x60 c:/program files (x86)/raisonance/ride/arm-gcc/bin/../lib/gcc/arm-none-eabi/4.5.1/thumb2\libgcc.a(bpabi.o)
                0x0800249c                __gnu_ldivmod_helper
                0x080024cc                __gnu_uldivmod_helper
 .text          0x080024fc      0x364 c:/program files (x86)/raisonance/ride/arm-gcc/bin/../lib/gcc/arm-none-eabi/4.5.1/thumb2\libgcc.a(_divdi3.o)
                0x080024fc                __divdi3
 .text          0x08002860      0x314 c:/program files (x86)/raisonance/ride/arm-gcc/bin/../lib/gcc/arm-none-eabi/4.5.1/thumb2\libgcc.a(_udivdi3.o)
                0x08002860                __udivdi3
 *(.text.*)
 .text.Reset_Handler
                0x08002b74       0x50 C:\Program Files (x86)\Raisonance\Ride\lib\ARM\startup_stm32f10x_hd.o
                0x08002b74                Reset_Handler
 .text.SystemInit_ExtMemCtl_Dummy
                0x08002bc4        0x2 C:\Program Files (x86)\Raisonance\Ride\lib\ARM\startup_stm32f10x_hd.o
                0x08002bc4                SystemInit_ExtMemCtl
                0x08002bc4                SystemInit_ExtMemCtl_Dummy
 .text.Default_Handler
                0x08002bc6        0x2 C:\Program Files (x86)\Raisonance\Ride\lib\ARM\startup_stm32f10x_hd.o
                0x08002bc6                TIM8_TRG_COM_IRQHandler
                0x08002bc6                TIM8_CC_IRQHandler
                0x08002bc6                DebugMon_Handler
                0x08002bc6                TIM1_CC_IRQHandler
                0x08002bc6                HardFault_Handler
                0x08002bc6                TIM6_IRQHandler
                0x08002bc6                PVD_IRQHandler
                0x08002bc6                SDIO_IRQHandler
                0x08002bc6                PendSV_Handler
                0x08002bc6                NMI_Handler
                0x08002bc6                UsageFault_Handler
                0x08002bc6                ADC1_2_IRQHandler
                0x08002bc6                SPI1_IRQHandler
                0x08002bc6                TAMPER_IRQHandler
                0x08002bc6                TIM8_UP_IRQHandler
                0x08002bc6                DMA2_Channel2_IRQHandler
                0x08002bc6                DMA1_Channel4_IRQHandler
                0x08002bc6                RTC_IRQHandler
                0x08002bc6                DMA1_Channel7_IRQHandler
                0x08002bc6                CAN1_RX1_IRQHandler
                0x08002bc6                UART5_IRQHandler
                0x08002bc6                ADC3_IRQHandler
                0x08002bc6                TIM4_IRQHandler
                0x08002bc6                DMA2_Channel1_IRQHandler
                0x08002bc6                I2C1_EV_IRQHandler
                0x08002bc6                DMA1_Channel6_IRQHandler
                0x08002bc6                UART4_IRQHandler
                0x08002bc6                TIM3_IRQHandler
                0x08002bc6                RCC_IRQHandler
                0x08002bc6                TIM1_TRG_COM_IRQHandler
                0x08002bc6                DMA1_Channel1_IRQHandler
                0x08002bc6                Default_Handler
                0x08002bc6                TIM7_IRQHandler
                0x08002bc6                TIM5_IRQHandler
                0x08002bc6                SPI2_IRQHandler
                0x08002bc6                MemManage_Handler
                0x08002bc6                SVC_Handler
                0x08002bc6                DMA1_Channel5_IRQHandler
                0x08002bc6                USB_LP_CAN1_RX0_IRQHandler
                0x08002bc6                USB_HP_CAN1_TX_IRQHandler
                0x08002bc6                FSMC_IRQHandler
                0x08002bc6                WWDG_IRQHandler
                0x08002bc6                TIM2_IRQHandler
                0x08002bc6                TIM1_BRK_IRQHandler
                0x08002bc6                RTCAlarm_IRQHandler
                0x08002bc6                DMA2_Channel4_5_IRQHandler
                0x08002bc6                USART2_IRQHandler
                0x08002bc6                DMA1_Channel2_IRQHandler
                0x08002bc6                TIM8_BRK_IRQHandler
                0x08002bc6                CAN1_SCE_IRQHandler
                0x08002bc6                FLASH_IRQHandler
                0x08002bc6                BusFault_Handler
                0x08002bc6                USART1_IRQHandler
                0x08002bc6                SPI3_IRQHandler
                0x08002bc6                USBWakeUp_IRQHandler
                0x08002bc6                DMA2_Channel3_IRQHandler
 .text.DMA1_Channel3_IRQHandler
                0x08002bc8       0x6c C:\Users\MightyDubster\Documents\Projects\pygmyos.code\Gems\pygmy_audio.o
                0x08002bc8                DMA1_Channel3_IRQHandler
 .text.cmdNull  0x08002c34        0x4 C:\Users\MightyDubster\Documents\Projects\pygmyos.code\Gems\pygmy_cmd.o
                0x08002c34                cmdNull
 .text.cmd_reset
                0x08002c38       0x14 C:\Users\MightyDubster\Documents\Projects\pygmyos.code\Gems\pygmy_cmd.o
                0x08002c38                cmd_reset
 .text.cmd_peek
                0x08002c4c        0x4 C:\Users\MightyDubster\Documents\Projects\pygmyos.code\Gems\pygmy_cmd.o
                0x08002c4c                cmd_peek
 .text.cmd_poke
                0x08002c50        0x4 C:\Users\MightyDubster\Documents\Projects\pygmyos.code\Gems\pygmy_cmd.o
                0x08002c50                cmd_poke
 .text.cmd_kill
                0x08002c54        0x4 C:\Users\MightyDubster\Documents\Projects\pygmyos.code\Gems\pygmy_cmd.o
                0x08002c54                cmd_kill
 .text.cmd_rfsend
                0x08002c58       0x12 C:\Users\MightyDubster\Documents\Projects\pygmyos.code\Gems\pygmy_cmd.o
                0x08002c58                cmd_rfsend
 *fill*         0x08002c6a        0x2 00
 .text.cmd_rfopen
                0x08002c6c       0x30 C:\Users\MightyDubster\Documents\Projects\pygmyos.code\Gems\pygmy_cmd.o
                0x08002c6c                cmd_rfopen
 .text.cmd_write
                0x08002c9c        0xe C:\Users\MightyDubster\Documents\Projects\pygmyos.code\Gems\pygmy_cmd.o
                0x08002c9c                cmd_write
 *fill*         0x08002caa        0x2 00
 .text.cmd_pinconfig
                0x08002cac       0x78 C:\Users\MightyDubster\Documents\Projects\pygmyos.code\Gems\pygmy_cmd.o
                0x08002cac                cmd_pinconfig
 .text.cmd_cp   0x08002d24       0x18 C:\Users\MightyDubster\Documents\Projects\pygmyos.code\Gems\pygmy_cmd.o
                0x08002d24                cmd_cp
 .text.cmd_mv   0x08002d3c       0x16 C:\Users\MightyDubster\Documents\Projects\pygmyos.code\Gems\pygmy_cmd.o
                0x08002d3c                cmd_mv
 *fill*         0x08002d52        0x2 00
 .text.cmd_open
                0x08002d54       0x64 C:\Users\MightyDubster\Documents\Projects\pygmyos.code\Gems\pygmy_cmd.o
                0x08002d54                cmd_open
 .text.cmd_close
                0x08002db8        0xe C:\Users\MightyDubster\Documents\Projects\pygmyos.code\Gems\pygmy_cmd.o
                0x08002db8                cmd_close
 .text.cmd_rm   0x08002dc6       0x10 C:\Users\MightyDubster\Documents\Projects\pygmyos.code\Gems\pygmy_cmd.o
                0x08002dc6                cmd_rm
 .text.cmd_ls   0x08002dd6        0xc C:\Users\MightyDubster\Documents\Projects\pygmyos.code\Gems\pygmy_cmd.o
                0x08002dd6                cmd_ls
 *fill*         0x08002de2        0x2 00
 .text.cmd_read
                0x08002de4       0x8c C:\Users\MightyDubster\Documents\Projects\pygmyos.code\Gems\pygmy_cmd.o
                0x08002de4                cmd_read
 .text.cmd_format
                0x08002e70       0x10 C:\Users\MightyDubster\Documents\Projects\pygmyos.code\Gems\pygmy_cmd.o
                0x08002e70                cmd_format
 .text.cmd_mnt  0x08002e80        0xa C:\Users\MightyDubster\Documents\Projects\pygmyos.code\Gems\pygmy_cmd.o
                0x08002e80                cmd_mnt
 .text.cmd_pinpwm
                0x08002e8a       0x34 C:\Users\MightyDubster\Documents\Projects\pygmyos.code\Gems\pygmy_cmd.o
                0x08002e8a                cmd_pinpwm
 *fill*         0x08002ebe        0x2 00
 .text.cmd_pinget
                0x08002ec0       0x24 C:\Users\MightyDubster\Documents\Projects\pygmyos.code\Gems\pygmy_cmd.o
                0x08002ec0                cmd_pinget
 .text.cmd_pinset
                0x08002ee4       0x7c C:\Users\MightyDubster\Documents\Projects\pygmyos.code\Gems\pygmy_cmd.o
                0x08002ee4                cmd_pinset
 .text.cmd_pinevent
                0x08002f60       0x44 C:\Users\MightyDubster\Documents\Projects\pygmyos.code\Gems\pygmy_cmd.o
                0x08002f60                cmd_pinevent
 .text.cmdPinEvent
                0x08002fa4       0x60 C:\Users\MightyDubster\Documents\Projects\pygmyos.code\Gems\pygmy_cmd.o
                0x08002fa4                cmdPinEvent
 .text.cmd_ps   0x08003004       0xac C:\Users\MightyDubster\Documents\Projects\pygmyos.code\Gems\pygmy_cmd.o
                0x08003004                cmd_ps
 .text.cmdInit  0x080030b0       0x5c C:\Users\MightyDubster\Documents\Projects\pygmyos.code\Gems\pygmy_cmd.o
                0x080030b0                cmdInit
 .text.cmdExecute
                0x0800310c       0x84 C:\Users\MightyDubster\Documents\Projects\pygmyos.code\Gems\pygmy_cmd.o
                0x0800310c                cmdExecute
 .text.cmdGetsCOM3
                0x08003190       0x30 C:\Users\MightyDubster\Documents\Projects\pygmyos.code\Gems\pygmy_cmd.o
                0x08003190                cmdGetsCOM3
 .text.cmdOpenPort
                0x080031c0       0xd4 C:\Users\MightyDubster\Documents\Projects\pygmyos.code\Gems\pygmy_cmd.o
                0x080031c0                cmdOpenPort
 .text.cmdWritePort
                0x08003294       0x54 C:\Users\MightyDubster\Documents\Projects\pygmyos.code\Gems\pygmy_cmd.o
                0x08003294                cmdWritePort
 .text.cmdReadPort
                0x080032e8       0x54 C:\Users\MightyDubster\Documents\Projects\pygmyos.code\Gems\pygmy_cmd.o
                0x080032e8                cmdReadPort
 .text.cmd_port
                0x0800333c      0x284 C:\Users\MightyDubster\Documents\Projects\pygmyos.code\Gems\pygmy_cmd.o
                0x0800333c                cmd_port
 .text.spiWriteByte
                0x080035c0       0x2c C:\Users\MightyDubster\Documents\Projects\pygmyos.code\Gems\pygmy_com.o
                0x080035c0                spiWriteByte
 .text.spiWriteLong
                0x080035ec       0x2c C:\Users\MightyDubster\Documents\Projects\pygmyos.code\Gems\pygmy_com.o
                0x080035ec                spiWriteLong
 .text.spiReadByte
                0x08003618       0x30 C:\Users\MightyDubster\Documents\Projects\pygmyos.code\Gems\pygmy_com.o
                0x08003618                spiReadByte
 .text.spiReadBuffer
                0x08003648       0x2c C:\Users\MightyDubster\Documents\Projects\pygmyos.code\Gems\pygmy_com.o
                0x08003648                spiReadBuffer
 .text.spiWriteBuffer
                0x08003674       0x2c C:\Users\MightyDubster\Documents\Projects\pygmyos.code\Gems\pygmy_com.o
                0x08003674                spiWriteBuffer
 .text.spiConfig
                0x080036a0       0xa8 C:\Users\MightyDubster\Documents\Projects\pygmyos.code\Gems\pygmy_com.o
                0x080036a0                spiConfig
 .text.I2C1_ER_IRQHandler
                0x08003748        0x2 C:\Users\MightyDubster\Documents\Projects\pygmyos.code\Gems\pygmy_com.o
                0x08003748                I2C1_ER_IRQHandler
 .text.I2C2_EV_IRQHandler
                0x0800374a        0x2 C:\Users\MightyDubster\Documents\Projects\pygmyos.code\Gems\pygmy_com.o
                0x0800374a                I2C2_EV_IRQHandler
 .text.I2C2_ER_IRQHandler
                0x0800374c        0x2 C:\Users\MightyDubster\Documents\Projects\pygmyos.code\Gems\pygmy_com.o
                0x0800374c                I2C2_ER_IRQHandler
 *fill*         0x0800374e        0x2 00
 .text.i2cConfig
                0x08003750       0x68 C:\Users\MightyDubster\Documents\Projects\pygmyos.code\Gems\pygmy_com.o
                0x08003750                i2cConfig
 .text.i2cStart
                0x080037b8       0x58 C:\Users\MightyDubster\Documents\Projects\pygmyos.code\Gems\pygmy_com.o
                0x080037b8                i2cStart
 .text.i2cStop  0x08003810       0x44 C:\Users\MightyDubster\Documents\Projects\pygmyos.code\Gems\pygmy_com.o
                0x08003810                i2cStop
 .text.i2cWriteBit
                0x08003854       0x66 C:\Users\MightyDubster\Documents\Projects\pygmyos.code\Gems\pygmy_com.o
                0x08003854                i2cWriteBit
 .text.i2cReadBit
                0x080038ba       0x4c C:\Users\MightyDubster\Documents\Projects\pygmyos.code\Gems\pygmy_com.o
                0x080038ba                i2cReadBit
 .text.i2cWriteByte
                0x08003906       0x32 C:\Users\MightyDubster\Documents\Projects\pygmyos.code\Gems\pygmy_com.o
                0x08003906                i2cWriteByte
 .text.i2cWriteBuffer
                0x08003938       0x4c C:\Users\MightyDubster\Documents\Projects\pygmyos.code\Gems\pygmy_com.o
                0x08003938                i2cWriteBuffer
 .text.i2cReadByte
                0x08003984       0x28 C:\Users\MightyDubster\Documents\Projects\pygmyos.code\Gems\pygmy_com.o
                0x08003984                i2cReadByte
 .text.i2cReadBuffer
                0x080039ac       0x46 C:\Users\MightyDubster\Documents\Projects\pygmyos.code\Gems\pygmy_com.o
                0x080039ac                i2cReadBuffer
 *fill*         0x080039f2        0x2 00
 .text.streamReset
                0x080039f4       0x44 C:\Users\MightyDubster\Documents\Projects\pygmyos.code\Gems\pygmy_com.o
                0x080039f4                streamReset
 .text.streamInit
                0x08003a38       0x14 C:\Users\MightyDubster\Documents\Projects\pygmyos.code\Gems\pygmy_com.o
                0x08003a38                streamInit
 .text.streamGetSTDIO
                0x08003a4c        0xc C:\Users\MightyDubster\Documents\Projects\pygmyos.code\Gems\pygmy_com.o
                0x08003a4c                streamGetSTDIO
 .text.streamSetSTDIO
                0x08003a58       0x4c C:\Users\MightyDubster\Documents\Projects\pygmyos.code\Gems\pygmy_com.o
                0x08003a58                streamSetSTDIO
 .text.streamEchoChar
                0x08003aa4       0x24 C:\Users\MightyDubster\Documents\Projects\pygmyos.code\Gems\pygmy_com.o
                0x08003aa4                streamEchoChar
 .text.streamGetChar
                0x08003ac8       0x34 C:\Users\MightyDubster\Documents\Projects\pygmyos.code\Gems\pygmy_com.o
                0x08003ac8                streamGetChar
 .text.streamFIFOToString
                0x08003afc       0x28 C:\Users\MightyDubster\Documents\Projects\pygmyos.code\Gems\pygmy_com.o
                0x08003afc                streamFIFOToString
 .text.streamPopChar
                0x08003b24       0x38 C:\Users\MightyDubster\Documents\Projects\pygmyos.code\Gems\pygmy_com.o
                0x08003b24                streamPopChar
 .text.streamPushChar
                0x08003b5c       0x34 C:\Users\MightyDubster\Documents\Projects\pygmyos.code\Gems\pygmy_com.o
                0x08003b5c                streamPushChar
 .text.streamSetPut
                0x08003b90       0x1c C:\Users\MightyDubster\Documents\Projects\pygmyos.code\Gems\pygmy_com.o
                0x08003b90                streamSetPut
 .text.streamSetGet
                0x08003bac       0x1c C:\Users\MightyDubster\Documents\Projects\pygmyos.code\Gems\pygmy_com.o
                0x08003bac                streamSetGet
 .text.streamSetRXBuffer
                0x08003bc8       0x20 C:\Users\MightyDubster\Documents\Projects\pygmyos.code\Gems\pygmy_com.o
                0x08003bc8                streamSetRXBuffer
 .text.streamEnableEcho
                0x08003be8       0x1c C:\Users\MightyDubster\Documents\Projects\pygmyos.code\Gems\pygmy_com.o
                0x08003be8                streamEnableEcho
 .text.streamEnableActionChars
                0x08003c04       0x1c C:\Users\MightyDubster\Documents\Projects\pygmyos.code\Gems\pygmy_com.o
                0x08003c04                streamEnableActionChars
 .text.streamEnableBackspace
                0x08003c20       0x1c C:\Users\MightyDubster\Documents\Projects\pygmyos.code\Gems\pygmy_com.o
                0x08003c20                streamEnableBackspace
 .text.streamHandler
                0x08003c3c       0x78 C:\Users\MightyDubster\Documents\Projects\pygmyos.code\Gems\pygmy_com.o
                0x08003c3c                streamHandler
 .text.USART3_IRQHandler
                0x08003cb4       0x24 C:\Users\MightyDubster\Documents\Projects\pygmyos.code\Gems\pygmy_com.o
                0x08003cb4                USART3_IRQHandler
 .text.putsUSART3
                0x08003cd8       0x20 C:\Users\MightyDubster\Documents\Projects\pygmyos.code\Gems\pygmy_com.o
                0x08003cd8                putsUSART3
 .text.fileSetPosition
                0x08003cf8       0x3e C:\Users\MightyDubster\Documents\Projects\pygmyos.code\Gems\pygmy_file.o
                0x08003cf8                fileSetPosition
 .text.fileIsEOF
                0x08003d36        0x8 C:\Users\MightyDubster\Documents\Projects\pygmyos.code\Gems\pygmy_file.o
                0x08003d36                fileIsEOF
 .text.fileIsValidName
                0x08003d3e       0x4c C:\Users\MightyDubster\Documents\Projects\pygmyos.code\Gems\pygmy_file.o
                0x08003d3e                fileIsValidName
 *fill*         0x08003d8a        0x2 00
 .text.flashReadWord
                0x08003d8c       0x38 C:\Users\MightyDubster\Documents\Projects\pygmyos.code\Gems\pygmy_file.o
                0x08003d8c                flashReadWord
 .text.fileGetFAT
                0x08003dc4       0x5c C:\Users\MightyDubster\Documents\Projects\pygmyos.code\Gems\pygmy_file.o
                0x08003dc4                fileGetFAT
 .text.fileGetChar
                0x08003e20      0x128 C:\Users\MightyDubster\Documents\Projects\pygmyos.code\Gems\pygmy_file.o
                0x08003e20                fileGetChar
 .text.fileGetLong
                0x08003f48       0x5a C:\Users\MightyDubster\Documents\Projects\pygmyos.code\Gems\pygmy_file.o
                0x08003f48                fileGetLong
 .text.fileGetWord
                0x08003fa2       0x32 C:\Users\MightyDubster\Documents\Projects\pygmyos.code\Gems\pygmy_file.o
                0x08003fa2                fileGetWord
 .text.fileGetBuffer
                0x08003fd4       0x20 C:\Users\MightyDubster\Documents\Projects\pygmyos.code\Gems\pygmy_file.o
                0x08003fd4                fileGetBuffer
 .text.flashReadLong
                0x08003ff4       0x50 C:\Users\MightyDubster\Documents\Projects\pygmyos.code\Gems\pygmy_file.o
                0x08003ff4                flashReadLong
 .text.fileGetLength
                0x08004044       0x40 C:\Users\MightyDubster\Documents\Projects\pygmyos.code\Gems\pygmy_file.o
                0x08004044                fileGetLength
 .text.flashReadByte
                0x08004084       0x28 C:\Users\MightyDubster\Documents\Projects\pygmyos.code\Gems\pygmy_file.o
                0x08004084                flashReadByte
 .text.fileGetActiveFiles
                0x080040ac       0x30 C:\Users\MightyDubster\Documents\Projects\pygmyos.code\Gems\pygmy_file.o
                0x080040ac                fileGetActiveFiles
 .text.fileGetFreeSpace
                0x080040dc       0x34 C:\Users\MightyDubster\Documents\Projects\pygmyos.code\Gems\pygmy_file.o
                0x080040dc                fileGetFreeSpace
 .text.flashReadBuffer
                0x08004110       0x40 C:\Users\MightyDubster\Documents\Projects\pygmyos.code\Gems\pygmy_file.o
                0x08004110                flashReadBuffer
 .text.filePrintList
                0x08004150       0x84 C:\Users\MightyDubster\Documents\Projects\pygmyos.code\Gems\pygmy_file.o
                0x08004150                filePrintList
 .text.fileSeekName
                0x080041d4       0x3c C:\Users\MightyDubster\Documents\Projects\pygmyos.code\Gems\pygmy_file.o
                0x080041d4                fileSeekName
 .text.flashReadStatus
                0x08004210       0x24 C:\Users\MightyDubster\Documents\Projects\pygmyos.code\Gems\pygmy_file.o
                0x08004210                flashReadStatus
 .text.flashReadID
                0x08004234       0x30 C:\Users\MightyDubster\Documents\Projects\pygmyos.code\Gems\pygmy_file.o
                0x08004234                flashReadID
 .text.flashWaitForBusy
                0x08004264        0xe C:\Users\MightyDubster\Documents\Projects\pygmyos.code\Gems\pygmy_file.o
                0x08004264                flashWaitForBusy
 *fill*         0x08004272        0x2 00
 .text.flashChipErase
                0x08004274       0x30 C:\Users\MightyDubster\Documents\Projects\pygmyos.code\Gems\pygmy_file.o
                0x08004274                flashChipErase
 .text.flashSectorErase
                0x080042a4       0x34 C:\Users\MightyDubster\Documents\Projects\pygmyos.code\Gems\pygmy_file.o
                0x080042a4                flashSectorErase
 .text.flashWriteByte
                0x080042d8       0x40 C:\Users\MightyDubster\Documents\Projects\pygmyos.code\Gems\pygmy_file.o
                0x080042d8                flashWriteByte
 .text.flashWriteBuffer
                0x08004318       0x1c C:\Users\MightyDubster\Documents\Projects\pygmyos.code\Gems\pygmy_file.o
                0x08004318                flashWriteBuffer
 .text.flashWriteString
                0x08004334       0x24 C:\Users\MightyDubster\Documents\Projects\pygmyos.code\Gems\pygmy_file.o
                0x08004334                flashWriteString
 .text.flashWriteLong
                0x08004358       0x20 C:\Users\MightyDubster\Documents\Projects\pygmyos.code\Gems\pygmy_file.o
                0x08004358                flashWriteLong
 .text.fileWriteLength
                0x08004378       0x54 C:\Users\MightyDubster\Documents\Projects\pygmyos.code\Gems\pygmy_file.o
                0x08004378                fileWriteLength
 .text.flashWriteWord
                0x080043cc       0x18 C:\Users\MightyDubster\Documents\Projects\pygmyos.code\Gems\pygmy_file.o
                0x080043cc                flashWriteWord
 .text.fileDeleteFATEntry
                0x080043e4       0x98 C:\Users\MightyDubster\Documents\Projects\pygmyos.code\Gems\pygmy_file.o
                0x080043e4                fileDeleteFATEntry
 .text.fileGetActiveFAT
                0x0800447c       0x4c C:\Users\MightyDubster\Documents\Projects\pygmyos.code\Gems\pygmy_file.o
                0x0800447c                fileGetActiveFAT
 .text.fileGetFreeFATEntry
                0x080044c8       0xbc C:\Users\MightyDubster\Documents\Projects\pygmyos.code\Gems\pygmy_file.o
                0x080044c8                fileGetFreeFATEntry
 .text.fileAllocateFAT
                0x08004584       0x64 C:\Users\MightyDubster\Documents\Projects\pygmyos.code\Gems\pygmy_file.o
                0x08004584                fileAllocateFAT
 .text.filePutChar
                0x080045e8       0x98 C:\Users\MightyDubster\Documents\Projects\pygmyos.code\Gems\pygmy_file.o
                0x080045e8                filePutChar
 .text.filePutString
                0x08004680       0x1c C:\Users\MightyDubster\Documents\Projects\pygmyos.code\Gems\pygmy_file.o
                0x08004680                filePutString
 .text.fileClose
                0x0800469c       0xa0 C:\Users\MightyDubster\Documents\Projects\pygmyos.code\Gems\pygmy_file.o
                0x0800469c                fileClose
 .text.fileGetFreeFileEntry
                0x0800473c       0xf4 C:\Users\MightyDubster\Documents\Projects\pygmyos.code\Gems\pygmy_file.o
                0x0800473c                fileGetFreeFileEntry
 .text.fileRename
                0x08004830       0x88 C:\Users\MightyDubster\Documents\Projects\pygmyos.code\Gems\pygmy_file.o
                0x08004830                fileRename
 .text.flashWriteEnable
                0x080048b8       0x44 C:\Users\MightyDubster\Documents\Projects\pygmyos.code\Gems\pygmy_file.o
                0x080048b8                flashWriteEnable
 .text.fileFormat
                0x080048fc       0xec C:\Users\MightyDubster\Documents\Projects\pygmyos.code\Gems\pygmy_file.o
                0x080048fc                fileFormat
 .text.fileMountRoot
                0x080049e8       0xb4 C:\Users\MightyDubster\Documents\Projects\pygmyos.code\Gems\pygmy_file.o
                0x080049e8                fileMountRoot
 .text.fileDelete
                0x08004a9c       0x3c C:\Users\MightyDubster\Documents\Projects\pygmyos.code\Gems\pygmy_file.o
                0x08004a9c                fileDelete
 .text.fileOpen
                0x08004ad8      0x104 C:\Users\MightyDubster\Documents\Projects\pygmyos.code\Gems\pygmy_file.o
                0x08004ad8                fileOpen
 .text.fileCopy
                0x08004bdc       0x4c C:\Users\MightyDubster\Documents\Projects\pygmyos.code\Gems\pygmy_file.o
                0x08004bdc                fileCopy
 .text.guiApplyColor
                0x08004c28       0x10 C:\Users\MightyDubster\Documents\Projects\pygmyos.code\Gems\pygmy_gui.o
                0x08004c28                guiApplyColor
 .text.guiApplyBackColor
                0x08004c38       0x10 C:\Users\MightyDubster\Documents\Projects\pygmyos.code\Gems\pygmy_gui.o
                0x08004c38                guiApplyBackColor
 .text.guiDeleteSprite
                0x08004c48       0x2c C:\Users\MightyDubster\Documents\Projects\pygmyos.code\Gems\pygmy_gui.o
                0x08004c48                guiDeleteSprite
 .text.guiGetHeader
                0x08004c74       0x24 C:\Users\MightyDubster\Documents\Projects\pygmyos.code\Gems\pygmy_gui.o
                0x08004c74                guiGetHeader
 .text.guiGetEntries
                0x08004c98       0x26 C:\Users\MightyDubster\Documents\Projects\pygmyos.code\Gems\pygmy_gui.o
                0x08004c98                guiGetEntries
 .text.guiGetImage
                0x08004cbe       0x5c C:\Users\MightyDubster\Documents\Projects\pygmyos.code\Gems\pygmy_gui.o
                0x08004cbe                guiGetImage
 *fill*         0x08004d1a        0x2 00
 .text.drawImage
                0x08004d1c      0x23c C:\Users\MightyDubster\Documents\Projects\pygmyos.code\Gems\pygmy_gui.o
                0x08004d1c                drawImage
 .text.drawSprite
                0x08004f58       0x48 C:\Users\MightyDubster\Documents\Projects\pygmyos.code\Gems\pygmy_gui.o
                0x08004f58                drawSprite
 .text.guiSpriteProcess
                0x08004fa0       0x58 C:\Users\MightyDubster\Documents\Projects\pygmyos.code\Gems\pygmy_gui.o
                0x08004fa0                guiSpriteProcess
 .text.drawString
                0x08004ff8       0x30 C:\Users\MightyDubster\Documents\Projects\pygmyos.code\Gems\pygmy_gui.o
                0x08004ff8                drawString
 .text.putsLCD  0x08005028        0xa C:\Users\MightyDubster\Documents\Projects\pygmyos.code\Gems\pygmy_gui.o
                0x08005028                putsLCD
 *fill*         0x08005032        0x2 00
 .text.interruptGetTimerVector
                0x08005034       0x20 C:\Users\MightyDubster\Documents\Projects\pygmyos.code\Gems\pygmy_nvic.o
                0x08005034                interruptGetTimerVector
 .text.interruptEnable
                0x08005054       0x2c C:\Users\MightyDubster\Documents\Projects\pygmyos.code\Gems\pygmy_nvic.o
                0x08005054                interruptEnable
 .text.pinGetIRQPR
                0x08005080        0xc C:\Users\MightyDubster\Documents\Projects\pygmyos.code\Gems\pygmy_port.o
                0x08005080                pinGetIRQPR
 .text.pinGetIRQPin
                0x0800508c        0xc C:\Users\MightyDubster\Documents\Projects\pygmyos.code\Gems\pygmy_port.o
                0x0800508c                pinGetIRQPin
 .text.pinInterrupt
                0x08005098       0xd8 C:\Users\MightyDubster\Documents\Projects\pygmyos.code\Gems\pygmy_port.o
                0x08005098                pinInterrupt
 .text.pinEnablePortClock
                0x08005170       0x5c C:\Users\MightyDubster\Documents\Projects\pygmyos.code\Gems\pygmy_port.o
                0x08005170                pinEnablePortClock
 .text.pinGetPort
                0x080051cc       0x40 C:\Users\MightyDubster\Documents\Projects\pygmyos.code\Gems\pygmy_port.o
                0x080051cc                pinGetPort
 .text.pinSet   0x0800520c       0x6c C:\Users\MightyDubster\Documents\Projects\pygmyos.code\Gems\pygmy_port.o
                0x0800520c                pinSet
 .text.pinConfig
                0x08005278       0x64 C:\Users\MightyDubster\Documents\Projects\pygmyos.code\Gems\pygmy_port.o
                0x08005278                pinConfig
 .text.pinGet   0x080052dc       0x54 C:\Users\MightyDubster\Documents\Projects\pygmyos.code\Gems\pygmy_port.o
                0x080052dc                pinGet
 .text.pinGetTimer
                0x08005330       0x5c C:\Users\MightyDubster\Documents\Projects\pygmyos.code\Gems\pygmy_port.o
                0x08005330                pinGetTimer
 .text.pinGetChannel
                0x0800538c       0x34 C:\Users\MightyDubster\Documents\Projects\pygmyos.code\Gems\pygmy_port.o
                0x0800538c                pinGetChannel
 .text.pinInitSoftPWM
                0x080053c0       0x74 C:\Users\MightyDubster\Documents\Projects\pygmyos.code\Gems\pygmy_port.o
                0x080053c0                pinInitSoftPWM
 .text.pinAddSoftPWM
                0x08005434       0xe8 C:\Users\MightyDubster\Documents\Projects\pygmyos.code\Gems\pygmy_port.o
                0x08005434                pinAddSoftPWM
 .text.pinPWM   0x0800551c      0x250 C:\Users\MightyDubster\Documents\Projects\pygmyos.code\Gems\pygmy_port.o
                0x0800551c                pinPWM
 .text.pinProcessSoftPWM
                0x0800576c       0x4c C:\Users\MightyDubster\Documents\Projects\pygmyos.code\Gems\pygmy_port.o
                0x0800576c                pinProcessSoftPWM
 .text.TIM1_UP_IRQHandler
                0x080057b8       0x10 C:\Users\MightyDubster\Documents\Projects\pygmyos.code\Gems\pygmy_port.o
                0x080057b8                TIM1_UP_IRQHandler
 .text.EXTI0_IRQHandler
                0x080057c8       0x34 C:\Users\MightyDubster\Documents\Projects\pygmyos.code\Gems\pygmy_port.o
                0x080057c8                EXTI0_IRQHandler
 .text.EXTI1_IRQHandler
                0x080057fc       0x34 C:\Users\MightyDubster\Documents\Projects\pygmyos.code\Gems\pygmy_port.o
                0x080057fc                EXTI1_IRQHandler
 .text.EXTI2_IRQHandler
                0x08005830       0x34 C:\Users\MightyDubster\Documents\Projects\pygmyos.code\Gems\pygmy_port.o
                0x08005830                EXTI2_IRQHandler
 .text.EXTI3_IRQHandler
                0x08005864       0x34 C:\Users\MightyDubster\Documents\Projects\pygmyos.code\Gems\pygmy_port.o
                0x08005864                EXTI3_IRQHandler
 .text.EXTI4_IRQHandler
                0x08005898       0x34 C:\Users\MightyDubster\Documents\Projects\pygmyos.code\Gems\pygmy_port.o
                0x08005898                EXTI4_IRQHandler
 .text.EXTI9_5_IRQHandler
                0x080058cc       0xe4 C:\Users\MightyDubster\Documents\Projects\pygmyos.code\Gems\pygmy_port.o
                0x080058cc                EXTI9_5_IRQHandler
 .text.EXTI15_10_IRQHandler
                0x080059b0      0x110 C:\Users\MightyDubster\Documents\Projects\pygmyos.code\Gems\pygmy_port.o
                0x080059b0                EXTI15_10_IRQHandler
 .text.rfGetID  0x08005ac0        0xc C:\Users\MightyDubster\Documents\Projects\pygmyos.code\Gems\pygmy_rf.o
                0x08005ac0                rfGetID
 .text.rfListSockets
                0x08005acc       0xa4 C:\Users\MightyDubster\Documents\Projects\pygmyos.code\Gems\pygmy_rf.o
                0x08005acc                rfListSockets
 .text.rfOpenSocket
                0x08005b70       0x3c C:\Users\MightyDubster\Documents\Projects\pygmyos.code\Gems\pygmy_rf.o
                0x08005b70                rfOpenSocket
 .text.rfGetStatus
                0x08005bac       0x1c C:\Users\MightyDubster\Documents\Projects\pygmyos.code\Gems\pygmy_rf.o
                0x08005bac                rfGetStatus
 .text.rfClearStatus
                0x08005bc8       0x28 C:\Users\MightyDubster\Documents\Projects\pygmyos.code\Gems\pygmy_rf.o
                0x08005bc8                rfClearStatus
 .text.rfSetRX  0x08005bf0       0x40 C:\Users\MightyDubster\Documents\Projects\pygmyos.code\Gems\pygmy_rf.o
                0x08005bf0                rfSetRX
 .text.rfSetTX  0x08005c30       0x40 C:\Users\MightyDubster\Documents\Projects\pygmyos.code\Gems\pygmy_rf.o
                0x08005c30                rfSetTX
 .text.rfPutTXBuffer
                0x08005c70       0x84 C:\Users\MightyDubster\Documents\Projects\pygmyos.code\Gems\pygmy_rf.o
                0x08005c70                rfPutTXBuffer
 .text.rfSendPacket
                0x08005cf4       0xe4 C:\Users\MightyDubster\Documents\Projects\pygmyos.code\Gems\pygmy_rf.o
                0x08005cf4                rfSendPacket
 .text.rfSendOpenCommand
                0x08005dd8       0x38 C:\Users\MightyDubster\Documents\Projects\pygmyos.code\Gems\pygmy_rf.o
                0x08005dd8                rfSendOpenCommand
 .text.rfPutString
                0x08005e10       0x84 C:\Users\MightyDubster\Documents\Projects\pygmyos.code\Gems\pygmy_rf.o
                0x08005e10                rfPutString
 .text.timeInit
                0x08005e94       0xa4 C:\Users\MightyDubster\Documents\Projects\pygmyos.code\Gems\pygmy_rtc.o
                0x08005e94                timeInit
 .text.timeGet  0x08005f38       0x14 C:\Users\MightyDubster\Documents\Projects\pygmyos.code\Gems\pygmy_rtc.o
                0x08005f38                timeGet
 .text.convertSecondsToSystemTime
                0x08005f4c       0xd0 C:\Users\MightyDubster\Documents\Projects\pygmyos.code\Gems\pygmy_rtc.o
                0x08005f4c                convertSecondsToSystemTime
 .text.convertPinToString
                0x0800601c       0x24 C:\Users\MightyDubster\Documents\Projects\pygmyos.code\Gems\pygmy_string.o
                0x0800601c                convertPinToString
 .text.isCharInString
                0x08006040       0x16 C:\Users\MightyDubster\Documents\Projects\pygmyos.code\Gems\pygmy_string.o
                0x08006040                isCharInString
 .text.isAlpha  0x08006056       0x1c C:\Users\MightyDubster\Documents\Projects\pygmyos.code\Gems\pygmy_string.o
                0x08006056                isAlpha
 .text.isNumeric
                0x08006072        0xe C:\Users\MightyDubster\Documents\Projects\pygmyos.code\Gems\pygmy_string.o
                0x08006072                isNumeric
 .text.isAlphaOrNumeric
                0x08006080       0x2a C:\Users\MightyDubster\Documents\Projects\pygmyos.code\Gems\pygmy_string.o
                0x08006080                isAlphaOrNumeric
 .text.isNewline
                0x080060aa       0x1c C:\Users\MightyDubster\Documents\Projects\pygmyos.code\Gems\pygmy_string.o
                0x080060aa                isNewline
 .text.isWhitespace
                0x080060c6        0xe C:\Users\MightyDubster\Documents\Projects\pygmyos.code\Gems\pygmy_string.o
                0x080060c6                isWhitespace
 .text.isQuote  0x080060d4       0x14 C:\Users\MightyDubster\Documents\Projects\pygmyos.code\Gems\pygmy_string.o
                0x080060d4                isQuote
 .text.isSeparator
                0x080060e8       0x14 C:\Users\MightyDubster\Documents\Projects\pygmyos.code\Gems\pygmy_string.o
                0x080060e8                isSeparator
 .text.isPunctuation
                0x080060fc       0x14 C:\Users\MightyDubster\Documents\Projects\pygmyos.code\Gems\pygmy_string.o
                0x080060fc                isPunctuation
 .text.len      0x08006110       0x20 C:\Users\MightyDubster\Documents\Projects\pygmyos.code\Gems\pygmy_string.o
                0x08006110                len
 .text.convertCharToUpper
                0x08006130       0x10 C:\Users\MightyDubster\Documents\Projects\pygmyos.code\Gems\pygmy_string.o
                0x08006130                convertCharToUpper
 .text.isCharSameIgnoreCase
                0x08006140       0x1a C:\Users\MightyDubster\Documents\Projects\pygmyos.code\Gems\pygmy_string.o
                0x08006140                isCharSameIgnoreCase
 .text.isStringSameIgnoreCase
                0x0800615a       0x32 C:\Users\MightyDubster\Documents\Projects\pygmyos.code\Gems\pygmy_string.o
                0x0800615a                isStringSameIgnoreCase
 .text.isStringSame
                0x0800618c       0x34 C:\Users\MightyDubster\Documents\Projects\pygmyos.code\Gems\pygmy_string.o
                0x0800618c                isStringSame
 .text.getNextSubString
                0x080061c0       0xe0 C:\Users\MightyDubster\Documents\Projects\pygmyos.code\Gems\pygmy_string.o
                0x080061c0                getNextSubString
 .text.getAllSubStrings
                0x080062a0       0x42 C:\Users\MightyDubster\Documents\Projects\pygmyos.code\Gems\pygmy_string.o
                0x080062a0                getAllSubStrings
 .text.replaceChars
                0x080062e2       0x2c C:\Users\MightyDubster\Documents\Projects\pygmyos.code\Gems\pygmy_string.o
                0x080062e2                replaceChars
 .text.convertCharToInt
                0x0800630e       0x30 C:\Users\MightyDubster\Documents\Projects\pygmyos.code\Gems\pygmy_string.o
                0x0800630e                convertCharToInt
 .text.copyString
                0x0800633e       0x12 C:\Users\MightyDubster\Documents\Projects\pygmyos.code\Gems\pygmy_string.o
                0x0800633e                copyString
 .text.convertStringToInt
                0x08006350       0xb4 C:\Users\MightyDubster\Documents\Projects\pygmyos.code\Gems\pygmy_string.o
                0x08006350                convertStringToInt
 .text.convertIntToString
                0x08006404      0x1a8 C:\Users\MightyDubster\Documents\Projects\pygmyos.code\Gems\pygmy_string.o
                0x08006404                convertIntToString
 .text.convertStringToPin
                0x080065ac       0xcc C:\Users\MightyDubster\Documents\Projects\pygmyos.code\Gems\pygmy_string.o
                0x080065ac                convertStringToPin
 .text.TaskException_Handler
                0x08006678        0x2 C:\Users\MightyDubster\Documents\Projects\pygmyos.code\Gems\pygmy_sys.o
                0x08006678                TaskException_Handler
 *fill*         0x0800667a        0x2 00
 .text.putsFILE
                0x0800667c       0x10 C:\Users\MightyDubster\Documents\Projects\pygmyos.code\Gems\pygmy_sys.o
                0x0800667c                putsFILE
 .text.sysEnableTimerClock
                0x0800668c       0xf8 C:\Users\MightyDubster\Documents\Projects\pygmyos.code\Gems\pygmy_sys.o
                0x0800668c                sysEnableTimerClock
 .text.sysEnableTimerInterrupt
                0x08006784       0x12 C:\Users\MightyDubster\Documents\Projects\pygmyos.code\Gems\pygmy_sys.o
                0x08006784                sysEnableTimerInterrupt
 *fill*         0x08006796        0x2 00
 .text.sysGetDelayTimer
                0x08006798        0xc C:\Users\MightyDubster\Documents\Projects\pygmyos.code\Gems\pygmy_sys.o
                0x08006798                sysGetDelayTimer
 .text.sysGetPWMTimer
                0x080067a4        0xc C:\Users\MightyDubster\Documents\Projects\pygmyos.code\Gems\pygmy_sys.o
                0x080067a4                sysGetPWMTimer
 .text.sysGetMainClock
                0x080067b0        0xc C:\Users\MightyDubster\Documents\Projects\pygmyos.code\Gems\pygmy_sys.o
                0x080067b0                sysGetMainClock
 .text.cmdListQueue
                0x080067bc        0xc C:\Users\MightyDubster\Documents\Projects\pygmyos.code\Gems\pygmy_sys.o
                0x080067bc                cmdListQueue
 .text.sysCRC16
                0x080067c8       0x1e C:\Users\MightyDubster\Documents\Projects\pygmyos.code\Gems\pygmy_sys.o
                0x080067c8                sysCRC16
 *fill*         0x080067e6        0x2 00
 .text.taskInit
                0x080067e8       0x44 C:\Users\MightyDubster\Documents\Projects\pygmyos.code\Gems\pygmy_sys.o
                0x080067e8                taskInit
 .text.sysInit  0x0800682c       0xb0 C:\Users\MightyDubster\Documents\Projects\pygmyos.code\Gems\pygmy_sys.o
                0x0800682c                sysInit
 .text.taskDelete
                0x080068dc       0x54 C:\Users\MightyDubster\Documents\Projects\pygmyos.code\Gems\pygmy_sys.o
                0x080068dc                taskDelete
 .text.taskProcess
                0x08006930       0x64 C:\Users\MightyDubster\Documents\Projects\pygmyos.code\Gems\pygmy_sys.o
                0x08006930                taskProcess
 .text.taskList
                0x08006994       0x2c C:\Users\MightyDubster\Documents\Projects\pygmyos.code\Gems\pygmy_sys.o
                0x08006994                taskList
 .text.sysGetFile
                0x080069c0        0x8 C:\Users\MightyDubster\Documents\Projects\pygmyos.code\Gems\pygmy_sys.o
                0x080069c0                sysGetFile
 .text.descriptorGetID
                0x080069c8       0x18 C:\Users\MightyDubster\Documents\Projects\pygmyos.code\Gems\pygmy_sys.o
                0x080069c8                descriptorGetID
 .text.print    0x080069e0      0x1e0 C:\Users\MightyDubster\Documents\Projects\pygmyos.code\Gems\pygmy_sys.o
                0x080069e0                print
 .text.println  0x08006bc0       0x20 C:\Users\MightyDubster\Documents\Projects\pygmyos.code\Gems\pygmy_sys.o
                0x08006bc0                println
 .text.sysGetTimer
                0x08006be0       0x18 C:\Users\MightyDubster\Documents\Projects\pygmyos.code\Gems\pygmy_sys.o
                0x08006be0                sysGetTimer
 .text.delay    0x08006bf8       0xbc C:\Users\MightyDubster\Documents\Projects\pygmyos.code\Gems\pygmy_sys.o
                0x08006bf8                delay
 .text.SysTick_Handler
                0x08006cb4       0x30 C:\Users\MightyDubster\Documents\Projects\pygmyos.code\Gems\pygmy_sys.o
                0x08006cb4                SysTick_Handler
 .text.main     0x08006ce4       0x24 C:\Users\MightyDubster\Documents\Projects\pygmyos.code\Gems\main.o
                0x08006ce4                main
 .text.lcdWriteCommand
                0x08006d08       0x30 C:\Users\MightyDubster\Documents\Projects\pygmyos.code\Gems\varitronix128x128_parallel.o
                0x08006d08                lcdWriteCommand
 .text.lcdWriteData
                0x08006d38       0x30 C:\Users\MightyDubster\Documents\Projects\pygmyos.code\Gems\varitronix128x128_parallel.o
                0x08006d38                lcdWriteData
 .text.lcdSetContrast
                0x08006d68       0x1c C:\Users\MightyDubster\Documents\Projects\pygmyos.code\Gems\varitronix128x128_parallel.o
                0x08006d68                lcdSetContrast
 .text.lcdDrawPixel
                0x08006d84       0xc8 C:\Users\MightyDubster\Documents\Projects\pygmyos.code\Gems\varitronix128x128_parallel.o
                0x08006d84                lcdDrawPixel
 .text.lcdSetBPP
                0x08006e4c        0xc C:\Users\MightyDubster\Documents\Projects\pygmyos.code\Gems\varitronix128x128_parallel.o
                0x08006e4c                lcdSetBPP
 .text.lcdSetColor
                0x08006e58       0x48 C:\Users\MightyDubster\Documents\Projects\pygmyos.code\Gems\varitronix128x128_parallel.o
                0x08006e58                lcdSetColor
 .text.lcdClearArea
                0x08006ea0       0xb8 C:\Users\MightyDubster\Documents\Projects\pygmyos.code\Gems\varitronix128x128_parallel.o
                0x08006ea0                lcdClearArea
 .text.lcdClear
                0x08006f58        0xc C:\Users\MightyDubster\Documents\Projects\pygmyos.code\Gems\varitronix128x128_parallel.o
                0x08006f58                lcdClear
 .text.lcdInit  0x08006f64      0x244 C:\Users\MightyDubster\Documents\Projects\pygmyos.code\Gems\varitronix128x128_parallel.o
                0x08006f64                lcdInit
 *(.rodata)
 .rodata        0x080071a8       0xc0 C:\Users\MightyDubster\Documents\Projects\pygmyos.code\Gems\pygmy_cmd.o
                0x080071a8                PYGMYSTDCOMMANDS
 .rodata        0x08007268       0x24 C:\Users\MightyDubster\Documents\Projects\pygmyos.code\Gems\pygmy_nvic.o
                0x08007268                PYGMY_TIMERVECTORS_L15X
                0x0800727a                PYGMY_TIMERVECTORS
 .rodata        0x0800728c       0x10 C:\Users\MightyDubster\Documents\Projects\pygmyos.code\Gems\pygmy_port.o
                0x0800728c                PYGMY_TIMERPINS
 .rodata        0x0800729c      0x134 C:\Users\MightyDubster\Documents\Projects\pygmyos.code\Gems\pygmy_string.o
                0x0800729c                PYGMYNEBULAPINS
                0x0800737c                PYGMYHEXCHARS
                0x0800738c                PYGMYBASE64CHARS
 .rodata        0x080073d0      0x168 C:\Users\MightyDubster\Documents\Projects\pygmyos.code\Gems\pygmy_sys.o
                0x08007424                PYGSYS_INVBITS
                0x0800742c                PYGMY_DAYSINMONTH
                0x08007438                PYGMY_BITMASKS
                0x080074b8                PYGMY_INVBITMASKS
 *(.rodata*)
 .rodata.str1.1
                0x08007538      0x23c C:\Users\MightyDubster\Documents\Projects\pygmyos.code\Gems\pygmy_cmd.o
                                0x259 (size before relaxing)
 .rodata.str1.1
                0x00000000        0x2 C:\Users\MightyDubster\Documents\Projects\pygmyos.code\Gems\pygmy_com.o
 .rodata.str1.1
                0x08007774      0x14e C:\Users\MightyDubster\Documents\Projects\pygmyos.code\Gems\pygmy_file.o
                                0x14f (size before relaxing)
 .rodata.str1.1
                0x080078c2       0x19 C:\Users\MightyDubster\Documents\Projects\pygmyos.code\Gems\pygmy_port.o
 .rodata.str1.1
                0x080078db       0xf5 C:\Users\MightyDubster\Documents\Projects\pygmyos.code\Gems\pygmy_rf.o
 .rodata.str1.1
                0x080079d0       0x9d C:\Users\MightyDubster\Documents\Projects\pygmyos.code\Gems\pygmy_string.o
                                 0xac (size before relaxing)
 .rodata.str1.1
                0x08007a6d       0x36 C:\Users\MightyDubster\Documents\Projects\pygmyos.code\Gems\pygmy_sys.o
                                 0x39 (size before relaxing)
 .rodata.str1.1
                0x08007aa3        0x9 C:\Users\MightyDubster\Documents\Projects\pygmyos.code\Gems\main.o
 *(.glue_7)
 .glue_7        0x00000000        0x0 linker stubs
 *(.glue_7t)
 .glue_7t       0x00000000        0x0 linker stubs
                0x08007aac                . = ALIGN (0x4)
                0x08007aac                _etext = .
                0x08007aac                _sidata = _etext

.vfp11_veneer   0x08007aac        0x0
 .vfp11_veneer  0x00000000        0x0 linker stubs

.v4_bx          0x08007aac        0x0
 .v4_bx         0x00000000        0x0 linker stubs

.flashpatch     0x00000000        0x0
                0x00000000                . = ALIGN (0x4)
 *(.flashpatch)
                0x00000000                . = ALIGN (0x4)

.endflash       0x00000000        0x0
                0x00000000                . = ALIGN (0x4)
 *(.endflash)
                0x00000000                . = ALIGN (0x4)
                0x00000000                _e_endflash = .

.data           0x20000000        0x0 load address 0x08007aac
                0x20000000                . = ALIGN (0x4)
                0x20000000                _sdata = .
                0x20000000                _data = .
 *(.data)
 *(.data.*)
 *(.RAMtext)
                0x20000000                . = ALIGN (0x4)
                0x20000000                _edata = .
                0x08007aac                _eidata = ((_sidata + _edata) - _sdata)
                0x08102000                _lastdataromaddress = 0x8102000
                0x00000000                toobig = (_eidata > _lastdataromaddress)?!!!!!!!!! FLASH IS FULL !!!!!!!!!:0x0

.bss            0x20000000     0x15f4
                0x20000000                . = ALIGN (0x4)
                0x20000000                _sbss = .
                0x20000000                _bss = .
 *(.bss)
 .bss           0x20000000        0x1 C:\Users\MightyDubster\Documents\Projects\pygmyos.code\Gems\pygmy_com.o
                0x20000000                globalSTDIO
 *fill*         0x20000001        0x3 00
 .bss           0x20000004       0x8c C:\Users\MightyDubster\Documents\Projects\pygmyos.code\Gems\pygmy_file.o
 .bss           0x20000090        0x4 C:\Users\MightyDubster\Documents\Projects\pygmyos.code\Gems\pygmy_port.o
                0x20000090                globalPygmyPWMCR
 .bss           0x20000094        0x4 C:\Users\MightyDubster\Documents\Projects\pygmyos.code\Gems\pygmy_string.o
 *(COMMON)
 COMMON         0x20000098      0x42c C:\Users\MightyDubster\Documents\Projects\pygmyos.code\Gems\pygmy_audio.o
                0x20000098                globalAudioPage
                0x20000099                globalAudioBuffer
                0x2000049c                pygmyAudioFile
 COMMON         0x200004c4       0x74 C:\Users\MightyDubster\Documents\Projects\pygmyos.code\Gems\pygmy_cmd.o
                0x200004c4                globalCMDPorts
                0x200004cc                globalCMDUnsupported
                0x200004d0                globalCMDError
                0x200004d4                globalSPIPorts
                0x2000050c                globalI2CPorts
                0x20000534                globalCMDPrompt
 COMMON         0x20000538      0x114 C:\Users\MightyDubster\Documents\Projects\pygmyos.code\Gems\pygmy_com.o
                0x20000538                globalCOM3RXBuffer
                0x200005b8                globalStreams
                0x20000648                globalStreamEcho
 COMMON         0x2000064c       0x58 C:\Users\MightyDubster\Documents\Projects\pygmyos.code\Gems\pygmy_file.o
                0x2000064c                pygmyRootVolume
                0x20000688                pygmyFlashSPI
 COMMON         0x200006a4      0x8cc C:\Users\MightyDubster\Documents\Projects\pygmyos.code\Gems\pygmy_gui.o
                0x200006a4                globalForms
                0x200006a8                globalGUI
                0x200006d4                globalSprites
                0x20000f54                globalWidgets
 COMMON         0x20000f70       0xd8 C:\Users\MightyDubster\Documents\Projects\pygmyos.code\Gems\pygmy_port.o
                0x20000f70                globalIRQPins
                0x20000f80                globalIRQPR
                0x20000f84                globalIRQHandlers
                0x20000fc4                globalPygmyPWM
                0x20001044                globalPygmyPWMFreq
 COMMON         0x20001048      0x244 C:\Users\MightyDubster\Documents\Projects\pygmyos.code\Gems\pygmy_rf.o
                0x20001048                pygmyGlobalRFID
                0x2000104c                pygmyGlobalRFSockets
                0x2000124c                pygmyRFSPI
                0x20001268                globalRFTXPayload
                0x20001288                globalRFConfig
 COMMON         0x2000128c      0x364 C:\Users\MightyDubster\Documents\Projects\pygmyos.code\Gems\pygmy_sys.o
                0x2000128c                pygmyGlobalMessages
                0x2000141c                pygmyGlobalData
                0x2000143c                pygmyGlobalTasks
                0x200015e0                pygmyGlobalQueues
 COMMON         0x200015f0        0x4 C:\Users\MightyDubster\Documents\Projects\pygmyos.code\Gems\varitronix128x128_parallel.o
                0x200015f0                globalContrast
                0x200015f1                globalBPP
                0x200015f2                globalPixel
                0x200015f4                . = ALIGN (0x4)
                0x200015f4                _ebss = .
                0x200015f4                PROVIDE (end, _ebss)
                0x200015f4                PROVIDE (_end, _ebss)

._usrstack      0x200015f4      0x100
                0x200015f4                . = ALIGN (0x4)
                0x200015f4                _susrstack = .
                0x200016f4                . = (. + _Minimum_Stack_Size)
 *fill*         0x200015f4      0x100 00
                0x200016f4                . = ALIGN (0x4)
                0x200016f4                _eusrstack = .

.b1text
 *(.b1text)
 *(.b1rodata)
 *(.b1rodata*)

.eb0text
 *(.eb0text)
 *(.eb0rodata)
 *(.eb0rodata*)

.eb1text
 *(.eb1text)
 *(.eb1rodata)
 *(.eb1rodata*)

.eb2text
 *(.eb2text)
 *(.eb2rodata)
 *(.eb2rodata*)

.eb3text
 *(.eb3text)
 *(.eb3rodata)
 *(.eb3rodata*)
                0x200016f4                __exidx_start = .
                0x200016f4                __exidx_end = .

/DISCARD/
 libc.a(*)
 libm.a(*)
 libgcc.a(*)

.stab
 *(.stab)

.stabstr
 *(.stabstr)

.stab.excl
 *(.stab.excl)

.stab.exclstr
 *(.stab.exclstr)

.stab.index
 *(.stab.index)

.stab.indexstr
 *(.stab.indexstr)

.ARM.attributes
                0x00000000       0x2d
 .ARM.attributes
                0x00000000       0x21 C:\Program Files (x86)\Raisonance\Ride\lib\ARM\startup_stm32f10x_hd.o
 .ARM.attributes
                0x00000021       0x31 C:\Users\MightyDubster\Documents\Projects\pygmyos.code\Gems\pygmy_adc.o
 .ARM.attributes
                0x00000052       0x31 C:\Users\MightyDubster\Documents\Projects\pygmyos.code\Gems\pygmy_audio.o
 .ARM.attributes
                0x00000083       0x31 C:\Users\MightyDubster\Documents\Projects\pygmyos.code\Gems\pygmy_cmd.o
 .ARM.attributes
                0x000000b4       0x31 C:\Users\MightyDubster\Documents\Projects\pygmyos.code\Gems\pygmy_com.o
 .ARM.attributes
                0x000000e5       0x31 C:\Users\MightyDubster\Documents\Projects\pygmyos.code\Gems\pygmy_debug.o
 .ARM.attributes
                0x00000116       0x31 C:\Users\MightyDubster\Documents\Projects\pygmyos.code\Gems\pygmy_file.o
 .ARM.attributes
                0x00000147       0x31 C:\Users\MightyDubster\Documents\Projects\pygmyos.code\Gems\pygmy_fpec.o
 .ARM.attributes
                0x00000178       0x31 C:\Users\MightyDubster\Documents\Projects\pygmyos.code\Gems\pygmy_gui.o
 .ARM.attributes
                0x000001a9       0x31 C:\Users\MightyDubster\Documents\Projects\pygmyos.code\Gems\pygmy_nvic.o
 .ARM.attributes
                0x000001da       0x31 C:\Users\MightyDubster\Documents\Projects\pygmyos.code\Gems\pygmy_port.o
 .ARM.attributes
                0x0000020b       0x31 C:\Users\MightyDubster\Documents\Projects\pygmyos.code\Gems\pygmy_rf.o
 .ARM.attributes
                0x0000023c       0x31 C:\Users\MightyDubster\Documents\Projects\pygmyos.code\Gems\pygmy_rtc.o
 .ARM.attributes
                0x0000026d       0x31 C:\Users\MightyDubster\Documents\Projects\pygmyos.code\Gems\pygmy_string.o
 .ARM.attributes
                0x0000029e       0x31 C:\Users\MightyDubster\Documents\Projects\pygmyos.code\Gems\pygmy_sys.o
 .ARM.attributes
                0x000002cf       0x31 C:\Users\MightyDubster\Documents\Projects\pygmyos.code\Gems\main.o
 .ARM.attributes
                0x00000300       0x31 C:\Users\MightyDubster\Documents\Projects\pygmyos.code\Gems\varitronix128x128_parallel.o
 .ARM.attributes
                0x00000331       0x31 C:\Users\MightyDubster\Documents\Projects\pygmyos.code\Gems\pygmy_jpeg.o
 .ARM.attributes
                0x00000362       0x2e C:\Program Files (x86)\Raisonance\Ride\Lib\ARM\std_sbrk_thumb.lib(sbrk.o)
 .ARM.attributes
                0x00000390       0x2e C:\Program Files (x86)\Raisonance\Ride\Lib\ARM\std_sbrk_thumb.lib(write.o)
 .ARM.attributes
                0x000003be       0x2e C:\Program Files (x86)\Raisonance\Ride\Lib\ARM\std_sbrk_thumb.lib(other_syscalls.o)

.comment        0x00000000       0xa8
 *(.comment)
 .comment       0x00000000       0x2a C:\Users\MightyDubster\Documents\Projects\pygmyos.code\Gems\pygmy_adc.o
                                 0x2b (size before relaxing)
 .comment       0x00000000       0x2b C:\Users\MightyDubster\Documents\Projects\pygmyos.code\Gems\pygmy_audio.o
 .comment       0x00000000       0x2b C:\Users\MightyDubster\Documents\Projects\pygmyos.code\Gems\pygmy_cmd.o
 .comment       0x00000000       0x2b C:\Users\MightyDubster\Documents\Projects\pygmyos.code\Gems\pygmy_com.o
 .comment       0x00000000       0x2b C:\Users\MightyDubster\Documents\Projects\pygmyos.code\Gems\pygmy_debug.o
 .comment       0x00000000       0x2b C:\Users\MightyDubster\Documents\Projects\pygmyos.code\Gems\pygmy_file.o
 .comment       0x00000000       0x2b C:\Users\MightyDubster\Documents\Projects\pygmyos.code\Gems\pygmy_fpec.o
 .comment       0x00000000       0x2b C:\Users\MightyDubster\Documents\Projects\pygmyos.code\Gems\pygmy_gui.o
 .comment       0x00000000       0x2b C:\Users\MightyDubster\Documents\Projects\pygmyos.code\Gems\pygmy_nvic.o
 .comment       0x00000000       0x2b C:\Users\MightyDubster\Documents\Projects\pygmyos.code\Gems\pygmy_port.o
 .comment       0x00000000       0x2b C:\Users\MightyDubster\Documents\Projects\pygmyos.code\Gems\pygmy_rf.o
 .comment       0x00000000       0x2b C:\Users\MightyDubster\Documents\Projects\pygmyos.code\Gems\pygmy_rtc.o
 .comment       0x00000000       0x2b C:\Users\MightyDubster\Documents\Projects\pygmyos.code\Gems\pygmy_string.o
 .comment       0x00000000       0x2b C:\Users\MightyDubster\Documents\Projects\pygmyos.code\Gems\pygmy_sys.o
 .comment       0x00000000       0x2b C:\Users\MightyDubster\Documents\Projects\pygmyos.code\Gems\main.o
 .comment       0x00000000       0x2b C:\Users\MightyDubster\Documents\Projects\pygmyos.code\Gems\varitronix128x128_parallel.o
 .comment       0x00000000       0x2b C:\Users\MightyDubster\Documents\Projects\pygmyos.code\Gems\pygmy_jpeg.o
 .comment       0x0000002a       0x2a C:\Program Files (x86)\Raisonance\Ride\Lib\ARM\std_sbrk_thumb.lib(sbrk.o)
 .comment       0x00000054       0x2a C:\Program Files (x86)\Raisonance\Ride\Lib\ARM\std_sbrk_thumb.lib(write.o)
 .comment       0x0000007e       0x2a C:\Program Files (x86)\Raisonance\Ride\Lib\ARM\std_sbrk_thumb.lib(other_syscalls.o)

.debug
 *(.debug)

.line
 *(.line)

.debug_srcinfo
 *(.debug_srcinfo)

.debug_sfnames
 *(.debug_sfnames)

.debug_aranges
 *(.debug_aranges)

.debug_pubnames
 *(.debug_pubnames)

.debug_info
 *(.debug_info .gnu.linkonce.wi.*)

.debug_abbrev
 *(.debug_abbrev)

.debug_line
 *(.debug_line)

.debug_frame
 *(.debug_frame)

.debug_str
 *(.debug_str)

.debug_loc
 *(.debug_loc)

.debug_macinfo
 *(.debug_macinfo)

.debug_weaknames
 *(.debug_weaknames)

.debug_funcnames
 *(.debug_funcnames)

.debug_typenames
 *(.debug_typenames)

.debug_varnames
 *(.debug_varnames)
START GROUP
LOAD c:/program files (x86)/raisonance/ride/arm-gcc/bin/../lib/gcc/arm-none-eabi/4.5.1/thumb2\libgcc.a
LOAD c:/program files (x86)/raisonance/ride/arm-gcc/bin/../lib/gcc/arm-none-eabi/4.5.1/../../../../arm-none-eabi/lib/thumb2\libc.a
END GROUP
OUTPUT(C:\Users\MightyDubster\Documents\Projects\pygmyos.code\Gems\Gems.elf elf32-littlearm)
