
C:\Users\MightyDubster\Documents\Projects\pygmyos.code\Gems\hih5030.o:     file format elf32-littlearm
C:\Users\MightyDubster\Documents\Projects\pygmyos.code\Gems\hih5030.o


Disassembly of section .text.humidityRead:

00000000 <humidityRead>:
humidityRead():
   0:	b510      	push	{r4, lr}
   2:	4b1d      	ldr	r3, [pc, #116]	; (78 <humidityRead+0x78>)
   4:	781b      	ldrb	r3, [r3, #0]
   6:	b35b      	cbz	r3, 60 <humidityRead+0x60>
   8:	4c1c      	ldr	r4, [pc, #112]	; (7c <humidityRead+0x7c>)
   a:	7820      	ldrb	r0, [r4, #0]
   c:	b130      	cbz	r0, 1c <humidityRead+0x1c>
   e:	f7ff fffe 	bl	0 <pinGet>
  12:	b918      	cbnz	r0, 1c <humidityRead+0x1c>
  14:	7820      	ldrb	r0, [r4, #0]
  16:	2101      	movs	r1, #1
  18:	f7ff fffe 	bl	0 <pinSet>
  1c:	203c      	movs	r0, #60	; 0x3c
  1e:	f7ff fffe 	bl	0 <delay>
  22:	4b17      	ldr	r3, [pc, #92]	; (80 <humidityRead+0x80>)
  24:	7818      	ldrb	r0, [r3, #0]
  26:	f7ff fffe 	bl	0 <pinAnalog>
  2a:	f7ff fffe 	bl	0 <__aeabi_ui2d>
  2e:	a30e      	add	r3, pc, #56	; (adr r3, 68 <humidityRead+0x68>)
  30:	e9d3 2300 	ldrd	r2, r3, [r3]
  34:	f7ff fffe 	bl	0 <__aeabi_ddiv>
  38:	a30d      	add	r3, pc, #52	; (adr r3, 70 <humidityRead+0x70>)
  3a:	e9d3 2300 	ldrd	r2, r3, [r3]
  3e:	f7ff fffe 	bl	0 <__aeabi_dmul>
  42:	f7ff fffe 	bl	0 <__aeabi_d2f>
  46:	2100      	movs	r1, #0
  48:	f7ff fffe 	bl	0 <__aeabi_fadd>
  4c:	490d      	ldr	r1, [pc, #52]	; (38 <__aeabi_fsub+0x38>)
  4e:	f7ff fffe 	bl	0 <__aeabi_fsub>
  52:	490d      	ldr	r1, [pc, #52]	; (38 <__aeabi_fdiv+0x38>)
  54:	f7ff fffe 	bl	0 <__aeabi_fdiv>
  58:	490c      	ldr	r1, [pc, #48]	; (34 <__aeabi_fmul+0x34>)
  5a:	f7ff fffe 	bl	0 <__aeabi_fmul>
  5e:	bd10      	pop	{r4, pc}
  60:	2000      	movs	r0, #0
  62:	bd10      	pop	{r4, pc}
  64:	f3af 8000 	nop.w
  68:	00000000 	.word	0x00000000
  6c:	40a9c800 	.word	0x40a9c800
  70:	66666666 	.word	0x66666666
  74:	400a6666 	.word	0x400a6666
	...
  84:	3f072b02 	.word	0x3f072b02
  88:	3fe9c28f 	.word	0x3fe9c28f
  8c:	42c80000 	.word	0x42c80000

Disassembly of section .text.humidityInit:

00000000 <humidityInit>:
humidityInit():
   0:	b5704b0c 	.word	0xb5704b0c
   4:	2501      	movs	r5, #1
   6:	701d      	strb	r5, [r3, #0]
   8:	4b0b      	ldr	r3, [pc, #44]	; (38 <humidityInit+0x38>)
   a:	460c      	mov	r4, r1
   c:	7018      	strb	r0, [r3, #0]
   e:	4b0b      	ldr	r3, [pc, #44]	; (3c <humidityInit+0x3c>)
  10:	7019      	strb	r1, [r3, #0]
  12:	2100      	movs	r1, #0
  14:	f7ff fffe 	bl	0 <pinConfig>
  18:	2cff      	cmp	r4, #255	; 0xff
  1a:	d009      	beq.n	30 <humidityInit+0x30>
  1c:	4620      	mov	r0, r4
  1e:	2103      	movs	r1, #3
  20:	f7ff fffe 	bl	0 <pinConfig>
  24:	4620      	mov	r0, r4
  26:	4629      	mov	r1, r5
  28:	e8bd 4070 	ldmia.w	sp!, {r4, r5, r6, lr}
  2c:	f7ff bffe 	b.w	0 <pinSet>
  30:	bd70      	pop	{r4, r5, r6, pc}
  32:	bf00      	nop
	...

Disassembly of section .text.humidityDisable:

00000000 <humidityDisable>:
humidityDisable():
   0:	4b03      	ldr	r3, [pc, #12]	; (10 <humidityDisable+0x10>)
   2:	7818      	ldrb	r0, [r3, #0]
   4:	b110      	cbz	r0, c <humidityDisable+0xc>
   6:	2100      	movs	r1, #0
   8:	f7ff bffe 	b.w	0 <pinSet>
   c:	4770      	bx	lr
   e:	bf00      	nop
  10:	00000000 	.word	0x00000000
