
C:\Users\MightyDubster\Documents\Projects\pygmyos.code\Gems\pygmy_gui.o:     file format elf32-littlearm
C:\Users\MightyDubster\Documents\Projects\pygmyos.code\Gems\pygmy_gui.o


Disassembly of section .text.guiSetStyle:

00000000 <guiSetStyle>:
guiSetStyle():
   0:	4b01      	ldr	r3, [pc, #4]	; (8 <guiSetStyle+0x8>)
   2:	6258      	str	r0, [r3, #36]	; 0x24
   4:	4770      	bx	lr
   6:	bf00      	nop
   8:	00000000 	.word	0x00000000

Disassembly of section .text.guiGetStyle:

00000000 <guiGetStyle>:
guiGetStyle():
   0:	4b01      	ldr	r3, [pc, #4]	; (8 <guiGetStyle+0x8>)
   2:	6a58      	ldr	r0, [r3, #36]	; 0x24
   4:	4770      	bx	lr
   6:	bf00      	nop
   8:	00000000 	.word	0x00000000

Disassembly of section .text.guiSetRadius:

00000000 <guiSetRadius>:
guiSetRadius():
   0:	4b01      	ldr	r3, [pc, #4]	; (8 <guiSetRadius+0x8>)
   2:	f883 0028 	strb.w	r0, [r3, #40]	; 0x28
   6:	4770      	bx	lr
   8:	00000000 	.word	0x00000000

Disassembly of section .text.guiGetRadius:

00000000 <guiGetRadius>:
guiGetRadius():
   0:	4b01      	ldr	r3, [pc, #4]	; (8 <guiGetRadius+0x8>)
   2:	f893 0028 	ldrb.w	r0, [r3, #40]	; 0x28
   6:	4770      	bx	lr
   8:	00000000 	.word	0x00000000

Disassembly of section .text.guiSetCursor:

00000000 <guiSetCursor>:
guiSetCursor():
   0:	4b01      	ldr	r3, [pc, #4]	; (8 <guiSetCursor+0x8>)
   2:	8398      	strh	r0, [r3, #28]
   4:	83d9      	strh	r1, [r3, #30]
   6:	4770      	bx	lr
   8:	00000000 	.word	0x00000000

Disassembly of section .text.guiGetCursorX:

00000000 <guiGetCursorX>:
guiGetCursorX():
   0:	4b01      	ldr	r3, [pc, #4]	; (8 <guiGetCursorX+0x8>)
   2:	8b98      	ldrh	r0, [r3, #28]
   4:	4770      	bx	lr
   6:	bf00      	nop
   8:	00000000 	.word	0x00000000

Disassembly of section .text.guiGetCursorY:

00000000 <guiGetCursorY>:
guiGetCursorY():
   0:	4b01      	ldr	r3, [pc, #4]	; (8 <guiGetCursorY+0x8>)
   2:	8bd8      	ldrh	r0, [r3, #30]
   4:	4770      	bx	lr
   6:	bf00      	nop
   8:	00000000 	.word	0x00000000

Disassembly of section .text.guiGetCursor:

00000000 <guiGetCursor>:
guiGetCursor():
   0:	47704800 	.word	0x47704800
   4:	0000001c 	.word	0x0000001c

Disassembly of section .text.guiApplyColor:

00000000 <guiApplyColor>:
guiApplyColor():
   0:	4b02      	ldr	r3, [pc, #8]	; (c <guiApplyColor+0xc>)
   2:	7e18      	ldrb	r0, [r3, #24]
   4:	7e59      	ldrb	r1, [r3, #25]
   6:	7e9a      	ldrb	r2, [r3, #26]
   8:	f7ff bffe 	b.w	0 <lcdSetColor>
   c:	00000000 	.word	0x00000000

Disassembly of section .text.guiApplyBackColor:

00000000 <guiApplyBackColor>:
guiApplyBackColor():
   0:	4b02      	ldr	r3, [pc, #8]	; (c <guiApplyBackColor+0xc>)
   2:	7d18      	ldrb	r0, [r3, #20]
   4:	7d59      	ldrb	r1, [r3, #21]
   6:	7d9a      	ldrb	r2, [r3, #22]
   8:	f7ff bffe 	b.w	0 <lcdSetColor>
   c:	00000000 	.word	0x00000000

Disassembly of section .text.guiApplyFontColor:

00000000 <guiApplyFontColor>:
guiApplyFontColor():
   0:	4b03      	ldr	r3, [pc, #12]	; (10 <guiApplyFontColor+0x10>)
   2:	681b      	ldr	r3, [r3, #0]
   4:	7818      	ldrb	r0, [r3, #0]
   6:	7859      	ldrb	r1, [r3, #1]
   8:	789a      	ldrb	r2, [r3, #2]
   a:	f7ff bffe 	b.w	0 <lcdSetColor>
   e:	bf00      	nop
  10:	00000000 	.word	0x00000000

Disassembly of section .text.guiApplyFontBackColor:

00000000 <guiApplyFontBackColor>:
guiApplyFontBackColor():
   0:	4b03      	ldr	r3, [pc, #12]	; (10 <guiApplyFontBackColor+0x10>)
   2:	681b      	ldr	r3, [r3, #0]
   4:	7918      	ldrb	r0, [r3, #4]
   6:	7959      	ldrb	r1, [r3, #5]
   8:	799a      	ldrb	r2, [r3, #6]
   a:	f7ff bffe 	b.w	0 <lcdSetColor>
   e:	bf00      	nop
  10:	00000000 	.word	0x00000000

Disassembly of section .text.guiSetColor:

00000000 <guiSetColor>:
guiSetColor():
   0:	76184b02 	.word	0x76184b02
   4:	7659      	strb	r1, [r3, #25]
   6:	769a      	strb	r2, [r3, #26]
   8:	f7ff bffe 	b.w	0 <lcdSetColor>
   c:	00000000 	.word	0x00000000

Disassembly of section .text.guiSetBackColor:

00000000 <guiSetBackColor>:
guiSetBackColor():
   0:	4b02      	ldr	r3, [pc, #8]	; (c <guiSetBackColor+0xc>)
   2:	7518      	strb	r0, [r3, #20]
   4:	7559      	strb	r1, [r3, #21]
   6:	759a      	strb	r2, [r3, #22]
   8:	4770      	bx	lr
   a:	bf00      	nop
   c:	00000000 	.word	0x00000000

Disassembly of section .text.guiSetAlphaColor:

00000000 <guiSetAlphaColor>:
guiSetAlphaColor():
   0:	4b02      	ldr	r3, [pc, #8]	; (c <guiSetAlphaColor+0xc>)
   2:	7418      	strb	r0, [r3, #16]
   4:	7459      	strb	r1, [r3, #17]
   6:	749a      	strb	r2, [r3, #18]
   8:	4770      	bx	lr
   a:	bf00      	nop
   c:	00000000 	.word	0x00000000

Disassembly of section .text.guiSetFontColor:

00000000 <guiSetFontColor>:
guiSetFontColor():
   0:	7001      	strb	r1, [r0, #0]
   2:	7042      	strb	r2, [r0, #1]
   4:	7083      	strb	r3, [r0, #2]
   6:	4770      	bx	lr

Disassembly of section .text.guiSetFontBackColor:

00000000 <guiSetFontBackColor>:
guiSetFontBackColor():
   0:	7101      	strb	r1, [r0, #4]
   2:	7142      	strb	r2, [r0, #5]
   4:	7183      	strb	r3, [r0, #6]
   6:	4770      	bx	lr

Disassembly of section .text.guiSetFonts:

00000000 <guiSetFonts>:
guiSetFonts():
   0:	4b02      	ldr	r3, [pc, #8]	; (c <guiSetFonts+0xc>)
   2:	6018      	str	r0, [r3, #0]
   4:	6058      	str	r0, [r3, #4]
   6:	6099      	str	r1, [r3, #8]
   8:	60da      	str	r2, [r3, #12]
   a:	4770      	bx	lr
   c:	00000000 	.word	0x00000000

Disassembly of section .text.guiClearArea:

00000000 <guiClearArea>:
guiClearArea():
   0:	e92d 41f0 	stmdb	sp!, {r4, r5, r6, r7, r8, lr}
   4:	4607      	mov	r7, r0
   6:	460e      	mov	r6, r1
   8:	4615      	mov	r5, r2
   a:	461c      	mov	r4, r3
   c:	f7ff fffe 	bl	0 <guiClearArea>
  10:	4638      	mov	r0, r7
  12:	4631      	mov	r1, r6
  14:	462a      	mov	r2, r5
  16:	4623      	mov	r3, r4
  18:	e8bd 41f0 	ldmia.w	sp!, {r4, r5, r6, r7, r8, lr}
  1c:	f7ff bffe 	b.w	0 <lcdClearArea>

Disassembly of section .text.guiClearScreen:

00000000 <guiClearScreen>:
guiClearScreen():
   0:	b510      	push	{r4, lr}
   2:	f7ff fffe 	bl	0 <guiClearScreen>
   6:	e8bd 4010 	ldmia.w	sp!, {r4, lr}
   a:	f7ff bffe 	b.w	0 <lcdClear>

Disassembly of section .text.guiInitSprites:

00000000 <guiInitSprites>:
guiInitSprites():
   0:	4b05      	ldr	r3, [pc, #20]	; (18 <guiInitSprites+0x18>)
   2:	f503 6208 	add.w	r2, r3, #2176	; 0x880
   6:	2100      	movs	r1, #0
   8:	82d9      	strh	r1, [r3, #22]
   a:	3344      	adds	r3, #68	; 0x44
   c:	4293      	cmp	r3, r2
   e:	d1fa      	bne.n	6 <guiInitSprites+0x6>
  10:	4b02      	ldr	r3, [pc, #8]	; (1c <guiInitSprites+0x1c>)
  12:	2201      	movs	r2, #1
  14:	601a      	str	r2, [r3, #0]
  16:	4770      	bx	lr
	...

Disassembly of section .text.guiGetSprite:

00000000 <guiGetSprite>:
guiGetSprite():
   0:	b510      	push	{r4, lr}
   2:	4a08      	ldr	r2, [pc, #32]	; (24 <guiGetSprite+0x24>)
   4:	2300      	movs	r3, #0
   6:	4611      	mov	r1, r2
   8:	8ad4      	ldrh	r4, [r2, #22]
   a:	4284      	cmp	r4, r0
   c:	d103      	bne.n	16 <guiGetSprite+0x16>
   e:	2044      	movs	r0, #68	; 0x44
  10:	fb00 1003 	mla	r0, r0, r3, r1
  14:	bd10      	pop	{r4, pc}
  16:	3301      	adds	r3, #1
  18:	b29b      	uxth	r3, r3
  1a:	3244      	adds	r2, #68	; 0x44
  1c:	2b20      	cmp	r3, #32
  1e:	d1f3      	bne.n	8 <guiGetSprite+0x8>
  20:	2000      	movs	r0, #0
  22:	bd10      	pop	{r4, pc}
  24:	00000000 	.word	0x00000000

Disassembly of section .text.guiCreateSprite:

00000000 <guiCreateSprite>:
guiCreateSprite():
   0:	e92d 47f0 	stmdb	sp!, {r4, r5, r6, r7, r8, r9, sl, lr}
   4:	4614      	mov	r4, r2
   6:	4698      	mov	r8, r3
   8:	460d      	mov	r5, r1
   a:	2900      	cmp	r1, #0
   c:	d030      	beq.n	70 <guiCreateSprite+0x70>
   e:	4b1a      	ldr	r3, [pc, #104]	; (78 <guiCreateSprite+0x78>)
  10:	2600      	movs	r6, #0
  12:	461f      	mov	r7, r3
  14:	8ada      	ldrh	r2, [r3, #22]
  16:	b14a      	cbz	r2, 2c <guiCreateSprite+0x2c>
  18:	42aa      	cmp	r2, r5
  1a:	d007      	beq.n	2c <guiCreateSprite+0x2c>
  1c:	3601      	adds	r6, #1
  1e:	b2b6      	uxth	r6, r6
  20:	3344      	adds	r3, #68	; 0x44
  22:	2e20      	cmp	r6, #32
  24:	d1f6      	bne.n	14 <guiCreateSprite+0x14>
  26:	2000      	movs	r0, #0
  28:	e8bd 87f0 	ldmia.w	sp!, {r4, r5, r6, r7, r8, r9, sl, pc}
  2c:	2344      	movs	r3, #68	; 0x44
  2e:	435e      	muls	r6, r3
  30:	19b9      	adds	r1, r7, r6
  32:	311c      	adds	r1, #28
  34:	eb07 0906 	add.w	r9, r7, r6
  38:	f7ff fffe 	bl	0 <fileCopyHandle>
  3c:	2300      	movs	r3, #0
  3e:	f8a9 3018 	strh.w	r3, [r9, #24]
  42:	9b08      	ldr	r3, [sp, #32]
  44:	f04f 0a01 	mov.w	sl, #1
  48:	f8c9 3004 	str.w	r3, [r9, #4]
  4c:	f847 a006 	str.w	sl, [r7, r6]
  50:	f7ff fffe 	bl	0 <timeGet>
  54:	9b09      	ldr	r3, [sp, #36]	; 0x24
  56:	f8c9 0008 	str.w	r0, [r9, #8]
  5a:	f8c9 300c 	str.w	r3, [r9, #12]
  5e:	f8c9 4010 	str.w	r4, [r9, #16]
  62:	f8a9 8014 	strh.w	r8, [r9, #20]
  66:	f8a9 5016 	strh.w	r5, [r9, #22]
  6a:	4650      	mov	r0, sl
  6c:	e8bd 87f0 	ldmia.w	sp!, {r4, r5, r6, r7, r8, r9, sl, pc}
  70:	4608      	mov	r0, r1
  72:	e8bd 87f0 	ldmia.w	sp!, {r4, r5, r6, r7, r8, r9, sl, pc}
  76:	bf00      	nop
  78:	00000000 	.word	0x00000000

Disassembly of section .text.guiDeleteSprite:

00000000 <guiDeleteSprite>:
guiDeleteSprite():
   0:	4a09b510 	.word	0x4a09b510
   4:	2300      	movs	r3, #0
   6:	4611      	mov	r1, r2
   8:	8ad4      	ldrh	r4, [r2, #22]
   a:	4284      	cmp	r4, r0
   c:	d106      	bne.n	1c <guiDeleteSprite+0x1c>
   e:	2244      	movs	r2, #68	; 0x44
  10:	fb02 1303 	mla	r3, r2, r3, r1
  14:	2200      	movs	r2, #0
  16:	82da      	strh	r2, [r3, #22]
  18:	2001      	movs	r0, #1
  1a:	bd10      	pop	{r4, pc}
  1c:	3301      	adds	r3, #1
  1e:	3244      	adds	r2, #68	; 0x44
  20:	2b20      	cmp	r3, #32
  22:	d1f1      	bne.n	8 <guiDeleteSprite+0x8>
  24:	2000      	movs	r0, #0
  26:	bd10      	pop	{r4, pc}
  28:	00000000 	.word	0x00000000

Disassembly of section .text.guiRemoveSpriteCoords:

00000000 <guiRemoveSpriteCoords>:
guiRemoveSpriteCoords():
   0:	4b19      	ldr	r3, [pc, #100]	; (68 <guiRemoveSpriteCoords+0x68>)
   2:	b5f0      	push	{r4, r5, r6, r7, lr}
   4:	469c      	mov	ip, r3
   6:	2400      	movs	r4, #0
   8:	8add      	ldrh	r5, [r3, #22]
   a:	4285      	cmp	r5, r0
   c:	d125      	bne.n	5a <guiRemoveSpriteCoords+0x5a>
   e:	2500      	movs	r5, #0
  10:	462b      	mov	r3, r5
  12:	e018      	b.n	46 <guiRemoveSpriteCoords+0x46>
  14:	6938      	ldr	r0, [r7, #16]
  16:	005e      	lsls	r6, r3, #1
  18:	f830 7013 	ldrh.w	r7, [r0, r3, lsl #1]
  1c:	428f      	cmp	r7, r1
  1e:	d104      	bne.n	2a <guiRemoveSpriteCoords+0x2a>
  20:	1c5f      	adds	r7, r3, #1
  22:	f830 7017 	ldrh.w	r7, [r0, r7, lsl #1]
  26:	4297      	cmp	r7, r2
  28:	d000      	beq.n	2c <guiRemoveSpriteCoords+0x2c>
  2a:	b155      	cbz	r5, 42 <guiRemoveSpriteCoords+0x42>
  2c:	1c9d      	adds	r5, r3, #2
  2e:	f830 5015 	ldrh.w	r5, [r0, r5, lsl #1]
  32:	5385      	strh	r5, [r0, r6]
  34:	1cde      	adds	r6, r3, #3
  36:	f830 6016 	ldrh.w	r6, [r0, r6, lsl #1]
  3a:	1c5d      	adds	r5, r3, #1
  3c:	f820 6015 	strh.w	r6, [r0, r5, lsl #1]
  40:	2501      	movs	r5, #1
  42:	3302      	adds	r3, #2
  44:	b29b      	uxth	r3, r3
  46:	2744      	movs	r7, #68	; 0x44
  48:	fb07 c704 	mla	r7, r7, r4, ip
  4c:	8abe      	ldrh	r6, [r7, #20]
  4e:	42b3      	cmp	r3, r6
  50:	d3e0      	bcc.n	14 <guiRemoveSpriteCoords+0x14>
  52:	3e02      	subs	r6, #2
  54:	82be      	strh	r6, [r7, #20]
  56:	2001      	movs	r0, #1
  58:	bdf0      	pop	{r4, r5, r6, r7, pc}
  5a:	3401      	adds	r4, #1
  5c:	3344      	adds	r3, #68	; 0x44
  5e:	2c20      	cmp	r4, #32
  60:	d1d2      	bne.n	8 <guiRemoveSpriteCoords+0x8>
  62:	2000      	movs	r0, #0
  64:	bdf0      	pop	{r4, r5, r6, r7, pc}
  66:	bf00      	nop
  68:	00000000 	.word	0x00000000

Disassembly of section .text.guiOutputBMHeader:

00000000 <guiOutputBMHeader>:
guiOutputBMHeader():
   0:	2b20      	cmp	r3, #32
   2:	e92d 41f0 	stmdb	sp!, {r4, r5, r6, r7, r8, lr}
   6:	4604      	mov	r4, r0
   8:	460d      	mov	r5, r1
   a:	4616      	mov	r6, r2
   c:	461f      	mov	r7, r3
   e:	d857      	bhi.n	c0 <guiOutputBMHeader+0xc0>
  10:	f001 0803 	and.w	r8, r1, #3
  14:	4488      	add	r8, r1
  16:	fb02 f808 	mul.w	r8, r2, r8
  1a:	08db      	lsrs	r3, r3, #3
  1c:	fb03 f808 	mul.w	r8, r3, r8
  20:	2142      	movs	r1, #66	; 0x42
  22:	f7ff fffe 	bl	0 <filePutChar>
  26:	214d      	movs	r1, #77	; 0x4d
  28:	4620      	mov	r0, r4
  2a:	f7ff fffe 	bl	0 <filePutChar>
  2e:	4620      	mov	r0, r4
  30:	f108 0136 	add.w	r1, r8, #54	; 0x36
  34:	2200      	movs	r2, #0
  36:	f7ff fffe 	bl	0 <filePutLong>
  3a:	2100      	movs	r1, #0
  3c:	4620      	mov	r0, r4
  3e:	460a      	mov	r2, r1
  40:	f7ff fffe 	bl	0 <filePutLong>
  44:	4620      	mov	r0, r4
  46:	2136      	movs	r1, #54	; 0x36
  48:	2200      	movs	r2, #0
  4a:	f7ff fffe 	bl	0 <filePutLong>
  4e:	4620      	mov	r0, r4
  50:	2128      	movs	r1, #40	; 0x28
  52:	2200      	movs	r2, #0
  54:	f7ff fffe 	bl	0 <filePutLong>
  58:	4620      	mov	r0, r4
  5a:	4629      	mov	r1, r5
  5c:	2200      	movs	r2, #0
  5e:	f7ff fffe 	bl	0 <filePutLong>
  62:	4620      	mov	r0, r4
  64:	4631      	mov	r1, r6
  66:	2200      	movs	r2, #0
  68:	f7ff fffe 	bl	0 <filePutLong>
  6c:	4620      	mov	r0, r4
  6e:	2101      	movs	r1, #1
  70:	2200      	movs	r2, #0
  72:	f7ff fffe 	bl	0 <filePutWord>
  76:	4620      	mov	r0, r4
  78:	4639      	mov	r1, r7
  7a:	2200      	movs	r2, #0
  7c:	f7ff fffe 	bl	0 <filePutWord>
  80:	2100      	movs	r1, #0
  82:	4620      	mov	r0, r4
  84:	460a      	mov	r2, r1
  86:	f7ff fffe 	bl	0 <filePutLong>
  8a:	4620      	mov	r0, r4
  8c:	4641      	mov	r1, r8
  8e:	2200      	movs	r2, #0
  90:	f7ff fffe 	bl	0 <filePutLong>
  94:	2100      	movs	r1, #0
  96:	4620      	mov	r0, r4
  98:	460a      	mov	r2, r1
  9a:	f7ff fffe 	bl	0 <filePutLong>
  9e:	2100      	movs	r1, #0
  a0:	4620      	mov	r0, r4
  a2:	460a      	mov	r2, r1
  a4:	f7ff fffe 	bl	0 <filePutLong>
  a8:	2100      	movs	r1, #0
  aa:	4620      	mov	r0, r4
  ac:	460a      	mov	r2, r1
  ae:	f7ff fffe 	bl	0 <filePutLong>
  b2:	2100      	movs	r1, #0
  b4:	4620      	mov	r0, r4
  b6:	460a      	mov	r2, r1
  b8:	e8bd 41f0 	ldmia.w	sp!, {r4, r5, r6, r7, r8, lr}
  bc:	f7ff bffe 	b.w	0 <filePutLong>
  c0:	e8bd 81f0 	ldmia.w	sp!, {r4, r5, r6, r7, r8, pc}

Disassembly of section .text.guiSaveScreen:

00000000 <guiSaveScreen>:
guiSaveScreen():
   0:	e92d 41f0 	stmdb	sp!, {r4, r5, r6, r7, r8, lr}
   4:	b090      	sub	sp, #64	; 0x40
   6:	f7ff fffe 	bl	0 <lcdGetWidth>
   a:	4606      	mov	r6, r0
   c:	f7ff fffe 	bl	0 <lcdGetHeight>
  10:	4607      	mov	r7, r0
  12:	f7ff fffe 	bl	0 <timeGet>
  16:	4a31      	ldr	r2, [pc, #196]	; (dc <guiSaveScreen+0xdc>)
  18:	ab0c      	add	r3, sp, #48	; 0x30
  1a:	17c1      	asrs	r1, r0, #31
  1c:	f7ff fffe 	bl	0 <convertIntToString>
  20:	482f      	ldr	r0, [pc, #188]	; (e0 <guiSaveScreen+0xe0>)
  22:	a90e      	add	r1, sp, #56	; 0x38
  24:	f7ff fffe 	bl	0 <copyString>
  28:	2001      	movs	r0, #1
  2a:	492e      	ldr	r1, [pc, #184]	; (e4 <guiSaveScreen+0xe4>)
  2c:	aa0c      	add	r2, sp, #48	; 0x30
  2e:	4633      	mov	r3, r6
  30:	9700      	str	r7, [sp, #0]
  32:	f7ff fffe 	bl	0 <print>
  36:	a802      	add	r0, sp, #8
  38:	492b      	ldr	r1, [pc, #172]	; (e8 <guiSaveScreen+0xe8>)
  3a:	2202      	movs	r2, #2
  3c:	f7ff fffe 	bl	0 <fileOpen>
  40:	4604      	mov	r4, r0
  42:	b928      	cbnz	r0, 50 <guiSaveScreen+0x50>
  44:	2001      	movs	r0, #1
  46:	4929      	ldr	r1, [pc, #164]	; (ec <guiSaveScreen+0xec>)
  48:	f7ff fffe 	bl	0 <print>
  4c:	4620      	mov	r0, r4
  4e:	e041      	b.n	d4 <guiSaveScreen+0xd4>
  50:	2180      	movs	r1, #128	; 0x80
  52:	a802      	add	r0, sp, #8
  54:	460a      	mov	r2, r1
  56:	2318      	movs	r3, #24
  58:	f7ff fffe 	bl	0 <guiSaveScreen>
  5c:	f006 0803 	and.w	r8, r6, #3
  60:	2400      	movs	r4, #0
  62:	e02f      	b.n	c4 <guiSaveScreen+0xc4>
  64:	1e79      	subs	r1, r7, #1
  66:	1b09      	subs	r1, r1, r4
  68:	4628      	mov	r0, r5
  6a:	b289      	uxth	r1, r1
  6c:	f7ff fffe 	bl	0 <lcdGetPixel>
  70:	f10d 033d 	add.w	r3, sp, #61	; 0x3d
  74:	f10d 023f 	add.w	r2, sp, #63	; 0x3f
  78:	9300      	str	r3, [sp, #0]
  7a:	b280      	uxth	r0, r0
  7c:	f10d 033e 	add.w	r3, sp, #62	; 0x3e
  80:	2118      	movs	r1, #24
  82:	f7ff fffe 	bl	0 <lcdGetRGB>
  86:	f89d 103f 	ldrb.w	r1, [sp, #63]	; 0x3f
  8a:	a802      	add	r0, sp, #8
  8c:	f7ff fffe 	bl	0 <filePutChar>
  90:	f89d 103e 	ldrb.w	r1, [sp, #62]	; 0x3e
  94:	a802      	add	r0, sp, #8
  96:	f7ff fffe 	bl	0 <filePutChar>
  9a:	a802      	add	r0, sp, #8
  9c:	f89d 103d 	ldrb.w	r1, [sp, #61]	; 0x3d
  a0:	f7ff fffe 	bl	0 <filePutChar>
  a4:	3501      	adds	r5, #1
  a6:	b2ad      	uxth	r5, r5
  a8:	42b5      	cmp	r5, r6
  aa:	d3db      	bcc.n	64 <guiSaveScreen+0x64>
  ac:	2500      	movs	r5, #0
  ae:	e005      	b.n	bc <guiSaveScreen+0xbc>
  b0:	a802      	add	r0, sp, #8
  b2:	2100      	movs	r1, #0
  b4:	f7ff fffe 	bl	0 <filePutChar>
  b8:	3501      	adds	r5, #1
  ba:	b2ad      	uxth	r5, r5
  bc:	4545      	cmp	r5, r8
  be:	d3f7      	bcc.n	b0 <guiSaveScreen+0xb0>
  c0:	3401      	adds	r4, #1
  c2:	b2a4      	uxth	r4, r4
  c4:	42bc      	cmp	r4, r7
  c6:	d201      	bcs.n	cc <guiSaveScreen+0xcc>
  c8:	2500      	movs	r5, #0
  ca:	e7ed      	b.n	a8 <guiSaveScreen+0xa8>
  cc:	a802      	add	r0, sp, #8
  ce:	f7ff fffe 	bl	0 <fileClose>
  d2:	2001      	movs	r0, #1
  d4:	b010      	add	sp, #64	; 0x40
  d6:	e8bd 81f0 	ldmia.w	sp!, {r4, r5, r6, r7, r8, pc}
  da:	bf00      	nop
  dc:	00000000 	.word	0x00000000
  e0:	00000004 	.word	0x00000004
  e4:	00000009 	.word	0x00000009
  e8:	0000002e 	.word	0x0000002e
  ec:	00000039 	.word	0x00000039

Disassembly of section .text.drawBitmap:

00000000 <drawBitmap>:
drawBitmap():
   0:	e92d 4ff0 	stmdb	sp!, {r4, r5, r6, r7, r8, r9, sl, fp, lr}
   4:	b085      	sub	sp, #20
   6:	9003      	str	r0, [sp, #12]
   8:	4610      	mov	r0, r2
   a:	468a      	mov	sl, r1
   c:	4614      	mov	r4, r2
   e:	f7ff fffe 	bl	0 <fileGetChar>
  12:	2842      	cmp	r0, #66	; 0x42
  14:	d16f      	bne.n	f6 <drawBitmap+0xf6>
  16:	4620      	mov	r0, r4
  18:	f7ff fffe 	bl	0 <fileGetChar>
  1c:	284d      	cmp	r0, #77	; 0x4d
  1e:	d16a      	bne.n	f6 <drawBitmap+0xf6>
  20:	2208      	movs	r2, #8
  22:	2102      	movs	r1, #2
  24:	4620      	mov	r0, r4
  26:	f7ff fffe 	bl	0 <fileSetPosition>
  2a:	2100      	movs	r1, #0
  2c:	4620      	mov	r0, r4
  2e:	f7ff fffe 	bl	0 <fileGetLong>
  32:	2204      	movs	r2, #4
  34:	4605      	mov	r5, r0
  36:	2102      	movs	r1, #2
  38:	4620      	mov	r0, r4
  3a:	f7ff fffe 	bl	0 <fileSetPosition>
  3e:	2100      	movs	r1, #0
  40:	4620      	mov	r0, r4
  42:	f7ff fffe 	bl	0 <fileGetLong>
  46:	2100      	movs	r1, #0
  48:	4607      	mov	r7, r0
  4a:	4620      	mov	r0, r4
  4c:	f7ff fffe 	bl	0 <fileGetLong>
  50:	2102      	movs	r1, #2
  52:	460a      	mov	r2, r1
  54:	4680      	mov	r8, r0
  56:	4620      	mov	r0, r4
  58:	f7ff fffe 	bl	0 <fileSetPosition>
  5c:	2100      	movs	r1, #0
  5e:	4620      	mov	r0, r4
  60:	f7ff fffe 	bl	0 <fileGetWord>
  64:	4620      	mov	r0, r4
  66:	f7ff fffe 	bl	0 <fileGetChar>
  6a:	462a      	mov	r2, r5
  6c:	4620      	mov	r0, r4
  6e:	2101      	movs	r1, #1
  70:	f7ff fffe 	bl	0 <fileSetPosition>
  74:	f007 0303 	and.w	r3, r7, #3
  78:	9302      	str	r3, [sp, #8]
  7a:	2500      	movs	r5, #0
  7c:	e027      	b.n	ce <drawBitmap+0xce>
  7e:	4620      	mov	r0, r4
  80:	f7ff fffe 	bl	0 <fileGetChar>
  84:	4603      	mov	r3, r0
  86:	4620      	mov	r0, r4
  88:	9301      	str	r3, [sp, #4]
  8a:	f7ff fffe 	bl	0 <fileGetChar>
  8e:	4683      	mov	fp, r0
  90:	4620      	mov	r0, r4
  92:	f7ff fffe 	bl	0 <fileGetChar>
  96:	9b01      	ldr	r3, [sp, #4]
  98:	4602      	mov	r2, r0
  9a:	4659      	mov	r1, fp
  9c:	4618      	mov	r0, r3
  9e:	f7ff fffe 	bl	0 <lcdSetColor>
  a2:	9b03      	ldr	r3, [sp, #12]
  a4:	4649      	mov	r1, r9
  a6:	18f0      	adds	r0, r6, r3
  a8:	b280      	uxth	r0, r0
  aa:	f7ff fffe 	bl	0 <lcdDrawPixel>
  ae:	3601      	adds	r6, #1
  b0:	b2b6      	uxth	r6, r6
  b2:	42be      	cmp	r6, r7
  b4:	d3e3      	bcc.n	7e <drawBitmap+0x7e>
  b6:	2600      	movs	r6, #0
  b8:	e004      	b.n	c4 <drawBitmap+0xc4>
  ba:	4620      	mov	r0, r4
  bc:	f7ff fffe 	bl	0 <fileGetChar>
  c0:	3601      	adds	r6, #1
  c2:	b2b6      	uxth	r6, r6
  c4:	9b02      	ldr	r3, [sp, #8]
  c6:	429e      	cmp	r6, r3
  c8:	d3f7      	bcc.n	ba <drawBitmap+0xba>
  ca:	3501      	adds	r5, #1
  cc:	b2ad      	uxth	r5, r5
  ce:	4545      	cmp	r5, r8
  d0:	d209      	bcs.n	e6 <drawBitmap+0xe6>
  d2:	f108 39ff 	add.w	r9, r8, #4294967295
  d6:	ebc5 0909 	rsb	r9, r5, r9
  da:	fb07 a909 	mla	r9, r7, r9, sl
  de:	2600      	movs	r6, #0
  e0:	fa1f f989 	uxth.w	r9, r9
  e4:	e7e5      	b.n	b2 <drawBitmap+0xb2>
  e6:	4620      	mov	r0, r4
  e8:	2101      	movs	r1, #1
  ea:	2200      	movs	r2, #0
  ec:	b005      	add	sp, #20
  ee:	e8bd 4ff0 	ldmia.w	sp!, {r4, r5, r6, r7, r8, r9, sl, fp, lr}
  f2:	f7ff bffe 	b.w	0 <fileSetPosition>
  f6:	b005      	add	sp, #20
  f8:	e8bd 8ff0 	ldmia.w	sp!, {r4, r5, r6, r7, r8, r9, sl, fp, pc}

Disassembly of section .text.guiGetHeader:

00000000 <guiGetHeader>:
guiGetHeader():
   0:	b538      	push	{r3, r4, r5, lr}
   2:	2101      	movs	r1, #1
   4:	4604      	mov	r4, r0
   6:	2200      	movs	r2, #0
   8:	f7ff fffe 	bl	0 <fileSetPosition>
   c:	4620      	mov	r0, r4
   e:	f7ff fffe 	bl	0 <fileGetChar>
  12:	0200      	lsls	r0, r0, #8
  14:	b285      	uxth	r5, r0
  16:	4620      	mov	r0, r4
  18:	f7ff fffe 	bl	0 <fileGetChar>
  1c:	ea45 0000 	orr.w	r0, r5, r0
  20:	b280      	uxth	r0, r0
  22:	bd38      	pop	{r3, r4, r5, pc}

Disassembly of section .text.guiGetEntries:

00000000 <guiGetEntries>:
guiGetEntries():
   0:	b538      	push	{r3, r4, r5, lr}
   2:	4604      	mov	r4, r0
   4:	f7ff fffe 	bl	0 <guiGetEntries>
   8:	f410 4070 	ands.w	r0, r0, #61440	; 0xf000
   c:	d00a      	beq.n	24 <guiGetEntries+0x24>
   e:	4620      	mov	r0, r4
  10:	f7ff fffe 	bl	0 <fileGetChar>
  14:	0200      	lsls	r0, r0, #8
  16:	b285      	uxth	r5, r0
  18:	4620      	mov	r0, r4
  1a:	f7ff fffe 	bl	0 <fileGetChar>
  1e:	ea45 0000 	orr.w	r0, r5, r0
  22:	b280      	uxth	r0, r0
  24:	bd38      	pop	{r3, r4, r5, pc}

Disassembly of section .text.guiGetImage:

00000000 <guiGetImage>:
guiGetImage():
   0:	b570      	push	{r4, r5, r6, lr}
   2:	4604      	mov	r4, r0
   4:	460d      	mov	r5, r1
   6:	f7ff fffe 	bl	0 <guiGetImage>
   a:	4606      	mov	r6, r0
   c:	4620      	mov	r0, r4
   e:	f7ff fffe 	bl	0 <guiGetImage>
  12:	f416 4370 	ands.w	r3, r6, #61440	; 0xf000
  16:	d01d      	beq.n	54 <guiGetImage+0x54>
  18:	2800      	cmp	r0, #0
  1a:	d01e      	beq.n	5a <guiGetImage+0x5a>
  1c:	4285      	cmp	r5, r0
  1e:	d81b      	bhi.n	58 <guiGetImage+0x58>
  20:	f416 6f80 	tst.w	r6, #1024	; 0x400
  24:	d00b      	beq.n	3e <guiGetImage+0x3e>
  26:	2102      	movs	r1, #2
  28:	fa15 f201 	lsls.w	r2, r5, r1
  2c:	4620      	mov	r0, r4
  2e:	f7ff fffe 	bl	0 <fileSetPosition>
  32:	4620      	mov	r0, r4
  34:	2101      	movs	r1, #1
  36:	e8bd 4070 	ldmia.w	sp!, {r4, r5, r6, lr}
  3a:	f7ff bffe 	b.w	0 <fileGetLong>
  3e:	2101      	movs	r1, #1
  40:	1caa      	adds	r2, r5, #2
  42:	408a      	lsls	r2, r1
  44:	4620      	mov	r0, r4
  46:	f7ff fffe 	bl	0 <fileSetPosition>
  4a:	4620      	mov	r0, r4
  4c:	2101      	movs	r1, #1
  4e:	f7ff fffe 	bl	0 <fileGetWord>
  52:	bd70      	pop	{r4, r5, r6, pc}
  54:	4618      	mov	r0, r3
  56:	bd70      	pop	{r4, r5, r6, pc}
  58:	2000      	movs	r0, #0
  5a:	bd70      	pop	{r4, r5, r6, pc}

Disassembly of section .text.guiSetFont:

00000000 <guiSetFont>:
guiSetFont():
   0:	b570      	push	{r4, r5, r6, lr}
   2:	4b22      	ldr	r3, [pc, #136]	; (8c <guiSetFont+0x8c>)
   4:	460c      	mov	r4, r1
   6:	7e1a      	ldrb	r2, [r3, #24]
   8:	4605      	mov	r5, r0
   a:	700a      	strb	r2, [r1, #0]
   c:	7e5a      	ldrb	r2, [r3, #25]
   e:	704a      	strb	r2, [r1, #1]
  10:	7e9a      	ldrb	r2, [r3, #26]
  12:	708a      	strb	r2, [r1, #2]
  14:	7d1a      	ldrb	r2, [r3, #20]
  16:	6019      	str	r1, [r3, #0]
  18:	710a      	strb	r2, [r1, #4]
  1a:	7d5a      	ldrb	r2, [r3, #21]
  1c:	714a      	strb	r2, [r1, #5]
  1e:	7d9a      	ldrb	r2, [r3, #22]
  20:	60a0      	str	r0, [r4, #8]
  22:	718a      	strb	r2, [r1, #6]
  24:	7e1a      	ldrb	r2, [r3, #24]
  26:	700a      	strb	r2, [r1, #0]
  28:	7e5a      	ldrb	r2, [r3, #25]
  2a:	704a      	strb	r2, [r1, #1]
  2c:	7e9a      	ldrb	r2, [r3, #26]
  2e:	708a      	strb	r2, [r1, #2]
  30:	7d1a      	ldrb	r2, [r3, #20]
  32:	710a      	strb	r2, [r1, #4]
  34:	7d5a      	ldrb	r2, [r3, #21]
  36:	7d9b      	ldrb	r3, [r3, #22]
  38:	714a      	strb	r2, [r1, #5]
  3a:	718b      	strb	r3, [r1, #6]
  3c:	2100      	movs	r1, #0
  3e:	f7ff fffe 	bl	0 <guiSetFont>
  42:	4602      	mov	r2, r0
  44:	b308      	cbz	r0, 8a <guiSetFont+0x8a>
  46:	2101      	movs	r1, #1
  48:	4628      	mov	r0, r5
  4a:	f7ff fffe 	bl	0 <fileSetPosition>
  4e:	2101      	movs	r1, #1
  50:	4628      	mov	r0, r5
  52:	f7ff fffe 	bl	0 <fileGetWord>
  56:	f410 7f80 	tst.w	r0, #256	; 0x100
  5a:	d009      	beq.n	70 <guiSetFont+0x70>
  5c:	2102      	movs	r1, #2
  5e:	4628      	mov	r0, r5
  60:	2203      	movs	r2, #3
  62:	f7ff fffe 	bl	0 <fileSetPosition>
  66:	4628      	mov	r0, r5
  68:	2101      	movs	r1, #1
  6a:	f7ff fffe 	bl	0 <fileGetWord>
  6e:	e009      	b.n	84 <guiSetFont+0x84>
  70:	2102      	movs	r1, #2
  72:	2201      	movs	r2, #1
  74:	4628      	mov	r0, r5
  76:	f7ff fffe 	bl	0 <fileSetPosition>
  7a:	4628      	mov	r0, r5
  7c:	89e6      	ldrh	r6, [r4, #14]
  7e:	f7ff fffe 	bl	0 <fileGetChar>
  82:	4330      	orrs	r0, r6
  84:	81e0      	strh	r0, [r4, #14]
  86:	2001      	movs	r0, #1
  88:	bd70      	pop	{r4, r5, r6, pc}
  8a:	bd70      	pop	{r4, r5, r6, pc}
  8c:	00000000 	.word	0x00000000

Disassembly of section .text.drawVector:

00000000 <drawVector>:
drawVector():
   0:	b538      	push	{r3, r4, r5, lr}
   2:	f8bd 1010 	ldrh.w	r1, [sp, #16]
   6:	4604      	mov	r4, r0
   8:	f7ff fffe 	bl	0 <drawVector>
   c:	2101      	movs	r1, #1
   e:	4602      	mov	r2, r0
  10:	4620      	mov	r0, r4
  12:	f7ff fffe 	bl	0 <fileSetPosition>
  16:	4620      	mov	r0, r4
  18:	2101      	movs	r1, #1
  1a:	f7ff fffe 	bl	0 <fileGetWord>
  1e:	f000 050f 	and.w	r5, r0, #15
  22:	4628      	mov	r0, r5
  24:	f7ff fffe 	bl	0 <lcdSetBPP>
  28:	e017      	b.n	5a <drawVector+0x5a>
  2a:	4620      	mov	r0, r4
  2c:	f7ff fffe 	bl	0 <fileGetChar>
  30:	f000 00e0 	and.w	r0, r0, #224	; 0xe0
  34:	2820      	cmp	r0, #32
  36:	d108      	bne.n	4a <drawVector+0x4a>
  38:	b11d      	cbz	r5, 42 <drawVector+0x42>
  3a:	2d01      	cmp	r5, #1
  3c:	d001      	beq.n	42 <drawVector+0x42>
  3e:	2d02      	cmp	r5, #2
  40:	d10b      	bne.n	5a <drawVector+0x5a>
  42:	4620      	mov	r0, r4
  44:	f7ff fffe 	bl	0 <fileGetChar>
  48:	e007      	b.n	5a <drawVector+0x5a>
  4a:	2840      	cmp	r0, #64	; 0x40
  4c:	d005      	beq.n	5a <drawVector+0x5a>
  4e:	2860      	cmp	r0, #96	; 0x60
  50:	d003      	beq.n	5a <drawVector+0x5a>
  52:	2880      	cmp	r0, #128	; 0x80
  54:	d001      	beq.n	5a <drawVector+0x5a>
  56:	28c0      	cmp	r0, #192	; 0xc0
  58:	d104      	bne.n	64 <drawVector+0x64>
  5a:	4620      	mov	r0, r4
  5c:	f7ff fffe 	bl	0 <fileEOF>
  60:	2800      	cmp	r0, #0
  62:	d0e2      	beq.n	2a <drawVector+0x2a>
  64:	bd38      	pop	{r3, r4, r5, pc}

Disassembly of section .text.drawImage:

00000000 <drawImage>:
drawImage():
   0:	e92d 4ff0 	stmdb	sp!, {r4, r5, r6, r7, r8, r9, sl, fp, lr}
   4:	b08d      	sub	sp, #52	; 0x34
   6:	9009      	str	r0, [sp, #36]	; 0x24
   8:	910a      	str	r1, [sp, #40]	; 0x28
   a:	4610      	mov	r0, r2
   c:	4619      	mov	r1, r3
   e:	4614      	mov	r4, r2
  10:	f7ff fffe 	bl	0 <drawImage>
  14:	2101      	movs	r1, #1
  16:	4602      	mov	r2, r0
  18:	4620      	mov	r0, r4
  1a:	f7ff fffe 	bl	0 <fileSetPosition>
  1e:	2101      	movs	r1, #1
  20:	4620      	mov	r0, r4
  22:	f7ff fffe 	bl	0 <fileGetWord>
  26:	f410 7f80 	tst.w	r0, #256	; 0x100
  2a:	9008      	str	r0, [sp, #32]
  2c:	d009      	beq.n	42 <drawImage+0x42>
  2e:	2101      	movs	r1, #1
  30:	4620      	mov	r0, r4
  32:	f7ff fffe 	bl	0 <fileGetWord>
  36:	2101      	movs	r1, #1
  38:	9006      	str	r0, [sp, #24]
  3a:	4620      	mov	r0, r4
  3c:	f7ff fffe 	bl	0 <fileGetWord>
  40:	e006      	b.n	50 <drawImage+0x50>
  42:	4620      	mov	r0, r4
  44:	f7ff fffe 	bl	0 <fileGetChar>
  48:	9006      	str	r0, [sp, #24]
  4a:	4620      	mov	r0, r4
  4c:	f7ff fffe 	bl	0 <fileGetChar>
  50:	9a06      	ldr	r2, [sp, #24]
  52:	9b08      	ldr	r3, [sp, #32]
  54:	4350      	muls	r0, r2
  56:	f003 070f 	and.w	r7, r3, #15
  5a:	900b      	str	r0, [sp, #44]	; 0x2c
  5c:	4638      	mov	r0, r7
  5e:	f7ff fffe 	bl	0 <lcdSetBPP>
  62:	4b75      	ldr	r3, [pc, #468]	; (238 <drawImage+0x238>)
  64:	2200      	movs	r2, #0
  66:	7e1e      	ldrb	r6, [r3, #24]
  68:	f893 9019 	ldrb.w	r9, [r3, #25]
  6c:	f893 a01a 	ldrb.w	sl, [r3, #26]
  70:	9202      	str	r2, [sp, #8]
  72:	9201      	str	r2, [sp, #4]
  74:	9207      	str	r2, [sp, #28]
  76:	e0d0      	b.n	21a <drawImage+0x21a>
  78:	4620      	mov	r0, r4
  7a:	f7ff fffe 	bl	0 <fileGetChar>
  7e:	f000 033f 	and.w	r3, r0, #63	; 0x3f
  82:	3301      	adds	r3, #1
  84:	4680      	mov	r8, r0
  86:	9305      	str	r3, [sp, #20]
  88:	b937      	cbnz	r7, 98 <drawImage+0x98>
  8a:	9a05      	ldr	r2, [sp, #20]
  8c:	b243      	sxtb	r3, r0
  8e:	ea12 0223 	ands.w	r2, r2, r3, asr #32
  92:	bf38      	it	cc
  94:	2207      	movcc	r2, #7
  96:	9205      	str	r2, [sp, #20]
  98:	9b07      	ldr	r3, [sp, #28]
  9a:	9a05      	ldr	r2, [sp, #20]
  9c:	f04f 0b00 	mov.w	fp, #0
  a0:	189b      	adds	r3, r3, r2
  a2:	9307      	str	r3, [sp, #28]
  a4:	f8cd b010 	str.w	fp, [sp, #16]
  a8:	9b04      	ldr	r3, [sp, #16]
  aa:	b113      	cbz	r3, b2 <drawImage+0xb2>
  ac:	f018 0f80 	tst.w	r8, #128	; 0x80
  b0:	d17d      	bne.n	1ae <drawImage+0x1ae>
  b2:	b97f      	cbnz	r7, d4 <drawImage+0xd4>
  b4:	f018 0f80 	tst.w	r8, #128	; 0x80
  b8:	d179      	bne.n	1ae <drawImage+0x1ae>
  ba:	9a04      	ldr	r2, [sp, #16]
  bc:	2340      	movs	r3, #64	; 0x40
  be:	4113      	asrs	r3, r2
  c0:	ea13 0f08 	tst.w	r3, r8
  c4:	bf1a      	itte	ne
  c6:	f048 0840 	orrne.w	r8, r8, #64	; 0x40
  ca:	fa5f f888 	uxtbne.w	r8, r8
  ce:	f008 08bf 	andeq.w	r8, r8, #191	; 0xbf
  d2:	e06c      	b.n	1ae <drawImage+0x1ae>
  d4:	2f01      	cmp	r7, #1
  d6:	d113      	bne.n	100 <drawImage+0x100>
  d8:	f1bb 0f00 	cmp.w	fp, #0
  dc:	d109      	bne.n	f2 <drawImage+0xf2>
  de:	4620      	mov	r0, r4
  e0:	f7ff fffe 	bl	0 <fileGetChar>
  e4:	0906      	lsrs	r6, r0, #4
  e6:	b2f6      	uxtb	r6, r6
  e8:	4605      	mov	r5, r0
  ea:	46b2      	mov	sl, r6
  ec:	46b1      	mov	r9, r6
  ee:	46bb      	mov	fp, r7
  f0:	e05d      	b.n	1ae <drawImage+0x1ae>
  f2:	f005 060f 	and.w	r6, r5, #15
  f6:	46b2      	mov	sl, r6
  f8:	46b1      	mov	r9, r6
  fa:	f04f 0b00 	mov.w	fp, #0
  fe:	e056      	b.n	1ae <drawImage+0x1ae>
 100:	2f03      	cmp	r7, #3
 102:	d121      	bne.n	148 <drawImage+0x148>
 104:	f1bb 0f00 	cmp.w	fp, #0
 108:	d10f      	bne.n	12a <drawImage+0x12a>
 10a:	4620      	mov	r0, r4
 10c:	f7ff fffe 	bl	0 <fileGetChar>
 110:	4605      	mov	r5, r0
 112:	4620      	mov	r0, r4
 114:	f7ff fffe 	bl	0 <fileGetChar>
 118:	ea4f 1910 	mov.w	r9, r0, lsr #4
 11c:	9003      	str	r0, [sp, #12]
 11e:	fa5f f989 	uxtb.w	r9, r9
 122:	f000 0a0f 	and.w	sl, r0, #15
 126:	462e      	mov	r6, r5
 128:	e041      	b.n	1ae <drawImage+0x1ae>
 12a:	4620      	mov	r0, r4
 12c:	f7ff fffe 	bl	0 <fileGetChar>
 130:	9b03      	ldr	r3, [sp, #12]
 132:	ea4f 1910 	mov.w	r9, r0, lsr #4
 136:	f003 060f 	and.w	r6, r3, #15
 13a:	fa5f f989 	uxtb.w	r9, r9
 13e:	f000 0a0f 	and.w	sl, r0, #15
 142:	f04f 0b01 	mov.w	fp, #1
 146:	e032      	b.n	1ae <drawImage+0x1ae>
 148:	2f02      	cmp	r7, #2
 14a:	d10c      	bne.n	166 <drawImage+0x166>
 14c:	4620      	mov	r0, r4
 14e:	f7ff fffe 	bl	0 <fileGetChar>
 152:	0946      	lsrs	r6, r0, #5
 154:	f000 0918 	and.w	r9, r0, #24
 158:	4605      	mov	r5, r0
 15a:	b2f6      	uxtb	r6, r6
 15c:	ea4f 09d9 	mov.w	r9, r9, lsr #3
 160:	f000 0a07 	and.w	sl, r0, #7
 164:	e023      	b.n	1ae <drawImage+0x1ae>
 166:	2f04      	cmp	r7, #4
 168:	d113      	bne.n	192 <drawImage+0x192>
 16a:	4620      	mov	r0, r4
 16c:	f7ff fffe 	bl	0 <fileGetChar>
 170:	4605      	mov	r5, r0
 172:	4620      	mov	r0, r4
 174:	f7ff fffe 	bl	0 <fileGetChar>
 178:	f005 0907 	and.w	r9, r5, #7
 17c:	0943      	lsrs	r3, r0, #5
 17e:	08ee      	lsrs	r6, r5, #3
 180:	ea43 09c9 	orr.w	r9, r3, r9, lsl #3
 184:	9003      	str	r0, [sp, #12]
 186:	b2f6      	uxtb	r6, r6
 188:	fa5f f989 	uxtb.w	r9, r9
 18c:	f000 0a1f 	and.w	sl, r0, #31
 190:	e00d      	b.n	1ae <drawImage+0x1ae>
 192:	2f05      	cmp	r7, #5
 194:	d10b      	bne.n	1ae <drawImage+0x1ae>
 196:	4620      	mov	r0, r4
 198:	f7ff fffe 	bl	0 <fileGetChar>
 19c:	4606      	mov	r6, r0
 19e:	4620      	mov	r0, r4
 1a0:	f7ff fffe 	bl	0 <fileGetChar>
 1a4:	4681      	mov	r9, r0
 1a6:	4620      	mov	r0, r4
 1a8:	f7ff fffe 	bl	0 <fileGetChar>
 1ac:	4682      	mov	sl, r0
 1ae:	f018 0f40 	tst.w	r8, #64	; 0x40
 1b2:	d00e      	beq.n	1d2 <drawImage+0x1d2>
 1b4:	b12f      	cbz	r7, 1c2 <drawImage+0x1c2>
 1b6:	4630      	mov	r0, r6
 1b8:	4649      	mov	r1, r9
 1ba:	4652      	mov	r2, sl
 1bc:	f7ff fffe 	bl	0 <lcdSetColor>
 1c0:	e001      	b.n	6 <drawImage+0x6>
 1c2:	f7ff fffe 	bl	0 <drawImage>
 1c6:	9a01      	ldr	r2, [sp, #4]
 1c8:	9b09      	ldr	r3, [sp, #36]	; 0x24
 1ca:	18d0      	adds	r0, r2, r3
 1cc:	9a02      	ldr	r2, [sp, #8]
 1ce:	9b0a      	ldr	r3, [sp, #40]	; 0x28
 1d0:	e00a      	b.n	1e8 <drawImage+0x1e8>
 1d2:	9a08      	ldr	r2, [sp, #32]
 1d4:	f012 0f40 	tst.w	r2, #64	; 0x40
 1d8:	d10b      	bne.n	1a <drawImage+0x1a>
 1da:	f7ff fffe 	bl	0 <drawImage>
 1de:	9b01      	ldr	r3, [sp, #4]
 1e0:	9a09      	ldr	r2, [sp, #36]	; 0x24
 1e2:	1898      	adds	r0, r3, r2
 1e4:	9b02      	ldr	r3, [sp, #8]
 1e6:	9a0a      	ldr	r2, [sp, #40]	; 0x28
 1e8:	1899      	adds	r1, r3, r2
 1ea:	b280      	uxth	r0, r0
 1ec:	b289      	uxth	r1, r1
 1ee:	f7ff fffe 	bl	0 <lcdDrawPixel>
 1f2:	9a01      	ldr	r2, [sp, #4]
 1f4:	1c53      	adds	r3, r2, #1
 1f6:	9a06      	ldr	r2, [sp, #24]
 1f8:	b29b      	uxth	r3, r3
 1fa:	4293      	cmp	r3, r2
 1fc:	9301      	str	r3, [sp, #4]
 1fe:	d105      	bne.n	20c <drawImage+0x20c>
 200:	9a02      	ldr	r2, [sp, #8]
 202:	1c53      	adds	r3, r2, #1
 204:	b29b      	uxth	r3, r3
 206:	9302      	str	r3, [sp, #8]
 208:	2300      	movs	r3, #0
 20a:	9301      	str	r3, [sp, #4]
 20c:	9a04      	ldr	r2, [sp, #16]
 20e:	9b05      	ldr	r3, [sp, #20]
 210:	3201      	adds	r2, #1
 212:	429a      	cmp	r2, r3
 214:	9204      	str	r2, [sp, #16]
 216:	f4ff af47 	bcc.w	a8 <drawImage+0xa8>
 21a:	9a07      	ldr	r2, [sp, #28]
 21c:	9b0b      	ldr	r3, [sp, #44]	; 0x2c
 21e:	429a      	cmp	r2, r3
 220:	f4ff af2a 	bcc.w	78 <drawImage+0x78>
 224:	4620      	mov	r0, r4
 226:	2101      	movs	r1, #1
 228:	2200      	movs	r2, #0
 22a:	f7ff fffe 	bl	0 <fileSetPosition>
 22e:	9806      	ldr	r0, [sp, #24]
 230:	b00d      	add	sp, #52	; 0x34
 232:	e8bd 8ff0 	ldmia.w	sp!, {r4, r5, r6, r7, r8, r9, sl, fp, pc}
 236:	bf00      	nop
 238:	00000000 	.word	0x00000000

Disassembly of section .text.drawSprite:

00000000 <drawSprite>:
drawSprite():
   0:	b5f8      	push	{r3, r4, r5, r6, r7, lr}
   2:	f100 061c 	add.w	r6, r0, #28
   6:	4604      	mov	r4, r0
   8:	4630      	mov	r0, r6
   a:	f7ff fffe 	bl	0 <drawSprite>
   e:	8b23      	ldrh	r3, [r4, #24]
  10:	3301      	adds	r3, #1
  12:	b29b      	uxth	r3, r3
  14:	4283      	cmp	r3, r0
  16:	8323      	strh	r3, [r4, #24]
  18:	d101      	bne.n	1e <drawSprite+0x1e>
  1a:	2300      	movs	r3, #0
  1c:	8323      	strh	r3, [r4, #24]
  1e:	2500      	movs	r5, #0
  20:	e00d      	b.n	3e <drawSprite+0x3e>
  22:	6923      	ldr	r3, [r4, #16]
  24:	1c6a      	adds	r2, r5, #1
  26:	b292      	uxth	r2, r2
  28:	f833 0015 	ldrh.w	r0, [r3, r5, lsl #1]
  2c:	f833 1012 	ldrh.w	r1, [r3, r2, lsl #1]
  30:	4632      	mov	r2, r6
  32:	8b23      	ldrh	r3, [r4, #24]
  34:	f7ff fffe 	bl	0 <drawSprite>
  38:	3502      	adds	r5, #2
  3a:	b2ad      	uxth	r5, r5
  3c:	4607      	mov	r7, r0
  3e:	8aa3      	ldrh	r3, [r4, #20]
  40:	42ab      	cmp	r3, r5
  42:	d8ee      	bhi.n	22 <drawSprite+0x22>
  44:	4638      	mov	r0, r7
  46:	bdf8      	pop	{r3, r4, r5, r6, r7, pc}

Disassembly of section .text.guiSpriteProcess:

00000000 <guiSpriteProcess>:
guiSpriteProcess():
   0:	b570      	push	{r4, r5, r6, lr}
   2:	f7ff fffe 	bl	0 <timeGet>
   6:	4c12      	ldr	r4, [pc, #72]	; (50 <guiSpriteProcess+0x50>)
   8:	4606      	mov	r6, r0
   a:	2500      	movs	r5, #0
   c:	8820      	ldrh	r0, [r4, #0]
   e:	b1d0      	cbz	r0, 46 <guiSpriteProcess+0x46>
  10:	f854 3c0a 	ldr.w	r3, [r4, #-10]
  14:	b123      	cbz	r3, 20 <guiSpriteProcess+0x20>
  16:	42b3      	cmp	r3, r6
  18:	d102      	bne.n	20 <guiSpriteProcess+0x20>
  1a:	f7ff fffe 	bl	0 <guiSpriteProcess>
  1e:	e012      	b.n	46 <guiSpriteProcess+0x46>
  20:	f854 3c16 	ldr.w	r3, [r4, #-22]
  24:	b17b      	cbz	r3, 46 <guiSpriteProcess+0x46>
  26:	2b01      	cmp	r3, #1
  28:	d10a      	bne.n	40 <guiSpriteProcess+0x40>
  2a:	f854 3c12 	ldr.w	r3, [r4, #-18]
  2e:	2044      	movs	r0, #68	; 0x44
  30:	f844 3c16 	str.w	r3, [r4, #-22]
  34:	4b07      	ldr	r3, [pc, #28]	; (54 <guiSpriteProcess+0x54>)
  36:	fb00 3005 	mla	r0, r0, r5, r3
  3a:	f7ff fffe 	bl	0 <guiSpriteProcess>
  3e:	e002      	b.n	46 <guiSpriteProcess+0x46>
  40:	3b01      	subs	r3, #1
  42:	f844 3c16 	str.w	r3, [r4, #-22]
  46:	3501      	adds	r5, #1
  48:	3444      	adds	r4, #68	; 0x44
  4a:	2d20      	cmp	r5, #32
  4c:	d1de      	bne.n	c <guiSpriteProcess+0xc>
  4e:	bd70      	pop	{r4, r5, r6, pc}
  50:	00000016 	.word	0x00000016
  54:	00000000 	.word	0x00000000

Disassembly of section .text.drawString:

00000000 <drawString>:
drawString():
   0:	4605b570 	.word	0x4605b570
   4:	e00c      	b.n	20 <drawString+0x20>
   6:	4c09      	ldr	r4, [pc, #36]	; (2c <drawString+0x2c>)
   8:	3b20      	subs	r3, #32
   a:	8ba6      	ldrh	r6, [r4, #28]
   c:	6822      	ldr	r2, [r4, #0]
   e:	4630      	mov	r0, r6
  10:	8be1      	ldrh	r1, [r4, #30]
  12:	6892      	ldr	r2, [r2, #8]
  14:	b29b      	uxth	r3, r3
  16:	f7ff fffe 	bl	0 <drawString>
  1a:	3601      	adds	r6, #1
  1c:	1986      	adds	r6, r0, r6
  1e:	83a6      	strh	r6, [r4, #28]
  20:	f815 3b01 	ldrb.w	r3, [r5], #1
  24:	2b00      	cmp	r3, #0
  26:	d1ee      	bne.n	6 <drawString+0x6>
  28:	bd70      	pop	{r4, r5, r6, pc}
  2a:	bf00      	nop
  2c:	00000000 	.word	0x00000000

Disassembly of section .text.putsLCD:

00000000 <putsLCD>:
putsLCD():
   0:	b508      	push	{r3, lr}
   2:	f7ff fffe 	bl	0 <putsLCD>
   6:	2001      	movs	r0, #1
   8:	bd08      	pop	{r3, pc}

Disassembly of section .text.drawChar:

00000000 <drawChar>:
drawChar():
   0:	b538      	push	{r3, r4, r5, lr}
   2:	4c07      	ldr	r4, [pc, #28]	; (20 <drawChar+0x20>)
   4:	f1a0 0320 	sub.w	r3, r0, #32
   8:	8ba5      	ldrh	r5, [r4, #28]
   a:	6822      	ldr	r2, [r4, #0]
   c:	4628      	mov	r0, r5
   e:	8be1      	ldrh	r1, [r4, #30]
  10:	6892      	ldr	r2, [r2, #8]
  12:	b29b      	uxth	r3, r3
  14:	f7ff fffe 	bl	0 <drawChar>
  18:	3501      	adds	r5, #1
  1a:	1945      	adds	r5, r0, r5
  1c:	83a5      	strh	r5, [r4, #28]
  1e:	bd38      	pop	{r3, r4, r5, pc}
  20:	00000000 	.word	0x00000000

Disassembly of section .text.drawPixel:

00000000 <drawPixel>:
drawPixel():
   0:	b570      	push	{r4, r5, r6, lr}
   2:	4605      	mov	r5, r0
   4:	460c      	mov	r4, r1
   6:	f7ff fffe 	bl	0 <drawPixel>
   a:	4628      	mov	r0, r5
   c:	4621      	mov	r1, r4
   e:	e8bd 4070 	ldmia.w	sp!, {r4, r5, r6, lr}
  12:	f7ff bffe 	b.w	0 <lcdDrawPixel>

Disassembly of section .text.drawClearPixel:

00000000 <drawClearPixel>:
drawClearPixel():
   0:	b570      	push	{r4, r5, r6, lr}
   2:	4605      	mov	r5, r0
   4:	460c      	mov	r4, r1
   6:	f7ff fffe 	bl	0 <drawClearPixel>
   a:	4628      	mov	r0, r5
   c:	4621      	mov	r1, r4
   e:	e8bd 4070 	ldmia.w	sp!, {r4, r5, r6, lr}
  12:	f7ff bffe 	b.w	0 <lcdDrawPixel>

Disassembly of section .text.drawJPEG:

00000000 <drawJPEG>:
drawJPEG():
   0:	e92d 4ff0 	stmdb	sp!, {r4, r5, r6, r7, r8, r9, sl, fp, lr}
   4:	2100      	movs	r1, #0
   6:	b085      	sub	sp, #20
   8:	4604      	mov	r4, r0
   a:	f7ff fffe 	bl	0 <fileGetWord>
   e:	2100      	movs	r1, #0
  10:	4680      	mov	r8, r0
  12:	4620      	mov	r0, r4
  14:	f7ff fffe 	bl	0 <fileGetWord>
  18:	2100      	movs	r1, #0
  1a:	4607      	mov	r7, r0
  1c:	4620      	mov	r0, r4
  1e:	f7ff fffe 	bl	0 <fileGetWord>
  22:	aa02      	add	r2, sp, #8
  24:	4681      	mov	r9, r0
  26:	2105      	movs	r1, #5
  28:	4620      	mov	r0, r4
  2a:	f7ff fffe 	bl	0 <fileGetBuffer>
  2e:	2100      	movs	r1, #0
  30:	4620      	mov	r0, r4
  32:	f7ff fffe 	bl	0 <fileGetWord>
  36:	2100      	movs	r1, #0
  38:	4606      	mov	r6, r0
  3a:	4620      	mov	r0, r4
  3c:	f7ff fffe 	bl	0 <fileGetWord>
  40:	2100      	movs	r1, #0
  42:	4620      	mov	r0, r4
  44:	f7ff fffe 	bl	0 <fileGetWord>
  48:	2100      	movs	r1, #0
  4a:	4605      	mov	r5, r0
  4c:	4620      	mov	r0, r4
  4e:	f7ff fffe 	bl	0 <fileGetWord>
  52:	2100      	movs	r1, #0
  54:	4682      	mov	sl, r0
  56:	4620      	mov	r0, r4
  58:	f7ff fffe 	bl	0 <fileGetWord>
  5c:	2100      	movs	r1, #0
  5e:	4683      	mov	fp, r0
  60:	4620      	mov	r0, r4
  62:	f7ff fffe 	bl	0 <fileGetWord>
  66:	4642      	mov	r2, r8
  68:	4604      	mov	r4, r0
  6a:	463b      	mov	r3, r7
  6c:	2001      	movs	r0, #1
  6e:	490d      	ldr	r1, [pc, #52]	; (a4 <drawJPEG+0xa4>)
  70:	f8cd 9000 	str.w	r9, [sp]
  74:	f7ff fffe 	bl	0 <print>
  78:	2001      	movs	r0, #1
  7a:	aa02      	add	r2, sp, #8
  7c:	4633      	mov	r3, r6
  7e:	490a      	ldr	r1, [pc, #40]	; (a8 <drawJPEG+0xa8>)
  80:	f7ff fffe 	bl	0 <print>
  84:	2001      	movs	r0, #1
  86:	462a      	mov	r2, r5
  88:	4653      	mov	r3, sl
  8a:	4908      	ldr	r1, [pc, #32]	; (ac <drawJPEG+0xac>)
  8c:	f7ff fffe 	bl	0 <print>
  90:	2001      	movs	r0, #1
  92:	4907      	ldr	r1, [pc, #28]	; (b0 <drawJPEG+0xb0>)
  94:	465a      	mov	r2, fp
  96:	4623      	mov	r3, r4
  98:	f7ff fffe 	bl	0 <print>
  9c:	b005      	add	sp, #20
  9e:	e8bd 8ff0 	ldmia.w	sp!, {r4, r5, r6, r7, r8, r9, sl, fp, pc}
  a2:	bf00      	nop
  a4:	00000045 	.word	0x00000045
  a8:	00000069 	.word	0x00000069
  ac:	0000007d 	.word	0x0000007d
  b0:	00000093 	.word	0x00000093

Disassembly of section .text.drawPNG:

00000000 <drawPNG>:
drawPNG():
   0:	e92d 4ff0 	stmdb	sp!, {r4, r5, r6, r7, r8, r9, sl, fp, lr}
   4:	b089      	sub	sp, #36	; 0x24
   6:	2108      	movs	r1, #8
   8:	aa03      	add	r2, sp, #12
   a:	4604      	mov	r4, r0
   c:	f7ff fffe 	bl	0 <fileGetBuffer>
  10:	2300      	movs	r3, #0
  12:	f88d 3013 	strb.w	r3, [sp, #19]
  16:	e07f      	b.n	118 <drawPNG+0x118>
  18:	2101      	movs	r1, #1
  1a:	4620      	mov	r0, r4
  1c:	f7ff fffe 	bl	0 <fileGetLong>
  20:	2104      	movs	r1, #4
  22:	4681      	mov	r9, r0
  24:	aa06      	add	r2, sp, #24
  26:	4620      	mov	r0, r4
  28:	f7ff fffe 	bl	0 <fileGetBuffer>
  2c:	483f      	ldr	r0, [pc, #252]	; (12c <drawPNG+0x12c>)
  2e:	a906      	add	r1, sp, #24
  30:	f88d 501c 	strb.w	r5, [sp, #28]
  34:	f7ff fffe 	bl	0 <isStringSame>
  38:	2800      	cmp	r0, #0
  3a:	d047      	beq.n	cc <drawPNG+0xcc>
  3c:	2101      	movs	r1, #1
  3e:	4620      	mov	r0, r4
  40:	f7ff fffe 	bl	0 <fileGetLong>
  44:	2101      	movs	r1, #1
  46:	4607      	mov	r7, r0
  48:	4620      	mov	r0, r4
  4a:	f7ff fffe 	bl	0 <fileGetLong>
  4e:	4606      	mov	r6, r0
  50:	4620      	mov	r0, r4
  52:	f7ff fffe 	bl	0 <fileGetChar>
  56:	4605      	mov	r5, r0
  58:	4620      	mov	r0, r4
  5a:	f7ff fffe 	bl	0 <fileGetChar>
  5e:	4680      	mov	r8, r0
  60:	4620      	mov	r0, r4
  62:	f7ff fffe 	bl	0 <fileGetChar>
  66:	4682      	mov	sl, r0
  68:	4620      	mov	r0, r4
  6a:	f7ff fffe 	bl	0 <fileGetChar>
  6e:	4683      	mov	fp, r0
  70:	4620      	mov	r0, r4
  72:	f7ff fffe 	bl	0 <fileGetChar>
  76:	aa06      	add	r2, sp, #24
  78:	4684      	mov	ip, r0
  7a:	464b      	mov	r3, r9
  7c:	2001      	movs	r0, #1
  7e:	492c      	ldr	r1, [pc, #176]	; (130 <drawPNG+0x130>)
  80:	f8cd c004 	str.w	ip, [sp, #4]
  84:	f7ff fffe 	bl	0 <print>
  88:	4633      	mov	r3, r6
  8a:	2001      	movs	r0, #1
  8c:	463a      	mov	r2, r7
  8e:	4929      	ldr	r1, [pc, #164]	; (134 <drawPNG+0x134>)
  90:	f7ff fffe 	bl	0 <print>
  94:	2001      	movs	r0, #1
  96:	462a      	mov	r2, r5
  98:	4927      	ldr	r1, [pc, #156]	; (138 <drawPNG+0x138>)
  9a:	f7ff fffe 	bl	0 <print>
  9e:	2001      	movs	r0, #1
  a0:	4642      	mov	r2, r8
  a2:	4926      	ldr	r1, [pc, #152]	; (13c <drawPNG+0x13c>)
  a4:	f7ff fffe 	bl	0 <print>
  a8:	2001      	movs	r0, #1
  aa:	4652      	mov	r2, sl
  ac:	4924      	ldr	r1, [pc, #144]	; (140 <drawPNG+0x140>)
  ae:	f7ff fffe 	bl	0 <print>
  b2:	2001      	movs	r0, #1
  b4:	465a      	mov	r2, fp
  b6:	4923      	ldr	r1, [pc, #140]	; (144 <drawPNG+0x144>)
  b8:	f7ff fffe 	bl	0 <print>
  bc:	f8dd c004 	ldr.w	ip, [sp, #4]
  c0:	2001      	movs	r0, #1
  c2:	4921      	ldr	r1, [pc, #132]	; (148 <drawPNG+0x148>)
  c4:	4662      	mov	r2, ip
  c6:	f7ff fffe 	bl	0 <print>
  ca:	e021      	b.n	110 <drawPNG+0x110>
  cc:	481f      	ldr	r0, [pc, #124]	; (14c <drawPNG+0x14c>)
  ce:	a906      	add	r1, sp, #24
  d0:	f7ff fffe 	bl	0 <isStringSame>
  d4:	b110      	cbz	r0, dc <drawPNG+0xdc>
  d6:	2001      	movs	r0, #1
  d8:	491d      	ldr	r1, [pc, #116]	; (150 <drawPNG+0x150>)
  da:	e006      	b.n	ea <drawPNG+0xea>
  dc:	481d      	ldr	r0, [pc, #116]	; (154 <drawPNG+0x154>)
  de:	a906      	add	r1, sp, #24
  e0:	f7ff fffe 	bl	0 <isStringSame>
  e4:	b128      	cbz	r0, f2 <drawPNG+0xf2>
  e6:	491c      	ldr	r1, [pc, #112]	; (158 <drawPNG+0x158>)
  e8:	2001      	movs	r0, #1
  ea:	464a      	mov	r2, r9
  ec:	f7ff fffe 	bl	0 <print>
  f0:	e009      	b.n	106 <drawPNG+0x106>
  f2:	481a      	ldr	r0, [pc, #104]	; (15c <drawPNG+0x15c>)
  f4:	a906      	add	r1, sp, #24
  f6:	f7ff fffe 	bl	0 <isStringSame>
  fa:	b120      	cbz	r0, 106 <drawPNG+0x106>
  fc:	2001      	movs	r0, #1
  fe:	4918      	ldr	r1, [pc, #96]	; (160 <drawPNG+0x160>)
 100:	f7ff fffe 	bl	0 <print>
 104:	e00f      	b.n	126 <drawPNG+0x126>
 106:	4620      	mov	r0, r4
 108:	2102      	movs	r1, #2
 10a:	464a      	mov	r2, r9
 10c:	f7ff fffe 	bl	0 <fileSetPosition>
 110:	4620      	mov	r0, r4
 112:	2101      	movs	r1, #1
 114:	f7ff fffe 	bl	0 <fileGetLong>
 118:	4620      	mov	r0, r4
 11a:	f7ff fffe 	bl	0 <fileIsEOF>
 11e:	4605      	mov	r5, r0
 120:	2800      	cmp	r0, #0
 122:	f43f af79 	beq.w	18 <drawPNG+0x18>
 126:	b009      	add	sp, #36	; 0x24
 128:	e8bd 8ff0 	ldmia.w	sp!, {r4, r5, r6, r7, r8, r9, sl, fp, pc}
 12c:	000000b3 	.word	0x000000b3
 130:	000000b8 	.word	0x000000b8
 134:	0000007d 	.word	0x0000007d
 138:	000000cc 	.word	0x000000cc
 13c:	000000d5 	.word	0x000000d5
 140:	000000e0 	.word	0x000000e0
 144:	000000f1 	.word	0x000000f1
 148:	000000fd 	.word	0x000000fd
 14c:	0000010c 	.word	0x0000010c
 150:	00000111 	.word	0x00000111
 154:	0000011e 	.word	0x0000011e
 158:	00000123 	.word	0x00000123
 15c:	0000012d 	.word	0x0000012d
 160:	00000132 	.word	0x00000132

Disassembly of section .text.widgetAdd:

00000000 <widgetAdd>:
widgetAdd():
   0:	4770      	bx	lr

Disassembly of section .text.widgetDelete:

00000000 <widgetDelete>:
widgetDelete():
   0:	4770      	bx	lr

Disassembly of section .text.formNew:

00000000 <formNew>:
formNew():
   0:	b570      	push	{r4, r5, r6, lr}
   2:	4c1c      	ldr	r4, [pc, #112]	; (74 <formNew+0x74>)
   4:	7923      	ldrb	r3, [r4, #4]
   6:	b133      	cbz	r3, 16 <formNew+0x16>
   8:	7961      	ldrb	r1, [r4, #5]
   a:	4b1b      	ldr	r3, [pc, #108]	; (78 <formNew+0x78>)
   c:	0149      	lsls	r1, r1, #5
   e:	6818      	ldr	r0, [r3, #0]
  10:	f7ff fffe 	bl	0 <sysReallocate>
  14:	e002      	b.n	1c <formNew+0x1c>
  16:	2020      	movs	r0, #32
  18:	f7ff fffe 	bl	0 <sysAllocate>
  1c:	2800      	cmp	r0, #0
  1e:	d027      	beq.n	70 <formNew+0x70>
  20:	7963      	ldrb	r3, [r4, #5]
  22:	4e15      	ldr	r6, [pc, #84]	; (78 <formNew+0x78>)
  24:	015b      	lsls	r3, r3, #5
  26:	6030      	str	r0, [r6, #0]
  28:	18c0      	adds	r0, r0, r3
  2a:	2300      	movs	r3, #0
  2c:	8303      	strh	r3, [r0, #24]
  2e:	201c      	movs	r0, #28
  30:	4d10      	ldr	r5, [pc, #64]	; (74 <formNew+0x74>)
  32:	f7ff fffe 	bl	0 <sysAllocate>
  36:	b1d8      	cbz	r0, 70 <formNew+0x70>
  38:	7969      	ldrb	r1, [r5, #5]
  3a:	6832      	ldr	r2, [r6, #0]
  3c:	014b      	lsls	r3, r1, #5
  3e:	18d3      	adds	r3, r2, r3
  40:	4a0e      	ldr	r2, [pc, #56]	; (7c <formNew+0x7c>)
  42:	61d8      	str	r0, [r3, #28]
  44:	7c10      	ldrb	r0, [r2, #16]
  46:	3101      	adds	r1, #1
  48:	7118      	strb	r0, [r3, #4]
  4a:	7c50      	ldrb	r0, [r2, #17]
  4c:	7169      	strb	r1, [r5, #5]
  4e:	7158      	strb	r0, [r3, #5]
  50:	7c90      	ldrb	r0, [r2, #18]
  52:	7198      	strb	r0, [r3, #6]
  54:	7d10      	ldrb	r0, [r2, #20]
  56:	7218      	strb	r0, [r3, #8]
  58:	7d50      	ldrb	r0, [r2, #21]
  5a:	7258      	strb	r0, [r3, #9]
  5c:	7d90      	ldrb	r0, [r2, #22]
  5e:	7298      	strb	r0, [r3, #10]
  60:	7e10      	ldrb	r0, [r2, #24]
  62:	7318      	strb	r0, [r3, #12]
  64:	7e50      	ldrb	r0, [r2, #25]
  66:	7e92      	ldrb	r2, [r2, #26]
  68:	7358      	strb	r0, [r3, #13]
  6a:	2001      	movs	r0, #1
  6c:	739a      	strb	r2, [r3, #14]
  6e:	7128      	strb	r0, [r5, #4]
  70:	bd70      	pop	{r4, r5, r6, pc}
  72:	bf00      	nop
	...

Disassembly of section .text.formRemove:

00000000 <formRemove>:
formRemove():
   0:	b510      	push	{r4, lr}
   2:	4c08      	ldr	r4, [pc, #32]	; (24 <formRemove+0x24>)
   4:	7961      	ldrb	r1, [r4, #5]
   6:	b129      	cbz	r1, 14 <formRemove+0x14>
   8:	4b07      	ldr	r3, [pc, #28]	; (28 <formRemove+0x28>)
   a:	3901      	subs	r1, #1
   c:	6818      	ldr	r0, [r3, #0]
   e:	0149      	lsls	r1, r1, #5
  10:	f7ff fffe 	bl	0 <sysReallocate>
  14:	b120      	cbz	r0, 20 <formRemove+0x20>
  16:	4b04      	ldr	r3, [pc, #16]	; (28 <formRemove+0x28>)
  18:	6018      	str	r0, [r3, #0]
  1a:	7963      	ldrb	r3, [r4, #5]
  1c:	3b01      	subs	r3, #1
  1e:	7163      	strb	r3, [r4, #5]
  20:	bd10      	pop	{r4, pc}
  22:	bf00      	nop
	...

Disassembly of section .text.formDrawAll:

00000000 <formDrawAll>:
formDrawAll():
   0:	4770      	bx	lr

Disassembly of section .text.formAddWidget:

00000000 <formAddWidget>:
formAddWidget():
   0:	e92d 41f0 	stmdb	sp!, {r4, r5, r6, r7, r8, lr}
   4:	4b20      	ldr	r3, [pc, #128]	; (88 <formAddWidget+0x88>)
   6:	f8df 808c 	ldr.w	r8, [pc, #140]	; 94 <formAddWidget+0x94>
   a:	7959      	ldrb	r1, [r3, #5]
   c:	f8d8 3000 	ldr.w	r3, [r8]
  10:	1e4f      	subs	r7, r1, #1
  12:	b2bf      	uxth	r7, r7
  14:	017f      	lsls	r7, r7, #5
  16:	19db      	adds	r3, r3, r7
  18:	3101      	adds	r1, #1
  1a:	261c      	movs	r6, #28
  1c:	4604      	mov	r4, r0
  1e:	4371      	muls	r1, r6
  20:	69d8      	ldr	r0, [r3, #28]
  22:	f7ff fffe 	bl	0 <sysReallocate>
  26:	4605      	mov	r5, r0
  28:	b930      	cbnz	r0, 38 <formAddWidget+0x38>
  2a:	2001      	movs	r0, #1
  2c:	4917      	ldr	r1, [pc, #92]	; (8c <formAddWidget+0x8c>)
  2e:	f7ff fffe 	bl	0 <print>
  32:	4628      	mov	r0, r5
  34:	e8bd 81f0 	ldmia.w	sp!, {r4, r5, r6, r7, r8, pc}
  38:	f8d8 3000 	ldr.w	r3, [r8]
  3c:	6821      	ldr	r1, [r4, #0]
  3e:	19df      	adds	r7, r3, r7
  40:	8b3a      	ldrh	r2, [r7, #24]
  42:	61f8      	str	r0, [r7, #28]
  44:	4372      	muls	r2, r6
  46:	1883      	adds	r3, r0, r2
  48:	5081      	str	r1, [r0, r2]
  4a:	88a2      	ldrh	r2, [r4, #4]
  4c:	2001      	movs	r0, #1
  4e:	809a      	strh	r2, [r3, #4]
  50:	88e2      	ldrh	r2, [r4, #6]
  52:	490f      	ldr	r1, [pc, #60]	; (90 <formAddWidget+0x90>)
  54:	80da      	strh	r2, [r3, #6]
  56:	8922      	ldrh	r2, [r4, #8]
  58:	811a      	strh	r2, [r3, #8]
  5a:	8962      	ldrh	r2, [r4, #10]
  5c:	815a      	strh	r2, [r3, #10]
  5e:	68e2      	ldr	r2, [r4, #12]
  60:	60da      	str	r2, [r3, #12]
  62:	7c22      	ldrb	r2, [r4, #16]
  64:	741a      	strb	r2, [r3, #16]
  66:	8b3a      	ldrh	r2, [r7, #24]
  68:	69fb      	ldr	r3, [r7, #28]
  6a:	fb06 3602 	mla	r6, r6, r2, r3
  6e:	6963      	ldr	r3, [r4, #20]
  70:	3201      	adds	r2, #1
  72:	6173      	str	r3, [r6, #20]
  74:	69a3      	ldr	r3, [r4, #24]
  76:	b292      	uxth	r2, r2
  78:	61b3      	str	r3, [r6, #24]
  7a:	833a      	strh	r2, [r7, #24]
  7c:	f7ff fffe 	bl	0 <print>
  80:	2001      	movs	r0, #1
  82:	e8bd 81f0 	ldmia.w	sp!, {r4, r5, r6, r7, r8, pc}
  86:	bf00      	nop
  88:	00000000 	.word	0x00000000
  8c:	00000137 	.word	0x00000137
  90:	00000145 	.word	0x00000145
  94:	00000000 	.word	0x00000000

Disassembly of section .text.drawFill:

00000000 <drawFill>:
drawFill():
   0:	b538      	push	{r3, r4, r5, lr}
   2:	4605      	mov	r5, r0
   4:	460c      	mov	r4, r1
   6:	4628      	mov	r0, r5
   8:	4621      	mov	r1, r4
   a:	f7ff fffe 	bl	0 <lcdGetPixel>
   e:	b1a8      	cbz	r0, 3c <drawFill+0x3c>
  10:	4621      	mov	r1, r4
  12:	4628      	mov	r0, r5
  14:	f7ff fffe 	bl	0 <lcdDrawPixel>
  18:	1c68      	adds	r0, r5, #1
  1a:	4621      	mov	r1, r4
  1c:	b280      	uxth	r0, r0
  1e:	f7ff fffe 	bl	0 <drawFill>
  22:	1e68      	subs	r0, r5, #1
  24:	4621      	mov	r1, r4
  26:	b280      	uxth	r0, r0
  28:	f7ff fffe 	bl	0 <drawFill>
  2c:	1c61      	adds	r1, r4, #1
  2e:	4628      	mov	r0, r5
  30:	b289      	uxth	r1, r1
  32:	3c01      	subs	r4, #1
  34:	f7ff fffe 	bl	0 <drawFill>
  38:	b2a4      	uxth	r4, r4
  3a:	e7e4      	b.n	6 <drawFill+0x6>
  3c:	bd38      	pop	{r3, r4, r5, pc}

Disassembly of section .text.guiGetPixelOpening:

00000000 <guiGetPixelOpening>:
guiGetPixelOpening():
   0:	b5f8      	push	{r3, r4, r5, r6, r7, lr}
   2:	4604      	mov	r4, r0
   4:	3001      	adds	r0, #1
   6:	b280      	uxth	r0, r0
   8:	4617      	mov	r7, r2
   a:	460d      	mov	r5, r1
   c:	f7ff fffe 	bl	0 <lcdGetPixel>
  10:	1bc6      	subs	r6, r0, r7
  12:	bf18      	it	ne
  14:	2601      	movne	r6, #1
  16:	1e60      	subs	r0, r4, #1
  18:	4629      	mov	r1, r5
  1a:	b280      	uxth	r0, r0
  1c:	f7ff fffe 	bl	0 <lcdGetPixel>
  20:	42b8      	cmp	r0, r7
  22:	bf1c      	itt	ne
  24:	f046 0602 	orrne.w	r6, r6, #2
  28:	b2f6      	uxtbne	r6, r6
  2a:	1c69      	adds	r1, r5, #1
  2c:	4620      	mov	r0, r4
  2e:	b289      	uxth	r1, r1
  30:	f7ff fffe 	bl	0 <lcdGetPixel>
  34:	42b8      	cmp	r0, r7
  36:	bf18      	it	ne
  38:	f046 0604 	orrne.w	r6, r6, #4
  3c:	1e69      	subs	r1, r5, #1
  3e:	4620      	mov	r0, r4
  40:	b289      	uxth	r1, r1
  42:	f7ff fffe 	bl	0 <lcdGetPixel>
  46:	42b8      	cmp	r0, r7
  48:	bf18      	it	ne
  4a:	f046 0608 	orrne.w	r6, r6, #8
  4e:	4630      	mov	r0, r6
  50:	bdf8      	pop	{r3, r4, r5, r6, r7, pc}

Disassembly of section .text.drawPixelInArea:

00000000 <drawPixelInArea>:
drawPixelInArea():
   0:	b5f0      	push	{r4, r5, r6, r7, lr}
   2:	4290      	cmp	r0, r2
   4:	4605      	mov	r5, r0
   6:	460c      	mov	r4, r1
   8:	f8bd 7014 	ldrh.w	r7, [sp, #20]
   c:	f8bd 6018 	ldrh.w	r6, [sp, #24]
  10:	d309      	bcc.n	26 <drawPixelInArea+0x26>
  12:	42b8      	cmp	r0, r7
  14:	d807      	bhi.n	26 <drawPixelInArea+0x26>
  16:	4299      	cmp	r1, r3
  18:	d305      	bcc.n	26 <drawPixelInArea+0x26>
  1a:	42b1      	cmp	r1, r6
  1c:	d803      	bhi.n	26 <drawPixelInArea+0x26>
  1e:	e8bd 40f0 	ldmia.w	sp!, {r4, r5, r6, r7, lr}
  22:	f7ff bffe 	b.w	0 <lcdDrawPixel>
  26:	bdf0      	pop	{r4, r5, r6, r7, pc}

Disassembly of section .text.drawAll:

00000000 <drawAll>:
drawAll():
   0:	f7ff bffe 	b.w	0 <lcdWriteScreenBuffer>

Disassembly of section .text.drawLine:

00000000 <drawLine>:
drawLine():
   0:	e92d 4ff7 	stmdb	sp!, {r0, r1, r2, r4, r5, r6, r7, r8, r9, sl, fp, lr}
   4:	460d      	mov	r5, r1
   6:	b289      	uxth	r1, r1
   8:	1a5f      	subs	r7, r3, r1
   a:	4604      	mov	r4, r0
   c:	b2bf      	uxth	r7, r7
   e:	b280      	uxth	r0, r0
  10:	ebc0 0b02 	rsb	fp, r0, r2
  14:	9000      	str	r0, [sp, #0]
  16:	9101      	str	r1, [sp, #4]
  18:	4616      	mov	r6, r2
  1a:	469a      	mov	sl, r3
  1c:	f7ff fffe 	bl	0 <drawLine>
  20:	f417 4f00 	tst.w	r7, #32768	; 0x8000
  24:	fa1f fb8b 	uxth.w	fp, fp
  28:	9800      	ldr	r0, [sp, #0]
  2a:	9901      	ldr	r1, [sp, #4]
  2c:	d004      	beq.n	38 <drawLine+0x38>
  2e:	427f      	negs	r7, r7
  30:	b2bf      	uxth	r7, r7
  32:	f64f 79ff 	movw	r9, #65535	; 0xffff
  36:	e001      	b.n	3c <drawLine+0x3c>
  38:	f04f 0901 	mov.w	r9, #1
  3c:	f41b 4f00 	tst.w	fp, #32768	; 0x8000
  40:	bf1d      	ittte	ne
  42:	f1cb 0b00 	rsbne	fp, fp, #0
  46:	fa1f fb8b 	uxthne.w	fp, fp
  4a:	f64f 78ff 	movwne	r8, #65535	; 0xffff
  4e:	f04f 0801 	moveq.w	r8, #1
  52:	007b      	lsls	r3, r7, #1
  54:	f64f 77fe 	movw	r7, #65534	; 0xfffe
  58:	ea03 0707 	and.w	r7, r3, r7
  5c:	ea4f 034b 	mov.w	r3, fp, lsl #1
  60:	f64f 7bfe 	movw	fp, #65534	; 0xfffe
  64:	ea03 0b0b 	and.w	fp, r3, fp
  68:	f7ff fffe 	bl	0 <lcdDrawPixel>
  6c:	fa0f f28b 	sxth.w	r2, fp
  70:	b23b      	sxth	r3, r7
  72:	429a      	cmp	r2, r3
  74:	dd1a      	ble.n	ac <drawLine+0xac>
  76:	b2bf      	uxth	r7, r7
  78:	eba7 0a62 	sub.w	sl, r7, r2, asr #1
  7c:	fa1f fa8a 	uxth.w	sl, sl
  80:	e011      	b.n	a6 <drawLine+0xa6>
  82:	f41a 4f00 	tst.w	sl, #32768	; 0x8000
  86:	d105      	bne.n	94 <drawLine+0x94>
  88:	444d      	add	r5, r9
  8a:	ebcb 0a0a 	rsb	sl, fp, sl
  8e:	b22d      	sxth	r5, r5
  90:	fa1f fa8a 	uxth.w	sl, sl
  94:	4444      	add	r4, r8
  96:	b2a0      	uxth	r0, r4
  98:	44ba      	add	sl, r7
  9a:	b2a9      	uxth	r1, r5
  9c:	b204      	sxth	r4, r0
  9e:	fa1f fa8a 	uxth.w	sl, sl
  a2:	f7ff fffe 	bl	0 <lcdDrawPixel>
  a6:	42a6      	cmp	r6, r4
  a8:	d1eb      	bne.n	82 <drawLine+0x82>
  aa:	e016      	b.n	da <drawLine+0xda>
  ac:	fa1f fb8b 	uxth.w	fp, fp
  b0:	ebab 0663 	sub.w	r6, fp, r3, asr #1
  b4:	b2b6      	uxth	r6, r6
  b6:	e00e      	b.n	d6 <drawLine+0xd6>
  b8:	f416 4f00 	tst.w	r6, #32768	; 0x8000
  bc:	d103      	bne.n	c6 <drawLine+0xc6>
  be:	4444      	add	r4, r8
  c0:	1bf6      	subs	r6, r6, r7
  c2:	b224      	sxth	r4, r4
  c4:	b2b6      	uxth	r6, r6
  c6:	444d      	add	r5, r9
  c8:	b2a9      	uxth	r1, r5
  ca:	445e      	add	r6, fp
  cc:	b2a0      	uxth	r0, r4
  ce:	b20d      	sxth	r5, r1
  d0:	b2b6      	uxth	r6, r6
  d2:	f7ff fffe 	bl	0 <lcdDrawPixel>
  d6:	45aa      	cmp	sl, r5
  d8:	d1ee      	bne.n	b8 <drawLine+0xb8>
  da:	e8bd 8ffe 	ldmia.w	sp!, {r1, r2, r3, r4, r5, r6, r7, r8, r9, sl, fp, pc}

Disassembly of section .text.drawThickLine:

00000000 <drawThickLine>:
drawThickLine():
   0:	e92d 4ff0 	stmdb	sp!, {r4, r5, r6, r7, r8, r9, sl, fp, lr}
   4:	b087      	sub	sp, #28
   6:	4299      	cmp	r1, r3
   8:	4692      	mov	sl, r2
   a:	f89d 2040 	ldrb.w	r2, [sp, #64]	; 0x40
   e:	bf0c      	ite	eq
  10:	2500      	moveq	r5, #0
  12:	2501      	movne	r5, #1
  14:	4698      	mov	r8, r3
  16:	bf14      	ite	ne
  18:	2300      	movne	r3, #0
  1a:	2301      	moveq	r3, #1
  1c:	2400      	movs	r4, #0
  1e:	4681      	mov	r9, r0
  20:	460f      	mov	r7, r1
  22:	9205      	str	r2, [sp, #20]
  24:	9304      	str	r3, [sp, #16]
  26:	9503      	str	r5, [sp, #12]
  28:	46a3      	mov	fp, r4
  2a:	46a4      	mov	ip, r4
  2c:	e033      	b.n	96 <drawThickLine+0x96>
  2e:	f014 0f01 	tst.w	r4, #1
  32:	fa1f f68c 	uxth.w	r6, ip
  36:	fa1f f58b 	uxth.w	r5, fp
  3a:	d013      	beq.n	64 <drawThickLine+0x64>
  3c:	1b79      	subs	r1, r7, r5
  3e:	ebc5 0308 	rsb	r3, r5, r8
  42:	ebc6 0009 	rsb	r0, r6, r9
  46:	9d11      	ldr	r5, [sp, #68]	; 0x44
  48:	ebc6 020a 	rsb	r2, r6, sl
  4c:	b200      	sxth	r0, r0
  4e:	b209      	sxth	r1, r1
  50:	b212      	sxth	r2, r2
  52:	b21b      	sxth	r3, r3
  54:	f8cd c008 	str.w	ip, [sp, #8]
  58:	9500      	str	r5, [sp, #0]
  5a:	f7ff fffe 	bl	0 <drawThickLine>
  5e:	f8dd c008 	ldr.w	ip, [sp, #8]
  62:	e017      	b.n	94 <drawThickLine+0x94>
  64:	9b11      	ldr	r3, [sp, #68]	; 0x44
  66:	eb05 0e08 	add.w	lr, r5, r8
  6a:	eb06 0009 	add.w	r0, r6, r9
  6e:	19e9      	adds	r1, r5, r7
  70:	eb06 020a 	add.w	r2, r6, sl
  74:	9300      	str	r3, [sp, #0]
  76:	b212      	sxth	r2, r2
  78:	fa0f f38e 	sxth.w	r3, lr
  7c:	b200      	sxth	r0, r0
  7e:	b209      	sxth	r1, r1
  80:	f7ff fffe 	bl	0 <drawThickLine>
  84:	9a03      	ldr	r2, [sp, #12]
  86:	9b04      	ldr	r3, [sp, #16]
  88:	18b6      	adds	r6, r6, r2
  8a:	18ed      	adds	r5, r5, r3
  8c:	fa1f fc86 	uxth.w	ip, r6
  90:	fa1f fb85 	uxth.w	fp, r5
  94:	3401      	adds	r4, #1
  96:	9d05      	ldr	r5, [sp, #20]
  98:	b2e3      	uxtb	r3, r4
  9a:	42ab      	cmp	r3, r5
  9c:	d3c7      	bcc.n	2e <drawThickLine+0x2e>
  9e:	b007      	add	sp, #28
  a0:	e8bd 8ff0 	ldmia.w	sp!, {r4, r5, r6, r7, r8, r9, sl, fp, pc}

Disassembly of section .text.drawPoly:

00000000 <drawPoly>:
drawPoly():
   0:	b5f7      	push	{r0, r1, r2, r4, r5, r6, r7, lr}
   2:	4605      	mov	r5, r0
   4:	460f      	mov	r7, r1
   6:	4616      	mov	r6, r2
   8:	2400      	movs	r4, #0
   a:	e010      	b.n	2e <drawPoly+0x2e>
   c:	f835 0014 	ldrh.w	r0, [r5, r4, lsl #1]
  10:	1c63      	adds	r3, r4, #1
  12:	3402      	adds	r4, #2
  14:	b29b      	uxth	r3, r3
  16:	b2a4      	uxth	r4, r4
  18:	f935 1013 	ldrsh.w	r1, [r5, r3, lsl #1]
  1c:	1c63      	adds	r3, r4, #1
  1e:	f935 2014 	ldrsh.w	r2, [r5, r4, lsl #1]
  22:	f935 3013 	ldrsh.w	r3, [r5, r3, lsl #1]
  26:	b200      	sxth	r0, r0
  28:	9600      	str	r6, [sp, #0]
  2a:	f7ff fffe 	bl	0 <drawPoly>
  2e:	1ebb      	subs	r3, r7, #2
  30:	429c      	cmp	r4, r3
  32:	dbeb      	blt.n	c <drawPoly+0xc>
  34:	bdfe      	pop	{r1, r2, r3, r4, r5, r6, r7, pc}

Disassembly of section .text.drawRadius:

00000000 <drawRadius>:
drawRadius():
   0:	e92d 4ff0 	stmdb	sp!, {r4, r5, r6, r7, r8, r9, sl, fp, lr}
   4:	461c      	mov	r4, r3
   6:	f1c3 0301 	rsb	r3, r3, #1
   a:	b089      	sub	sp, #36	; 0x24
   c:	b29b      	uxth	r3, r3
   e:	9305      	str	r3, [sp, #20]
  10:	f06f 0301 	mvn.w	r3, #1
  14:	4363      	muls	r3, r4
  16:	460e      	mov	r6, r1
  18:	b29b      	uxth	r3, r3
  1a:	4605      	mov	r5, r0
  1c:	9307      	str	r3, [sp, #28]
  1e:	4690      	mov	r8, r2
  20:	9f12      	ldr	r7, [sp, #72]	; 0x48
  22:	f7ff fffe 	bl	0 <drawRadius>
  26:	1e73      	subs	r3, r6, #1
  28:	f105 39ff 	add.w	r9, r5, #4294967295
  2c:	f106 0a01 	add.w	sl, r6, #1
  30:	f105 0b01 	add.w	fp, r5, #1
  34:	b29b      	uxth	r3, r3
  36:	2100      	movs	r1, #0
  38:	fa1f f989 	uxth.w	r9, r9
  3c:	fa1f fa8a 	uxth.w	sl, sl
  40:	fa1f fb8b 	uxth.w	fp, fp
  44:	9304      	str	r3, [sp, #16]
  46:	9106      	str	r1, [sp, #24]
  48:	e0ca      	b.n	1e0 <drawRadius+0x1e0>
  4a:	9a05      	ldr	r2, [sp, #20]
  4c:	f412 4f00 	tst.w	r2, #32768	; 0x8000
  50:	d10a      	bne.n	68 <drawRadius+0x68>
  52:	9907      	ldr	r1, [sp, #28]
  54:	3c01      	subs	r4, #1
  56:	1c8b      	adds	r3, r1, #2
  58:	9905      	ldr	r1, [sp, #20]
  5a:	b29b      	uxth	r3, r3
  5c:	b29a      	uxth	r2, r3
  5e:	185b      	adds	r3, r3, r1
  60:	b29b      	uxth	r3, r3
  62:	b2a4      	uxth	r4, r4
  64:	9207      	str	r2, [sp, #28]
  66:	9305      	str	r3, [sp, #20]
  68:	9a06      	ldr	r2, [sp, #24]
  6a:	9905      	ldr	r1, [sp, #20]
  6c:	1c53      	adds	r3, r2, #1
  6e:	b29b      	uxth	r3, r3
  70:	9306      	str	r3, [sp, #24]
  72:	eb01 0343 	add.w	r3, r1, r3, lsl #1
  76:	3301      	adds	r3, #1
  78:	b29b      	uxth	r3, r3
  7a:	f417 7f80 	tst.w	r7, #256	; 0x100
  7e:	9305      	str	r3, [sp, #20]
  80:	f008 0301 	and.w	r3, r8, #1
  84:	d06a      	beq.n	15c <drawRadius+0x15c>
  86:	b1bb      	cbz	r3, b8 <drawRadius+0xb8>
  88:	1b31      	subs	r1, r6, r4
  8a:	fa0f fc85 	sxth.w	ip, r5
  8e:	b209      	sxth	r1, r1
  90:	4660      	mov	r0, ip
  92:	460b      	mov	r3, r1
  94:	fa0f f289 	sxth.w	r2, r9
  98:	f8cd c00c 	str.w	ip, [sp, #12]
  9c:	9700      	str	r7, [sp, #0]
  9e:	f7ff fffe 	bl	0 <drawRadius>
  a2:	9a04      	ldr	r2, [sp, #16]
  a4:	f8dd c00c 	ldr.w	ip, [sp, #12]
  a8:	b211      	sxth	r1, r2
  aa:	1b2a      	subs	r2, r5, r4
  ac:	4660      	mov	r0, ip
  ae:	b212      	sxth	r2, r2
  b0:	460b      	mov	r3, r1
  b2:	9700      	str	r7, [sp, #0]
  b4:	f7ff fffe 	bl	0 <drawRadius>
  b8:	f018 0f02 	tst.w	r8, #2
  bc:	d017      	beq.n	ee <drawRadius+0xee>
  be:	1b31      	subs	r1, r6, r4
  c0:	fa0f fc85 	sxth.w	ip, r5
  c4:	b209      	sxth	r1, r1
  c6:	4660      	mov	r0, ip
  c8:	460b      	mov	r3, r1
  ca:	fa0f f28b 	sxth.w	r2, fp
  ce:	f8cd c00c 	str.w	ip, [sp, #12]
  d2:	9700      	str	r7, [sp, #0]
  d4:	f7ff fffe 	bl	0 <drawRadius>
  d8:	9b04      	ldr	r3, [sp, #16]
  da:	f8dd c00c 	ldr.w	ip, [sp, #12]
  de:	b219      	sxth	r1, r3
  e0:	1962      	adds	r2, r4, r5
  e2:	4660      	mov	r0, ip
  e4:	b212      	sxth	r2, r2
  e6:	460b      	mov	r3, r1
  e8:	9700      	str	r7, [sp, #0]
  ea:	f7ff fffe 	bl	0 <drawRadius>
  ee:	f018 0f04 	tst.w	r8, #4
  f2:	d017      	beq.n	124 <drawRadius+0x124>
  f4:	19a1      	adds	r1, r4, r6
  f6:	fa0f fc85 	sxth.w	ip, r5
  fa:	b209      	sxth	r1, r1
  fc:	4660      	mov	r0, ip
  fe:	460b      	mov	r3, r1
 100:	fa0f f28b 	sxth.w	r2, fp
 104:	f8cd c00c 	str.w	ip, [sp, #12]
 108:	9700      	str	r7, [sp, #0]
 10a:	f7ff fffe 	bl	0 <drawRadius>
 10e:	f8dd c00c 	ldr.w	ip, [sp, #12]
 112:	fa0f f18a 	sxth.w	r1, sl
 116:	1962      	adds	r2, r4, r5
 118:	4660      	mov	r0, ip
 11a:	b212      	sxth	r2, r2
 11c:	460b      	mov	r3, r1
 11e:	9700      	str	r7, [sp, #0]
 120:	f7ff fffe 	bl	0 <drawRadius>
 124:	f018 0f08 	tst.w	r8, #8
 128:	d04a      	beq.n	1c0 <drawRadius+0x1c0>
 12a:	19a1      	adds	r1, r4, r6
 12c:	fa0f fc85 	sxth.w	ip, r5
 130:	b209      	sxth	r1, r1
 132:	4660      	mov	r0, ip
 134:	fa0f f289 	sxth.w	r2, r9
 138:	460b      	mov	r3, r1
 13a:	f8cd c00c 	str.w	ip, [sp, #12]
 13e:	9700      	str	r7, [sp, #0]
 140:	f7ff fffe 	bl	0 <drawRadius>
 144:	f8dd c00c 	ldr.w	ip, [sp, #12]
 148:	fa0f f18a 	sxth.w	r1, sl
 14c:	1b2a      	subs	r2, r5, r4
 14e:	4660      	mov	r0, ip
 150:	b212      	sxth	r2, r2
 152:	460b      	mov	r3, r1
 154:	9700      	str	r7, [sp, #0]
 156:	f7ff fffe 	bl	0 <drawRadius>
 15a:	e031      	b.n	1c0 <drawRadius+0x1c0>
 15c:	b14b      	cbz	r3, 172 <drawRadius+0x172>
 15e:	1b31      	subs	r1, r6, r4
 160:	4648      	mov	r0, r9
 162:	b289      	uxth	r1, r1
 164:	f7ff fffe 	bl	0 <lcdDrawPixel>
 168:	1b28      	subs	r0, r5, r4
 16a:	b280      	uxth	r0, r0
 16c:	9904      	ldr	r1, [sp, #16]
 16e:	f7ff fffe 	bl	0 <lcdDrawPixel>
 172:	f018 0f02 	tst.w	r8, #2
 176:	d009      	beq.n	18c <drawRadius+0x18c>
 178:	1b31      	subs	r1, r6, r4
 17a:	4658      	mov	r0, fp
 17c:	b289      	uxth	r1, r1
 17e:	f7ff fffe 	bl	0 <lcdDrawPixel>
 182:	1960      	adds	r0, r4, r5
 184:	b280      	uxth	r0, r0
 186:	9904      	ldr	r1, [sp, #16]
 188:	f7ff fffe 	bl	0 <lcdDrawPixel>
 18c:	f018 0f04 	tst.w	r8, #4
 190:	d009      	beq.n	1a6 <drawRadius+0x1a6>
 192:	19a1      	adds	r1, r4, r6
 194:	4658      	mov	r0, fp
 196:	b289      	uxth	r1, r1
 198:	f7ff fffe 	bl	0 <lcdDrawPixel>
 19c:	1960      	adds	r0, r4, r5
 19e:	b280      	uxth	r0, r0
 1a0:	4651      	mov	r1, sl
 1a2:	f7ff fffe 	bl	0 <lcdDrawPixel>
 1a6:	f018 0f08 	tst.w	r8, #8
 1aa:	d009      	beq.n	1c0 <drawRadius+0x1c0>
 1ac:	19a1      	adds	r1, r4, r6
 1ae:	4648      	mov	r0, r9
 1b0:	b289      	uxth	r1, r1
 1b2:	f7ff fffe 	bl	0 <lcdDrawPixel>
 1b6:	1b28      	subs	r0, r5, r4
 1b8:	b280      	uxth	r0, r0
 1ba:	4651      	mov	r1, sl
 1bc:	f7ff fffe 	bl	0 <lcdDrawPixel>
 1c0:	9904      	ldr	r1, [sp, #16]
 1c2:	f109 39ff 	add.w	r9, r9, #4294967295
 1c6:	1e4b      	subs	r3, r1, #1
 1c8:	f10a 0a01 	add.w	sl, sl, #1
 1cc:	f10b 0b01 	add.w	fp, fp, #1
 1d0:	b29b      	uxth	r3, r3
 1d2:	fa1f f989 	uxth.w	r9, r9
 1d6:	fa1f fa8a 	uxth.w	sl, sl
 1da:	fa1f fb8b 	uxth.w	fp, fp
 1de:	9304      	str	r3, [sp, #16]
 1e0:	9a06      	ldr	r2, [sp, #24]
 1e2:	42a2      	cmp	r2, r4
 1e4:	f4ff af31 	bcc.w	4a <drawRadius+0x4a>
 1e8:	b009      	add	sp, #36	; 0x24
 1ea:	e8bd 8ff0 	ldmia.w	sp!, {r4, r5, r6, r7, r8, r9, sl, fp, pc}

Disassembly of section .text.drawRect:

00000000 <drawRect>:
drawRect():
   0:	e92d 4ff0 	stmdb	sp!, {r4, r5, r6, r7, r8, r9, sl, fp, lr}
   4:	b087      	sub	sp, #28
   6:	9d10      	ldr	r5, [sp, #64]	; 0x40
   8:	4680      	mov	r8, r0
   a:	468a      	mov	sl, r1
   c:	4691      	mov	r9, r2
   e:	461e      	mov	r6, r3
  10:	f8bd 4044 	ldrh.w	r4, [sp, #68]	; 0x44
  14:	f7ff fffe 	bl	0 <drawRect>
  18:	f415 7f80 	tst.w	r5, #256	; 0x100
  1c:	d05d      	beq.n	da <drawRect+0xda>
  1e:	fa1f fc8a 	uxth.w	ip, sl
  22:	2c00      	cmp	r4, #0
  24:	d048      	beq.n	b8 <drawRect+0xb8>
  26:	f015 0fc0 	tst.w	r5, #192	; 0xc0
  2a:	d045      	beq.n	b8 <drawRect+0xb8>
  2c:	eb04 070c 	add.w	r7, r4, ip
  30:	b2bf      	uxth	r7, r7
  32:	46e3      	mov	fp, ip
  34:	e008      	b.n	48 <drawRect+0x48>
  36:	b239      	sxth	r1, r7
  38:	4640      	mov	r0, r8
  3a:	464a      	mov	r2, r9
  3c:	460b      	mov	r3, r1
  3e:	9500      	str	r5, [sp, #0]
  40:	f7ff fffe 	bl	0 <drawRect>
  44:	3701      	adds	r7, #1
  46:	b2bf      	uxth	r7, r7
  48:	1b33      	subs	r3, r6, r4
  4a:	42bb      	cmp	r3, r7
  4c:	daf3      	bge.n	36 <drawRect+0x36>
  4e:	46dc      	mov	ip, fp
  50:	2700      	movs	r7, #0
  52:	f8cd a014 	str.w	sl, [sp, #20]
  56:	46bb      	mov	fp, r7
  58:	46e2      	mov	sl, ip
  5a:	e028      	b.n	ae <drawRect+0xae>
  5c:	eb04 0208 	add.w	r2, r4, r8
  60:	ebc4 0309 	rsb	r3, r4, r9
  64:	18fb      	adds	r3, r7, r3
  66:	1bd2      	subs	r2, r2, r7
  68:	eb0b 010a 	add.w	r1, fp, sl
  6c:	fa0f fc83 	sxth.w	ip, r3
  70:	b212      	sxth	r2, r2
  72:	b209      	sxth	r1, r1
  74:	4610      	mov	r0, r2
  76:	460b      	mov	r3, r1
  78:	9204      	str	r2, [sp, #16]
  7a:	4662      	mov	r2, ip
  7c:	f8cd c00c 	str.w	ip, [sp, #12]
  80:	9500      	str	r5, [sp, #0]
  82:	f7ff fffe 	bl	0 <drawRect>
  86:	f8dd c00c 	ldr.w	ip, [sp, #12]
  8a:	ebcb 0106 	rsb	r1, fp, r6
  8e:	b209      	sxth	r1, r1
  90:	9804      	ldr	r0, [sp, #16]
  92:	4662      	mov	r2, ip
  94:	460b      	mov	r3, r1
  96:	9500      	str	r5, [sp, #0]
  98:	f7ff fffe 	bl	0 <drawRect>
  9c:	f015 0f80 	tst.w	r5, #128	; 0x80
  a0:	d001      	beq.n	a6 <drawRect+0xa6>
  a2:	3701      	adds	r7, #1
  a4:	b2bf      	uxth	r7, r7
  a6:	f10b 0b01 	add.w	fp, fp, #1
  aa:	fa1f fb8b 	uxth.w	fp, fp
  ae:	45a3      	cmp	fp, r4
  b0:	d3d4      	bcc.n	5c <drawRect+0x5c>
  b2:	f8dd a014 	ldr.w	sl, [sp, #20]
  b6:	e010      	b.n	da <drawRect+0xda>
  b8:	4667      	mov	r7, ip
  ba:	e00c      	b.n	d6 <drawRect+0xd6>
  bc:	b239      	sxth	r1, r7
  be:	f108 0001 	add.w	r0, r8, #1
  c2:	f109 32ff 	add.w	r2, r9, #4294967295
  c6:	b200      	sxth	r0, r0
  c8:	b212      	sxth	r2, r2
  ca:	460b      	mov	r3, r1
  cc:	9500      	str	r5, [sp, #0]
  ce:	f7ff fffe 	bl	0 <drawRect>
  d2:	3701      	adds	r7, #1
  d4:	b2bf      	uxth	r7, r7
  d6:	42b7      	cmp	r7, r6
  d8:	dbf0      	blt.n	bc <drawRect+0xbc>
  da:	f015 0f80 	tst.w	r5, #128	; 0x80
  de:	d02e      	beq.n	13e <drawRect+0x13e>
  e0:	ebc4 0709 	rsb	r7, r4, r9
  e4:	eb04 0c0a 	add.w	ip, r4, sl
  e8:	fa0f fc8c 	sxth.w	ip, ip
  ec:	b23f      	sxth	r7, r7
  ee:	4663      	mov	r3, ip
  f0:	4638      	mov	r0, r7
  f2:	4651      	mov	r1, sl
  f4:	464a      	mov	r2, r9
  f6:	ebc4 0b06 	rsb	fp, r4, r6
  fa:	f8cd c00c 	str.w	ip, [sp, #12]
  fe:	fa0f fb8b 	sxth.w	fp, fp
 102:	9500      	str	r5, [sp, #0]
 104:	f7ff fffe 	bl	0 <drawRect>
 108:	4638      	mov	r0, r7
 10a:	eb04 0708 	add.w	r7, r4, r8
 10e:	4631      	mov	r1, r6
 110:	464a      	mov	r2, r9
 112:	465b      	mov	r3, fp
 114:	b23f      	sxth	r7, r7
 116:	9500      	str	r5, [sp, #0]
 118:	f7ff fffe 	bl	0 <drawRect>
 11c:	4638      	mov	r0, r7
 11e:	4631      	mov	r1, r6
 120:	4642      	mov	r2, r8
 122:	465b      	mov	r3, fp
 124:	9500      	str	r5, [sp, #0]
 126:	f7ff fffe 	bl	0 <drawRect>
 12a:	f8dd c00c 	ldr.w	ip, [sp, #12]
 12e:	4640      	mov	r0, r8
 130:	4661      	mov	r1, ip
 132:	463a      	mov	r2, r7
 134:	4653      	mov	r3, sl
 136:	9500      	str	r5, [sp, #0]
 138:	f7ff fffe 	bl	0 <drawRect>
 13c:	e02f      	b.n	19e <drawRect+0x19e>
 13e:	f015 0f40 	tst.w	r5, #64	; 0x40
 142:	d02c      	beq.n	19e <drawRect+0x19e>
 144:	eb04 0b08 	add.w	fp, r4, r8
 148:	eb04 070a 	add.w	r7, r4, sl
 14c:	b2bf      	uxth	r7, r7
 14e:	fa1f fb8b 	uxth.w	fp, fp
 152:	4639      	mov	r1, r7
 154:	4658      	mov	r0, fp
 156:	2201      	movs	r2, #1
 158:	4623      	mov	r3, r4
 15a:	9500      	str	r5, [sp, #0]
 15c:	f7ff fffe 	bl	0 <drawRect>
 160:	ebc4 0c09 	rsb	ip, r4, r9
 164:	fa1f fc8c 	uxth.w	ip, ip
 168:	4639      	mov	r1, r7
 16a:	1b37      	subs	r7, r6, r4
 16c:	4660      	mov	r0, ip
 16e:	2202      	movs	r2, #2
 170:	4623      	mov	r3, r4
 172:	b2bf      	uxth	r7, r7
 174:	f8cd c00c 	str.w	ip, [sp, #12]
 178:	9500      	str	r5, [sp, #0]
 17a:	f7ff fffe 	bl	0 <drawRect>
 17e:	4658      	mov	r0, fp
 180:	4639      	mov	r1, r7
 182:	2208      	movs	r2, #8
 184:	4623      	mov	r3, r4
 186:	9500      	str	r5, [sp, #0]
 188:	f7ff fffe 	bl	0 <drawRect>
 18c:	f8dd c00c 	ldr.w	ip, [sp, #12]
 190:	4639      	mov	r1, r7
 192:	4660      	mov	r0, ip
 194:	2204      	movs	r2, #4
 196:	4623      	mov	r3, r4
 198:	9500      	str	r5, [sp, #0]
 19a:	f7ff fffe 	bl	0 <drawRect>
 19e:	eb04 0b08 	add.w	fp, r4, r8
 1a2:	ebc4 0709 	rsb	r7, r4, r9
 1a6:	fa0f fb8b 	sxth.w	fp, fp
 1aa:	b23f      	sxth	r7, r7
 1ac:	4658      	mov	r0, fp
 1ae:	4651      	mov	r1, sl
 1b0:	463a      	mov	r2, r7
 1b2:	4653      	mov	r3, sl
 1b4:	44a2      	add	sl, r4
 1b6:	1b34      	subs	r4, r6, r4
 1b8:	fa0f fa8a 	sxth.w	sl, sl
 1bc:	b224      	sxth	r4, r4
 1be:	9500      	str	r5, [sp, #0]
 1c0:	f7ff fffe 	bl	0 <drawRect>
 1c4:	4658      	mov	r0, fp
 1c6:	4631      	mov	r1, r6
 1c8:	463a      	mov	r2, r7
 1ca:	4633      	mov	r3, r6
 1cc:	9500      	str	r5, [sp, #0]
 1ce:	f7ff fffe 	bl	0 <drawRect>
 1d2:	4640      	mov	r0, r8
 1d4:	4651      	mov	r1, sl
 1d6:	4642      	mov	r2, r8
 1d8:	4623      	mov	r3, r4
 1da:	9500      	str	r5, [sp, #0]
 1dc:	f7ff fffe 	bl	0 <drawRect>
 1e0:	4648      	mov	r0, r9
 1e2:	4651      	mov	r1, sl
 1e4:	464a      	mov	r2, r9
 1e6:	4623      	mov	r3, r4
 1e8:	9510      	str	r5, [sp, #64]	; 0x40
 1ea:	b007      	add	sp, #28
 1ec:	e8bd 4ff0 	ldmia.w	sp!, {r4, r5, r6, r7, r8, r9, sl, fp, lr}
 1f0:	f7ff bffe 	b.w	0 <drawRect>

Disassembly of section .text.drawWidget:

00000000 <drawWidget>:
drawWidget():
   0:	68c3      	ldr	r3, [r0, #12]
   2:	e92d 43f7 	stmdb	sp!, {r0, r1, r2, r4, r5, r6, r7, r8, r9, lr}
   6:	f013 0f01 	tst.w	r3, #1
   a:	4604      	mov	r4, r0
   c:	d102      	bne.n	14 <drawWidget+0x14>
   e:	2001      	movs	r0, #1
  10:	4980      	ldr	r1, [pc, #512]	; (214 <drawWidget+0x214>)
  12:	e222      	b.n	45a <drawWidget+0x45a>
  14:	2001      	movs	r0, #1
  16:	4980      	ldr	r1, [pc, #512]	; (218 <drawWidget+0x218>)
  18:	6962      	ldr	r2, [r4, #20]
  1a:	f7ff fffe 	bl	0 <print>
  1e:	68e3      	ldr	r3, [r4, #12]
  20:	4d7e      	ldr	r5, [pc, #504]	; (21c <drawWidget+0x21c>)
  22:	f413 6f80 	tst.w	r3, #1024	; 0x400
  26:	f895 6028 	ldrb.w	r6, [r5, #40]	; 0x28
  2a:	d00c      	beq.n	46 <drawWidget+0x46>
  2c:	682b      	ldr	r3, [r5, #0]
  2e:	7898      	ldrb	r0, [r3, #2]
  30:	7859      	ldrb	r1, [r3, #1]
  32:	781a      	ldrb	r2, [r3, #0]
  34:	f7ff fffe 	bl	0 <drawWidget>
  38:	682b      	ldr	r3, [r5, #0]
  3a:	7998      	ldrb	r0, [r3, #6]
  3c:	7959      	ldrb	r1, [r3, #5]
  3e:	791a      	ldrb	r2, [r3, #4]
  40:	f7ff fffe 	bl	0 <drawWidget>
  44:	e00b      	b.n	5e <drawWidget+0x5e>
  46:	682b      	ldr	r3, [r5, #0]
  48:	7898      	ldrb	r0, [r3, #2]
  4a:	7859      	ldrb	r1, [r3, #1]
  4c:	781a      	ldrb	r2, [r3, #0]
  4e:	f7ff fffe 	bl	0 <drawWidget>
  52:	682b      	ldr	r3, [r5, #0]
  54:	7998      	ldrb	r0, [r3, #6]
  56:	7959      	ldrb	r1, [r3, #5]
  58:	791a      	ldrb	r2, [r3, #4]
  5a:	f7ff fffe 	bl	0 <drawWidget>
  5e:	68e3      	ldr	r3, [r4, #12]
  60:	f013 0f10 	tst.w	r3, #16
  64:	d012      	beq.n	28 <drawWidget+0x28>
  66:	f7ff fffe 	bl	0 <drawWidget>
  6a:	88a0      	ldrh	r0, [r4, #4]
  6c:	88e1      	ldrh	r1, [r4, #6]
  6e:	8922      	ldrh	r2, [r4, #8]
  70:	8963      	ldrh	r3, [r4, #10]
  72:	68e7      	ldr	r7, [r4, #12]
  74:	1882      	adds	r2, r0, r2
  76:	18cb      	adds	r3, r1, r3
  78:	f427 7780 	bic.w	r7, r7, #256	; 0x100
  7c:	b200      	sxth	r0, r0
  7e:	b209      	sxth	r1, r1
  80:	b212      	sxth	r2, r2
  82:	b21b      	sxth	r3, r3
  84:	9700      	str	r7, [sp, #0]
  86:	9601      	str	r6, [sp, #4]
  88:	f7ff fffe 	bl	0 <drawWidget>
  8c:	7c23      	ldrb	r3, [r4, #16]
  8e:	1f1a      	subs	r2, r3, #4
  90:	b2d2      	uxtb	r2, r2
  92:	2a01      	cmp	r2, #1
  94:	d83f      	bhi.n	116 <drawWidget+0x116>
  96:	68e3      	ldr	r3, [r4, #12]
  98:	f413 7f80 	tst.w	r3, #256	; 0x100
  9c:	d014      	beq.n	2c <drawWidget+0x2c>
  9e:	f7ff fffe 	bl	0 <drawWidget>
  a2:	88a2      	ldrh	r2, [r4, #4]
  a4:	8927      	ldrh	r7, [r4, #8]
  a6:	88e3      	ldrh	r3, [r4, #6]
  a8:	1c50      	adds	r0, r2, #1
  aa:	19d2      	adds	r2, r2, r7
  ac:	8967      	ldrh	r7, [r4, #10]
  ae:	1c59      	adds	r1, r3, #1
  b0:	19db      	adds	r3, r3, r7
  b2:	3a01      	subs	r2, #1
  b4:	3b01      	subs	r3, #1
  b6:	68e7      	ldr	r7, [r4, #12]
  b8:	b200      	sxth	r0, r0
  ba:	b209      	sxth	r1, r1
  bc:	b212      	sxth	r2, r2
  be:	b21b      	sxth	r3, r3
  c0:	9700      	str	r7, [sp, #0]
  c2:	9601      	str	r6, [sp, #4]
  c4:	f7ff fffe 	bl	0 <drawWidget>
  c8:	68e3      	ldr	r3, [r4, #12]
  ca:	f413 3f80 	tst.w	r3, #65536	; 0x10000
  ce:	f000 8194 	beq.w	3fa <drawWidget+0x3fa>
  d2:	682b      	ldr	r3, [r5, #0]
  d4:	6960      	ldr	r0, [r4, #20]
  d6:	89de      	ldrh	r6, [r3, #14]
  d8:	f8b4 900a 	ldrh.w	r9, [r4, #10]
  dc:	8927      	ldrh	r7, [r4, #8]
  de:	f7ff fffe 	bl	0 <len>
  e2:	ebc6 0909 	rsb	r9, r6, r9
  e6:	f1c6 0607 	rsb	r6, r6, #7
  ea:	fb06 7600 	mla	r6, r6, r0, r7
  ee:	eb06 76d6 	add.w	r6, r6, r6, lsr #31
  f2:	ea4f 0866 	mov.w	r8, r6, asr #1
  f6:	f108 0802 	add.w	r8, r8, #2
  fa:	fa1f f888 	uxth.w	r8, r8
  fe:	eb09 79d9 	add.w	r9, r9, r9, lsr #31
 102:	ea4f 0969 	mov.w	r9, r9, asr #1
 106:	2001      	movs	r0, #1
 108:	4945      	ldr	r1, [pc, #276]	; (220 <drawWidget+0x220>)
 10a:	4642      	mov	r2, r8
 10c:	fa1f f989 	uxth.w	r9, r9
 110:	f7ff fffe 	bl	0 <print>
 114:	e171      	b.n	3fa <drawWidget+0x3fa>
 116:	2b07      	cmp	r3, #7
 118:	d157      	bne.n	1ca <drawWidget+0x1ca>
 11a:	f7ff fffe 	bl	0 <drawWidget>
 11e:	88a0      	ldrh	r0, [r4, #4]
 120:	88e1      	ldrh	r1, [r4, #6]
 122:	8963      	ldrh	r3, [r4, #10]
 124:	68e7      	ldr	r7, [r4, #12]
 126:	181a      	adds	r2, r3, r0
 128:	185b      	adds	r3, r3, r1
 12a:	b21b      	sxth	r3, r3
 12c:	b200      	sxth	r0, r0
 12e:	b209      	sxth	r1, r1
 130:	b212      	sxth	r2, r2
 132:	9700      	str	r7, [sp, #0]
 134:	9601      	str	r6, [sp, #4]
 136:	f7ff fffe 	bl	0 <drawWidget>
 13a:	6823      	ldr	r3, [r4, #0]
 13c:	b313      	cbz	r3, 184 <drawWidget+0x184>
 13e:	88e6      	ldrh	r6, [r4, #6]
 140:	8963      	ldrh	r3, [r4, #10]
 142:	88a2      	ldrh	r2, [r4, #4]
 144:	085f      	lsrs	r7, r3, #1
 146:	18f3      	adds	r3, r6, r3
 148:	1c50      	adds	r0, r2, #1
 14a:	19b9      	adds	r1, r7, r6
 14c:	18ba      	adds	r2, r7, r2
 14e:	68e6      	ldr	r6, [r4, #12]
 150:	3b01      	subs	r3, #1
 152:	b200      	sxth	r0, r0
 154:	b209      	sxth	r1, r1
 156:	b212      	sxth	r2, r2
 158:	b21b      	sxth	r3, r3
 15a:	9600      	str	r6, [sp, #0]
 15c:	f7ff fffe 	bl	0 <drawWidget>
 160:	88a6      	ldrh	r6, [r4, #4]
 162:	8962      	ldrh	r2, [r4, #10]
 164:	88e3      	ldrh	r3, [r4, #6]
 166:	eb06 0052 	add.w	r0, r6, r2, lsr #1
 16a:	18d1      	adds	r1, r2, r3
 16c:	18b2      	adds	r2, r6, r2
 16e:	3901      	subs	r1, #1
 170:	3a01      	subs	r2, #1
 172:	3b01      	subs	r3, #1
 174:	68e6      	ldr	r6, [r4, #12]
 176:	b200      	sxth	r0, r0
 178:	b209      	sxth	r1, r1
 17a:	b212      	sxth	r2, r2
 17c:	b21b      	sxth	r3, r3
 17e:	9600      	str	r6, [sp, #0]
 180:	f7ff fffe 	bl	0 <drawWidget>
 184:	682b      	ldr	r3, [r5, #0]
 186:	8962      	ldrh	r2, [r4, #10]
 188:	f8b3 900e 	ldrh.w	r9, [r3, #14]
 18c:	2001      	movs	r0, #1
 18e:	ebc9 0902 	rsb	r9, r9, r2
 192:	4924      	ldr	r1, [pc, #144]	; (224 <drawWidget+0x224>)
 194:	eb09 79d9 	add.w	r9, r9, r9, lsr #31
 198:	f102 0802 	add.w	r8, r2, #2
 19c:	ea4f 0969 	mov.w	r9, r9, asr #1
 1a0:	f7ff fffe 	bl	0 <print>
 1a4:	682b      	ldr	r3, [r5, #0]
 1a6:	f109 0902 	add.w	r9, r9, #2
 1aa:	2001      	movs	r0, #1
 1ac:	89da      	ldrh	r2, [r3, #14]
 1ae:	fa1f f888 	uxth.w	r8, r8
 1b2:	fa1f f989 	uxth.w	r9, r9
 1b6:	491c      	ldr	r1, [pc, #112]	; (74 <print+0x74>)
 1b8:	f7ff fffe 	bl	0 <print>
 1bc:	2001      	movs	r0, #1
 1be:	491b      	ldr	r1, [pc, #108]	; (22c <drawWidget+0x22c>)
 1c0:	4642      	mov	r2, r8
 1c2:	464b      	mov	r3, r9
 1c4:	f7ff fffe 	bl	0 <print>
 1c8:	e117      	b.n	3fa <drawWidget+0x3fa>
 1ca:	2b0b      	cmp	r3, #11
 1cc:	d130      	bne.n	230 <drawWidget+0x230>
 1ce:	f7ff fffe 	bl	0 <drawWidget>
 1d2:	88a0      	ldrh	r0, [r4, #4]
 1d4:	88e1      	ldrh	r1, [r4, #6]
 1d6:	8963      	ldrh	r3, [r4, #10]
 1d8:	68e7      	ldr	r7, [r4, #12]
 1da:	181a      	adds	r2, r3, r0
 1dc:	185b      	adds	r3, r3, r1
 1de:	b200      	sxth	r0, r0
 1e0:	b209      	sxth	r1, r1
 1e2:	b212      	sxth	r2, r2
 1e4:	b21b      	sxth	r3, r3
 1e6:	9700      	str	r7, [sp, #0]
 1e8:	9601      	str	r6, [sp, #4]
 1ea:	f7ff fffe 	bl	0 <drawWidget>
 1ee:	8921      	ldrh	r1, [r4, #8]
 1f0:	88a2      	ldrh	r2, [r4, #4]
 1f2:	8963      	ldrh	r3, [r4, #10]
 1f4:	188a      	adds	r2, r1, r2
 1f6:	88e1      	ldrh	r1, [r4, #6]
 1f8:	b292      	uxth	r2, r2
 1fa:	1ad0      	subs	r0, r2, r3
 1fc:	68e7      	ldr	r7, [r4, #12]
 1fe:	18cb      	adds	r3, r1, r3
 200:	b200      	sxth	r0, r0
 202:	b209      	sxth	r1, r1
 204:	b212      	sxth	r2, r2
 206:	b21b      	sxth	r3, r3
 208:	9700      	str	r7, [sp, #0]
 20a:	9601      	str	r6, [sp, #4]
 20c:	f7ff fffe 	bl	0 <drawWidget>
 210:	e0f3      	b.n	3fa <drawWidget+0x3fa>
 212:	bf00      	nop
 214:	00000152 	.word	0x00000152
 218:	00000166 	.word	0x00000166
 21c:	00000000 	.word	0x00000000
 220:	00000172 	.word	0x00000172
 224:	0000017b 	.word	0x0000017b
 228:	0000018e 	.word	0x0000018e
 22c:	0000019f 	.word	0x0000019f
 230:	2b0c      	cmp	r3, #12
 232:	f040 80e2 	bne.w	3fa <drawWidget+0x3fa>
 236:	f7ff fffe 	bl	0 <drawWidget>
 23a:	88a0      	ldrh	r0, [r4, #4]
 23c:	88e1      	ldrh	r1, [r4, #6]
 23e:	8963      	ldrh	r3, [r4, #10]
 240:	68e7      	ldr	r7, [r4, #12]
 242:	181a      	adds	r2, r3, r0
 244:	185b      	adds	r3, r3, r1
 246:	b200      	sxth	r0, r0
 248:	b209      	sxth	r1, r1
 24a:	b212      	sxth	r2, r2
 24c:	b21b      	sxth	r3, r3
 24e:	9700      	str	r7, [sp, #0]
 250:	9601      	str	r6, [sp, #4]
 252:	f7ff fffe 	bl	0 <drawWidget>
 256:	8921      	ldrh	r1, [r4, #8]
 258:	88a2      	ldrh	r2, [r4, #4]
 25a:	8963      	ldrh	r3, [r4, #10]
 25c:	188a      	adds	r2, r1, r2
 25e:	88e1      	ldrh	r1, [r4, #6]
 260:	b292      	uxth	r2, r2
 262:	1ad0      	subs	r0, r2, r3
 264:	68e7      	ldr	r7, [r4, #12]
 266:	18cb      	adds	r3, r1, r3
 268:	b200      	sxth	r0, r0
 26a:	b209      	sxth	r1, r1
 26c:	b212      	sxth	r2, r2
 26e:	b21b      	sxth	r3, r3
 270:	9700      	str	r7, [sp, #0]
 272:	9601      	str	r6, [sp, #4]
 274:	f7ff fffe 	bl	0 <drawWidget>
 278:	f8b4 e006 	ldrh.w	lr, [r4, #6]
 27c:	8963      	ldrh	r3, [r4, #10]
 27e:	88a2      	ldrh	r2, [r4, #4]
 280:	0877      	lsrs	r7, r6, #1
 282:	eb0e 0153 	add.w	r1, lr, r3, lsr #1
 286:	1c90      	adds	r0, r2, #2
 288:	18d2      	adds	r2, r2, r3
 28a:	4473      	add	r3, lr
 28c:	1bdb      	subs	r3, r3, r7
 28e:	f8d4 e00c 	ldr.w	lr, [r4, #12]
 292:	3a04      	subs	r2, #4
 294:	b200      	sxth	r0, r0
 296:	b209      	sxth	r1, r1
 298:	b212      	sxth	r2, r2
 29a:	b21b      	sxth	r3, r3
 29c:	f8cd e000 	str.w	lr, [sp]
 2a0:	f7ff fffe 	bl	0 <drawWidget>
 2a4:	f8b4 e004 	ldrh.w	lr, [r4, #4]
 2a8:	88e3      	ldrh	r3, [r4, #6]
 2aa:	8962      	ldrh	r2, [r4, #10]
 2ac:	f10e 0002 	add.w	r0, lr, #2
 2b0:	eb03 0152 	add.w	r1, r3, r2, lsr #1
 2b4:	4472      	add	r2, lr
 2b6:	18fb      	adds	r3, r7, r3
 2b8:	f8d4 e00c 	ldr.w	lr, [r4, #12]
 2bc:	3a04      	subs	r2, #4
 2be:	b200      	sxth	r0, r0
 2c0:	b209      	sxth	r1, r1
 2c2:	b212      	sxth	r2, r2
 2c4:	b21b      	sxth	r3, r3
 2c6:	f8cd e000 	str.w	lr, [sp]
 2ca:	f7ff fffe 	bl	0 <drawWidget>
 2ce:	8961      	ldrh	r1, [r4, #10]
 2d0:	88a0      	ldrh	r0, [r4, #4]
 2d2:	88e3      	ldrh	r3, [r4, #6]
 2d4:	1808      	adds	r0, r1, r0
 2d6:	68e2      	ldr	r2, [r4, #12]
 2d8:	18c9      	adds	r1, r1, r3
 2da:	3804      	subs	r0, #4
 2dc:	b200      	sxth	r0, r0
 2de:	1bc9      	subs	r1, r1, r7
 2e0:	18fb      	adds	r3, r7, r3
 2e2:	9200      	str	r2, [sp, #0]
 2e4:	b209      	sxth	r1, r1
 2e6:	4602      	mov	r2, r0
 2e8:	b21b      	sxth	r3, r3
 2ea:	f7ff fffe 	bl	0 <drawWidget>
 2ee:	88a3      	ldrh	r3, [r4, #4]
 2f0:	8922      	ldrh	r2, [r4, #8]
 2f2:	f8b4 e006 	ldrh.w	lr, [r4, #6]
 2f6:	18d2      	adds	r2, r2, r3
 2f8:	8963      	ldrh	r3, [r4, #10]
 2fa:	b292      	uxth	r2, r2
 2fc:	eb0e 0153 	add.w	r1, lr, r3, lsr #1
 300:	1f10      	subs	r0, r2, #4
 302:	1ad2      	subs	r2, r2, r3
 304:	4473      	add	r3, lr
 306:	1bdb      	subs	r3, r3, r7
 308:	f8d4 e00c 	ldr.w	lr, [r4, #12]
 30c:	3204      	adds	r2, #4
 30e:	b200      	sxth	r0, r0
 310:	b209      	sxth	r1, r1
 312:	b212      	sxth	r2, r2
 314:	b21b      	sxth	r3, r3
 316:	f8cd e000 	str.w	lr, [sp]
 31a:	f7ff fffe 	bl	0 <drawWidget>
 31e:	88a3      	ldrh	r3, [r4, #4]
 320:	8922      	ldrh	r2, [r4, #8]
 322:	f8b4 e00a 	ldrh.w	lr, [r4, #10]
 326:	18d2      	adds	r2, r2, r3
 328:	b292      	uxth	r2, r2
 32a:	88e3      	ldrh	r3, [r4, #6]
 32c:	1f10      	subs	r0, r2, #4
 32e:	ebce 0202 	rsb	r2, lr, r2
 332:	eb03 015e 	add.w	r1, r3, lr, lsr #1
 336:	3204      	adds	r2, #4
 338:	f8d4 e00c 	ldr.w	lr, [r4, #12]
 33c:	18fb      	adds	r3, r7, r3
 33e:	b200      	sxth	r0, r0
 340:	b209      	sxth	r1, r1
 342:	b212      	sxth	r2, r2
 344:	b21b      	sxth	r3, r3
 346:	f8cd e000 	str.w	lr, [sp]
 34a:	f7ff fffe 	bl	0 <drawWidget>
 34e:	8922      	ldrh	r2, [r4, #8]
 350:	88a0      	ldrh	r0, [r4, #4]
 352:	88e3      	ldrh	r3, [r4, #6]
 354:	8961      	ldrh	r1, [r4, #10]
 356:	1880      	adds	r0, r0, r2
 358:	3004      	adds	r0, #4
 35a:	1a40      	subs	r0, r0, r1
 35c:	18c9      	adds	r1, r1, r3
 35e:	1bc9      	subs	r1, r1, r7
 360:	18ff      	adds	r7, r7, r3
 362:	68e3      	ldr	r3, [r4, #12]
 364:	b200      	sxth	r0, r0
 366:	9300      	str	r3, [sp, #0]
 368:	b209      	sxth	r1, r1
 36a:	b23b      	sxth	r3, r7
 36c:	4602      	mov	r2, r0
 36e:	f7ff fffe 	bl	0 <drawWidget>
 372:	6823      	ldr	r3, [r4, #0]
 374:	b133      	cbz	r3, 384 <drawWidget+0x384>
 376:	8927      	ldrh	r7, [r4, #8]
 378:	2264      	movs	r2, #100	; 0x64
 37a:	fbb2 f3f3 	udiv	r3, r2, r3
 37e:	fbb7 f7f3 	udiv	r7, r7, r3
 382:	e000      	b.n	386 <drawWidget+0x386>
 384:	8967      	ldrh	r7, [r4, #10]
 386:	8963      	ldrh	r3, [r4, #10]
 388:	88e1      	ldrh	r1, [r4, #6]
 38a:	085a      	lsrs	r2, r3, #1
 38c:	f8d4 e00c 	ldr.w	lr, [r4, #12]
 390:	1ab8      	subs	r0, r7, r2
 392:	18cb      	adds	r3, r1, r3
 394:	18ba      	adds	r2, r7, r2
 396:	b200      	sxth	r0, r0
 398:	b209      	sxth	r1, r1
 39a:	b212      	sxth	r2, r2
 39c:	b21b      	sxth	r3, r3
 39e:	f8cd e000 	str.w	lr, [sp]
 3a2:	9601      	str	r6, [sp, #4]
 3a4:	f7ff fffe 	bl	0 <drawWidget>
 3a8:	88e3      	ldrh	r3, [r4, #6]
 3aa:	8962      	ldrh	r2, [r4, #10]
 3ac:	1d19      	adds	r1, r3, #4
 3ae:	189b      	adds	r3, r3, r2
 3b0:	68e2      	ldr	r2, [r4, #12]
 3b2:	b238      	sxth	r0, r7
 3b4:	3b04      	subs	r3, #4
 3b6:	9200      	str	r2, [sp, #0]
 3b8:	b209      	sxth	r1, r1
 3ba:	4602      	mov	r2, r0
 3bc:	b21b      	sxth	r3, r3
 3be:	f7ff fffe 	bl	0 <drawWidget>
 3c2:	88e3      	ldrh	r3, [r4, #6]
 3c4:	8962      	ldrh	r2, [r4, #10]
 3c6:	1f38      	subs	r0, r7, #4
 3c8:	1d99      	adds	r1, r3, #6
 3ca:	189b      	adds	r3, r3, r2
 3cc:	68e2      	ldr	r2, [r4, #12]
 3ce:	b200      	sxth	r0, r0
 3d0:	3b06      	subs	r3, #6
 3d2:	9200      	str	r2, [sp, #0]
 3d4:	b209      	sxth	r1, r1
 3d6:	4602      	mov	r2, r0
 3d8:	b21b      	sxth	r3, r3
 3da:	f7ff fffe 	bl	0 <drawWidget>
 3de:	88e3      	ldrh	r3, [r4, #6]
 3e0:	8962      	ldrh	r2, [r4, #10]
 3e2:	1d99      	adds	r1, r3, #6
 3e4:	3704      	adds	r7, #4
 3e6:	189b      	adds	r3, r3, r2
 3e8:	68e2      	ldr	r2, [r4, #12]
 3ea:	b238      	sxth	r0, r7
 3ec:	3b06      	subs	r3, #6
 3ee:	9200      	str	r2, [sp, #0]
 3f0:	b209      	sxth	r1, r1
 3f2:	4602      	mov	r2, r0
 3f4:	b21b      	sxth	r3, r3
 3f6:	f7ff fffe 	bl	0 <drawWidget>
 3fa:	68e3      	ldr	r3, [r4, #12]
 3fc:	f413 1f80 	tst.w	r3, #1048576	; 0x100000
 400:	d03c      	beq.n	47c <drawWidget+0x47c>
 402:	6963      	ldr	r3, [r4, #20]
 404:	2b00      	cmp	r3, #0
 406:	d02d      	beq.n	464 <drawWidget+0x464>
 408:	88a3      	ldrh	r3, [r4, #4]
 40a:	4498      	add	r8, r3
 40c:	88e3      	ldrh	r3, [r4, #6]
 40e:	fa1f f088 	uxth.w	r0, r8
 412:	4499      	add	r9, r3
 414:	fa1f f189 	uxth.w	r1, r9
 418:	f7ff fffe 	bl	0 <drawWidget>
 41c:	68e3      	ldr	r3, [r4, #12]
 41e:	f413 6f80 	tst.w	r3, #1024	; 0x400
 422:	d10c      	bne.n	43e <drawWidget+0x43e>
 424:	682b      	ldr	r3, [r5, #0]
 426:	7898      	ldrb	r0, [r3, #2]
 428:	7859      	ldrb	r1, [r3, #1]
 42a:	781a      	ldrb	r2, [r3, #0]
 42c:	f7ff fffe 	bl	0 <drawWidget>
 430:	682b      	ldr	r3, [r5, #0]
 432:	7998      	ldrb	r0, [r3, #6]
 434:	7959      	ldrb	r1, [r3, #5]
 436:	791a      	ldrb	r2, [r3, #4]
 438:	f7ff fffe 	bl	0 <drawWidget>
 43c:	e00b      	b.n	456 <drawWidget+0x456>
 43e:	682b      	ldr	r3, [r5, #0]
 440:	7898      	ldrb	r0, [r3, #2]
 442:	7859      	ldrb	r1, [r3, #1]
 444:	781a      	ldrb	r2, [r3, #0]
 446:	f7ff fffe 	bl	0 <drawWidget>
 44a:	682b      	ldr	r3, [r5, #0]
 44c:	7998      	ldrb	r0, [r3, #6]
 44e:	7959      	ldrb	r1, [r3, #5]
 450:	791a      	ldrb	r2, [r3, #4]
 452:	f7ff fffe 	bl	0 <drawWidget>
 456:	6961      	ldr	r1, [r4, #20]
 458:	2003      	movs	r0, #3
 45a:	b003      	add	sp, #12
 45c:	e8bd 43f0 	ldmia.w	sp!, {r4, r5, r6, r7, r8, r9, lr}
 460:	f7ff bffe 	b.w	0 <print>
 464:	88a0      	ldrh	r0, [r4, #4]
 466:	88e1      	ldrh	r1, [r4, #6]
 468:	f7ff fffe 	bl	0 <drawWidget>
 46c:	4905      	ldr	r1, [pc, #20]	; (484 <drawWidget+0x484>)
 46e:	6822      	ldr	r2, [r4, #0]
 470:	2003      	movs	r0, #3
 472:	b003      	add	sp, #12
 474:	e8bd 43f0 	ldmia.w	sp!, {r4, r5, r6, r7, r8, r9, lr}
 478:	f7ff bffe 	b.w	0 <print>
 47c:	b003      	add	sp, #12
 47e:	e8bd 83f0 	ldmia.w	sp!, {r4, r5, r6, r7, r8, r9, pc}
 482:	bf00      	nop
 484:	000001b0 	.word	0x000001b0

Disassembly of section .text.drawForms:

00000000 <drawForms>:
drawForms():
   0:	2400b5f8 	.word	0x2400b5f8
   4:	e022      	b.n	4c <drawForms+0x4c>
   6:	4d14      	ldr	r5, [pc, #80]	; (58 <drawForms+0x58>)
   8:	0166      	lsls	r6, r4, #5
   a:	682b      	ldr	r3, [r5, #0]
   c:	2700      	movs	r7, #0
   e:	199b      	adds	r3, r3, r6
  10:	8a18      	ldrh	r0, [r3, #16]
  12:	8a59      	ldrh	r1, [r3, #18]
  14:	8a9a      	ldrh	r2, [r3, #20]
  16:	8adb      	ldrh	r3, [r3, #22]
  18:	1882      	adds	r2, r0, r2
  1a:	18cb      	adds	r3, r1, r3
  1c:	b292      	uxth	r2, r2
  1e:	b29b      	uxth	r3, r3
  20:	f7ff fffe 	bl	0 <drawForms>
  24:	e00b      	b.n	3e <drawForms+0x3e>
  26:	4a0d      	ldr	r2, [pc, #52]	; (5c <drawForms+0x5c>)
  28:	69db      	ldr	r3, [r3, #28]
  2a:	f64a 21aa 	movw	r1, #43690	; 0xaaaa
  2e:	201c      	movs	r0, #28
  30:	fb00 3007 	mla	r0, r0, r7, r3
  34:	6011      	str	r1, [r2, #0]
  36:	f7ff fffe 	bl	0 <drawForms>
  3a:	3701      	adds	r7, #1
  3c:	b2bf      	uxth	r7, r7
  3e:	682b      	ldr	r3, [r5, #0]
  40:	199b      	adds	r3, r3, r6
  42:	8b1a      	ldrh	r2, [r3, #24]
  44:	42ba      	cmp	r2, r7
  46:	d8ee      	bhi.n	26 <drawForms+0x26>
  48:	3401      	adds	r4, #1
  4a:	b2a4      	uxth	r4, r4
  4c:	4b04      	ldr	r3, [pc, #16]	; (60 <drawForms+0x60>)
  4e:	795b      	ldrb	r3, [r3, #5]
  50:	42a3      	cmp	r3, r4
  52:	d8d8      	bhi.n	6 <drawForms+0x6>
  54:	bdf8      	pop	{r3, r4, r5, r6, r7, pc}
  56:	bf00      	nop
  58:	00000000 	.word	0x00000000
  5c:	40003000 	.word	0x40003000
  60:	00000000 	.word	0x00000000

Disassembly of section .text.drawCircle:

00000000 <drawCircle>:
drawCircle():
   0:	b513      	push	{r0, r1, r4, lr}
   2:	4614      	mov	r4, r2
   4:	9300      	str	r3, [sp, #0]
   6:	220f      	movs	r2, #15
   8:	4623      	mov	r3, r4
   a:	f7ff fffe 	bl	0 <drawCircle>
   e:	bd1c      	pop	{r2, r3, r4, pc}

Disassembly of section .text.drawSine:

00000000 <drawSine>:
drawSine():
   0:	4770      	bx	lr
