Archive member included because of file (symbol)

C:\Program Files (x86)\Raisonance\Ride\Lib\ARM\STM32x_io_putchar_thumb.a(STM32F10X_io_putchar.o)
                              (__io_putchar)
C:\Program Files (x86)\Raisonance\Ride\Lib\ARM\std_sbrk_thumb.lib(write.o)
                              (_write)
c:/program files (x86)/raisonance/ride/arm-gcc/bin/../lib/gcc/arm-none-eabi/4.5.1/../../../../arm-none-eabi/lib/thumb2\libc.a(lib_a-malloc.o)
                              C:\Users\MightyDubster\Documents\Projects\pygmyos.code\gsm\pygmy_sys.o (malloc)
c:/program files (x86)/raisonance/ride/arm-gcc/bin/../lib/gcc/arm-none-eabi/4.5.1/../../../../arm-none-eabi/lib/thumb2\libc.a(lib_a-mallocr.o)
                              c:/program files (x86)/raisonance/ride/arm-gcc/bin/../lib/gcc/arm-none-eabi/4.5.1/../../../../arm-none-eabi/lib/thumb2\libc.a(lib_a-malloc.o) (_malloc_r)
c:/program files (x86)/raisonance/ride/arm-gcc/bin/../lib/gcc/arm-none-eabi/4.5.1/../../../../arm-none-eabi/lib/thumb2\libc.a(lib_a-mlock.o)
                              c:/program files (x86)/raisonance/ride/arm-gcc/bin/../lib/gcc/arm-none-eabi/4.5.1/../../../../arm-none-eabi/lib/thumb2\libc.a(lib_a-mallocr.o) (__malloc_lock)
c:/program files (x86)/raisonance/ride/arm-gcc/bin/../lib/gcc/arm-none-eabi/4.5.1/../../../../arm-none-eabi/lib/thumb2\libc.a(lib_a-realloc.o)
                              C:\Users\MightyDubster\Documents\Projects\pygmyos.code\gsm\pygmy_sys.o (realloc)
c:/program files (x86)/raisonance/ride/arm-gcc/bin/../lib/gcc/arm-none-eabi/4.5.1/../../../../arm-none-eabi/lib/thumb2\libc.a(lib_a-reallocr.o)
                              c:/program files (x86)/raisonance/ride/arm-gcc/bin/../lib/gcc/arm-none-eabi/4.5.1/../../../../arm-none-eabi/lib/thumb2\libc.a(lib_a-realloc.o) (_realloc_r)
c:/program files (x86)/raisonance/ride/arm-gcc/bin/../lib/gcc/arm-none-eabi/4.5.1/../../../../arm-none-eabi/lib/thumb2\libc.a(lib_a-s_modf.o)
                              C:\Users\MightyDubster\Documents\Projects\pygmyos.code\gsm\pygmy_string.o (modf)
c:/program files (x86)/raisonance/ride/arm-gcc/bin/../lib/gcc/arm-none-eabi/4.5.1/../../../../arm-none-eabi/lib/thumb2\libc.a(lib_a-sbrkr.o)
                              c:/program files (x86)/raisonance/ride/arm-gcc/bin/../lib/gcc/arm-none-eabi/4.5.1/../../../../arm-none-eabi/lib/thumb2\libc.a(lib_a-mallocr.o) (_sbrk_r)
c:/program files (x86)/raisonance/ride/arm-gcc/bin/../lib/gcc/arm-none-eabi/4.5.1/../../../../arm-none-eabi/lib/thumb2\libc.a(lib_a-freer.o)
                              c:/program files (x86)/raisonance/ride/arm-gcc/bin/../lib/gcc/arm-none-eabi/4.5.1/../../../../arm-none-eabi/lib/thumb2\libc.a(lib_a-malloc.o) (_free_r)
c:/program files (x86)/raisonance/ride/arm-gcc/bin/../lib/gcc/arm-none-eabi/4.5.1/../../../../arm-none-eabi/lib/thumb2\libc.a(lib_a-impure.o)
                              c:/program files (x86)/raisonance/ride/arm-gcc/bin/../lib/gcc/arm-none-eabi/4.5.1/../../../../arm-none-eabi/lib/thumb2\libc.a(lib_a-malloc.o) (_impure_ptr)
c:/program files (x86)/raisonance/ride/arm-gcc/bin/../lib/gcc/arm-none-eabi/4.5.1/../../../../arm-none-eabi/lib/thumb2\libc.a(lib_a-memmove.o)
                              c:/program files (x86)/raisonance/ride/arm-gcc/bin/../lib/gcc/arm-none-eabi/4.5.1/../../../../arm-none-eabi/lib/thumb2\libc.a(lib_a-reallocr.o) (memmove)
c:/program files (x86)/raisonance/ride/arm-gcc/bin/../lib/gcc/arm-none-eabi/4.5.1/../../../../arm-none-eabi/lib/thumb2\libc.a(lib_a-reent.o)
                              c:/program files (x86)/raisonance/ride/arm-gcc/bin/../lib/gcc/arm-none-eabi/4.5.1/../../../../arm-none-eabi/lib/thumb2\libc.a(lib_a-sbrkr.o) (errno)
C:\Program Files (x86)\Raisonance\Ride\Lib\ARM\std_sbrk_thumb.lib(sbrk.o)
                              c:/program files (x86)/raisonance/ride/arm-gcc/bin/../lib/gcc/arm-none-eabi/4.5.1/../../../../arm-none-eabi/lib/thumb2\libc.a(lib_a-sbrkr.o) (_sbrk)
c:/program files (x86)/raisonance/ride/arm-gcc/bin/../lib/gcc/arm-none-eabi/4.5.1/thumb2\libgcc.a(_arm_addsubdf3.o)
                              c:/program files (x86)/raisonance/ride/arm-gcc/bin/../lib/gcc/arm-none-eabi/4.5.1/../../../../arm-none-eabi/lib/thumb2\libc.a(lib_a-s_modf.o) (__aeabi_dsub)
c:/program files (x86)/raisonance/ride/arm-gcc/bin/../lib/gcc/arm-none-eabi/4.5.1/thumb2\libgcc.a(_arm_muldivdf3.o)
                              C:\Users\MightyDubster\Documents\Projects\pygmyos.code\gsm\pygmy_string.o (__aeabi_dmul)
c:/program files (x86)/raisonance/ride/arm-gcc/bin/../lib/gcc/arm-none-eabi/4.5.1/thumb2\libgcc.a(_arm_cmpdf2.o)
                              C:\Users\MightyDubster\Documents\Projects\pygmyos.code\gsm\pygmy_string.o (__aeabi_dcmplt)
c:/program files (x86)/raisonance/ride/arm-gcc/bin/../lib/gcc/arm-none-eabi/4.5.1/thumb2\libgcc.a(_arm_fixdfsi.o)
                              C:\Users\MightyDubster\Documents\Projects\pygmyos.code\gsm\pygmy_string.o (__aeabi_d2iz)
[...]
Memory Configuration

Name             Origin             Length             Attributes
RAM              0x20000000         0x00002000         xrw
FLASH            0x08000000         0x00010000         xr
STARTFLASH       0x00000000         0x00000000         xr
CRPPATCH         0x00000000         0x00000000         r
FLASHPATCH       0x00000000         0x00000000         r
ENDFLASH         0x00000000         0x00000000         xr
FLASHB1          0x00000000         0x00000000         xr
EXTMEMB0         0x00000000         0x00000000         xr
EXTMEMB1         0x00000000         0x00000000         xr
EXTMEMB2         0x00000000         0x00000000         xr
EXTMEMB3         0x00000000         0x00000000         xr
*default*        0x00000000         0xffffffff

Linker script and memory map

LOAD C:\Program Files (x86)\Raisonance\Ride\Lib\ARM\startup_stm32f10x_md.o
LOAD C:\Users\MightyDubster\Documents\Projects\pygmyos.code\gsm\main.o
LOAD C:\Users\MightyDubster\Documents\Projects\pygmyos.code\gsm\pygmy_adc.o
LOAD C:\Users\MightyDubster\Documents\Projects\pygmyos.code\gsm\pygmy_com.o
LOAD C:\Users\MightyDubster\Documents\Projects\pygmyos.code\gsm\pygmy_file.o
LOAD C:\Users\MightyDubster\Documents\Projects\pygmyos.code\gsm\pygmy_nvic.o
LOAD C:\Users\MightyDubster\Documents\Projects\pygmyos.code\gsm\pygmy_port.o
LOAD C:\Users\MightyDubster\Documents\Projects\pygmyos.code\gsm\pygmy_rtc.o
LOAD C:\Users\MightyDubster\Documents\Projects\pygmyos.code\gsm\pygmy_string.o
LOAD C:\Users\MightyDubster\Documents\Projects\pygmyos.code\gsm\pygmy_sys.o
LOAD C:\Users\MightyDubster\Documents\Projects\pygmyos.code\gsm\gsmModem.o
LOAD C:\Users\MightyDubster\Documents\Projects\pygmyos.code\gsm\pygmy_cmd.o
START GROUP
LOAD C:\Program Files (x86)\Raisonance\Ride\Lib\ARM\STM32x_io_putchar_thumb.a
LOAD C:\Program Files (x86)\Raisonance\Ride\Lib\ARM\std_sbrk_thumb.lib
LOAD C:\Program Files (x86)\Raisonance\Ride\Lib\ARM\smallprintf_thumb.a
LOAD c:/program files (x86)/raisonance/ride/arm-gcc/bin/../lib/gcc/arm-none-eabi/4.5.1/../../../../arm-none-eabi/lib/thumb2\libc.a
LOAD c:/program files (x86)/raisonance/ride/arm-gcc/bin/../lib/gcc/arm-none-eabi/4.5.1/../../../../arm-none-eabi/lib/thumb2\libm.a
END GROUP
                0x00000400                __Stack_Size = 0x400
                0x00000400                PROVIDE (_Stack_Size, __Stack_Size)
                0x20001c00                __Stack_Init = (_estack - __Stack_Size)
                0x20001c00                PROVIDE (_Stack_Init, __Stack_Init)
                0x00000100                _Minimum_Stack_Size = 0x100
                0x00000000                PROVIDE (Undefined_Handler, 0x0)
                0x00000000                PROVIDE (SWI_Handler, 0x0)
                0x00000000                PROVIDE (IRQ_Handler, 0x0)
                0x00000000                PROVIDE (Prefetch_Handler, 0x0)
                0x00000000                PROVIDE (Abort_Handler, 0x0)
                0x00000000                PROVIDE (FIQ_Handler, 0x0)
                0x00000000                PROVIDE (NMIException, 0x0)
                0x00000000                PROVIDE (NMI_Handler, 0x0)
                0x00000000                PROVIDE (HardFaultException, 0x0)
                0x00000000                PROVIDE (HardFault_Handler, 0x0)
                0x00000000                PROVIDE (MemManageException, 0x0)
                0x00000000                PROVIDE (MemManage_Handler, 0x0)
                0x00000000                PROVIDE (BusFaultException, 0x0)
                0x00000000                PROVIDE (BusFault_Handler, 0x0)
                0x00000000                PROVIDE (UsageFaultException, 0x0)
                0x00000000                PROVIDE (UsageFault_Handler, 0x0)
                0x00000000                PROVIDE (SVCHandler, 0x0)
                0x00000000                PROVIDE (SVC_Handler, 0x0)
                0x00000000                PROVIDE (DebugMonitor, 0x0)
                0x00000000                PROVIDE (DebugMon_Handler, 0x0)
                0x00000000                PROVIDE (PendSVC, 0x0)
                0x00000000                PROVIDE (PendSV_Handler, 0x0)
                0x00000000                PROVIDE (SysTickHandler, 0x0)
                0x00000000                PROVIDE (SysTick_Handler, 0x0)
                0x00000000                PROVIDE (WWDG_IRQHandler, 0x0)
                0x00000000                PROVIDE (PVD_IRQHandler, 0x0)
                0x00000000                PROVIDE (TAMPER_IRQHandler, 0x0)
                0x00000000                PROVIDE (RTC_IRQHandler, 0x0)
                0x00000000                PROVIDE (FLASH_IRQHandler, 0x0)
                0x00000000                PROVIDE (RCC_IRQHandler, 0x0)
                0x00000000                PROVIDE (EXTI0_IRQHandler, 0x0)
                0x00000000                PROVIDE (EXTI1_IRQHandler, 0x0)
                0x00000000                PROVIDE (EXTI2_IRQHandler, 0x0)
                0x00000000                PROVIDE (EXTI3_IRQHandler, 0x0)
                0x00000000                PROVIDE (EXTI4_IRQHandler, 0x0)
                0x00000000                PROVIDE (DMAChannel1_IRQHandler, 0x0)
                0x00000000                PROVIDE (DMAChannel2_IRQHandler, 0x0)
                0x00000000                PROVIDE (DMAChannel3_IRQHandler, 0x0)
                0x00000000                PROVIDE (DMAChannel4_IRQHandler, 0x0)
                0x00000000                PROVIDE (DMAChannel5_IRQHandler, 0x0)
                0x00000000                PROVIDE (DMAChannel6_IRQHandler, 0x0)
                0x00000000                PROVIDE (DMAChannel7_IRQHandler, 0x0)
                0x00000000                PROVIDE (DMA1_Channel1_IRQHandler, 0x0)
                0x00000000                PROVIDE (DMA1_Channel2_IRQHandler, 0x0)
                0x00000000                PROVIDE (DMA1_Channel3_IRQHandler, 0x0)
                0x00000000                PROVIDE (DMA1_Channel4_IRQHandler, 0x0)
                0x00000000                PROVIDE (DMA1_Channel5_IRQHandler, 0x0)
                0x00000000                PROVIDE (DMA1_Channel6_IRQHandler, 0x0)
                0x00000000                PROVIDE (DMA1_Channel7_IRQHandler, 0x0)
                0x00000000                PROVIDE (ADC_IRQHandler, 0x0)
                0x00000000                PROVIDE (ADC1_2_IRQHandler, 0x0)
                0x00000000                PROVIDE (USB_HP_CAN_TX_IRQHandler, 0x0)
                0x00000000                PROVIDE (USB_HP_CAN1_TX_IRQHandler, 0x0)
                0x00000000                PROVIDE (USB_LP_CAN_RX0_IRQHandler, 0x0)
                0x00000000                PROVIDE (USB_LP_CAN1_RX0_IRQHandler, 0x0)
                0x00000000                PROVIDE (CAN_RX1_IRQHandler, 0x0)
                0x00000000                PROVIDE (CAN1_RX1_IRQHandler, 0x0)
                0x00000000                PROVIDE (CAN_SCE_IRQHandler, 0x0)
                0x00000000                PROVIDE (CAN1_SCE_IRQHandler, 0x0)
                0x00000000                PROVIDE (EXTI9_5_IRQHandler, 0x0)
                0x00000000                PROVIDE (TIM1_BRK_IRQHandler, 0x0)
                0x00000000                PROVIDE (TIM1_UP_IRQHandler, 0x0)
                0x00000000                PROVIDE (TIM1_TRG_COM_IRQHandler, 0x0)
                0x00000000                PROVIDE (TIM1_CC_IRQHandler, 0x0)
                0x00000000                PROVIDE (TIM2_IRQHandler, 0x0)
                0x00000000                PROVIDE (TIM3_IRQHandler, 0x0)
                0x00000000                PROVIDE (TIM4_IRQHandler, 0x0)
                0x00000000                PROVIDE (I2C1_EV_IRQHandler, 0x0)
                0x00000000                PROVIDE (I2C1_ER_IRQHandler, 0x0)
                0x00000000                PROVIDE (I2C2_EV_IRQHandler, 0x0)
                0x00000000                PROVIDE (I2C2_ER_IRQHandler, 0x0)
                0x00000000                PROVIDE (SPI1_IRQHandler, 0x0)
                0x00000000                PROVIDE (SPI2_IRQHandler, 0x0)
                0x00000000                PROVIDE (USART1_IRQHandler, 0x0)
                0x00000000                PROVIDE (USART2_IRQHandler, 0x0)
                0x00000000                PROVIDE (USART3_IRQHandler, 0x0)
                0x00000000                PROVIDE (EXTI15_10_IRQHandler, 0x0)
                0x00000000                PROVIDE (RTCAlarm_IRQHandler, 0x0)
                0x00000000                PROVIDE (USBWakeUp_IRQHandler, 0x0)
                0x00000000                PROVIDE (TIM8_BRK_IRQHandler, 0x0)
                0x00000000                PROVIDE (TIM8_UP_IRQHandler, 0x0)
                0x00000000                PROVIDE (TIM8_TRG_COM_IRQHandler, 0x0)
                0x00000000                PROVIDE (TIM8_CC_IRQHandler, 0x0)
                0x00000000                PROVIDE (ADC3_IRQHandler, 0x0)
                0x00000000                PROVIDE (FSMC_IRQHandler, 0x0)
                0x00000000                PROVIDE (SDIO_IRQHandler, 0x0)
                0x00000000                PROVIDE (TIM5_IRQHandler, 0x0)
                0x00000000                PROVIDE (SPI3_IRQHandler, 0x0)
                0x00000000                PROVIDE (UART4_IRQHandler, 0x0)
                0x00000000                PROVIDE (UART5_IRQHandler, 0x0)
                0x00000000                PROVIDE (TIM6_IRQHandler, 0x0)
                0x00000000                PROVIDE (TIM7_IRQHandler, 0x0)
                0x00000000                PROVIDE (DMA2_Channel1_IRQHandler, 0x0)
                0x00000000                PROVIDE (DMA2_Channel2_IRQHandler, 0x0)
                0x00000000                PROVIDE (DMA2_Channel3_IRQHandler, 0x0)
                0x00000000                PROVIDE (DMA2_Channel4_5_IRQHandler, 0x0)
                0x42000000                PERIPH_BB_BASE = 0x42000000
                0x22000000                SRAM_BB_BASE = 0x22000000
                0x20000000                SRAM_BASE = 0x20000000
                0x40000000                PERIPH_BASE = 0x40000000
                0x40022000                PROVIDE (FLASH_BASE, 0x40022000)
                0x1ffff800                PROVIDE (OB_BASE, 0x1ffff800)
                0x40000000                APB1PERIPH_BASE = PERIPH_BASE
                0x40010000                APB2PERIPH_BASE = (PERIPH_BASE + 0x10000)
                0x40020000                AHBPERIPH_BASE = (PERIPH_BASE + 0x20000)
                0x40000000                PROVIDE (TIM2, (APB1PERIPH_BASE + 0x0))
                0x40000400                PROVIDE (TIM3, (APB1PERIPH_BASE + 0x400))
                0x40000800                PROVIDE (TIM4, (APB1PERIPH_BASE + 0x800))
                0x40002800                PROVIDE (RTC, (APB1PERIPH_BASE + 0x2800))
                0x40002c00                PROVIDE (WWDG, (APB1PERIPH_BASE + 0x2c00))
                0x40003000                PROVIDE (IWDG, (APB1PERIPH_BASE + 0x3000))
                0x40003800                PROVIDE (SPI2, (APB1PERIPH_BASE + 0x3800))
                0x40004400                PROVIDE (USART2, (APB1PERIPH_BASE + 0x4400))
                0x40004800                PROVIDE (USART3, (APB1PERIPH_BASE + 0x4800))
                0x40005400                PROVIDE (I2C1, (APB1PERIPH_BASE + 0x5400))
                0x40005800                PROVIDE (I2C2, (APB1PERIPH_BASE + 0x5800))
                0x40006400                PROVIDE (CAN, (APB1PERIPH_BASE + 0x6400))
                0x40006c00                PROVIDE (BKP, (APB1PERIPH_BASE + 0x6c00))
                0x40007000                PROVIDE (PWR, (APB1PERIPH_BASE + 0x7000))
                0x40010000                PROVIDE (AFIO, (APB2PERIPH_BASE + 0x0))
                0x40010400                PROVIDE (EXTI, (APB2PERIPH_BASE + 0x400))
                0x40010800                PROVIDE (GPIOA, (APB2PERIPH_BASE + 0x800))
                0x40010c00                PROVIDE (GPIOB, (APB2PERIPH_BASE + 0xc00))
                0x40011000                PROVIDE (GPIOC, (APB2PERIPH_BASE + 0x1000))
                0x40011400                PROVIDE (GPIOD, (APB2PERIPH_BASE + 0x1400))
                0x40011800                PROVIDE (GPIOE, (APB2PERIPH_BASE + 0x1800))
                0x40012400                PROVIDE (ADC1, (APB2PERIPH_BASE + 0x2400))
                0x40012800                PROVIDE (ADC2, (APB2PERIPH_BASE + 0x2800))
                0x40012c00                PROVIDE (TIM1, (APB2PERIPH_BASE + 0x2c00))
                0x40013000                PROVIDE (SPI1, (APB2PERIPH_BASE + 0x3000))
                0x40013800                PROVIDE (USART1, (APB2PERIPH_BASE + 0x3800))
                0x40020000                PROVIDE (DMA, (AHBPERIPH_BASE + 0x0))
                0x40020008                PROVIDE (DMA_Channel1, (AHBPERIPH_BASE + 0x8))
                0x4002001c                PROVIDE (DMA_Channel2, (AHBPERIPH_BASE + 0x1c))
                0x40020030                PROVIDE (DMA_Channel3, (AHBPERIPH_BASE + 0x30))
                0x40020044                PROVIDE (DMA_Channel4, (AHBPERIPH_BASE + 0x44))
                0x40020058                PROVIDE (DMA_Channel5, (AHBPERIPH_BASE + 0x58))
                0x4002006c                PROVIDE (DMA_Channel6, (AHBPERIPH_BASE + 0x6c))
                0x40020080                PROVIDE (DMA_Channel7, (AHBPERIPH_BASE + 0x80))
                0x40021000                PROVIDE (RCC, (AHBPERIPH_BASE + 0x1000))
                0xe000e000                SCS_BASE = 0xe000e000
                0xe000e010                PROVIDE (SysTick, (SCS_BASE + 0x10))
                0xe000e100                PROVIDE (NVIC, (SCS_BASE + 0x100))
                0xe000ed00                PROVIDE (SCB, (SCS_BASE + 0xd00))
                0x20002000                _estack = 0x20002000

.isr_vector     0x08000000      0x10c
                0x08000000                . = ALIGN (0x4)
 *(.isr_vector)
 .isr_vector    0x08000000      0x10c C:\Program Files (x86)\Raisonance\Ride\Lib\ARM\startup_stm32f10x_md.o
                0x08000000                g_pfnVectors
                0x0800010c                . = ALIGN (0x4)

.flash_start    0x00000000        0x0
                0x00000000                . = ALIGN (0x4)
 *(.flash_start)
 *(.flash_start.*)
                0x00000000                . = ALIGN (0x4)

.crp_patch      0x00000000        0x0
                0x00000000                . = ALIGN (0x4)
 *(.crp_patch)
                0x00000000                . = ALIGN (0x4)

.flashtext      0x0800010c        0x0
                0x0800010c                . = ALIGN (0x4)
 *(.flashtext)
                0x0800010c                . = ALIGN (0x4)

.text           0x08000110     0x7a50
                0x08000110                . = ALIGN (0x4)
 *(.text)
 .text          0x08000110       0x20 c:/program files (x86)/raisonance/ride/arm-gcc/bin/../lib/gcc/arm-none-eabi/4.5.1/../../../../arm-none-eabi/lib/thumb2\libc.a(lib_a-malloc.o)
                0x08000110                malloc
                0x08000120                free
 .text          0x08000130      0x57c c:/program files (x86)/raisonance/ride/arm-gcc/bin/../lib/gcc/arm-none-eabi/4.5.1/../../../../arm-none-eabi/lib/thumb2\libc.a(lib_a-mallocr.o)
                0x08000130                _malloc_r
 .text          0x080006ac        0x8 c:/program files (x86)/raisonance/ride/arm-gcc/bin/../lib/gcc/arm-none-eabi/4.5.1/../../../../arm-none-eabi/lib/thumb2\libc.a(lib_a-mlock.o)
                0x080006ac                __malloc_lock
                0x080006b0                __malloc_unlock
 .text          0x080006b4       0xe0 c:/program files (x86)/raisonance/ride/arm-gcc/bin/../lib/gcc/arm-none-eabi/4.5.1/../../../../arm-none-eabi/lib/thumb2\libc.a(lib_a-s_modf.o)
                0x080006b4                modf
 .text          0x08000794       0x28 c:/program files (x86)/raisonance/ride/arm-gcc/bin/../lib/gcc/arm-none-eabi/4.5.1/../../../../arm-none-eabi/lib/thumb2\libc.a(lib_a-sbrkr.o)
                0x08000794                _sbrk_r
 .text          0x080007bc      0x240 c:/program files (x86)/raisonance/ride/arm-gcc/bin/../lib/gcc/arm-none-eabi/4.5.1/../../../../arm-none-eabi/lib/thumb2\libc.a(lib_a-freer.o)
                0x080007bc                _malloc_trim_r
                0x08000864                _free_r
 .text          0x080009fc      0x370 c:/program files (x86)/raisonance/ride/arm-gcc/bin/../lib/gcc/arm-none-eabi/4.5.1/thumb2\libgcc.a(_arm_addsubdf3.o)
                0x080009fc                __aeabi_drsub
                0x08000a04                __aeabi_dsub
                0x08000a04                __subdf3
                0x08000a08                __aeabi_dadd
                0x08000a08                __adddf3
                0x08000c80                __floatunsidf
                0x08000c80                __aeabi_ui2d
                0x08000ca0                __floatsidf
                0x08000ca0                __aeabi_i2d
                0x08000cc4                __aeabi_f2d
                0x08000cc4                __extendsfdf2
                0x08000d00                __floatundidf
                0x08000d00                __aeabi_ul2d
                0x08000d10                __floatdidf
                0x08000d10                __aeabi_l2d
 .text          0x08000d6c      0x424 c:/program files (x86)/raisonance/ride/arm-gcc/bin/../lib/gcc/arm-none-eabi/4.5.1/thumb2\libgcc.a(_arm_muldivdf3.o)
                0x08000d6c                __aeabi_dmul
                0x08000d6c                __muldf3
                0x08000fc0                __divdf3
                0x08000fc0                __aeabi_ddiv
 .text          0x08001190      0x110 c:/program files (x86)/raisonance/ride/arm-gcc/bin/../lib/gcc/arm-none-eabi/4.5.1/thumb2\libgcc.a(_arm_cmpdf2.o)
                0x08001190                __gtdf2
                0x08001190                __gedf2
                0x08001198                __ltdf2
                0x08001198                __ledf2
                0x080011a0                __nedf2
                0x080011a0                __eqdf2
                0x080011a0                __cmpdf2
                0x0800121c                __aeabi_cdrcmple
                0x0800122c                __aeabi_cdcmpeq
                0x0800122c                __aeabi_cdcmple
                0x0800123c                __aeabi_dcmpeq
                0x08001250                __aeabi_dcmplt
                0x08001264                __aeabi_dcmple
                0x08001278                __aeabi_dcmpge
                0x0800128c                __aeabi_dcmpgt
 .text          0x080012a0       0x50 c:/program files (x86)/raisonance/ride/arm-gcc/bin/../lib/gcc/arm-none-eabi/4.5.1/thumb2\libgcc.a(_arm_fixdfsi.o)
                0x080012a0                __aeabi_d2iz
                0x080012a0                __fixdfsi
 .text          0x080012f0       0x40 c:/program files (x86)/raisonance/ride/arm-gcc/bin/../lib/gcc/arm-none-eabi/4.5.1/thumb2\libgcc.a(_arm_fixunsdfsi.o)
                0x080012f0                __aeabi_d2uiz
                0x080012f0                __fixunsdfsi
 .text          0x08001330       0x38 c:/program files (x86)/raisonance/ride/arm-gcc/bin/../lib/gcc/arm-none-eabi/4.5.1/thumb2\libgcc.a(_aeabi_ldivmod.o)
                0x08001330                __aeabi_ldivmod
 .text          0x08001368       0x60 c:/program files (x86)/raisonance/ride/arm-gcc/bin/../lib/gcc/arm-none-eabi/4.5.1/thumb2\libgcc.a(bpabi.o)
                0x08001368                __gnu_ldivmod_helper
                0x08001398                __gnu_uldivmod_helper
 .text          0x080013c8        0x4 c:/program files (x86)/raisonance/ride/arm-gcc/bin/../lib/gcc/arm-none-eabi/4.5.1/thumb2\libgcc.a(_dvmd_tls.o)
                0x080013c8                __aeabi_idiv0
                0x080013c8                __aeabi_ldiv0
 .text          0x080013cc      0x364 c:/program files (x86)/raisonance/ride/arm-gcc/bin/../lib/gcc/arm-none-eabi/4.5.1/thumb2\libgcc.a(_divdi3.o)
                0x080013cc                __divdi3
 .text          0x08001730      0x314 c:/program files (x86)/raisonance/ride/arm-gcc/bin/../lib/gcc/arm-none-eabi/4.5.1/thumb2\libgcc.a(_udivdi3.o)
                0x08001730                __udivdi3
 *fill*         0x08001a44        0x4 00
 .text          0x08001a48      0x278 c:/program files (x86)/raisonance/ride/arm-gcc/bin/../lib/gcc/arm-none-eabi/4.5.1/thumb2\libgcc.a(_udivsi3.o)
                0x08001a48                __aeabi_uidiv
                0x08001a48                __udivsi3
                0x08001ca4                __aeabi_uidivmod
 *(.text.*)
 .text.Reset_Handler
                0x08001cc0       0x40 C:\Program Files (x86)\Raisonance\Ride\Lib\ARM\startup_stm32f10x_md.o
                0x08001cc0                Reset_Handler
 .text.Default_Handler
                0x08001d00        0x2 C:\Program Files (x86)\Raisonance\Ride\Lib\ARM\startup_stm32f10x_md.o
                0x08001d00                DebugMon_Handler
                0x08001d00                TIM1_CC_IRQHandler
                0x08001d00                HardFault_Handler
                0x08001d00                PVD_IRQHandler
                0x08001d00                PendSV_Handler
                0x08001d00                NMI_Handler
                0x08001d00                UsageFault_Handler
                0x08001d00                SPI1_IRQHandler
                0x08001d00                TAMPER_IRQHandler
                0x08001d00                DMA1_Channel4_IRQHandler
                0x08001d00                RTC_IRQHandler
                0x08001d00                DMA1_Channel7_IRQHandler
                0x08001d00                CAN1_RX1_IRQHandler
                0x08001d00                TIM4_IRQHandler
                0x08001d00                I2C1_EV_IRQHandler
                0x08001d00                DMA1_Channel6_IRQHandler
                0x08001d00                TIM3_IRQHandler
                0x08001d00                RCC_IRQHandler
                0x08001d00                TIM1_TRG_COM_IRQHandler
                0x08001d00                DMA1_Channel1_IRQHandler
                0x08001d00                Default_Handler
                0x08001d00                SPI2_IRQHandler
                0x08001d00                MemManage_Handler
                0x08001d00                SVC_Handler
                0x08001d00                DMA1_Channel5_IRQHandler
                0x08001d00                USB_LP_CAN1_RX0_IRQHandler
                0x08001d00                USB_HP_CAN1_TX_IRQHandler
                0x08001d00                DMA1_Channel3_IRQHandler
                0x08001d00                WWDG_IRQHandler
                0x08001d00                TIM2_IRQHandler
                0x08001d00                TIM1_BRK_IRQHandler
                0x08001d00                RTCAlarm_IRQHandler
                0x08001d00                DMA1_Channel2_IRQHandler
                0x08001d00                CAN1_SCE_IRQHandler
                0x08001d00                FLASH_IRQHandler
                0x08001d00                BusFault_Handler
                0x08001d00                USART1_IRQHandler
                0x08001d00                USBWakeUp_IRQHandler
 *fill*         0x08001d02        0x2 00
 .text.main     0x08001d04        0x8 C:\Users\MightyDubster\Documents\Projects\pygmyos.code\gsm\main.o
                0x08001d04                main
 .text.adcGetStatus
                0x08001d0c        0xc C:\Users\MightyDubster\Documents\Projects\pygmyos.code\gsm\pygmy_adc.o
                0x08001d0c                adcGetStatus
 .text.ADC1_2_IRQHandler
                0x08001d18       0x14 C:\Users\MightyDubster\Documents\Projects\pygmyos.code\gsm\pygmy_adc.o
                0x08001d18                ADC1_2_IRQHandler
 .text.adcSingleSampleInit
                0x08001d2c       0x58 C:\Users\MightyDubster\Documents\Projects\pygmyos.code\gsm\pygmy_adc.o
                0x08001d2c                adcSingleSampleInit
 .text.adcGetChannelFromPin
                0x08001d84       0x30 C:\Users\MightyDubster\Documents\Projects\pygmyos.code\gsm\pygmy_adc.o
                0x08001d84                adcGetChannelFromPin
 .text.adcSingleSample
                0x08001db4       0x3c C:\Users\MightyDubster\Documents\Projects\pygmyos.code\gsm\pygmy_adc.o
                0x08001db4                adcSingleSample
 .text.spiWriteByte
                0x08001df0       0x38 C:\Users\MightyDubster\Documents\Projects\pygmyos.code\gsm\pygmy_com.o
                0x08001df0                spiWriteByte
 .text.spiWriteAddress
                0x08001e28       0x44 C:\Users\MightyDubster\Documents\Projects\pygmyos.code\gsm\pygmy_com.o
                0x08001e28                spiWriteAddress
 .text.spiPutCommand
                0x08001e6c       0x18 C:\Users\MightyDubster\Documents\Projects\pygmyos.code\gsm\pygmy_com.o
                0x08001e6c                spiPutCommand
 .text.spiReadByte
                0x08001e84       0x40 C:\Users\MightyDubster\Documents\Projects\pygmyos.code\gsm\pygmy_com.o
                0x08001e84                spiReadByte
 .text.spiGetBuffer
                0x08001ec4       0x40 C:\Users\MightyDubster\Documents\Projects\pygmyos.code\gsm\pygmy_com.o
                0x08001ec4                spiGetBuffer
 .text.spiGetLong
                0x08001f04       0x50 C:\Users\MightyDubster\Documents\Projects\pygmyos.code\gsm\pygmy_com.o
                0x08001f04                spiGetLong
 .text.spiGetWord
                0x08001f54       0x3c C:\Users\MightyDubster\Documents\Projects\pygmyos.code\gsm\pygmy_com.o
                0x08001f54                spiGetWord
 .text.spiGetChar
                0x08001f90       0x2c C:\Users\MightyDubster\Documents\Projects\pygmyos.code\gsm\pygmy_com.o
                0x08001f90                spiGetChar
 .text.spiPutBuffer
                0x08001fbc       0x40 C:\Users\MightyDubster\Documents\Projects\pygmyos.code\gsm\pygmy_com.o
                0x08001fbc                spiPutBuffer
 .text.spiPutChar
                0x08001ffc       0x30 C:\Users\MightyDubster\Documents\Projects\pygmyos.code\gsm\pygmy_com.o
                0x08001ffc                spiPutChar
 .text.spiReadBuffer
                0x0800202c       0x30 C:\Users\MightyDubster\Documents\Projects\pygmyos.code\gsm\pygmy_com.o
                0x0800202c                spiReadBuffer
 .text.spiConfig
                0x0800205c       0xac C:\Users\MightyDubster\Documents\Projects\pygmyos.code\gsm\pygmy_com.o
                0x0800205c                spiConfig
 .text.I2C1_ER_IRQHandler
                0x08002108        0x4 C:\Users\MightyDubster\Documents\Projects\pygmyos.code\gsm\pygmy_com.o
                0x08002108                I2C1_ER_IRQHandler
 .text.I2C2_EV_IRQHandler
                0x0800210c        0x4 C:\Users\MightyDubster\Documents\Projects\pygmyos.code\gsm\pygmy_com.o
                0x0800210c                I2C2_EV_IRQHandler
 .text.I2C2_ER_IRQHandler
                0x08002110        0x4 C:\Users\MightyDubster\Documents\Projects\pygmyos.code\gsm\pygmy_com.o
                0x08002110                I2C2_ER_IRQHandler
 .text.i2cConfig
                0x08002114       0xf4 C:\Users\MightyDubster\Documents\Projects\pygmyos.code\gsm\pygmy_com.o
                0x08002114                i2cConfig
 .text.i2cDelay
                0x08002208       0x18 C:\Users\MightyDubster\Documents\Projects\pygmyos.code\gsm\pygmy_com.o
                0x08002208                i2cDelay
 .text.i2cWriteBit
                0x08002220       0x74 C:\Users\MightyDubster\Documents\Projects\pygmyos.code\gsm\pygmy_com.o
                0x08002220                i2cWriteBit
 .text.i2cReadBit
                0x08002294       0x4c C:\Users\MightyDubster\Documents\Projects\pygmyos.code\gsm\pygmy_com.o
                0x08002294                i2cReadBit
 .text.i2cWriteByte
                0x080022e0       0x40 C:\Users\MightyDubster\Documents\Projects\pygmyos.code\gsm\pygmy_com.o
                0x080022e0                i2cWriteByte
 .text.i2cReadByte
                0x08002320       0x28 C:\Users\MightyDubster\Documents\Projects\pygmyos.code\gsm\pygmy_com.o
                0x08002320                i2cReadByte
 .text.i2cResetBus
                0x08002348       0x80 C:\Users\MightyDubster\Documents\Projects\pygmyos.code\gsm\pygmy_com.o
                0x08002348                i2cResetBus
 .text.i2cStop  0x080023c8       0x4c C:\Users\MightyDubster\Documents\Projects\pygmyos.code\gsm\pygmy_com.o
                0x080023c8                i2cStop
 .text.i2cStart
                0x08002414       0x64 C:\Users\MightyDubster\Documents\Projects\pygmyos.code\gsm\pygmy_com.o
                0x08002414                i2cStart
 .text.i2cGetChar
                0x08002478       0x68 C:\Users\MightyDubster\Documents\Projects\pygmyos.code\gsm\pygmy_com.o
                0x08002478                i2cGetChar
 .text.i2cGetBuffer
                0x080024e0       0x30 C:\Users\MightyDubster\Documents\Projects\pygmyos.code\gsm\pygmy_com.o
                0x080024e0                i2cGetBuffer
 .text.i2cPollAck
                0x08002510       0x34 C:\Users\MightyDubster\Documents\Projects\pygmyos.code\gsm\pygmy_com.o
                0x08002510                i2cPollAck
 .text.i2cPutChar
                0x08002544       0x80 C:\Users\MightyDubster\Documents\Projects\pygmyos.code\gsm\pygmy_com.o
                0x08002544                i2cPutChar
 .text.i2cPutBuffer
                0x080025c4       0x44 C:\Users\MightyDubster\Documents\Projects\pygmyos.code\gsm\pygmy_com.o
                0x080025c4                i2cPutBuffer
 .text.streamReset
                0x08002608       0x54 C:\Users\MightyDubster\Documents\Projects\pygmyos.code\gsm\pygmy_com.o
                0x08002608                streamReset
 .text.streamInit
                0x0800265c       0x18 C:\Users\MightyDubster\Documents\Projects\pygmyos.code\gsm\pygmy_com.o
                0x0800265c                streamInit
 .text.streamGetSTDIO
                0x08002674        0xc C:\Users\MightyDubster\Documents\Projects\pygmyos.code\gsm\pygmy_com.o
                0x08002674                streamGetSTDIO
 .text.streamSetSTDIO
                0x08002680       0x54 C:\Users\MightyDubster\Documents\Projects\pygmyos.code\gsm\pygmy_com.o
                0x08002680                streamSetSTDIO
 .text.streamTXChar
                0x080026d4       0x5c C:\Users\MightyDubster\Documents\Projects\pygmyos.code\gsm\pygmy_com.o
                0x080026d4                streamTXChar
 .text.streamEchoChar
                0x08002730       0x30 C:\Users\MightyDubster\Documents\Projects\pygmyos.code\gsm\pygmy_com.o
                0x08002730                streamEchoChar
 .text.streamGetChar
                0x08002760       0x58 C:\Users\MightyDubster\Documents\Projects\pygmyos.code\gsm\pygmy_com.o
                0x08002760                streamGetChar
 .text.streamFIFOToString
                0x080027b8       0x40 C:\Users\MightyDubster\Documents\Projects\pygmyos.code\gsm\pygmy_com.o
                0x080027b8                streamFIFOToString
 .text.streamPopChar
                0x080027f8       0x54 C:\Users\MightyDubster\Documents\Projects\pygmyos.code\gsm\pygmy_com.o
                0x080027f8                streamPopChar
 .text.streamPushChar
                0x0800284c       0x4c C:\Users\MightyDubster\Documents\Projects\pygmyos.code\gsm\pygmy_com.o
                0x0800284c                streamPushChar
 .text.streamSetPut
                0x08002898       0x20 C:\Users\MightyDubster\Documents\Projects\pygmyos.code\gsm\pygmy_com.o
                0x08002898                streamSetPut
 .text.streamSetGet
                0x080028b8       0x20 C:\Users\MightyDubster\Documents\Projects\pygmyos.code\gsm\pygmy_com.o
                0x080028b8                streamSetGet
 .text.streamSetRXBuffer
                0x080028d8       0x28 C:\Users\MightyDubster\Documents\Projects\pygmyos.code\gsm\pygmy_com.o
                0x080028d8                streamSetRXBuffer
 .text.streamEnableEcho
                0x08002900       0x20 C:\Users\MightyDubster\Documents\Projects\pygmyos.code\gsm\pygmy_com.o
                0x08002900                streamEnableEcho
 .text.streamEnableActionChars
                0x08002920       0x20 C:\Users\MightyDubster\Documents\Projects\pygmyos.code\gsm\pygmy_com.o
                0x08002920                streamEnableActionChars
 .text.streamEnableBackspace
                0x08002940       0x20 C:\Users\MightyDubster\Documents\Projects\pygmyos.code\gsm\pygmy_com.o
                0x08002940                streamEnableBackspace
 .text.streamHandler
                0x08002960       0xa0 C:\Users\MightyDubster\Documents\Projects\pygmyos.code\gsm\pygmy_com.o
                0x08002960                streamHandler
 .text.USART2_IRQHandler
                0x08002a00       0x9c C:\Users\MightyDubster\Documents\Projects\pygmyos.code\gsm\pygmy_com.o
                0x08002a00                USART2_IRQHandler
 .text.putsUSART2
                0x08002a9c       0x24 C:\Users\MightyDubster\Documents\Projects\pygmyos.code\gsm\pygmy_com.o
                0x08002a9c                putsUSART2
 .text.USART3_IRQHandler
                0x08002ac0       0x78 C:\Users\MightyDubster\Documents\Projects\pygmyos.code\gsm\pygmy_com.o
                0x08002ac0                USART3_IRQHandler
 .text.putsUSART3
                0x08002b38       0x24 C:\Users\MightyDubster\Documents\Projects\pygmyos.code\gsm\pygmy_com.o
                0x08002b38                putsUSART3
 .text.fileIsValidName
                0x08002b5c       0x68 C:\Users\MightyDubster\Documents\Projects\pygmyos.code\gsm\pygmy_file.o
                0x08002b5c                fileIsValidName
 .text.flashReadWord
                0x08002bc4       0x18 C:\Users\MightyDubster\Documents\Projects\pygmyos.code\gsm\pygmy_file.o
                0x08002bc4                flashReadWord
 .text.fileGetFAT
                0x08002bdc       0x88 C:\Users\MightyDubster\Documents\Projects\pygmyos.code\gsm\pygmy_file.o
                0x08002bdc                fileGetFAT
 .text.fileGetChar
                0x08002c64      0x17c C:\Users\MightyDubster\Documents\Projects\pygmyos.code\gsm\pygmy_file.o
                0x08002c64                fileGetChar
 .text.flashReadLong
                0x08002de0       0x14 C:\Users\MightyDubster\Documents\Projects\pygmyos.code\gsm\pygmy_file.o
                0x08002de0                flashReadLong
 .text.fileGetLength
                0x08002df4       0x4c C:\Users\MightyDubster\Documents\Projects\pygmyos.code\gsm\pygmy_file.o
                0x08002df4                fileGetLength
 .text.flashReadByte
                0x08002e40       0x14 C:\Users\MightyDubster\Documents\Projects\pygmyos.code\gsm\pygmy_file.o
                0x08002e40                flashReadByte
 .text.fileGetActiveFiles
                0x08002e54       0x44 C:\Users\MightyDubster\Documents\Projects\pygmyos.code\gsm\pygmy_file.o
                0x08002e54                fileGetActiveFiles
 .text.fileGetFreeSpace
                0x08002e98       0x48 C:\Users\MightyDubster\Documents\Projects\pygmyos.code\gsm\pygmy_file.o
                0x08002e98                fileGetFreeSpace
 .text.flashReadBuffer
                0x08002ee0       0x1c C:\Users\MightyDubster\Documents\Projects\pygmyos.code\gsm\pygmy_file.o
                0x08002ee0                flashReadBuffer
 .text.filePrintList
                0x08002efc       0xa4 C:\Users\MightyDubster\Documents\Projects\pygmyos.code\gsm\pygmy_file.o
                0x08002efc                filePrintList
 .text.fileSeekName
                0x08002fa0       0x64 C:\Users\MightyDubster\Documents\Projects\pygmyos.code\gsm\pygmy_file.o
                0x08002fa0                fileSeekName
 .text.flashReadStatus
                0x08003004       0x2c C:\Users\MightyDubster\Documents\Projects\pygmyos.code\gsm\pygmy_file.o
                0x08003004                flashReadStatus
 .text.flashReadID
                0x08003030       0x38 C:\Users\MightyDubster\Documents\Projects\pygmyos.code\gsm\pygmy_file.o
                0x08003030                flashReadID
 .text.flashWaitForBusy
                0x08003068       0x10 C:\Users\MightyDubster\Documents\Projects\pygmyos.code\gsm\pygmy_file.o
                0x08003068                flashWaitForBusy
 .text.flashChipErase
                0x08003078       0x3c C:\Users\MightyDubster\Documents\Projects\pygmyos.code\gsm\pygmy_file.o
                0x08003078                flashChipErase
 .text.flashSectorErase
                0x080030b4       0x38 C:\Users\MightyDubster\Documents\Projects\pygmyos.code\gsm\pygmy_file.o
                0x080030b4                flashSectorErase
 .text.flashWriteByte
                0x080030ec       0x2c C:\Users\MightyDubster\Documents\Projects\pygmyos.code\gsm\pygmy_file.o
                0x080030ec                flashWriteByte
 .text.flashWriteBuffer
                0x08003118       0x20 C:\Users\MightyDubster\Documents\Projects\pygmyos.code\gsm\pygmy_file.o
                0x08003118                flashWriteBuffer
 .text.flashWriteString
                0x08003138       0x30 C:\Users\MightyDubster\Documents\Projects\pygmyos.code\gsm\pygmy_file.o
                0x08003138                flashWriteString
 .text.flashWriteLong
                0x08003168       0x28 C:\Users\MightyDubster\Documents\Projects\pygmyos.code\gsm\pygmy_file.o
                0x08003168                flashWriteLong
 .text.fileWriteLength
                0x08003190       0x6c C:\Users\MightyDubster\Documents\Projects\pygmyos.code\gsm\pygmy_file.o
                0x08003190                fileWriteLength
 .text.flashWriteWord
                0x080031fc       0x1c C:\Users\MightyDubster\Documents\Projects\pygmyos.code\gsm\pygmy_file.o
                0x080031fc                flashWriteWord
 .text.fileDeleteFATEntry
                0x08003218       0xc0 C:\Users\MightyDubster\Documents\Projects\pygmyos.code\gsm\pygmy_file.o
                0x08003218                fileDeleteFATEntry
 .text.fileGetActiveFAT
                0x080032d8       0x74 C:\Users\MightyDubster\Documents\Projects\pygmyos.code\gsm\pygmy_file.o
                0x080032d8                fileGetActiveFAT
 .text.fileGetFreeFATEntry
                0x0800334c      0x128 C:\Users\MightyDubster\Documents\Projects\pygmyos.code\gsm\pygmy_file.o
                0x0800334c                fileGetFreeFATEntry
 .text.fileAllocateFAT
                0x08003474       0x74 C:\Users\MightyDubster\Documents\Projects\pygmyos.code\gsm\pygmy_file.o
                0x08003474                fileAllocateFAT
 .text.filePutChar
                0x080034e8       0xd8 C:\Users\MightyDubster\Documents\Projects\pygmyos.code\gsm\pygmy_file.o
                0x080034e8                filePutChar
 .text.filePutString
                0x080035c0       0x24 C:\Users\MightyDubster\Documents\Projects\pygmyos.code\gsm\pygmy_file.o
                0x080035c0                filePutString
 .text.fileClose
                0x080035e4       0xc4 C:\Users\MightyDubster\Documents\Projects\pygmyos.code\gsm\pygmy_file.o
                0x080035e4                fileClose
 .text.fileGetFreeFileEntry
                0x080036a8      0x178 C:\Users\MightyDubster\Documents\Projects\pygmyos.code\gsm\pygmy_file.o
                0x080036a8                fileGetFreeFileEntry
 .text.fileRename
                0x08003820       0xa0 C:\Users\MightyDubster\Documents\Projects\pygmyos.code\gsm\pygmy_file.o
                0x08003820                fileRename
 .text.flashWriteEnable
                0x080038c0       0x60 C:\Users\MightyDubster\Documents\Projects\pygmyos.code\gsm\pygmy_file.o
                0x080038c0                flashWriteEnable
 .text.fileFormat
                0x08003920      0x130 C:\Users\MightyDubster\Documents\Projects\pygmyos.code\gsm\pygmy_file.o
                0x08003920                fileFormat
 .text.fileMountRoot
                0x08003a50       0xc4 C:\Users\MightyDubster\Documents\Projects\pygmyos.code\gsm\pygmy_file.o
                0x08003a50                fileMountRoot
 .text.fileDelete
                0x08003b14       0x54 C:\Users\MightyDubster\Documents\Projects\pygmyos.code\gsm\pygmy_file.o
                0x08003b14                fileDelete
 .text.fileOpen
                0x08003b68      0x148 C:\Users\MightyDubster\Documents\Projects\pygmyos.code\gsm\pygmy_file.o
                0x08003b68                fileOpen
 .text.fileCopy
                0x08003cb0       0x60 C:\Users\MightyDubster\Documents\Projects\pygmyos.code\gsm\pygmy_file.o
                0x08003cb0                fileCopy
 .text.interruptGetTimerVector
                0x08003d10       0x20 C:\Users\MightyDubster\Documents\Projects\pygmyos.code\gsm\pygmy_nvic.o
                0x08003d10                interruptGetTimerVector
 .text.interruptEnable
                0x08003d30       0x4c C:\Users\MightyDubster\Documents\Projects\pygmyos.code\gsm\pygmy_nvic.o
                0x08003d30                interruptEnable
 .text.interruptSetPriority
                0x08003d7c       0xf0 C:\Users\MightyDubster\Documents\Projects\pygmyos.code\gsm\pygmy_nvic.o
                0x08003d7c                interruptSetPriority
 .text.pinGetIRQPR
                0x08003e6c        0xc C:\Users\MightyDubster\Documents\Projects\pygmyos.code\gsm\pygmy_port.o
                0x08003e6c                pinGetIRQPR
 .text.pinGetIRQPin
                0x08003e78        0xc C:\Users\MightyDubster\Documents\Projects\pygmyos.code\gsm\pygmy_port.o
                0x08003e78                pinGetIRQPin
 .text.pinInterrupt
                0x08003e84      0x18c C:\Users\MightyDubster\Documents\Projects\pygmyos.code\gsm\pygmy_port.o
                0x08003e84                pinInterrupt
 .text.pinEnablePortClock
                0x08004010       0x88 C:\Users\MightyDubster\Documents\Projects\pygmyos.code\gsm\pygmy_port.o
                0x08004010                pinEnablePortClock
 .text.pinGetPort
                0x08004098       0x4c C:\Users\MightyDubster\Documents\Projects\pygmyos.code\gsm\pygmy_port.o
                0x08004098                pinGetPort
 .text.pinSet   0x080040e4       0xa4 C:\Users\MightyDubster\Documents\Projects\pygmyos.code\gsm\pygmy_port.o
                0x080040e4                pinSet
 .text.pinConfig
                0x08004188       0x74 C:\Users\MightyDubster\Documents\Projects\pygmyos.code\gsm\pygmy_port.o
                0x08004188                pinConfig
 .text.pinGet   0x080041fc       0x70 C:\Users\MightyDubster\Documents\Projects\pygmyos.code\gsm\pygmy_port.o
                0x080041fc                pinGet
 .text.pinGetTimer
                0x0800426c       0xd8 C:\Users\MightyDubster\Documents\Projects\pygmyos.code\gsm\pygmy_port.o
                0x0800426c                pinGetTimer
 .text.pinGetChannel
                0x08004344       0xac C:\Users\MightyDubster\Documents\Projects\pygmyos.code\gsm\pygmy_port.o
                0x08004344                pinGetChannel
 .text.pinInitSoftPWM
                0x080043f0       0x88 C:\Users\MightyDubster\Documents\Projects\pygmyos.code\gsm\pygmy_port.o
                0x080043f0                pinInitSoftPWM
 .text.pinAddSoftPWM
                0x08004478      0x174 C:\Users\MightyDubster\Documents\Projects\pygmyos.code\gsm\pygmy_port.o
                0x08004478                pinAddSoftPWM
 .text.pinPWM   0x080045ec      0x2f4 C:\Users\MightyDubster\Documents\Projects\pygmyos.code\gsm\pygmy_port.o
                0x080045ec                pinPWM
 .text.pinProcessSoftPWM
                0x080048e0       0x64 C:\Users\MightyDubster\Documents\Projects\pygmyos.code\gsm\pygmy_port.o
                0x080048e0                pinProcessSoftPWM
 .text.TIM1_UP_IRQHandler
                0x08004944       0x18 C:\Users\MightyDubster\Documents\Projects\pygmyos.code\gsm\pygmy_port.o
                0x08004944                TIM1_UP_IRQHandler
 .text.EXTI0_IRQHandler
                0x0800495c       0x38 C:\Users\MightyDubster\Documents\Projects\pygmyos.code\gsm\pygmy_port.o
                0x0800495c                EXTI0_IRQHandler
 .text.EXTI1_IRQHandler
                0x08004994       0x38 C:\Users\MightyDubster\Documents\Projects\pygmyos.code\gsm\pygmy_port.o
                0x08004994                EXTI1_IRQHandler
 .text.EXTI2_IRQHandler
                0x080049cc       0x38 C:\Users\MightyDubster\Documents\Projects\pygmyos.code\gsm\pygmy_port.o
                0x080049cc                EXTI2_IRQHandler
 .text.EXTI3_IRQHandler
                0x08004a04       0x38 C:\Users\MightyDubster\Documents\Projects\pygmyos.code\gsm\pygmy_port.o
                0x08004a04                EXTI3_IRQHandler
 .text.EXTI4_IRQHandler
                0x08004a3c       0x38 C:\Users\MightyDubster\Documents\Projects\pygmyos.code\gsm\pygmy_port.o
                0x08004a3c                EXTI4_IRQHandler
 .text.EXTI9_5_IRQHandler
                0x08004a74      0x158 C:\Users\MightyDubster\Documents\Projects\pygmyos.code\gsm\pygmy_port.o
                0x08004a74                EXTI9_5_IRQHandler
 .text.EXTI15_10_IRQHandler
                0x08004bcc      0x1a4 C:\Users\MightyDubster\Documents\Projects\pygmyos.code\gsm\pygmy_port.o
                0x08004bcc                EXTI15_10_IRQHandler
 .text.timeInit
                0x08004d70       0xe0 C:\Users\MightyDubster\Documents\Projects\pygmyos.code\gsm\pygmy_rtc.o
                0x08004d70                timeInit
 .text.timeGet  0x08004e50       0x14 C:\Users\MightyDubster\Documents\Projects\pygmyos.code\gsm\pygmy_rtc.o
                0x08004e50                timeGet
 .text.convertSecondsToSystemTime
                0x08004e64      0x130 C:\Users\MightyDubster\Documents\Projects\pygmyos.code\gsm\pygmy_rtc.o
                0x08004e64                convertSecondsToSystemTime
 .text.convertPinToString
                0x08004f94       0x44 C:\Users\MightyDubster\Documents\Projects\pygmyos.code\gsm\pygmy_string.o
                0x08004f94                convertPinToString
 .text.isCharInString
                0x08004fd8       0x1c C:\Users\MightyDubster\Documents\Projects\pygmyos.code\gsm\pygmy_string.o
                0x08004fd8                isCharInString
 .text.isAlpha  0x08004ff4       0x20 C:\Users\MightyDubster\Documents\Projects\pygmyos.code\gsm\pygmy_string.o
                0x08004ff4                isAlpha
 .text.isNumeric
                0x08005014       0x10 C:\Users\MightyDubster\Documents\Projects\pygmyos.code\gsm\pygmy_string.o
                0x08005014                isNumeric
 .text.isAlphaOrNumeric
                0x08005024       0x34 C:\Users\MightyDubster\Documents\Projects\pygmyos.code\gsm\pygmy_string.o
                0x08005024                isAlphaOrNumeric
 .text.isNewline
                0x08005058       0x24 C:\Users\MightyDubster\Documents\Projects\pygmyos.code\gsm\pygmy_string.o
                0x08005058                isNewline
 .text.isWhitespace
                0x0800507c       0x10 C:\Users\MightyDubster\Documents\Projects\pygmyos.code\gsm\pygmy_string.o
                0x0800507c                isWhitespace
 .text.isQuote  0x0800508c       0x14 C:\Users\MightyDubster\Documents\Projects\pygmyos.code\gsm\pygmy_string.o
                0x0800508c                isQuote
 .text.isFileSeparator
                0x080050a0        0xc C:\Users\MightyDubster\Documents\Projects\pygmyos.code\gsm\pygmy_string.o
                0x080050a0                isFileSeparator
 .text.isSeparator
                0x080050ac       0x18 C:\Users\MightyDubster\Documents\Projects\pygmyos.code\gsm\pygmy_string.o
                0x080050ac                isSeparator
 .text.isPunctuation
                0x080050c4       0x18 C:\Users\MightyDubster\Documents\Projects\pygmyos.code\gsm\pygmy_string.o
                0x080050c4                isPunctuation
 .text.len      0x080050dc       0x2c C:\Users\MightyDubster\Documents\Projects\pygmyos.code\gsm\pygmy_string.o
                0x080050dc                len
 .text.convertCharToUpper
                0x08005108       0x10 C:\Users\MightyDubster\Documents\Projects\pygmyos.code\gsm\pygmy_string.o
                0x08005108                convertCharToUpper
 .text.isCharSameIgnoreCase
                0x08005118       0x1c C:\Users\MightyDubster\Documents\Projects\pygmyos.code\gsm\pygmy_string.o
                0x08005118                isCharSameIgnoreCase
 .text.isStringSameIgnoreCase
                0x08005134       0x3c C:\Users\MightyDubster\Documents\Projects\pygmyos.code\gsm\pygmy_string.o
                0x08005134                isStringSameIgnoreCase
 .text.isStringSame
                0x08005170       0x3c C:\Users\MightyDubster\Documents\Projects\pygmyos.code\gsm\pygmy_string.o
                0x08005170                isStringSame
 .text.replaceChars
                0x080051ac       0x48 C:\Users\MightyDubster\Documents\Projects\pygmyos.code\gsm\pygmy_string.o
                0x080051ac                replaceChars
 .text.convertCharToInt
                0x080051f4       0x38 C:\Users\MightyDubster\Documents\Projects\pygmyos.code\gsm\pygmy_string.o
                0x080051f4                convertCharToInt
 .text.appendString
                0x0800522c       0x30 C:\Users\MightyDubster\Documents\Projects\pygmyos.code\gsm\pygmy_string.o
                0x0800522c                appendString
 .text.copyString
                0x0800525c       0x1c C:\Users\MightyDubster\Documents\Projects\pygmyos.code\gsm\pygmy_string.o
                0x0800525c                copyString
 .text.getNextSubString
                0x08005278      0x1d0 C:\Users\MightyDubster\Documents\Projects\pygmyos.code\gsm\pygmy_string.o
                0x08005278                getNextSubString
 .text.getAllSubStrings
                0x08005448       0x78 C:\Users\MightyDubster\Documents\Projects\pygmyos.code\gsm\pygmy_string.o
                0x08005448                getAllSubStrings
 .text.convertStringToInt
                0x080054c0       0xec C:\Users\MightyDubster\Documents\Projects\pygmyos.code\gsm\pygmy_string.o
                0x080054c0                convertStringToInt
 .text.convertIntToString
                0x080055ac      0x278 C:\Users\MightyDubster\Documents\Projects\pygmyos.code\gsm\pygmy_string.o
                0x080055ac                convertIntToString
 *fill*         0x08005824        0x4 00
 .text.convertFloatToString
                0x08005828      0x1b0 C:\Users\MightyDubster\Documents\Projects\pygmyos.code\gsm\pygmy_string.o
                0x08005828                convertFloatToString
 .text.convertStringToPin
                0x080059d8      0x100 C:\Users\MightyDubster\Documents\Projects\pygmyos.code\gsm\pygmy_string.o
                0x080059d8                convertStringToPin
 .text.TaskException_Handler
                0x08005ad8        0x4 C:\Users\MightyDubster\Documents\Projects\pygmyos.code\gsm\pygmy_sys.o
                0x08005ad8                TaskException_Handler
 .text.putsFILE
                0x08005adc       0x14 C:\Users\MightyDubster\Documents\Projects\pygmyos.code\gsm\pygmy_sys.o
                0x08005adc                putsFILE
 .text.sysAllocate
                0x08005af0        0x8 C:\Users\MightyDubster\Documents\Projects\pygmyos.code\gsm\pygmy_sys.o
                0x08005af0                sysAllocate
 .text.sysFree  0x08005af8        0x8 C:\Users\MightyDubster\Documents\Projects\pygmyos.code\gsm\pygmy_sys.o
                0x08005af8                sysFree
 .text.sysEnableTimerClock
                0x08005b00      0x178 C:\Users\MightyDubster\Documents\Projects\pygmyos.code\gsm\pygmy_sys.o
                0x08005b00                sysEnableTimerClock
 .text.sysEnableTimerInterrupt
                0x08005c78       0x18 C:\Users\MightyDubster\Documents\Projects\pygmyos.code\gsm\pygmy_sys.o
                0x08005c78                sysEnableTimerInterrupt
 .text.sysGetDelayTimer
                0x08005c90        0xc C:\Users\MightyDubster\Documents\Projects\pygmyos.code\gsm\pygmy_sys.o
                0x08005c90                sysGetDelayTimer
 .text.sysGetPWMTimer
                0x08005c9c        0xc C:\Users\MightyDubster\Documents\Projects\pygmyos.code\gsm\pygmy_sys.o
                0x08005c9c                sysGetPWMTimer
 .text.sysGetMainClock
                0x08005ca8        0xc C:\Users\MightyDubster\Documents\Projects\pygmyos.code\gsm\pygmy_sys.o
                0x08005ca8                sysGetMainClock
 .text.cmdListQueue
                0x08005cb4       0x10 C:\Users\MightyDubster\Documents\Projects\pygmyos.code\gsm\pygmy_sys.o
                0x08005cb4                cmdListQueue
 .text.sysGenerateBit
                0x08005cc4       0x28 C:\Users\MightyDubster\Documents\Projects\pygmyos.code\gsm\pygmy_sys.o
                0x08005cc4                sysGenerateBit
 .text.taskInit
                0x08005cec       0x48 C:\Users\MightyDubster\Documents\Projects\pygmyos.code\gsm\pygmy_sys.o
                0x08005cec                taskInit
 .text.taskGetCount
                0x08005d34        0x8 C:\Users\MightyDubster\Documents\Projects\pygmyos.code\gsm\pygmy_sys.o
                0x08005d34                taskGetCount
 .text.taskDelete
                0x08005d3c       0x7c C:\Users\MightyDubster\Documents\Projects\pygmyos.code\gsm\pygmy_sys.o
                0x08005d3c                taskDelete
 .text.taskProcess
                0x08005db8       0x74 C:\Users\MightyDubster\Documents\Projects\pygmyos.code\gsm\pygmy_sys.o
                0x08005db8                taskProcess
 .text.msgInit  0x08005e2c       0x3c C:\Users\MightyDubster\Documents\Projects\pygmyos.code\gsm\pygmy_sys.o
                0x08005e2c                msgInit
 .text.sysInit  0x08005e68      0x100 C:\Users\MightyDubster\Documents\Projects\pygmyos.code\gsm\pygmy_sys.o
                0x08005e68                sysInit
 .text.msgGetIndex
                0x08005f68       0x4c C:\Users\MightyDubster\Documents\Projects\pygmyos.code\gsm\pygmy_sys.o
                0x08005f68                msgGetIndex
 .text.msgDelete
                0x08005fb4       0x3c C:\Users\MightyDubster\Documents\Projects\pygmyos.code\gsm\pygmy_sys.o
                0x08005fb4                msgDelete
 .text.msgProcess
                0x08005ff0       0xc0 C:\Users\MightyDubster\Documents\Projects\pygmyos.code\gsm\pygmy_sys.o
                0x08005ff0                msgProcess
 .text.msgList  0x080060b0       0x28 C:\Users\MightyDubster\Documents\Projects\pygmyos.code\gsm\pygmy_sys.o
                0x080060b0                msgList
 .text.sysGetFile
                0x080060d8        0x8 C:\Users\MightyDubster\Documents\Projects\pygmyos.code\gsm\pygmy_sys.o
                0x080060d8                sysGetFile
 .text.descriptorGetID
                0x080060e0       0x20 C:\Users\MightyDubster\Documents\Projects\pygmyos.code\gsm\pygmy_sys.o
                0x080060e0                descriptorGetID
 .text.print    0x08006100      0x288 C:\Users\MightyDubster\Documents\Projects\pygmyos.code\gsm\pygmy_sys.o
                0x08006100                print
 .text.sysGetTimer
                0x08006388       0xcc C:\Users\MightyDubster\Documents\Projects\pygmyos.code\gsm\pygmy_sys.o
                0x08006388                sysGetTimer
 .text.SysTick_Handler
                0x08006454       0x44 C:\Users\MightyDubster\Documents\Projects\pygmyos.code\gsm\pygmy_sys.o
                0x08006454                SysTick_Handler
 .text.cmdNull  0x08006498        0x8 C:\Users\MightyDubster\Documents\Projects\pygmyos.code\gsm\pygmy_cmd.o
                0x08006498                cmdNull
 .text.cmd_reset
                0x080064a0       0x18 C:\Users\MightyDubster\Documents\Projects\pygmyos.code\gsm\pygmy_cmd.o
                0x080064a0                cmd_reset
 .text.cmd_peek
                0x080064b8        0x8 C:\Users\MightyDubster\Documents\Projects\pygmyos.code\gsm\pygmy_cmd.o
                0x080064b8                cmd_peek
 .text.cmd_poke
                0x080064c0        0x8 C:\Users\MightyDubster\Documents\Projects\pygmyos.code\gsm\pygmy_cmd.o
                0x080064c0                cmd_poke
 .text.cmd_kill
                0x080064c8        0x8 C:\Users\MightyDubster\Documents\Projects\pygmyos.code\gsm\pygmy_cmd.o
                0x080064c8                cmd_kill
 .text.cmd_set  0x080064d0       0x1c C:\Users\MightyDubster\Documents\Projects\pygmyos.code\gsm\pygmy_cmd.o
                0x080064d0                cmd_set
 .text.cmd_write
                0x080064ec       0x14 C:\Users\MightyDubster\Documents\Projects\pygmyos.code\gsm\pygmy_cmd.o
                0x080064ec                cmd_write
 .text.cmd_cp   0x08006500       0x20 C:\Users\MightyDubster\Documents\Projects\pygmyos.code\gsm\pygmy_cmd.o
                0x08006500                cmd_cp
 .text.cmd_mv   0x08006520       0x1c C:\Users\MightyDubster\Documents\Projects\pygmyos.code\gsm\pygmy_cmd.o
                0x08006520                cmd_mv
 .text.cmd_open
                0x0800653c       0x70 C:\Users\MightyDubster\Documents\Projects\pygmyos.code\gsm\pygmy_cmd.o
                0x0800653c                cmd_open
 .text.cmd_close
                0x080065ac       0x10 C:\Users\MightyDubster\Documents\Projects\pygmyos.code\gsm\pygmy_cmd.o
                0x080065ac                cmd_close
 .text.cmd_rm   0x080065bc       0x10 C:\Users\MightyDubster\Documents\Projects\pygmyos.code\gsm\pygmy_cmd.o
                0x080065bc                cmd_rm
 .text.cmd_ls   0x080065cc       0x10 C:\Users\MightyDubster\Documents\Projects\pygmyos.code\gsm\pygmy_cmd.o
                0x080065cc                cmd_ls
 .text.cmd_read
                0x080065dc       0xec C:\Users\MightyDubster\Documents\Projects\pygmyos.code\gsm\pygmy_cmd.o
                0x080065dc                cmd_read
 .text.cmd_format
                0x080066c8       0x14 C:\Users\MightyDubster\Documents\Projects\pygmyos.code\gsm\pygmy_cmd.o
                0x080066c8                cmd_format
 .text.cmd_mnt  0x080066dc        0xc C:\Users\MightyDubster\Documents\Projects\pygmyos.code\gsm\pygmy_cmd.o
                0x080066dc                cmd_mnt
 .text.cmd_pinconfig
                0x080066e8       0x90 C:\Users\MightyDubster\Documents\Projects\pygmyos.code\gsm\pygmy_cmd.o
                0x080066e8                cmd_pinconfig
 .text.cmd_pinpwm
                0x08006778       0x3c C:\Users\MightyDubster\Documents\Projects\pygmyos.code\gsm\pygmy_cmd.o
                0x08006778                cmd_pinpwm
 .text.cmd_pinanalog
                0x080067b4       0x38 C:\Users\MightyDubster\Documents\Projects\pygmyos.code\gsm\pygmy_cmd.o
                0x080067b4                cmd_pinanalog
 .text.cmd_pinget
                0x080067ec       0x2c C:\Users\MightyDubster\Documents\Projects\pygmyos.code\gsm\pygmy_cmd.o
                0x080067ec                cmd_pinget
 .text.cmd_pinset
                0x08006818       0xa0 C:\Users\MightyDubster\Documents\Projects\pygmyos.code\gsm\pygmy_cmd.o
                0x08006818                cmd_pinset
 .text.cmd_pinevent
                0x080068b8       0x68 C:\Users\MightyDubster\Documents\Projects\pygmyos.code\gsm\pygmy_cmd.o
                0x080068b8                cmd_pinevent
 .text.cmdPinEvent
                0x08006920       0x74 C:\Users\MightyDubster\Documents\Projects\pygmyos.code\gsm\pygmy_cmd.o
                0x08006920                cmdPinEvent
 .text.cmd_ps   0x08006994      0x13c C:\Users\MightyDubster\Documents\Projects\pygmyos.code\gsm\pygmy_cmd.o
                0x08006994                cmd_ps
 .text.cmdInit  0x08006ad0       0x78 C:\Users\MightyDubster\Documents\Projects\pygmyos.code\gsm\pygmy_cmd.o
                0x08006ad0                cmdInit
 .text.cmdExecute
                0x08006b48       0xb0 C:\Users\MightyDubster\Documents\Projects\pygmyos.code\gsm\pygmy_cmd.o
                0x08006b48                cmdExecute
 .text.cmdGetsCOM3
                0x08006bf8       0x34 C:\Users\MightyDubster\Documents\Projects\pygmyos.code\gsm\pygmy_cmd.o
                0x08006bf8                cmdGetsCOM3
 .text.cmdGetsCOM2
                0x08006c2c       0x34 C:\Users\MightyDubster\Documents\Projects\pygmyos.code\gsm\pygmy_cmd.o
                0x08006c2c                cmdGetsCOM2
 .text.cmdOpenPort
                0x08006c60      0x128 C:\Users\MightyDubster\Documents\Projects\pygmyos.code\gsm\pygmy_cmd.o
                0x08006c60                cmdOpenPort
 .text.cmdWritePort
                0x08006d88       0x68 C:\Users\MightyDubster\Documents\Projects\pygmyos.code\gsm\pygmy_cmd.o
                0x08006d88                cmdWritePort
 .text.cmdReadPort
                0x08006df0       0x6c C:\Users\MightyDubster\Documents\Projects\pygmyos.code\gsm\pygmy_cmd.o
                0x08006df0                cmdReadPort
 .text.cmd_port
                0x08006e5c      0x30c C:\Users\MightyDubster\Documents\Projects\pygmyos.code\gsm\pygmy_cmd.o
                0x08006e5c                cmd_port
 .text.__io_putchar
                0x08007168      0x16c C:\Program Files (x86)\Raisonance\Ride\Lib\ARM\STM32x_io_putchar_thumb.a(STM32F10X_io_putchar.o)
                0x08007168                __io_putchar
 .text._write   0x080072d4        0x4 C:\Program Files (x86)\Raisonance\Ride\Lib\ARM\std_sbrk_thumb.lib(write.o)
                0x080072d4                _write
 .text._sbrk    0x080072d8       0x30 C:\Program Files (x86)\Raisonance\Ride\Lib\ARM\std_sbrk_thumb.lib(sbrk.o)
                0x080072d8                _sbrk
 *(.rodata)
 .rodata        0x08007308       0x14 C:\Users\MightyDubster\Documents\Projects\pygmyos.code\gsm\pygmy_adc.o
                0x08007308                PYGMY_ADC_CHANNELS
 .rodata        0x0800731c       0x28 C:\Users\MightyDubster\Documents\Projects\pygmyos.code\gsm\pygmy_nvic.o
                0x0800731c                PYGMY_TIMERVECTORS_L15X
                0x08007330                PYGMY_TIMERVECTORS
 .rodata        0x08007344      0x134 C:\Users\MightyDubster\Documents\Projects\pygmyos.code\gsm\pygmy_string.o
                0x08007344                PYGMYNEBULAPINS
                0x08007424                PYGMYHEXCHARS
                0x08007434                PYGMYBASE64CHARS
 .rodata        0x08007478       0x1c C:\Users\MightyDubster\Documents\Projects\pygmyos.code\gsm\pygmy_sys.o
                0x08007488                PYGMY_DAYSINMONTH
 .rodata        0x08007494       0xc8 C:\Users\MightyDubster\Documents\Projects\pygmyos.code\gsm\pygmy_cmd.o
                0x08007494                PYGMYSTDCOMMANDS
                0x0800754c                PYGMYCORECOMMANDS
 *(.rodata*)
 .rodata.str1.4
                0x00000000        0x0 C:\Users\MightyDubster\Documents\Projects\pygmyos.code\gsm\pygmy_com.o
                                  0x4 (size before relaxing)
 .rodata.str1.4
                0x0800755c      0x162 C:\Users\MightyDubster\Documents\Projects\pygmyos.code\gsm\pygmy_file.o
                                0x168 (size before relaxing)
 *fill*         0x080076be        0x2 00
 .rodata.str1.4
                0x080076c0       0xe3 C:\Users\MightyDubster\Documents\Projects\pygmyos.code\gsm\pygmy_string.o
                                 0xf0 (size before relaxing)
 *fill*         0x080077a3        0x1 00
 .rodata.str1.4
                0x080077a4       0x41 C:\Users\MightyDubster\Documents\Projects\pygmyos.code\gsm\pygmy_sys.o
                                 0x48 (size before relaxing)
 *fill*         0x080077e5        0x3 00
 .rodata.str1.4
                0x080077e8      0x371 C:\Users\MightyDubster\Documents\Projects\pygmyos.code\gsm\pygmy_cmd.o
                                0x38c (size before relaxing)
 *fill*         0x08007b59        0x3 00
 .rodata.str1.4
                0x08007b5c        0x4 c:/program files (x86)/raisonance/ride/arm-gcc/bin/../lib/gcc/arm-none-eabi/4.5.1/../../../../arm-none-eabi/lib/thumb2\libc.a(lib_a-impure.o)
 *(.glue_7)
 .glue_7        0x00000000        0x0 linker stubs
 *(.glue_7t)
 .glue_7t       0x00000000        0x0 linker stubs
                0x08007b60                . = ALIGN (0x4)
                0x08007b60                _etext = .
                0x08007b60                _sidata = _etext

.vfp11_veneer   0x08007b60        0x0
 .vfp11_veneer  0x00000000        0x0 linker stubs

.v4_bx          0x08007b60        0x0
 .v4_bx         0x00000000        0x0 linker stubs

.flashpatch     0x00000000        0x0
                0x00000000                . = ALIGN (0x4)
 *(.flashpatch)
                0x00000000                . = ALIGN (0x4)

.endflash       0x00000000        0x0
                0x00000000                . = ALIGN (0x4)
 *(.endflash)
                0x00000000                . = ALIGN (0x4)
                0x00000000                _e_endflash = .

.data           0x20000000      0x504 load address 0x08007b60
                0x20000000                . = ALIGN (0x4)
                0x20000000                _sdata = .
                0x20000000                _data = .
 *(.data)
 .data          0x20000000      0x410 c:/program files (x86)/raisonance/ride/arm-gcc/bin/../lib/gcc/arm-none-eabi/4.5.1/../../../../arm-none-eabi/lib/thumb2\libc.a(lib_a-mallocr.o)
                0x20000000                __malloc_av_
                0x20000408                __malloc_sbrk_base
                0x2000040c                __malloc_trim_threshold
 .data          0x20000410       0xf4 c:/program files (x86)/raisonance/ride/arm-gcc/bin/../lib/gcc/arm-none-eabi/4.5.1/../../../../arm-none-eabi/lib/thumb2\libc.a(lib_a-impure.o)
                0x20000410                _impure_ptr
 *(.data.*)
 *(.RAMtext)
                0x20000504                . = ALIGN (0x4)
                0x20000504                _edata = .
                0x08008064                _eidata = ((_sidata + _edata) - _sdata)
                0x08010000                _lastdataromaddress = 0x8010000
                0x00000000                toobig = (_eidata > _lastdataromaddress)?!!!!!!!!! FLASH IS FULL !!!!!!!!!:0x0

.bss            0x20000504      0x774 load address 0x08008064
                0x20000504                . = ALIGN (0x4)
                0x20000504                _sbss = .
                0x20000504                _bss = .
 *(.bss)
 .bss           0x20000504        0x2 C:\Users\MightyDubster\Documents\Projects\pygmyos.code\gsm\pygmy_adc.o
                0x20000504                globalADCStatus
 .bss           0x20000506        0x1 C:\Users\MightyDubster\Documents\Projects\pygmyos.code\gsm\pygmy_com.o
                0x20000506                globalSTDIO
 *fill*         0x20000507        0x1 00
 .bss           0x20000508       0x8c C:\Users\MightyDubster\Documents\Projects\pygmyos.code\gsm\pygmy_file.o
 .bss           0x20000594        0x4 C:\Users\MightyDubster\Documents\Projects\pygmyos.code\gsm\pygmy_port.o
                0x20000594                globalPygmyPWMCR
 .bss           0x20000598        0x8 C:\Users\MightyDubster\Documents\Projects\pygmyos.code\gsm\pygmy_string.o
 .bss           0x200005a0       0x34 c:/program files (x86)/raisonance/ride/arm-gcc/bin/../lib/gcc/arm-none-eabi/4.5.1/../../../../arm-none-eabi/lib/thumb2\libc.a(lib_a-mallocr.o)
                0x200005a0                __malloc_top_pad
                0x200005a4                __malloc_current_mallinfo
                0x200005cc                __malloc_max_sbrked_mem
                0x200005d0                __malloc_max_total_mem
 .bss           0x200005d4        0x4 C:\Program Files (x86)\Raisonance\Ride\Lib\ARM\std_sbrk_thumb.lib(sbrk.o)
 *(COMMON)
 COMMON         0x200005d8      0x194 C:\Users\MightyDubster\Documents\Projects\pygmyos.code\gsm\pygmy_com.o
                0x200005d8                globalCOM3RXBuffer
                0x20000658                globalStreams
                0x200006e8                globalStreamEcho
                0x200006ec                globalCOM2RXBuffer
 COMMON         0x2000076c       0x58 C:\Users\MightyDubster\Documents\Projects\pygmyos.code\gsm\pygmy_file.o
                0x2000076c                pygmyRootVolume
                0x200007a8                pygmyFlashSPI
 COMMON         0x200007c4       0xd8 C:\Users\MightyDubster\Documents\Projects\pygmyos.code\gsm\pygmy_port.o
                0x200007c4                globalIRQPins
                0x200007d4                globalIRQPR
                0x200007d8                globalIRQHandlers
                0x20000818                globalPygmyPWM
                0x20000898                globalPygmyPWMFreq
 COMMON         0x2000089c      0x364 C:\Users\MightyDubster\Documents\Projects\pygmyos.code\gsm\pygmy_sys.o
                0x2000089c                pygmyGlobalMessages
                0x20000a2c                pygmyGlobalData
                0x20000a4c                pygmyGlobalTasks
                0x20000bf0                pygmyGlobalQueues
 COMMON         0x20000c00       0x74 C:\Users\MightyDubster\Documents\Projects\pygmyos.code\gsm\pygmy_cmd.o
                0x20000c00                globalCMDPorts
                0x20000c08                globalCMDUnsupported
                0x20000c0c                globalCMDError
                0x20000c10                globalSPIPorts
                0x20000c48                globalI2CPorts
                0x20000c70                globalCMDPrompt
 COMMON         0x20000c74        0x4 c:/program files (x86)/raisonance/ride/arm-gcc/bin/../lib/gcc/arm-none-eabi/4.5.1/../../../../arm-none-eabi/lib/thumb2\libc.a(lib_a-reent.o)
                0x20000c74                errno
                0x20000c78                . = ALIGN (0x4)
                0x20000c78                _ebss = .
                0x20000c78                PROVIDE (end, _ebss)
                0x20000c78                PROVIDE (_end, _ebss)

._usrstack      0x20000c78      0x100 load address 0x080087d8
                0x20000c78                . = ALIGN (0x4)
                0x20000c78                _susrstack = .
                0x20000d78                . = (. + _Minimum_Stack_Size)
 *fill*         0x20000c78      0x100 00
                0x20000d78                . = ALIGN (0x4)
                0x20000d78                _eusrstack = .

.b1text
 *(.b1text)
 *(.b1rodata)
 *(.b1rodata*)

.eb0text
 *(.eb0text)
 *(.eb0rodata)
 *(.eb0rodata*)

.eb1text
 *(.eb1text)
 *(.eb1rodata)
 *(.eb1rodata*)

.eb2text
 *(.eb2text)
 *(.eb2rodata)
 *(.eb2rodata*)

.eb3text
 *(.eb3text)
 *(.eb3rodata)
 *(.eb3rodata*)
                0x20000d78                __exidx_start = .
                0x20000d78                __exidx_end = .

/DISCARD/
 libc.a(*)
 libm.a(*)
 libgcc.a(*)

.stab
 *(.stab)

.stabstr
 *(.stabstr)

.stab.excl
 *(.stab.excl)

.stab.exclstr
 *(.stab.exclstr)

.stab.index
 *(.stab.index)

.stab.indexstr
 *(.stab.indexstr)

.ARM.attributes
                0x00000000       0x2d
 .ARM.attributes
                0x00000000       0x21 C:\Program Files (x86)\Raisonance\Ride\Lib\ARM\startup_stm32f10x_md.o
 .ARM.attributes
                0x00000021       0x31 C:\Users\MightyDubster\Documents\Projects\pygmyos.code\gsm\main.o
 .ARM.attributes
                0x00000052       0x31 C:\Users\MightyDubster\Documents\Projects\pygmyos.code\gsm\pygmy_adc.o
 .ARM.attributes
                0x00000083       0x31 C:\Users\MightyDubster\Documents\Projects\pygmyos.code\gsm\pygmy_com.o
 .ARM.attributes
                0x000000b4       0x31 C:\Users\MightyDubster\Documents\Projects\pygmyos.code\gsm\pygmy_file.o
 .ARM.attributes
                0x000000e5       0x31 C:\Users\MightyDubster\Documents\Projects\pygmyos.code\gsm\pygmy_nvic.o
 .ARM.attributes
                0x00000116       0x31 C:\Users\MightyDubster\Documents\Projects\pygmyos.code\gsm\pygmy_port.o
 .ARM.attributes
                0x00000147       0x31 C:\Users\MightyDubster\Documents\Projects\pygmyos.code\gsm\pygmy_rtc.o
 .ARM.attributes
                0x00000178       0x31 C:\Users\MightyDubster\Documents\Projects\pygmyos.code\gsm\pygmy_string.o
 .ARM.attributes
                0x000001a9       0x31 C:\Users\MightyDubster\Documents\Projects\pygmyos.code\gsm\pygmy_sys.o
 .ARM.attributes
                0x000001da       0x31 C:\Users\MightyDubster\Documents\Projects\pygmyos.code\gsm\gsmModem.o
 .ARM.attributes
                0x0000020b       0x31 C:\Users\MightyDubster\Documents\Projects\pygmyos.code\gsm\pygmy_cmd.o
 .ARM.attributes
                0x0000023c       0x31 C:\Program Files (x86)\Raisonance\Ride\Lib\ARM\STM32x_io_putchar_thumb.a(STM32F10X_io_putchar.o)
 .ARM.attributes
                0x0000026d       0x2e C:\Program Files (x86)\Raisonance\Ride\Lib\ARM\std_sbrk_thumb.lib(write.o)
 .ARM.attributes
                0x0000029b       0x2e C:\Program Files (x86)\Raisonance\Ride\Lib\ARM\std_sbrk_thumb.lib(sbrk.o)

.comment        0x00000000       0xa9
 *(.comment)
 .comment       0x00000000       0x2a C:\Users\MightyDubster\Documents\Projects\pygmyos.code\gsm\main.o
                                 0x2b (size before relaxing)
 .comment       0x00000000       0x2b C:\Users\MightyDubster\Documents\Projects\pygmyos.code\gsm\pygmy_adc.o
 .comment       0x00000000       0x2b C:\Users\MightyDubster\Documents\Projects\pygmyos.code\gsm\pygmy_com.o
 .comment       0x00000000       0x2b C:\Users\MightyDubster\Documents\Projects\pygmyos.code\gsm\pygmy_file.o
 .comment       0x00000000       0x2b C:\Users\MightyDubster\Documents\Projects\pygmyos.code\gsm\pygmy_nvic.o
 .comment       0x00000000       0x2b C:\Users\MightyDubster\Documents\Projects\pygmyos.code\gsm\pygmy_port.o
 .comment       0x00000000       0x2b C:\Users\MightyDubster\Documents\Projects\pygmyos.code\gsm\pygmy_rtc.o
 .comment       0x00000000       0x2b C:\Users\MightyDubster\Documents\Projects\pygmyos.code\gsm\pygmy_string.o
 .comment       0x00000000       0x2b C:\Users\MightyDubster\Documents\Projects\pygmyos.code\gsm\pygmy_sys.o
 .comment       0x00000000       0x2b C:\Users\MightyDubster\Documents\Projects\pygmyos.code\gsm\gsmModem.o
 .comment       0x00000000       0x2b C:\Users\MightyDubster\Documents\Projects\pygmyos.code\gsm\pygmy_cmd.o
 .comment       0x0000002a       0x2b C:\Program Files (x86)\Raisonance\Ride\Lib\ARM\STM32x_io_putchar_thumb.a(STM32F10X_io_putchar.o)
 .comment       0x00000055       0x2a C:\Program Files (x86)\Raisonance\Ride\Lib\ARM\std_sbrk_thumb.lib(write.o)
 .comment       0x0000007f       0x2a C:\Program Files (x86)\Raisonance\Ride\Lib\ARM\std_sbrk_thumb.lib(sbrk.o)

.debug
 *(.debug)

.line
 *(.line)

.debug_srcinfo
 *(.debug_srcinfo)

.debug_sfnames
 *(.debug_sfnames)

.debug_aranges  0x00000000      0xfa8
 *(.debug_aranges)
 .debug_aranges
                0x00000000       0x20 C:\Users\MightyDubster\Documents\Projects\pygmyos.code\gsm\main.o
 .debug_aranges
                0x00000020       0x88 C:\Users\MightyDubster\Documents\Projects\pygmyos.code\gsm\pygmy_adc.o
 .debug_aranges
                0x000000a8      0x2a8 C:\Users\MightyDubster\Documents\Projects\pygmyos.code\gsm\pygmy_com.o
 .debug_aranges
                0x00000350      0x1c8 C:\Users\MightyDubster\Documents\Projects\pygmyos.code\gsm\pygmy_file.o
 .debug_aranges
                0x00000518       0x38 C:\Users\MightyDubster\Documents\Projects\pygmyos.code\gsm\pygmy_nvic.o
 .debug_aranges
                0x00000550      0x110 C:\Users\MightyDubster\Documents\Projects\pygmyos.code\gsm\pygmy_port.o
 .debug_aranges
                0x00000660       0x68 C:\Users\MightyDubster\Documents\Projects\pygmyos.code\gsm\pygmy_rtc.o
 .debug_aranges
                0x000006c8      0x1a8 C:\Users\MightyDubster\Documents\Projects\pygmyos.code\gsm\pygmy_string.o
 .debug_aranges
                0x00000870      0x278 C:\Users\MightyDubster\Documents\Projects\pygmyos.code\gsm\pygmy_sys.o
 .debug_aranges
                0x00000ae8      0x348 C:\Users\MightyDubster\Documents\Projects\pygmyos.code\gsm\gsmModem.o
 .debug_aranges
                0x00000e30      0x178 C:\Users\MightyDubster\Documents\Projects\pygmyos.code\gsm\pygmy_cmd.o

.debug_pubnames
                0x00000000     0x2856
 *(.debug_pubnames)
 .debug_pubnames
                0x00000000       0x1b C:\Users\MightyDubster\Documents\Projects\pygmyos.code\gsm\main.o
 .debug_pubnames
                0x0000001b      0x171 C:\Users\MightyDubster\Documents\Projects\pygmyos.code\gsm\pygmy_adc.o
 .debug_pubnames
                0x0000018c      0x650 C:\Users\MightyDubster\Documents\Projects\pygmyos.code\gsm\pygmy_com.o
 .debug_pubnames
                0x000007dc      0x41f C:\Users\MightyDubster\Documents\Projects\pygmyos.code\gsm\pygmy_file.o
 .debug_pubnames
                0x00000bfb       0xa3 C:\Users\MightyDubster\Documents\Projects\pygmyos.code\gsm\pygmy_nvic.o
 .debug_pubnames
                0x00000c9e      0x2e2 C:\Users\MightyDubster\Documents\Projects\pygmyos.code\gsm\pygmy_port.o
 .debug_pubnames
                0x00000f80       0xd1 C:\Users\MightyDubster\Documents\Projects\pygmyos.code\gsm\pygmy_rtc.o
 .debug_pubnames
                0x00001051      0x426 C:\Users\MightyDubster\Documents\Projects\pygmyos.code\gsm\pygmy_string.o
 .debug_pubnames
                0x00001477      0x577 C:\Users\MightyDubster\Documents\Projects\pygmyos.code\gsm\pygmy_sys.o
 .debug_pubnames
                0x000019ee      0xb1d C:\Users\MightyDubster\Documents\Projects\pygmyos.code\gsm\gsmModem.o
 .debug_pubnames
                0x0000250b      0x34b C:\Users\MightyDubster\Documents\Projects\pygmyos.code\gsm\pygmy_cmd.o

.debug_info     0x00000000     0xc687
 *(.debug_info .gnu.linkonce.wi.*)
 .debug_info    0x00000000       0x81 C:\Users\MightyDubster\Documents\Projects\pygmyos.code\gsm\main.o
 .debug_info    0x00000081      0x877 C:\Users\MightyDubster\Documents\Projects\pygmyos.code\gsm\pygmy_adc.o
 .debug_info    0x000008f8     0x1c55 C:\Users\MightyDubster\Documents\Projects\pygmyos.code\gsm\pygmy_com.o
 .debug_info    0x0000254d     0x16fc C:\Users\MightyDubster\Documents\Projects\pygmyos.code\gsm\pygmy_file.o
 .debug_info    0x00003c49      0x3a7 C:\Users\MightyDubster\Documents\Projects\pygmyos.code\gsm\pygmy_nvic.o
 .debug_info    0x00003ff0     0x12f5 C:\Users\MightyDubster\Documents\Projects\pygmyos.code\gsm\pygmy_port.o
 .debug_info    0x000052e5      0x54e C:\Users\MightyDubster\Documents\Projects\pygmyos.code\gsm\pygmy_rtc.o
 .debug_info    0x00005833     0x1337 C:\Users\MightyDubster\Documents\Projects\pygmyos.code\gsm\pygmy_string.o
 .debug_info    0x00006b6a     0x213f C:\Users\MightyDubster\Documents\Projects\pygmyos.code\gsm\pygmy_sys.o
 .debug_info    0x00008ca9     0x24ed C:\Users\MightyDubster\Documents\Projects\pygmyos.code\gsm\gsmModem.o
 .debug_info    0x0000b196     0x14f1 C:\Users\MightyDubster\Documents\Projects\pygmyos.code\gsm\pygmy_cmd.o

.debug_abbrev   0x00000000     0x181f
 *(.debug_abbrev)
 .debug_abbrev  0x00000000       0x3f C:\Users\MightyDubster\Documents\Projects\pygmyos.code\gsm\main.o
 .debug_abbrev  0x0000003f      0x1ea C:\Users\MightyDubster\Documents\Projects\pygmyos.code\gsm\pygmy_adc.o
 .debug_abbrev  0x00000229      0x2f3 C:\Users\MightyDubster\Documents\Projects\pygmyos.code\gsm\pygmy_com.o
 .debug_abbrev  0x0000051c      0x278 C:\Users\MightyDubster\Documents\Projects\pygmyos.code\gsm\pygmy_file.o
 .debug_abbrev  0x00000794      0x114 C:\Users\MightyDubster\Documents\Projects\pygmyos.code\gsm\pygmy_nvic.o
 .debug_abbrev  0x000008a8      0x2b6 C:\Users\MightyDubster\Documents\Projects\pygmyos.code\gsm\pygmy_port.o
 .debug_abbrev  0x00000b5e      0x18e C:\Users\MightyDubster\Documents\Projects\pygmyos.code\gsm\pygmy_rtc.o
 .debug_abbrev  0x00000cec      0x241 C:\Users\MightyDubster\Documents\Projects\pygmyos.code\gsm\pygmy_string.o
 .debug_abbrev  0x00000f2d      0x382 C:\Users\MightyDubster\Documents\Projects\pygmyos.code\gsm\pygmy_sys.o
 .debug_abbrev  0x000012af      0x2d9 C:\Users\MightyDubster\Documents\Projects\pygmyos.code\gsm\gsmModem.o
 .debug_abbrev  0x00001588      0x297 C:\Users\MightyDubster\Documents\Projects\pygmyos.code\gsm\pygmy_cmd.o

.debug_line     0x00000000     0x3de8
 *(.debug_line)
 .debug_line    0x00000000       0x70 C:\Users\MightyDubster\Documents\Projects\pygmyos.code\gsm\main.o
 .debug_line    0x00000070      0x1fd C:\Users\MightyDubster\Documents\Projects\pygmyos.code\gsm\pygmy_adc.o
 .debug_line    0x0000026d      0x902 C:\Users\MightyDubster\Documents\Projects\pygmyos.code\gsm\pygmy_com.o
 .debug_line    0x00000b6f      0x7d9 C:\Users\MightyDubster\Documents\Projects\pygmyos.code\gsm\pygmy_file.o
 .debug_line    0x00001348       0xe6 C:\Users\MightyDubster\Documents\Projects\pygmyos.code\gsm\pygmy_nvic.o
 .debug_line    0x0000142e      0x49b C:\Users\MightyDubster\Documents\Projects\pygmyos.code\gsm\pygmy_port.o
 .debug_line    0x000018c9      0x1ed C:\Users\MightyDubster\Documents\Projects\pygmyos.code\gsm\pygmy_rtc.o
 .debug_line    0x00001ab6      0x81c C:\Users\MightyDubster\Documents\Projects\pygmyos.code\gsm\pygmy_string.o
 .debug_line    0x000022d2      0xa2e C:\Users\MightyDubster\Documents\Projects\pygmyos.code\gsm\pygmy_sys.o
 .debug_line    0x00002d00      0xab7 C:\Users\MightyDubster\Documents\Projects\pygmyos.code\gsm\gsmModem.o
 .debug_line    0x000037b7      0x631 C:\Users\MightyDubster\Documents\Projects\pygmyos.code\gsm\pygmy_cmd.o

.debug_frame    0x00000000     0x2d18
 *(.debug_frame)
 .debug_frame   0x00000000       0x28 C:\Users\MightyDubster\Documents\Projects\pygmyos.code\gsm\main.o
 .debug_frame   0x00000028      0x10c C:\Users\MightyDubster\Documents\Projects\pygmyos.code\gsm\pygmy_adc.o
 .debug_frame   0x00000134      0x788 C:\Users\MightyDubster\Documents\Projects\pygmyos.code\gsm\pygmy_com.o
 .debug_frame   0x000008bc      0x604 C:\Users\MightyDubster\Documents\Projects\pygmyos.code\gsm\pygmy_file.o
 .debug_frame   0x00000ec0       0x60 C:\Users\MightyDubster\Documents\Projects\pygmyos.code\gsm\pygmy_nvic.o
 .debug_frame   0x00000f20      0x2d0 C:\Users\MightyDubster\Documents\Projects\pygmyos.code\gsm\pygmy_port.o
 .debug_frame   0x000011f0       0xd0 C:\Users\MightyDubster\Documents\Projects\pygmyos.code\gsm\pygmy_rtc.o
 .debug_frame   0x000012c0      0x4c0 C:\Users\MightyDubster\Documents\Projects\pygmyos.code\gsm\pygmy_string.o
 .debug_frame   0x00001780      0x704 C:\Users\MightyDubster\Documents\Projects\pygmyos.code\gsm\pygmy_sys.o
 .debug_frame   0x00001e84      0xa34 C:\Users\MightyDubster\Documents\Projects\pygmyos.code\gsm\gsmModem.o
 .debug_frame   0x000028b8      0x460 C:\Users\MightyDubster\Documents\Projects\pygmyos.code\gsm\pygmy_cmd.o

.debug_str      0x00000000     0x32dc
 *(.debug_str)
 .debug_str     0x00000000       0x9e C:\Users\MightyDubster\Documents\Projects\pygmyos.code\gsm\main.o
                                 0xd7 (size before relaxing)
 .debug_str     0x0000009e      0x325 C:\Users\MightyDubster\Documents\Projects\pygmyos.code\gsm\pygmy_adc.o
                                0x3b5 (size before relaxing)
 .debug_str     0x000003c3      0x852 C:\Users\MightyDubster\Documents\Projects\pygmyos.code\gsm\pygmy_com.o
                                0x973 (size before relaxing)
 .debug_str     0x00000c15      0x5eb C:\Users\MightyDubster\Documents\Projects\pygmyos.code\gsm\pygmy_file.o
                                0x89a (size before relaxing)
 .debug_str     0x00001200      0x14b C:\Users\MightyDubster\Documents\Projects\pygmyos.code\gsm\pygmy_nvic.o
                                0x20d (size before relaxing)
 .debug_str     0x0000134b      0x546 C:\Users\MightyDubster\Documents\Projects\pygmyos.code\gsm\pygmy_port.o
                                0x787 (size before relaxing)
 .debug_str     0x00001891      0x1a7 C:\Users\MightyDubster\Documents\Projects\pygmyos.code\gsm\pygmy_rtc.o
                                0x2e7 (size before relaxing)
 .debug_str     0x00001a38      0x50d C:\Users\MightyDubster\Documents\Projects\pygmyos.code\gsm\pygmy_string.o
                                0x6e4 (size before relaxing)
 .debug_str     0x00001f45      0x67b C:\Users\MightyDubster\Documents\Projects\pygmyos.code\gsm\pygmy_sys.o
                                0xc63 (size before relaxing)
 .debug_str     0x000025c0      0x9a8 C:\Users\MightyDubster\Documents\Projects\pygmyos.code\gsm\gsmModem.o
                                0xca2 (size before relaxing)
 .debug_str     0x00002f68      0x374 C:\Users\MightyDubster\Documents\Projects\pygmyos.code\gsm\pygmy_cmd.o
                                0x6e5 (size before relaxing)

.debug_loc      0x00000000     0x9871
 *(.debug_loc)
 .debug_loc     0x00000000       0x20 C:\Users\MightyDubster\Documents\Projects\pygmyos.code\gsm\main.o
 .debug_loc     0x00000020      0x1c6 C:\Users\MightyDubster\Documents\Projects\pygmyos.code\gsm\pygmy_adc.o
 .debug_loc     0x000001e6     0x163e C:\Users\MightyDubster\Documents\Projects\pygmyos.code\gsm\pygmy_com.o
 .debug_loc     0x00001824     0x1a82 C:\Users\MightyDubster\Documents\Projects\pygmyos.code\gsm\pygmy_file.o
 .debug_loc     0x000032a6      0x15c C:\Users\MightyDubster\Documents\Projects\pygmyos.code\gsm\pygmy_nvic.o
 .debug_loc     0x00003402      0xefa C:\Users\MightyDubster\Documents\Projects\pygmyos.code\gsm\pygmy_port.o
 .debug_loc     0x000042fc      0x217 C:\Users\MightyDubster\Documents\Projects\pygmyos.code\gsm\pygmy_rtc.o
 .debug_loc     0x00004513     0x1951 C:\Users\MightyDubster\Documents\Projects\pygmyos.code\gsm\pygmy_string.o
 .debug_loc     0x00005e64     0x1511 C:\Users\MightyDubster\Documents\Projects\pygmyos.code\gsm\pygmy_sys.o
 .debug_loc     0x00007375     0x14f8 C:\Users\MightyDubster\Documents\Projects\pygmyos.code\gsm\gsmModem.o
 .debug_loc     0x0000886d     0x1004 C:\Users\MightyDubster\Documents\Projects\pygmyos.code\gsm\pygmy_cmd.o

.debug_macinfo
 *(.debug_macinfo)

.debug_weaknames
 *(.debug_weaknames)

.debug_funcnames
 *(.debug_funcnames)

.debug_typenames
 *(.debug_typenames)

.debug_varnames
 *(.debug_varnames)
START GROUP
LOAD c:/program files (x86)/raisonance/ride/arm-gcc/bin/../lib/gcc/arm-none-eabi/4.5.1/thumb2\libgcc.a
LOAD c:/program files (x86)/raisonance/ride/arm-gcc/bin/../lib/gcc/arm-none-eabi/4.5.1/../../../../arm-none-eabi/lib/thumb2\libc.a
END GROUP
OUTPUT(C:\Users\MightyDubster\Documents\Projects\pygmyos.code\gsm\gsm.elf elf32-littlearm)

.debug_pubtypes
                0x00000000      0x734
 .debug_pubtypes
                0x00000000       0x12 C:\Users\MightyDubster\Documents\Projects\pygmyos.code\gsm\main.o
 .debug_pubtypes
                0x00000012       0x6e C:\Users\MightyDubster\Documents\Projects\pygmyos.code\gsm\pygmy_adc.o
 .debug_pubtypes
                0x00000080       0xdc C:\Users\MightyDubster\Documents\Projects\pygmyos.code\gsm\pygmy_com.o
 .debug_pubtypes
                0x0000015c       0xb0 C:\Users\MightyDubster\Documents\Projects\pygmyos.code\gsm\pygmy_file.o
 .debug_pubtypes
                0x0000020c       0x42 C:\Users\MightyDubster\Documents\Projects\pygmyos.code\gsm\pygmy_nvic.o
 .debug_pubtypes
                0x0000024e       0xa3 C:\Users\MightyDubster\Documents\Projects\pygmyos.code\gsm\pygmy_port.o
 .debug_pubtypes
                0x000002f1       0x7b C:\Users\MightyDubster\Documents\Projects\pygmyos.code\gsm\pygmy_rtc.o
 .debug_pubtypes
                0x0000036c       0x62 C:\Users\MightyDubster\Documents\Projects\pygmyos.code\gsm\pygmy_string.o
 .debug_pubtypes
                0x000003ce      0x17a C:\Users\MightyDubster\Documents\Projects\pygmyos.code\gsm\pygmy_sys.o
 .debug_pubtypes
                0x00000548       0xcc C:\Users\MightyDubster\Documents\Projects\pygmyos.code\gsm\gsmModem.o
 .debug_pubtypes
                0x00000614      0x120 C:\Users\MightyDubster\Documents\Projects\pygmyos.code\gsm\pygmy_cmd.o

.debug_ranges   0x00000000      0xef8
 .debug_ranges  0x00000000       0x10 C:\Users\MightyDubster\Documents\Projects\pygmyos.code\gsm\main.o
 .debug_ranges  0x00000010       0x78 C:\Users\MightyDubster\Documents\Projects\pygmyos.code\gsm\pygmy_adc.o
 .debug_ranges  0x00000088      0x298 C:\Users\MightyDubster\Documents\Projects\pygmyos.code\gsm\pygmy_com.o
 .debug_ranges  0x00000320      0x1b8 C:\Users\MightyDubster\Documents\Projects\pygmyos.code\gsm\pygmy_file.o
 .debug_ranges  0x000004d8       0x28 C:\Users\MightyDubster\Documents\Projects\pygmyos.code\gsm\pygmy_nvic.o
 .debug_ranges  0x00000500      0x100 C:\Users\MightyDubster\Documents\Projects\pygmyos.code\gsm\pygmy_port.o
 .debug_ranges  0x00000600       0x58 C:\Users\MightyDubster\Documents\Projects\pygmyos.code\gsm\pygmy_rtc.o
 .debug_ranges  0x00000658      0x198 C:\Users\MightyDubster\Documents\Projects\pygmyos.code\gsm\pygmy_string.o
 .debug_ranges  0x000007f0      0x268 C:\Users\MightyDubster\Documents\Projects\pygmyos.code\gsm\pygmy_sys.o
 .debug_ranges  0x00000a58      0x338 C:\Users\MightyDubster\Documents\Projects\pygmyos.code\gsm\gsmModem.o
 .debug_ranges  0x00000d90      0x168 C:\Users\MightyDubster\Documents\Projects\pygmyos.code\gsm\pygmy_cmd.o
