
C:\Users\MightyDubster\Documents\Projects\pygmyos.code\Tutorial1\varitronix128x128_parallel.o:     file format elf32-littlearm
C:\Users\MightyDubster\Documents\Projects\pygmyos.code\Tutorial1\varitronix128x128_parallel.o


Disassembly of section .text.lcdWriteCommand:

00000000 <lcdWriteCommand>:
lcdWriteCommand():
   0:	b510      	push	{r4, lr}
   2:	4b09      	ldr	r3, [pc, #36]	; (28 <lcdWriteCommand+0x28>)
   4:	f44f 7100 	mov.w	r1, #512	; 0x200
   8:	2240      	movs	r2, #64	; 0x40
   a:	6159      	str	r1, [r3, #20]
   c:	615a      	str	r2, [r3, #20]
   e:	4a07      	ldr	r2, [pc, #28]	; (2c <lcdWriteCommand+0x2c>)
  10:	68d4      	ldr	r4, [r2, #12]
  12:	f404 447f 	and.w	r4, r4, #65280	; 0xff00
  16:	60d4      	str	r4, [r2, #12]
  18:	68d4      	ldr	r4, [r2, #12]
  1a:	4320      	orrs	r0, r4
  1c:	60d0      	str	r0, [r2, #12]
  1e:	2280      	movs	r2, #128	; 0x80
  20:	615a      	str	r2, [r3, #20]
  22:	611a      	str	r2, [r3, #16]
  24:	6119      	str	r1, [r3, #16]
  26:	bd10      	pop	{r4, pc}
  28:	40010c00 	.word	0x40010c00
  2c:	40011000 	.word	0x40011000

Disassembly of section .text.lcdWriteData:

00000000 <lcdWriteData>:
lcdWriteData():
   0:	b510      	push	{r4, lr}
   2:	4b09      	ldr	r3, [pc, #36]	; (28 <lcdWriteData+0x28>)
   4:	f44f 7100 	mov.w	r1, #512	; 0x200
   8:	2240      	movs	r2, #64	; 0x40
   a:	6159      	str	r1, [r3, #20]
   c:	611a      	str	r2, [r3, #16]
   e:	4a07      	ldr	r2, [pc, #28]	; (2c <lcdWriteData+0x2c>)
  10:	68d4      	ldr	r4, [r2, #12]
  12:	f404 447f 	and.w	r4, r4, #65280	; 0xff00
  16:	60d4      	str	r4, [r2, #12]
  18:	68d4      	ldr	r4, [r2, #12]
  1a:	4320      	orrs	r0, r4
  1c:	60d0      	str	r0, [r2, #12]
  1e:	2280      	movs	r2, #128	; 0x80
  20:	615a      	str	r2, [r3, #20]
  22:	611a      	str	r2, [r3, #16]
  24:	6119      	str	r1, [r3, #16]
  26:	bd10      	pop	{r4, pc}
  28:	40010c00 	.word	0x40010c00
  2c:	40011000 	.word	0x40011000

Disassembly of section .text.lcdReadData:

00000000 <lcdReadData>:
lcdReadData():
   0:	2000      	movs	r0, #0
   2:	4770      	bx	lr

Disassembly of section .text.lcdBacklightOn:

00000000 <lcdBacklightOn>:
lcdBacklightOn():
   0:	4b01      	ldr	r3, [pc, #4]	; (8 <lcdBacklightOn+0x8>)
   2:	2280      	movs	r2, #128	; 0x80
   4:	611a      	str	r2, [r3, #16]
   6:	4770      	bx	lr
   8:	40010800 	.word	0x40010800

Disassembly of section .text.lcdBacklightOff:

00000000 <lcdBacklightOff>:
lcdBacklightOff():
   0:	4b01      	ldr	r3, [pc, #4]	; (8 <lcdBacklightOff+0x8>)
   2:	2280      	movs	r2, #128	; 0x80
   4:	615a      	str	r2, [r3, #20]
   6:	4770      	bx	lr
   8:	40010800 	.word	0x40010800

Disassembly of section .text.putsLCD:

00000000 <putsLCD>:
putsLCD():
   0:	b510      	push	{r4, lr}
   2:	4604      	mov	r4, r0
   4:	e001      	b.n	a <putsLCD+0xa>
   6:	f7ff fffe 	bl	0 <drawChar>
   a:	f814 0b01 	ldrb.w	r0, [r4], #1
   e:	2800      	cmp	r0, #0
  10:	d1f9      	bne.n	6 <putsLCD+0x6>
  12:	3001      	adds	r0, #1
  14:	bd10      	pop	{r4, pc}

Disassembly of section .text.lcdGetWidth:

00000000 <lcdGetWidth>:
lcdGetWidth():
   0:	2080      	movs	r0, #128	; 0x80
   2:	4770      	bx	lr

Disassembly of section .text.lcdGetHeight:

00000000 <lcdGetHeight>:
lcdGetHeight():
   0:	2080      	movs	r0, #128	; 0x80
   2:	4770      	bx	lr

Disassembly of section .text.lcdGetContrast:

00000000 <lcdGetContrast>:
lcdGetContrast():
   0:	4b01      	ldr	r3, [pc, #4]	; (8 <lcdGetContrast+0x8>)
   2:	7c18      	ldrb	r0, [r3, #16]
   4:	4770      	bx	lr
   6:	bf00      	nop
   8:	00000000 	.word	0x00000000

Disassembly of section .text.lcdSetContrast:

00000000 <lcdSetContrast>:
lcdSetContrast():
   0:	b510      	push	{r4, lr}
   2:	4c05      	ldr	r4, [pc, #20]	; (18 <lcdSetContrast+0x18>)
   4:	7420      	strb	r0, [r4, #16]
   6:	2025      	movs	r0, #37	; 0x25
   8:	f7ff fffe 	bl	0 <lcdSetContrast>
   c:	7c20      	ldrb	r0, [r4, #16]
   e:	e8bd 4010 	ldmia.w	sp!, {r4, lr}
  12:	f7ff bffe 	b.w	0 <lcdSetContrast>
  16:	bf00      	nop
  18:	00000000 	.word	0x00000000

Disassembly of section .text.lcdGetPixel:

00000000 <lcdGetPixel>:
lcdGetPixel():
   0:	b5f0      	push	{r4, r5, r6, r7, lr}
   2:	4b2b      	ldr	r3, [pc, #172]	; (b0 <lcdGetPixel+0xb0>)
   4:	4a2b      	ldr	r2, [pc, #172]	; (b4 <lcdGetPixel+0xb4>)
   6:	2540      	movs	r5, #64	; 0x40
   8:	f44f 7600 	mov.w	r6, #512	; 0x200
   c:	615e      	str	r6, [r3, #20]
   e:	615d      	str	r5, [r3, #20]
  10:	68d4      	ldr	r4, [r2, #12]
  12:	f404 447f 	and.w	r4, r4, #65280	; 0xff00
  16:	60d4      	str	r4, [r2, #12]
  18:	68d4      	ldr	r4, [r2, #12]
  1a:	f044 042a 	orr.w	r4, r4, #42	; 0x2a
  1e:	60d4      	str	r4, [r2, #12]
  20:	2480      	movs	r4, #128	; 0x80
  22:	615c      	str	r4, [r3, #20]
  24:	611c      	str	r4, [r3, #16]
  26:	611d      	str	r5, [r3, #16]
  28:	68d7      	ldr	r7, [r2, #12]
  2a:	f407 477f 	and.w	r7, r7, #65280	; 0xff00
  2e:	60d7      	str	r7, [r2, #12]
  30:	68d7      	ldr	r7, [r2, #12]
  32:	4338      	orrs	r0, r7
  34:	60d0      	str	r0, [r2, #12]
  36:	615c      	str	r4, [r3, #20]
  38:	611c      	str	r4, [r3, #16]
  3a:	615c      	str	r4, [r3, #20]
  3c:	611c      	str	r4, [r3, #16]
  3e:	615d      	str	r5, [r3, #20]
  40:	68d0      	ldr	r0, [r2, #12]
  42:	f400 407f 	and.w	r0, r0, #65280	; 0xff00
  46:	60d0      	str	r0, [r2, #12]
  48:	68d0      	ldr	r0, [r2, #12]
  4a:	f040 002b 	orr.w	r0, r0, #43	; 0x2b
  4e:	60d0      	str	r0, [r2, #12]
  50:	615c      	str	r4, [r3, #20]
  52:	611c      	str	r4, [r3, #16]
  54:	611d      	str	r5, [r3, #16]
  56:	68d0      	ldr	r0, [r2, #12]
  58:	f400 407f 	and.w	r0, r0, #65280	; 0xff00
  5c:	60d0      	str	r0, [r2, #12]
  5e:	68d0      	ldr	r0, [r2, #12]
  60:	4301      	orrs	r1, r0
  62:	60d1      	str	r1, [r2, #12]
  64:	615c      	str	r4, [r3, #20]
  66:	611c      	str	r4, [r3, #16]
  68:	615c      	str	r4, [r3, #20]
  6a:	611c      	str	r4, [r3, #16]
  6c:	615d      	str	r5, [r3, #20]
  6e:	68d1      	ldr	r1, [r2, #12]
  70:	f401 417f 	and.w	r1, r1, #65280	; 0xff00
  74:	60d1      	str	r1, [r2, #12]
  76:	68d1      	ldr	r1, [r2, #12]
  78:	f041 012e 	orr.w	r1, r1, #46	; 0x2e
  7c:	60d1      	str	r1, [r2, #12]
  7e:	f04f 3144 	mov.w	r1, #1145324612	; 0x44444444
  82:	615c      	str	r4, [r3, #20]
  84:	611c      	str	r4, [r3, #16]
  86:	611d      	str	r5, [r3, #16]
  88:	6011      	str	r1, [r2, #0]
  8a:	f44f 7180 	mov.w	r1, #256	; 0x100
  8e:	6159      	str	r1, [r3, #20]
  90:	6119      	str	r1, [r3, #16]
  92:	6890      	ldr	r0, [r2, #8]
  94:	6159      	str	r1, [r3, #20]
  96:	6119      	str	r1, [r3, #16]
  98:	6891      	ldr	r1, [r2, #8]
  9a:	0200      	lsls	r0, r0, #8
  9c:	611e      	str	r6, [r3, #16]
  9e:	f04f 3333 	mov.w	r3, #858993459	; 0x33333333
  a2:	6013      	str	r3, [r2, #0]
  a4:	b280      	uxth	r0, r0
  a6:	f001 03ff 	and.w	r3, r1, #255	; 0xff
  aa:	4318      	orrs	r0, r3
  ac:	bdf0      	pop	{r4, r5, r6, r7, pc}
  ae:	bf00      	nop
  b0:	40010c00 	.word	0x40010c00
  b4:	40011000 	.word	0x40011000

Disassembly of section .text.lcdDrawPixel:

00000000 <lcdDrawPixel>:
lcdDrawPixel():
   0:	287f      	cmp	r0, #127	; 0x7f
   2:	e92d 41f0 	stmdb	sp!, {r4, r5, r6, r7, r8, lr}
   6:	d862      	bhi.n	ce <lcdDrawPixel+0xce>
   8:	297f      	cmp	r1, #127	; 0x7f
   a:	d860      	bhi.n	ce <lcdDrawPixel+0xce>
   c:	4c31      	ldr	r4, [pc, #196]	; (d4 <lcdDrawPixel+0xd4>)
   e:	4d32      	ldr	r5, [pc, #200]	; (d8 <lcdDrawPixel+0xd8>)
  10:	2740      	movs	r7, #64	; 0x40
  12:	f44f 7800 	mov.w	r8, #512	; 0x200
  16:	f8c4 8014 	str.w	r8, [r4, #20]
  1a:	6167      	str	r7, [r4, #20]
  1c:	68eb      	ldr	r3, [r5, #12]
  1e:	2680      	movs	r6, #128	; 0x80
  20:	f403 437f 	and.w	r3, r3, #65280	; 0xff00
  24:	60eb      	str	r3, [r5, #12]
  26:	68eb      	ldr	r3, [r5, #12]
  28:	f043 032a 	orr.w	r3, r3, #42	; 0x2a
  2c:	60eb      	str	r3, [r5, #12]
  2e:	6166      	str	r6, [r4, #20]
  30:	6126      	str	r6, [r4, #16]
  32:	6127      	str	r7, [r4, #16]
  34:	68eb      	ldr	r3, [r5, #12]
  36:	f403 437f 	and.w	r3, r3, #65280	; 0xff00
  3a:	60eb      	str	r3, [r5, #12]
  3c:	68eb      	ldr	r3, [r5, #12]
  3e:	4318      	orrs	r0, r3
  40:	60e8      	str	r0, [r5, #12]
  42:	6166      	str	r6, [r4, #20]
  44:	6126      	str	r6, [r4, #16]
  46:	6166      	str	r6, [r4, #20]
  48:	6126      	str	r6, [r4, #16]
  4a:	6167      	str	r7, [r4, #20]
  4c:	68eb      	ldr	r3, [r5, #12]
  4e:	202c      	movs	r0, #44	; 0x2c
  50:	f403 437f 	and.w	r3, r3, #65280	; 0xff00
  54:	60eb      	str	r3, [r5, #12]
  56:	68eb      	ldr	r3, [r5, #12]
  58:	f043 032b 	orr.w	r3, r3, #43	; 0x2b
  5c:	60eb      	str	r3, [r5, #12]
  5e:	6166      	str	r6, [r4, #20]
  60:	6126      	str	r6, [r4, #16]
  62:	6127      	str	r7, [r4, #16]
  64:	68eb      	ldr	r3, [r5, #12]
  66:	f403 437f 	and.w	r3, r3, #65280	; 0xff00
  6a:	60eb      	str	r3, [r5, #12]
  6c:	68eb      	ldr	r3, [r5, #12]
  6e:	4319      	orrs	r1, r3
  70:	60e9      	str	r1, [r5, #12]
  72:	6166      	str	r6, [r4, #20]
  74:	6126      	str	r6, [r4, #16]
  76:	6166      	str	r6, [r4, #20]
  78:	6126      	str	r6, [r4, #16]
  7a:	f8c4 8010 	str.w	r8, [r4, #16]
  7e:	f7ff fffe 	bl	0 <lcdDrawPixel>
  82:	f8c4 8014 	str.w	r8, [r4, #20]
  86:	6127      	str	r7, [r4, #16]
  88:	68eb      	ldr	r3, [r5, #12]
  8a:	f403 437f 	and.w	r3, r3, #65280	; 0xff00
  8e:	60eb      	str	r3, [r5, #12]
  90:	4b12      	ldr	r3, [pc, #72]	; (dc <lcdDrawPixel+0xdc>)
  92:	68e8      	ldr	r0, [r5, #12]
  94:	791a      	ldrb	r2, [r3, #4]
  96:	78df      	ldrb	r7, [r3, #3]
  98:	08d1      	lsrs	r1, r2, #3
  9a:	f001 0107 	and.w	r1, r1, #7
  9e:	ea41 01c7 	orr.w	r1, r1, r7, lsl #3
  a2:	b2c9      	uxtb	r1, r1
  a4:	4301      	orrs	r1, r0
  a6:	60e9      	str	r1, [r5, #12]
  a8:	6166      	str	r6, [r4, #20]
  aa:	6126      	str	r6, [r4, #16]
  ac:	68e9      	ldr	r1, [r5, #12]
  ae:	f401 417f 	and.w	r1, r1, #65280	; 0xff00
  b2:	60e9      	str	r1, [r5, #12]
  b4:	795b      	ldrb	r3, [r3, #5]
  b6:	68e9      	ldr	r1, [r5, #12]
  b8:	f003 031f 	and.w	r3, r3, #31
  bc:	ea43 1242 	orr.w	r2, r3, r2, lsl #5
  c0:	b2d2      	uxtb	r2, r2
  c2:	430a      	orrs	r2, r1
  c4:	60ea      	str	r2, [r5, #12]
  c6:	6166      	str	r6, [r4, #20]
  c8:	6126      	str	r6, [r4, #16]
  ca:	f8c4 8010 	str.w	r8, [r4, #16]
  ce:	e8bd 81f0 	ldmia.w	sp!, {r4, r5, r6, r7, r8, pc}
  d2:	bf00      	nop
  d4:	40010c00 	.word	0x40010c00
  d8:	40011000 	.word	0x40011000
  dc:	00000000 	.word	0x00000000

Disassembly of section .text.lcdClearPixel:

00000000 <lcdClearPixel>:
lcdClearPixel():
   0:	287f      	cmp	r0, #127	; 0x7f
   2:	e92d 41f0 	stmdb	sp!, {r4, r5, r6, r7, r8, lr}
   6:	d862      	bhi.n	ce <lcdClearPixel+0xce>
   8:	297f      	cmp	r1, #127	; 0x7f
   a:	d860      	bhi.n	ce <lcdClearPixel+0xce>
   c:	4c31      	ldr	r4, [pc, #196]	; (d4 <lcdClearPixel+0xd4>)
   e:	4d32      	ldr	r5, [pc, #200]	; (d8 <lcdClearPixel+0xd8>)
  10:	2740      	movs	r7, #64	; 0x40
  12:	f44f 7800 	mov.w	r8, #512	; 0x200
  16:	f8c4 8014 	str.w	r8, [r4, #20]
  1a:	6167      	str	r7, [r4, #20]
  1c:	68eb      	ldr	r3, [r5, #12]
  1e:	2680      	movs	r6, #128	; 0x80
  20:	f403 437f 	and.w	r3, r3, #65280	; 0xff00
  24:	60eb      	str	r3, [r5, #12]
  26:	68eb      	ldr	r3, [r5, #12]
  28:	f043 032a 	orr.w	r3, r3, #42	; 0x2a
  2c:	60eb      	str	r3, [r5, #12]
  2e:	6166      	str	r6, [r4, #20]
  30:	6126      	str	r6, [r4, #16]
  32:	6127      	str	r7, [r4, #16]
  34:	68eb      	ldr	r3, [r5, #12]
  36:	f403 437f 	and.w	r3, r3, #65280	; 0xff00
  3a:	60eb      	str	r3, [r5, #12]
  3c:	68eb      	ldr	r3, [r5, #12]
  3e:	4318      	orrs	r0, r3
  40:	60e8      	str	r0, [r5, #12]
  42:	6166      	str	r6, [r4, #20]
  44:	6126      	str	r6, [r4, #16]
  46:	6166      	str	r6, [r4, #20]
  48:	6126      	str	r6, [r4, #16]
  4a:	6167      	str	r7, [r4, #20]
  4c:	68eb      	ldr	r3, [r5, #12]
  4e:	202c      	movs	r0, #44	; 0x2c
  50:	f403 437f 	and.w	r3, r3, #65280	; 0xff00
  54:	60eb      	str	r3, [r5, #12]
  56:	68eb      	ldr	r3, [r5, #12]
  58:	f043 032b 	orr.w	r3, r3, #43	; 0x2b
  5c:	60eb      	str	r3, [r5, #12]
  5e:	6166      	str	r6, [r4, #20]
  60:	6126      	str	r6, [r4, #16]
  62:	6127      	str	r7, [r4, #16]
  64:	68eb      	ldr	r3, [r5, #12]
  66:	f403 437f 	and.w	r3, r3, #65280	; 0xff00
  6a:	60eb      	str	r3, [r5, #12]
  6c:	68eb      	ldr	r3, [r5, #12]
  6e:	4319      	orrs	r1, r3
  70:	60e9      	str	r1, [r5, #12]
  72:	6166      	str	r6, [r4, #20]
  74:	6126      	str	r6, [r4, #16]
  76:	6166      	str	r6, [r4, #20]
  78:	6126      	str	r6, [r4, #16]
  7a:	f8c4 8010 	str.w	r8, [r4, #16]
  7e:	f7ff fffe 	bl	0 <lcdClearPixel>
  82:	f8c4 8014 	str.w	r8, [r4, #20]
  86:	6127      	str	r7, [r4, #16]
  88:	68eb      	ldr	r3, [r5, #12]
  8a:	f403 437f 	and.w	r3, r3, #65280	; 0xff00
  8e:	60eb      	str	r3, [r5, #12]
  90:	4b12      	ldr	r3, [pc, #72]	; (dc <lcdClearPixel+0xdc>)
  92:	68e8      	ldr	r0, [r5, #12]
  94:	785a      	ldrb	r2, [r3, #1]
  96:	781f      	ldrb	r7, [r3, #0]
  98:	08d1      	lsrs	r1, r2, #3
  9a:	f001 0107 	and.w	r1, r1, #7
  9e:	ea41 01c7 	orr.w	r1, r1, r7, lsl #3
  a2:	b2c9      	uxtb	r1, r1
  a4:	4301      	orrs	r1, r0
  a6:	60e9      	str	r1, [r5, #12]
  a8:	6166      	str	r6, [r4, #20]
  aa:	6126      	str	r6, [r4, #16]
  ac:	68e9      	ldr	r1, [r5, #12]
  ae:	f401 417f 	and.w	r1, r1, #65280	; 0xff00
  b2:	60e9      	str	r1, [r5, #12]
  b4:	789b      	ldrb	r3, [r3, #2]
  b6:	68e9      	ldr	r1, [r5, #12]
  b8:	f003 031f 	and.w	r3, r3, #31
  bc:	ea43 1242 	orr.w	r2, r3, r2, lsl #5
  c0:	b2d2      	uxtb	r2, r2
  c2:	430a      	orrs	r2, r1
  c4:	60ea      	str	r2, [r5, #12]
  c6:	6166      	str	r6, [r4, #20]
  c8:	6126      	str	r6, [r4, #16]
  ca:	f8c4 8010 	str.w	r8, [r4, #16]
  ce:	e8bd 81f0 	ldmia.w	sp!, {r4, r5, r6, r7, r8, pc}
  d2:	bf00      	nop
  d4:	40010c00 	.word	0x40010c00
  d8:	40011000 	.word	0x40011000
  dc:	00000000 	.word	0x00000000

Disassembly of section .text.lcdSetDrawArea:

00000000 <lcdSetDrawArea>:
lcdSetDrawArea():
   0:	e92d 41f0 	stmdb	sp!, {r4, r5, r6, r7, r8, lr}
   4:	4604      	mov	r4, r0
   6:	202a      	movs	r0, #42	; 0x2a
   8:	460d      	mov	r5, r1
   a:	4616      	mov	r6, r2
   c:	461f      	mov	r7, r3
   e:	f7ff fffe 	bl	0 <lcdSetDrawArea>
  12:	4620      	mov	r0, r4
  14:	f7ff fffe 	bl	0 <lcdSetDrawArea>
  18:	4630      	mov	r0, r6
  1a:	f7ff fffe 	bl	0 <lcdSetDrawArea>
  1e:	202b      	movs	r0, #43	; 0x2b
  20:	f7ff fffe 	bl	0 <lcdSetDrawArea>
  24:	4628      	mov	r0, r5
  26:	f7ff fffe 	bl	0 <lcdSetDrawArea>
  2a:	4638      	mov	r0, r7
  2c:	f7ff fffe 	bl	0 <lcdSetDrawArea>
  30:	202c      	movs	r0, #44	; 0x2c
  32:	e8bd 41f0 	ldmia.w	sp!, {r4, r5, r6, r7, r8, lr}
  36:	f7ff bffe 	b.w	0 <lcdSetDrawArea>

Disassembly of section .text.lcdWriteScreenBuffer:

00000000 <lcdWriteScreenBuffer>:
lcdWriteScreenBuffer():
   0:	4770      	bx	lr

Disassembly of section .text.lcdGetFont:

00000000 <lcdGetFont>:
lcdGetFont():
   0:	4b01      	ldr	r3, [pc, #4]	; (8 <lcdGetFont+0x8>)
   2:	68d8      	ldr	r0, [r3, #12]
   4:	4770      	bx	lr
   6:	bf00      	nop
   8:	00000000 	.word	0x00000000

Disassembly of section .text.lcdSetFont:

00000000 <lcdSetFont>:
lcdSetFont():
   0:	4b01      	ldr	r3, [pc, #4]	; (8 <lcdSetFont+0x8>)
   2:	60d8      	str	r0, [r3, #12]
   4:	4770      	bx	lr
   6:	bf00      	nop
   8:	00000000 	.word	0x00000000

Disassembly of section .text.lcdSetCursor:

00000000 <lcdSetCursor>:
lcdSetCursor():
   0:	4b01      	ldr	r3, [pc, #4]	; (8 <lcdSetCursor+0x8>)
   2:	80d8      	strh	r0, [r3, #6]
   4:	8119      	strh	r1, [r3, #8]
   6:	4770      	bx	lr
   8:	00000000 	.word	0x00000000

Disassembly of section .text.lcdGetCursorX:

00000000 <lcdGetCursorX>:
lcdGetCursorX():
   0:	4b01      	ldr	r3, [pc, #4]	; (8 <lcdGetCursorX+0x8>)
   2:	88d8      	ldrh	r0, [r3, #6]
   4:	4770      	bx	lr
   6:	bf00      	nop
   8:	00000000 	.word	0x00000000

Disassembly of section .text.lcdGetCursorY:

00000000 <lcdGetCursorY>:
lcdGetCursorY():
   0:	4b01      	ldr	r3, [pc, #4]	; (8 <lcdGetCursorY+0x8>)
   2:	8918      	ldrh	r0, [r3, #8]
   4:	4770      	bx	lr
   6:	bf00      	nop
   8:	00000000 	.word	0x00000000

Disassembly of section .text.lcdOn:

00000000 <lcdOn>:
lcdOn():
   0:	2029      	movs	r0, #41	; 0x29
   2:	f7ff bffe 	b.w	0 <lcdOn>

Disassembly of section .text.lcdOff:

00000000 <lcdOff>:
lcdOff():
   0:	2028      	movs	r0, #40	; 0x28
   2:	f7ff bffe 	b.w	0 <lcdOff>

Disassembly of section .text.lcdSetBPP:

00000000 <lcdSetBPP>:
lcdSetBPP():
   0:	4b01      	ldr	r3, [pc, #4]	; (8 <lcdSetBPP+0x8>)
   2:	7458      	strb	r0, [r3, #17]
   4:	4770      	bx	lr
   6:	bf00      	nop
   8:	00000000 	.word	0x00000000

Disassembly of section .text.lcdColorToData:

00000000 <lcdColorToData>:
lcdColorToData():
   0:	7843      	ldrb	r3, [r0, #1]
   2:	7801      	ldrb	r1, [r0, #0]
   4:	08da      	lsrs	r2, r3, #3
   6:	f002 0207 	and.w	r2, r2, #7
   a:	ea42 02c1 	orr.w	r2, r2, r1, lsl #3
   e:	7881      	ldrb	r1, [r0, #2]
  10:	015b      	lsls	r3, r3, #5
  12:	f003 03ff 	and.w	r3, r3, #255	; 0xff
  16:	f001 011f 	and.w	r1, r1, #31
  1a:	ea43 0001 	orr.w	r0, r3, r1
  1e:	4310      	orrs	r0, r2
  20:	4770      	bx	lr

Disassembly of section .text.lcdSetBackColor:

00000000 <lcdSetBackColor>:
lcdSetBackColor():
   0:	b510      	push	{r4, lr}
   2:	4b0b      	ldr	r3, [pc, #44]	; (30 <lcdSetBackColor+0x30>)
   4:	7c5c      	ldrb	r4, [r3, #17]
   6:	2c02      	cmp	r4, #2
   8:	d108      	bne.n	1c <lcdSetBackColor+0x1c>
   a:	eb00 0040 	add.w	r0, r0, r0, lsl #1
   e:	0049      	lsls	r1, r1, #1
  10:	eb02 0242 	add.w	r2, r2, r2, lsl #1
  14:	b2c0      	uxtb	r0, r0
  16:	b2c9      	uxtb	r1, r1
  18:	b2d2      	uxtb	r2, r2
  1a:	e004      	b.n	26 <lcdSetBackColor+0x26>
  1c:	2c05      	cmp	r4, #5
  1e:	d102      	bne.n	26 <lcdSetBackColor+0x26>
  20:	0900      	lsrs	r0, r0, #4
  22:	0909      	lsrs	r1, r1, #4
  24:	0912      	lsrs	r2, r2, #4
  26:	7018      	strb	r0, [r3, #0]
  28:	7059      	strb	r1, [r3, #1]
  2a:	709a      	strb	r2, [r3, #2]
  2c:	bd10      	pop	{r4, pc}
  2e:	bf00      	nop
  30:	00000000 	.word	0x00000000

Disassembly of section .text.lcdSetColor:

00000000 <lcdSetColor>:
lcdSetColor():
   0:	b510      	push	{r4, lr}
   2:	4b0b      	ldr	r3, [pc, #44]	; (30 <lcdSetColor+0x30>)
   4:	7c5c      	ldrb	r4, [r3, #17]
   6:	2c02      	cmp	r4, #2
   8:	d108      	bne.n	1c <lcdSetColor+0x1c>
   a:	eb00 0040 	add.w	r0, r0, r0, lsl #1
   e:	0049      	lsls	r1, r1, #1
  10:	eb02 0242 	add.w	r2, r2, r2, lsl #1
  14:	b2c0      	uxtb	r0, r0
  16:	b2c9      	uxtb	r1, r1
  18:	b2d2      	uxtb	r2, r2
  1a:	e004      	b.n	26 <lcdSetColor+0x26>
  1c:	2c05      	cmp	r4, #5
  1e:	d102      	bne.n	26 <lcdSetColor+0x26>
  20:	0900      	lsrs	r0, r0, #4
  22:	0909      	lsrs	r1, r1, #4
  24:	0912      	lsrs	r2, r2, #4
  26:	70d8      	strb	r0, [r3, #3]
  28:	7119      	strb	r1, [r3, #4]
  2a:	715a      	strb	r2, [r3, #5]
  2c:	bd10      	pop	{r4, pc}
  2e:	bf00      	nop
  30:	00000000 	.word	0x00000000

Disassembly of section .text.lcdGetBackColor:

00000000 <lcdGetBackColor>:
lcdGetBackColor():
   0:	47704800 	.word	0x47704800
   4:	00000000 	.word	0x00000000

Disassembly of section .text.lcdGetColor:

00000000 <lcdGetColor>:
lcdGetColor():
   0:	4800      	ldr	r0, [pc, #0]	; (4 <lcdGetColor+0x4>)
   2:	4770      	bx	lr
   4:	00000003 	.word	0x00000003

Disassembly of section .text.lcdClearArea:

00000000 <lcdClearArea>:
lcdClearArea():
   0:	4290      	cmp	r0, r2
   2:	e92d 41f0 	stmdb	sp!, {r4, r5, r6, r7, r8, lr}
   6:	4604      	mov	r4, r0
   8:	460d      	mov	r5, r1
   a:	4616      	mov	r6, r2
   c:	461f      	mov	r7, r3
   e:	d901      	bls.n	14 <lcdClearArea+0x14>
  10:	4614      	mov	r4, r2
  12:	4606      	mov	r6, r0
  14:	42bd      	cmp	r5, r7
  16:	d902      	bls.n	1e <lcdClearArea+0x1e>
  18:	462b      	mov	r3, r5
  1a:	463d      	mov	r5, r7
  1c:	461f      	mov	r7, r3
  1e:	202a      	movs	r0, #42	; 0x2a
  20:	f7ff fffe 	bl	0 <lcdClearArea>
  24:	4620      	mov	r0, r4
  26:	f7ff fffe 	bl	0 <lcdClearArea>
  2a:	4630      	mov	r0, r6
  2c:	f7ff fffe 	bl	0 <lcdClearArea>
  30:	202b      	movs	r0, #43	; 0x2b
  32:	f7ff fffe 	bl	0 <lcdClearArea>
  36:	4628      	mov	r0, r5
  38:	f7ff fffe 	bl	0 <lcdClearArea>
  3c:	4638      	mov	r0, r7
  3e:	f7ff fffe 	bl	0 <lcdClearArea>
  42:	202c      	movs	r0, #44	; 0x2c
  44:	f7ff fffe 	bl	0 <lcdClearArea>
  48:	4b1e      	ldr	r3, [pc, #120]	; (c4 <lcdClearArea+0xc4>)
  4a:	f44f 7200 	mov.w	r2, #512	; 0x200
  4e:	615a      	str	r2, [r3, #20]
  50:	4b1d      	ldr	r3, [pc, #116]	; (c8 <lcdClearArea+0xc8>)
  52:	1b7d      	subs	r5, r7, r5
  54:	785a      	ldrb	r2, [r3, #1]
  56:	f893 c002 	ldrb.w	ip, [r3, #2]
  5a:	ea4f 08d2 	mov.w	r8, r2, lsr #3
  5e:	7819      	ldrb	r1, [r3, #0]
  60:	f00c 0c1f 	and.w	ip, ip, #31
  64:	f008 0807 	and.w	r8, r8, #7
  68:	1b34      	subs	r4, r6, r4
  6a:	ea48 08c1 	orr.w	r8, r8, r1, lsl #3
  6e:	ea4c 1242 	orr.w	r2, ip, r2, lsl #5
  72:	436c      	muls	r4, r5
  74:	fa5f f888 	uxtb.w	r8, r8
  78:	fa5f fc82 	uxtb.w	ip, r2
  7c:	2000      	movs	r0, #0
  7e:	e019      	b.n	b4 <lcdClearArea+0xb4>
  80:	2340      	movs	r3, #64	; 0x40
  82:	6113      	str	r3, [r2, #16]
  84:	4b11      	ldr	r3, [pc, #68]	; (cc <lcdClearArea+0xcc>)
  86:	3001      	adds	r0, #1
  88:	68d9      	ldr	r1, [r3, #12]
  8a:	b280      	uxth	r0, r0
  8c:	f401 417f 	and.w	r1, r1, #65280	; 0xff00
  90:	60d9      	str	r1, [r3, #12]
  92:	68d9      	ldr	r1, [r3, #12]
  94:	ea48 0101 	orr.w	r1, r8, r1
  98:	60d9      	str	r1, [r3, #12]
  9a:	2180      	movs	r1, #128	; 0x80
  9c:	6151      	str	r1, [r2, #20]
  9e:	6111      	str	r1, [r2, #16]
  a0:	68dd      	ldr	r5, [r3, #12]
  a2:	f405 457f 	and.w	r5, r5, #65280	; 0xff00
  a6:	60dd      	str	r5, [r3, #12]
  a8:	68dd      	ldr	r5, [r3, #12]
  aa:	ea4c 0505 	orr.w	r5, ip, r5
  ae:	60dd      	str	r5, [r3, #12]
  b0:	6151      	str	r1, [r2, #20]
  b2:	6111      	str	r1, [r2, #16]
  b4:	42a0      	cmp	r0, r4
  b6:	4a03      	ldr	r2, [pc, #12]	; (c4 <lcdClearArea+0xc4>)
  b8:	d3e2      	bcc.n	80 <lcdClearArea+0x80>
  ba:	f44f 7300 	mov.w	r3, #512	; 0x200
  be:	6113      	str	r3, [r2, #16]
  c0:	e8bd 81f0 	ldmia.w	sp!, {r4, r5, r6, r7, r8, pc}
  c4:	40010c00 	.word	0x40010c00
  c8:	00000000 	.word	0x00000000
  cc:	40011000 	.word	0x40011000

Disassembly of section .text.lcdClear:

00000000 <lcdClear>:
lcdClear():
   0:	202ab570 	.word	0x202ab570
   4:	f7ff fffe 	bl	0 <lcdClear>
   8:	2000      	movs	r0, #0
   a:	f7ff fffe 	bl	0 <lcdClear>
   e:	207f      	movs	r0, #127	; 0x7f
  10:	f7ff fffe 	bl	0 <lcdClear>
  14:	202b      	movs	r0, #43	; 0x2b
  16:	f7ff fffe 	bl	0 <lcdClear>
  1a:	2000      	movs	r0, #0
  1c:	f7ff fffe 	bl	0 <lcdClear>
  20:	207f      	movs	r0, #127	; 0x7f
  22:	f7ff fffe 	bl	0 <lcdClear>
  26:	202c      	movs	r0, #44	; 0x2c
  28:	f7ff fffe 	bl	0 <lcdClear>
  2c:	4b1a      	ldr	r3, [pc, #104]	; (98 <lcdClear+0x98>)
  2e:	f44f 7200 	mov.w	r2, #512	; 0x200
  32:	615a      	str	r2, [r3, #20]
  34:	4b19      	ldr	r3, [pc, #100]	; (9c <lcdClear+0x9c>)
  36:	f44f 4080 	mov.w	r0, #16384	; 0x4000
  3a:	785a      	ldrb	r2, [r3, #1]
  3c:	789c      	ldrb	r4, [r3, #2]
  3e:	08d5      	lsrs	r5, r2, #3
  40:	7819      	ldrb	r1, [r3, #0]
  42:	f004 041f 	and.w	r4, r4, #31
  46:	f005 0507 	and.w	r5, r5, #7
  4a:	ea45 05c1 	orr.w	r5, r5, r1, lsl #3
  4e:	ea44 1242 	orr.w	r2, r4, r2, lsl #5
  52:	b2ed      	uxtb	r5, r5
  54:	b2d4      	uxtb	r4, r2
  56:	4a10      	ldr	r2, [pc, #64]	; (98 <lcdClear+0x98>)
  58:	2340      	movs	r3, #64	; 0x40
  5a:	6113      	str	r3, [r2, #16]
  5c:	4b10      	ldr	r3, [pc, #64]	; (a0 <lcdClear+0xa0>)
  5e:	3801      	subs	r0, #1
  60:	68d9      	ldr	r1, [r3, #12]
  62:	b280      	uxth	r0, r0
  64:	f401 417f 	and.w	r1, r1, #65280	; 0xff00
  68:	60d9      	str	r1, [r3, #12]
  6a:	68d9      	ldr	r1, [r3, #12]
  6c:	ea45 0101 	orr.w	r1, r5, r1
  70:	60d9      	str	r1, [r3, #12]
  72:	2180      	movs	r1, #128	; 0x80
  74:	6151      	str	r1, [r2, #20]
  76:	6111      	str	r1, [r2, #16]
  78:	68de      	ldr	r6, [r3, #12]
  7a:	f406 467f 	and.w	r6, r6, #65280	; 0xff00
  7e:	60de      	str	r6, [r3, #12]
  80:	68de      	ldr	r6, [r3, #12]
  82:	ea44 0606 	orr.w	r6, r4, r6
  86:	60de      	str	r6, [r3, #12]
  88:	6151      	str	r1, [r2, #20]
  8a:	6111      	str	r1, [r2, #16]
  8c:	2800      	cmp	r0, #0
  8e:	d1e2      	bne.n	56 <lcdClear+0x56>
  90:	f44f 7300 	mov.w	r3, #512	; 0x200
  94:	6113      	str	r3, [r2, #16]
  96:	bd70      	pop	{r4, r5, r6, pc}
  98:	40010c00 	.word	0x40010c00
  9c:	00000000 	.word	0x00000000
  a0:	40011000 	.word	0x40011000

Disassembly of section .text.lcdInit:

00000000 <lcdInit>:
lcdInit():
   0:	b570      	push	{r4, r5, r6, lr}
   2:	4b8e      	ldr	r3, [pc, #568]	; (23c <lcdInit+0x23c>)
   4:	4c8e      	ldr	r4, [pc, #568]	; (240 <lcdInit+0x240>)
   6:	699a      	ldr	r2, [r3, #24]
   8:	2520      	movs	r5, #32
   a:	f042 0204 	orr.w	r2, r2, #4
   e:	619a      	str	r2, [r3, #24]
  10:	699a      	ldr	r2, [r3, #24]
  12:	f44f 7061 	mov.w	r0, #900	; 0x384
  16:	f042 0208 	orr.w	r2, r2, #8
  1a:	619a      	str	r2, [r3, #24]
  1c:	699a      	ldr	r2, [r3, #24]
  1e:	f042 0210 	orr.w	r2, r2, #16
  22:	619a      	str	r2, [r3, #24]
  24:	6863      	ldr	r3, [r4, #4]
  26:	2280      	movs	r2, #128	; 0x80
  28:	f023 03f0 	bic.w	r3, r3, #240	; 0xf0
  2c:	6063      	str	r3, [r4, #4]
  2e:	6863      	ldr	r3, [r4, #4]
  30:	f043 0330 	orr.w	r3, r3, #48	; 0x30
  34:	6063      	str	r3, [r4, #4]
  36:	f44f 7300 	mov.w	r3, #512	; 0x200
  3a:	6123      	str	r3, [r4, #16]
  3c:	6823      	ldr	r3, [r4, #0]
  3e:	f023 6370 	bic.w	r3, r3, #251658240	; 0xf000000
  42:	6023      	str	r3, [r4, #0]
  44:	6823      	ldr	r3, [r4, #0]
  46:	f043 7340 	orr.w	r3, r3, #50331648	; 0x3000000
  4a:	6023      	str	r3, [r4, #0]
  4c:	2340      	movs	r3, #64	; 0x40
  4e:	6123      	str	r3, [r4, #16]
  50:	6823      	ldr	r3, [r4, #0]
  52:	f023 4370 	bic.w	r3, r3, #4026531840	; 0xf0000000
  56:	6023      	str	r3, [r4, #0]
  58:	6823      	ldr	r3, [r4, #0]
  5a:	f043 5340 	orr.w	r3, r3, #805306368	; 0x30000000
  5e:	6023      	str	r3, [r4, #0]
  60:	6122      	str	r2, [r4, #16]
  62:	6863      	ldr	r3, [r4, #4]
  64:	f023 030f 	bic.w	r3, r3, #15
  68:	6063      	str	r3, [r4, #4]
  6a:	6863      	ldr	r3, [r4, #4]
  6c:	f043 0303 	orr.w	r3, r3, #3
  70:	6063      	str	r3, [r4, #4]
  72:	f44f 7380 	mov.w	r3, #256	; 0x100
  76:	6123      	str	r3, [r4, #16]
  78:	4b72      	ldr	r3, [pc, #456]	; (244 <lcdInit+0x244>)
  7a:	6819      	ldr	r1, [r3, #0]
  7c:	f021 4170 	bic.w	r1, r1, #4026531840	; 0xf0000000
  80:	6019      	str	r1, [r3, #0]
  82:	6819      	ldr	r1, [r3, #0]
  84:	f041 5140 	orr.w	r1, r1, #805306368	; 0x30000000
  88:	6019      	str	r1, [r3, #0]
  8a:	611a      	str	r2, [r3, #16]
  8c:	611a      	str	r2, [r3, #16]
  8e:	4b6e      	ldr	r3, [pc, #440]	; (248 <lcdInit+0x248>)
  90:	f04f 3233 	mov.w	r2, #858993459	; 0x33333333
  94:	601a      	str	r2, [r3, #0]
  96:	6823      	ldr	r3, [r4, #0]
  98:	f423 0370 	bic.w	r3, r3, #15728640	; 0xf00000
  9c:	6023      	str	r3, [r4, #0]
  9e:	6823      	ldr	r3, [r4, #0]
  a0:	f443 1340 	orr.w	r3, r3, #3145728	; 0x300000
  a4:	6023      	str	r3, [r4, #0]
  a6:	6125      	str	r5, [r4, #16]
  a8:	6165      	str	r5, [r4, #20]
  aa:	f7ff fffe 	bl	0 <delay>
  ae:	6125      	str	r5, [r4, #16]
  b0:	f44f 50fa 	mov.w	r0, #8000	; 0x1f40
  b4:	f7ff fffe 	bl	0 <delay>
  b8:	20d7      	movs	r0, #215	; 0xd7
  ba:	f7ff fffe 	bl	0 <lcdInit>
  be:	209f      	movs	r0, #159	; 0x9f
  c0:	f7ff fffe 	bl	0 <lcdInit>
  c4:	20e0      	movs	r0, #224	; 0xe0
  c6:	f7ff fffe 	bl	0 <lcdInit>
  ca:	2000      	movs	r0, #0
  cc:	f7ff fffe 	bl	0 <lcdInit>
  d0:	f44f 70fa 	mov.w	r0, #500	; 0x1f4
  d4:	f7ff fffe 	bl	0 <delay>
  d8:	20e3      	movs	r0, #227	; 0xe3
  da:	f7ff fffe 	bl	0 <lcdInit>
  de:	f44f 70fa 	mov.w	r0, #500	; 0x1f4
  e2:	f7ff fffe 	bl	0 <delay>
  e6:	20e1      	movs	r0, #225	; 0xe1
  e8:	f7ff fffe 	bl	0 <lcdInit>
  ec:	2028      	movs	r0, #40	; 0x28
  ee:	f7ff fffe 	bl	0 <lcdInit>
  f2:	2011      	movs	r0, #17
  f4:	f7ff fffe 	bl	0 <lcdInit>
  f8:	f44f 70fa 	mov.w	r0, #500	; 0x1f4
  fc:	f7ff fffe 	bl	0 <delay>
 100:	20c0      	movs	r0, #192	; 0xc0
 102:	f7ff fffe 	bl	0 <lcdInit>
 106:	20ff      	movs	r0, #255	; 0xff
 108:	f7ff fffe 	bl	0 <lcdInit>
 10c:	2000      	movs	r0, #0
 10e:	f7ff fffe 	bl	0 <lcdInit>
 112:	20c3      	movs	r0, #195	; 0xc3
 114:	f7ff fffe 	bl	0 <lcdInit>
 118:	2003      	movs	r0, #3
 11a:	f7ff fffe 	bl	0 <lcdInit>
 11e:	20c4      	movs	r0, #196	; 0xc4
 120:	f7ff fffe 	bl	0 <lcdInit>
 124:	2007      	movs	r0, #7
 126:	f7ff fffe 	bl	0 <lcdInit>
 12a:	20c5      	movs	r0, #197	; 0xc5
 12c:	f7ff fffe 	bl	0 <lcdInit>
 130:	2002      	movs	r0, #2
 132:	f7ff fffe 	bl	0 <lcdInit>
 136:	20cb      	movs	r0, #203	; 0xcb
 138:	f7ff fffe 	bl	0 <lcdInit>
 13c:	2001      	movs	r0, #1
 13e:	f7ff fffe 	bl	0 <lcdInit>
 142:	20b7      	movs	r0, #183	; 0xb7
 144:	f7ff fffe 	bl	0 <lcdInit>
 148:	2000      	movs	r0, #0
 14a:	f7ff fffe 	bl	0 <lcdInit>
 14e:	20d0      	movs	r0, #208	; 0xd0
 150:	f7ff fffe 	bl	0 <lcdInit>
 154:	201d      	movs	r0, #29
 156:	f7ff fffe 	bl	0 <lcdInit>
 15a:	20bd      	movs	r0, #189	; 0xbd
 15c:	f7ff fffe 	bl	0 <lcdInit>
 160:	2002      	movs	r0, #2
 162:	f7ff fffe 	bl	0 <lcdInit>
 166:	20f0      	movs	r0, #240	; 0xf0
 168:	f7ff fffe 	bl	0 <lcdInit>
 16c:	2007      	movs	r0, #7
 16e:	f7ff fffe 	bl	0 <lcdInit>
 172:	200c      	movs	r0, #12
 174:	f7ff fffe 	bl	0 <lcdInit>
 178:	200c      	movs	r0, #12
 17a:	f7ff fffe 	bl	0 <lcdInit>
 17e:	2012      	movs	r0, #18
 180:	f7ff fffe 	bl	0 <lcdInit>
 184:	4628      	mov	r0, r5
 186:	f7ff fffe 	bl	0 <lcdInit>
 18a:	203a      	movs	r0, #58	; 0x3a
 18c:	f7ff fffe 	bl	0 <lcdInit>
 190:	2005      	movs	r0, #5
 192:	f7ff fffe 	bl	0 <lcdInit>
 196:	2036      	movs	r0, #54	; 0x36
 198:	f7ff fffe 	bl	0 <lcdInit>
 19c:	2000      	movs	r0, #0
 19e:	f7ff fffe 	bl	0 <lcdInit>
 1a2:	20b0      	movs	r0, #176	; 0xb0
 1a4:	f7ff fffe 	bl	0 <lcdInit>
 1a8:	207f      	movs	r0, #127	; 0x7f
 1aa:	f7ff fffe 	bl	0 <lcdInit>
 1ae:	2029      	movs	r0, #41	; 0x29
 1b0:	f7ff fffe 	bl	0 <lcdInit>
 1b4:	20f9      	movs	r0, #249	; 0xf9
 1b6:	f7ff fffe 	bl	0 <lcdInit>
 1ba:	2000      	movs	r0, #0
 1bc:	f7ff fffe 	bl	0 <lcdInit>
 1c0:	2002      	movs	r0, #2
 1c2:	f7ff fffe 	bl	0 <lcdInit>
 1c6:	2004      	movs	r0, #4
 1c8:	f7ff fffe 	bl	0 <lcdInit>
 1cc:	2006      	movs	r0, #6
 1ce:	f7ff fffe 	bl	0 <lcdInit>
 1d2:	2008      	movs	r0, #8
 1d4:	f7ff fffe 	bl	0 <lcdInit>
 1d8:	200a      	movs	r0, #10
 1da:	f7ff fffe 	bl	0 <lcdInit>
 1de:	200c      	movs	r0, #12
 1e0:	f7ff fffe 	bl	0 <lcdInit>
 1e4:	200e      	movs	r0, #14
 1e6:	f7ff fffe 	bl	0 <lcdInit>
 1ea:	2010      	movs	r0, #16
 1ec:	f7ff fffe 	bl	0 <lcdInit>
 1f0:	2012      	movs	r0, #18
 1f2:	f7ff fffe 	bl	0 <lcdInit>
 1f6:	2014      	movs	r0, #20
 1f8:	f7ff fffe 	bl	0 <lcdInit>
 1fc:	2016      	movs	r0, #22
 1fe:	f7ff fffe 	bl	0 <lcdInit>
 202:	2018      	movs	r0, #24
 204:	f7ff fffe 	bl	0 <lcdInit>
 208:	201a      	movs	r0, #26
 20a:	f7ff fffe 	bl	0 <lcdInit>
 20e:	201c      	movs	r0, #28
 210:	f7ff fffe 	bl	0 <lcdInit>
 214:	202f      	movs	r0, #47	; 0x2f
 216:	f7ff fffe 	bl	0 <lcdInit>
 21a:	2004      	movs	r0, #4
 21c:	f7ff fffe 	bl	0 <lcdInit>
 220:	2000      	movs	r0, #0
 222:	4601      	mov	r1, r0
 224:	4602      	mov	r2, r0
 226:	f7ff fffe 	bl	0 <lcdInit>
 22a:	20ff      	movs	r0, #255	; 0xff
 22c:	4601      	mov	r1, r0
 22e:	4602      	mov	r2, r0
 230:	f7ff fffe 	bl	0 <lcdInit>
 234:	e8bd 4070 	ldmia.w	sp!, {r4, r5, r6, lr}
 238:	f7ff bffe 	b.w	0 <lcdInit>
 23c:	40021000 	.word	0x40021000
 240:	40010c00 	.word	0x40010c00
 244:	40010800 	.word	0x40010800
 248:	40011000 	.word	0x40011000
